Archive member included to satisfy reference by file (symbol)

/Users/diegoaguilar-canabal/Desktop/FroggersTiga/External/libDaisy/build/libdaisy.a(startup_stm32h750xx.o)
                              (Reset_Handler)
/Users/diegoaguilar-canabal/Desktop/FroggersTiga/External/libDaisy/build/libdaisy.a(daisy_field.o)
                              build/FroggersTiga.o (symbol from plugin) (daisy::DaisyField::StartAudio(void (*)(float const* const*, float**, unsigned int)))
/Users/diegoaguilar-canabal/Desktop/FroggersTiga/External/libDaisy/build/libdaisy.a(daisy_seed.o)
                              daisy_field.o (symbol from plugin) (daisy::DaisySeed::Configure())
/Users/diegoaguilar-canabal/Desktop/FroggersTiga/External/libDaisy/build/libdaisy.a(codec_ak4556.o)
                              daisy_seed.o (symbol from plugin) (daisy::Ak4556::Init(daisy::Pin))
/Users/diegoaguilar-canabal/Desktop/FroggersTiga/External/libDaisy/build/libdaisy.a(codec_wm8731.o)
                              daisy_seed.o (symbol from plugin) (daisy::Wm8731::Init(daisy::Wm8731::Config const&, daisy::I2CHandle))
/Users/diegoaguilar-canabal/Desktop/FroggersTiga/External/libDaisy/build/libdaisy.a(sdram.o)
                              daisy_seed.o (symbol from plugin) (SdramHandle::Init())
/Users/diegoaguilar-canabal/Desktop/FroggersTiga/External/libDaisy/build/libdaisy.a(audio.o)
                              daisy_seed.o (symbol from plugin) (daisy::AudioHandle::Init(daisy::AudioHandle::Config const&, daisy::SaiHandle))
/Users/diegoaguilar-canabal/Desktop/FroggersTiga/External/libDaisy/build/libdaisy.a(ctrl.o)
                              daisy_field.o (symbol from plugin) (daisy::AnalogControl::Init(unsigned short*, float, bool, bool, float))
/Users/diegoaguilar-canabal/Desktop/FroggersTiga/External/libDaisy/build/libdaisy.a(gatein.o)
                              daisy_field.o (symbol from plugin) (daisy::GateIn::Init(daisy::Pin, bool))
/Users/diegoaguilar-canabal/Desktop/FroggersTiga/External/libDaisy/build/libdaisy.a(midi.o)
                              build/FroggersTiga.o (symbol from plugin) (daisy::MidiUartTransport::Config::Config())
/Users/diegoaguilar-canabal/Desktop/FroggersTiga/External/libDaisy/build/libdaisy.a(midi_parser.o)
                              daisy_field.o (symbol from plugin) (daisy::MidiParser::Reset())
/Users/diegoaguilar-canabal/Desktop/FroggersTiga/External/libDaisy/build/libdaisy.a(switch.o)
                              build/FroggersTiga.o (symbol from plugin) (daisy::Switch::Init(daisy::Pin, float, daisy::Switch::Type, daisy::Switch::Polarity, daisy::GPIO::Pull))
/Users/diegoaguilar-canabal/Desktop/FroggersTiga/External/libDaisy/build/libdaisy.a(adc.o)
                              daisy_field.o (symbol from plugin) (daisy::AdcChannelConfig::InitSingle(daisy::Pin, daisy::AdcChannelConfig::ConversionSpeed))
/Users/diegoaguilar-canabal/Desktop/FroggersTiga/External/libDaisy/build/libdaisy.a(dac.o)
                              daisy_field.o (symbol from plugin) (daisy::DacHandle::Init(daisy::DacHandle::Config const&))
/Users/diegoaguilar-canabal/Desktop/FroggersTiga/External/libDaisy/build/libdaisy.a(gpio.o)
                              codec_ak4556.o (symbol from plugin) (daisy::GPIO::DeInit())
/Users/diegoaguilar-canabal/Desktop/FroggersTiga/External/libDaisy/build/libdaisy.a(i2c.o)
                              build/FroggersTiga.o (symbol from plugin) (daisy::I2CHandle::Init(daisy::I2CHandle::Config const&))
/Users/diegoaguilar-canabal/Desktop/FroggersTiga/External/libDaisy/build/libdaisy.a(qspi.o)
                              daisy_seed.o (symbol from plugin) (daisy::QSPIHandle::Init(daisy::QSPIHandle::Config const&))
/Users/diegoaguilar-canabal/Desktop/FroggersTiga/External/libDaisy/build/libdaisy.a(sai.o)
                              daisy_seed.o (symbol from plugin) (daisy::SaiHandle::Init(daisy::SaiHandle::Config const&))
/Users/diegoaguilar-canabal/Desktop/FroggersTiga/External/libDaisy/build/libdaisy.a(spi.o)
                              daisy_field.o (symbol from plugin) (daisy::SpiHandle::Init(daisy::SpiHandle::Config const&))
/Users/diegoaguilar-canabal/Desktop/FroggersTiga/External/libDaisy/build/libdaisy.a(uart.o)
                              daisy_field.o (symbol from plugin) (daisy::UartHandler::Init(daisy::UartHandler::Config const&))
/Users/diegoaguilar-canabal/Desktop/FroggersTiga/External/libDaisy/build/libdaisy.a(dma.o)
                              uart.o (symbol from plugin) (dsy_dma_invalidate_cache_for_buffer)
/Users/diegoaguilar-canabal/Desktop/FroggersTiga/External/libDaisy/build/libdaisy.a(system.o)
                              daisy_seed.o (symbol from plugin) (daisy::System::DeInit())
/Users/diegoaguilar-canabal/Desktop/FroggersTiga/External/libDaisy/build/libdaisy.a(system_stm32h7xx.o)
                              startup_stm32h750xx.o (symbol from plugin) (SystemInit)
[...]
Memory Configuration

Name             Origin             Length             Attributes
FLASH            0x08000000         0x00020000         xr
DTCMRAM          0x20000000         0x00020000         xrw
SRAM             0x24000000         0x00080000         xrw
RAM_D2           0x30000000         0x00048000         xrw
RAM_D3           0x38000000         0x00010000         xrw
BACKUP_SRAM      0x38800000         0x00001000         xrw
ITCMRAM          0x00000000         0x00010000         xrw
SDRAM            0xc0000000         0x04000000         xrw
QSPIFLASH        0x90000000         0x00800000         xr
*default*        0x00000000         0xffffffff

Linker script and memory map

LOAD /Applications/ArmGNUToolchain/14.3.rel1/bin/../lib/gcc/arm-none-eabi/14.3.1/thumb/v7e-m+dp/hard/crti.o
LOAD /Applications/ArmGNUToolchain/14.3.rel1/bin/../lib/gcc/arm-none-eabi/14.3.1/thumb/v7e-m+dp/hard/crtbegin.o
LOAD /Applications/ArmGNUToolchain/14.3.rel1/bin/../lib/gcc/arm-none-eabi/14.3.1/../../../../arm-none-eabi/lib/thumb/v7e-m+dp/hard/crt0.o
LOAD build/FroggersTiga.o
LOAD /var/folders/1v/94hwpjp57lg5xz2yxd0vst700000gn/T//ccanmHRK.ltrans0.ltrans.o
LOAD /var/folders/1v/94hwpjp57lg5xz2yxd0vst700000gn/T//ccanmHRK.ltrans1.ltrans.o
LOAD /var/folders/1v/94hwpjp57lg5xz2yxd0vst700000gn/T//ccanmHRK.ltrans2.ltrans.o
LOAD /var/folders/1v/94hwpjp57lg5xz2yxd0vst700000gn/T//ccYGrGe9.debug.temp.o
LOAD /var/folders/1v/94hwpjp57lg5xz2yxd0vst700000gn/T//ccoKWKnx.debug.temp.o
LOAD /var/folders/1v/94hwpjp57lg5xz2yxd0vst700000gn/T//ccDYUemK.debug.temp.o
LOAD /var/folders/1v/94hwpjp57lg5xz2yxd0vst700000gn/T//ccl261bp.debug.temp.o
LOAD /var/folders/1v/94hwpjp57lg5xz2yxd0vst700000gn/T//cc84KhHr.debug.temp.o
LOAD /var/folders/1v/94hwpjp57lg5xz2yxd0vst700000gn/T//cchP4gm6.debug.temp.o
LOAD /var/folders/1v/94hwpjp57lg5xz2yxd0vst700000gn/T//cc2GknCr.debug.temp.o
LOAD /var/folders/1v/94hwpjp57lg5xz2yxd0vst700000gn/T//ccM6kMCZ.debug.temp.o
LOAD /var/folders/1v/94hwpjp57lg5xz2yxd0vst700000gn/T//cc6R55yB.debug.temp.o
LOAD /var/folders/1v/94hwpjp57lg5xz2yxd0vst700000gn/T//ccSiUhbq.debug.temp.o
LOAD /var/folders/1v/94hwpjp57lg5xz2yxd0vst700000gn/T//ccg8qnwF.debug.temp.o
LOAD /var/folders/1v/94hwpjp57lg5xz2yxd0vst700000gn/T//ccfjizqQ.debug.temp.o
LOAD /var/folders/1v/94hwpjp57lg5xz2yxd0vst700000gn/T//ccL6GSLO.debug.temp.o
LOAD /var/folders/1v/94hwpjp57lg5xz2yxd0vst700000gn/T//ccIxragk.debug.temp.o
LOAD /var/folders/1v/94hwpjp57lg5xz2yxd0vst700000gn/T//ccNen0Z6.debug.temp.o
LOAD /var/folders/1v/94hwpjp57lg5xz2yxd0vst700000gn/T//ccLVqbVe.debug.temp.o
LOAD /var/folders/1v/94hwpjp57lg5xz2yxd0vst700000gn/T//ccn1HWkB.debug.temp.o
LOAD /var/folders/1v/94hwpjp57lg5xz2yxd0vst700000gn/T//cctlidra.debug.temp.o
LOAD /var/folders/1v/94hwpjp57lg5xz2yxd0vst700000gn/T//ccaAyyL7.debug.temp.o
LOAD /var/folders/1v/94hwpjp57lg5xz2yxd0vst700000gn/T//ccz6e5v2.debug.temp.o
LOAD /var/folders/1v/94hwpjp57lg5xz2yxd0vst700000gn/T//ccUwR6IY.debug.temp.o
LOAD /var/folders/1v/94hwpjp57lg5xz2yxd0vst700000gn/T//ccS4qL33.debug.temp.o
LOAD /var/folders/1v/94hwpjp57lg5xz2yxd0vst700000gn/T//ccnj0DDP.debug.temp.o
LOAD /var/folders/1v/94hwpjp57lg5xz2yxd0vst700000gn/T//ccigoc7v.debug.temp.o
LOAD /var/folders/1v/94hwpjp57lg5xz2yxd0vst700000gn/T//ccHA52m4.debug.temp.o
LOAD /var/folders/1v/94hwpjp57lg5xz2yxd0vst700000gn/T//ccTxNeoa.debug.temp.o
LOAD /var/folders/1v/94hwpjp57lg5xz2yxd0vst700000gn/T//ccY5zWYh.debug.temp.o
LOAD /var/folders/1v/94hwpjp57lg5xz2yxd0vst700000gn/T//cc1HfKZo.debug.temp.o
LOAD /var/folders/1v/94hwpjp57lg5xz2yxd0vst700000gn/T//ccP2PdMy.debug.temp.o
LOAD /var/folders/1v/94hwpjp57lg5xz2yxd0vst700000gn/T//cc9NBoUM.debug.temp.o
LOAD /var/folders/1v/94hwpjp57lg5xz2yxd0vst700000gn/T//cc30StOO.debug.temp.o
LOAD /var/folders/1v/94hwpjp57lg5xz2yxd0vst700000gn/T//cc7rJyXL.debug.temp.o
LOAD /var/folders/1v/94hwpjp57lg5xz2yxd0vst700000gn/T//cc2K4nJH.debug.temp.o
LOAD /var/folders/1v/94hwpjp57lg5xz2yxd0vst700000gn/T//ccXPnXDL.debug.temp.o
LOAD /var/folders/1v/94hwpjp57lg5xz2yxd0vst700000gn/T//cctISOH5.debug.temp.o
LOAD /var/folders/1v/94hwpjp57lg5xz2yxd0vst700000gn/T//cc02FT32.debug.temp.o
LOAD /var/folders/1v/94hwpjp57lg5xz2yxd0vst700000gn/T//cc7M7uIf.debug.temp.o
LOAD /var/folders/1v/94hwpjp57lg5xz2yxd0vst700000gn/T//cc303eDN.debug.temp.o
LOAD /var/folders/1v/94hwpjp57lg5xz2yxd0vst700000gn/T//ccJ9shVV.debug.temp.o
LOAD /var/folders/1v/94hwpjp57lg5xz2yxd0vst700000gn/T//ccRr1DMJ.debug.temp.o
LOAD /var/folders/1v/94hwpjp57lg5xz2yxd0vst700000gn/T//cc67IqlL.debug.temp.o
LOAD /var/folders/1v/94hwpjp57lg5xz2yxd0vst700000gn/T//ccyNc5Xt.debug.temp.o
LOAD /var/folders/1v/94hwpjp57lg5xz2yxd0vst700000gn/T//ccHGeqn6.debug.temp.o
LOAD /var/folders/1v/94hwpjp57lg5xz2yxd0vst700000gn/T//cc8iaCiA.debug.temp.o
LOAD /var/folders/1v/94hwpjp57lg5xz2yxd0vst700000gn/T//ccb4D93q.debug.temp.o
LOAD /var/folders/1v/94hwpjp57lg5xz2yxd0vst700000gn/T//cceJKdOh.debug.temp.o
LOAD /var/folders/1v/94hwpjp57lg5xz2yxd0vst700000gn/T//ccD3Q1Dj.debug.temp.o
LOAD /var/folders/1v/94hwpjp57lg5xz2yxd0vst700000gn/T//cckV4jY1.debug.temp.o
LOAD /var/folders/1v/94hwpjp57lg5xz2yxd0vst700000gn/T//ccRaxco9.debug.temp.o
LOAD /var/folders/1v/94hwpjp57lg5xz2yxd0vst700000gn/T//ccYJMr1F.debug.temp.o
LOAD /var/folders/1v/94hwpjp57lg5xz2yxd0vst700000gn/T//ccnM3r1S.debug.temp.o
LOAD /var/folders/1v/94hwpjp57lg5xz2yxd0vst700000gn/T//ccfyq1Xe.debug.temp.o
LOAD /var/folders/1v/94hwpjp57lg5xz2yxd0vst700000gn/T//ccnekta4.debug.temp.o
LOAD /var/folders/1v/94hwpjp57lg5xz2yxd0vst700000gn/T//ccNNvzDe.debug.temp.o
LOAD /var/folders/1v/94hwpjp57lg5xz2yxd0vst700000gn/T//ccTeoto3.debug.temp.o
LOAD /var/folders/1v/94hwpjp57lg5xz2yxd0vst700000gn/T//cca4PwMV.debug.temp.o
LOAD /var/folders/1v/94hwpjp57lg5xz2yxd0vst700000gn/T//ccpYRoY1.debug.temp.o
LOAD /var/folders/1v/94hwpjp57lg5xz2yxd0vst700000gn/T//cc6PYw2g.debug.temp.o
LOAD /var/folders/1v/94hwpjp57lg5xz2yxd0vst700000gn/T//ccE37q5t.debug.temp.o
LOAD /var/folders/1v/94hwpjp57lg5xz2yxd0vst700000gn/T//ccQSZlAG.debug.temp.o
LOAD /var/folders/1v/94hwpjp57lg5xz2yxd0vst700000gn/T//ccgJbafg.debug.temp.o
LOAD /var/folders/1v/94hwpjp57lg5xz2yxd0vst700000gn/T//ccILBzlb.debug.temp.o
LOAD /var/folders/1v/94hwpjp57lg5xz2yxd0vst700000gn/T//ccSsgmQs.debug.temp.o
LOAD /var/folders/1v/94hwpjp57lg5xz2yxd0vst700000gn/T//ccoytGzO.debug.temp.o
LOAD /Users/diegoaguilar-canabal/Desktop/FroggersTiga/External/libDaisy/build/libdaisy.a
LOAD /Applications/ArmGNUToolchain/14.3.rel1/bin/../lib/gcc/arm-none-eabi/14.3.1/../../../../arm-none-eabi/lib/thumb/v7e-m+dp/hard/libnosys.a
                0x00010000                        __stack_size = 0x10000
LOAD /Applications/ArmGNUToolchain/14.3.rel1/bin/../lib/gcc/arm-none-eabi/14.3.1/../../../../arm-none-eabi/lib/thumb/v7e-m+dp/hard/libstdc++_nano.a
LOAD /Applications/ArmGNUToolchain/14.3.rel1/bin/../lib/gcc/arm-none-eabi/14.3.1/../../../../arm-none-eabi/lib/thumb/v7e-m+dp/hard/libm.a
LOAD /Applications/ArmGNUToolchain/14.3.rel1/bin/../lib/gcc/arm-none-eabi/14.3.1/../../../../arm-none-eabi/lib/thumb/v7e-m+dp/hard/libc_nano.a
START GROUP
LOAD /Applications/ArmGNUToolchain/14.3.rel1/bin/../lib/gcc/arm-none-eabi/14.3.1/thumb/v7e-m+dp/hard/libgcc.a
LOAD /Applications/ArmGNUToolchain/14.3.rel1/bin/../lib/gcc/arm-none-eabi/14.3.1/../../../../arm-none-eabi/lib/thumb/v7e-m+dp/hard/libc_nano.a
END GROUP
START GROUP
LOAD /Applications/ArmGNUToolchain/14.3.rel1/bin/../lib/gcc/arm-none-eabi/14.3.1/thumb/v7e-m+dp/hard/libgcc.a
LOAD /Applications/ArmGNUToolchain/14.3.rel1/bin/../lib/gcc/arm-none-eabi/14.3.1/../../../../arm-none-eabi/lib/thumb/v7e-m+dp/hard/libc_nano.a
LOAD /Applications/ArmGNUToolchain/14.3.rel1/bin/../lib/gcc/arm-none-eabi/14.3.1/../../../../arm-none-eabi/lib/thumb/v7e-m+dp/hard/libnosys.a
END GROUP
START GROUP
LOAD /Applications/ArmGNUToolchain/14.3.rel1/bin/../lib/gcc/arm-none-eabi/14.3.1/thumb/v7e-m+dp/hard/libgcc.a
LOAD /Applications/ArmGNUToolchain/14.3.rel1/bin/../lib/gcc/arm-none-eabi/14.3.1/../../../../arm-none-eabi/lib/thumb/v7e-m+dp/hard/libc_nano.a
LOAD /Applications/ArmGNUToolchain/14.3.rel1/bin/../lib/gcc/arm-none-eabi/14.3.1/../../../../arm-none-eabi/lib/thumb/v7e-m+dp/hard/libnosys.a
END GROUP
LOAD /Applications/ArmGNUToolchain/14.3.rel1/bin/../lib/gcc/arm-none-eabi/14.3.1/thumb/v7e-m+dp/hard/crtend.o
LOAD /Applications/ArmGNUToolchain/14.3.rel1/bin/../lib/gcc/arm-none-eabi/14.3.1/thumb/v7e-m+dp/hard/crtn.o
                0x20020000                        _estack = 0x20020000

.isr_vector     0x08000000      0x298
                0x08000000                        . = ALIGN (0x4)
 *(.isr_vector)
 .isr_vector    0x08000000      0x298 /var/folders/1v/94hwpjp57lg5xz2yxd0vst700000gn/T//ccanmHRK.ltrans0.ltrans.o
                0x08000000                g_pfnVectors
                0x08000298                        . = ALIGN (0x4)

.text           0x080002a0    0x15598
                0x080002a0                        . = ALIGN (0x4)
                0x080002a0                        _stext = .
 *(.text)
 .text          0x080002a0     0x6af8 /var/folders/1v/94hwpjp57lg5xz2yxd0vst700000gn/T//ccanmHRK.ltrans0.ltrans.o
                0x08003b98                RGen::NextUInt()
                0x08003db0                ParameterName::SetName(char const*)
                0x08003e0c                Parameter::PageSelect(float)
                0x08003e80                Parameter::StopModTracking(float)
                0x08003ea8                OPLowPassFilter::SetAlphaFromNatFreq(float)
                0x08003f04                RuntimeParam::Process()
                0x08003f0c                SDDSine::Evaluate(float)
                0x0800403c                TanhSaturator<false>::Saturate(float)
                0x0800403c                TanhSaturator<true>::Saturate(float)
                0x080052ec                daisy::Wm8731::WriteControlRegister(unsigned char, unsigned short)
                0x08005318                daisy::AnalogControl::Process()
                0x0800536a                adc_init_dma1() [clone .lto_priv.0]
                0x080053b8                daisy::GPIO::Init()
                0x080055ac                daisy::GPIO::Init(daisy::GPIO::Config const&)
                0x080055be                daisy::GPIO::Read()
                0x080055d4                daisy::Switch::Debounce()
                0x0800561c                daisy::GPIO::Write(bool)
                0x08005630                daisy::SSD130x4WireSpiTransport::SendCommand(unsigned char)
                0x08005698                Reset_Handler
                0x08005768                daisy::I2CHandle::Impl::DmaTransferFinished(__I2C_HandleTypeDef*, daisy::I2CHandle::Result)
                0x08005b30                daisy::I2CHandle::Impl::InitPins()
                0x08005b84                HAL_I2C_SlaveTxCpltCallback
                0x08005b84                HAL_I2C_SlaveRxCpltCallback
                0x08005b84                HAL_I2C_MasterRxCpltCallback
                0x08005b84                HAL_I2C_MasterTxCpltCallback
                0x08005b88                HAL_QSPI_MspDeInit.part.0
                0x08005bf4                daisy::SaiHandle::Impl::InitDma(daisy::SaiHandle::Impl::PeripheralBlock)
                0x08005c94                daisy::SaiHandle::Impl::InternalCallback(unsigned int)
                0x08005cbe                daisy::SaiHandle::Impl::InitPins()
                0x08005d5a                daisy::SpiHandle::Impl::DmaTransferFinished(__SPI_HandleTypeDef*, daisy::SpiHandle::Result)
                0x080064c0                checkPinMatchSpi(GPIO_InitTypeDef*, daisy::Pin, int)
                0x08006518                MapInstanceToHandle(USART_TypeDef*)
                0x0800655c                daisy::UartHandler::Impl::DmaTransferFinished(__UART_HandleTypeDef*, daisy::UartHandler::Result)
                0x0800692c                checkPinMatch(GPIO_InitTypeDef*, daisy::Pin, int)
                0x08006984                UART_CheckRxListener(daisy::UartHandler::Impl*) [clone .lto_priv.0]
                0x08006a00                HAL_UART_ErrorCallback
                0x08006d94                daisy::TimerHandle::~TimerHandle() [clone .lto_priv.0]
                0x08006d94                daisy::TimerHandle::~TimerHandle()
 .text          0x08006d98     0x46f0 /var/folders/1v/94hwpjp57lg5xz2yxd0vst700000gn/T//ccanmHRK.ltrans1.ltrans.o
                0x08006d98                ADC_DMAHalfConvCplt
                0x08006d9a                ADC_DMAError
                0x08006e4c                QSPI_DMAAbortCplt.lto_priv.0
                0x08007010                SAI_DMATxHalfCplt.lto_priv.0
                0x08007012                SAI_DMAError.lto_priv.0
                0x08007046                SPI_DMAHalfTransmitCplt.lto_priv.0
                0x08007048                SPI_DMAHalfReceiveCplt.lto_priv.0
                0x0800704a                SPI_DMAHalfTransmitReceiveCplt.lto_priv.0
                0x0800704c                UART_DMATxHalfCplt.lto_priv.0
                0x0800704e                ADC_DMAConvCplt
                0x080071a2                SAI_DMATxCplt.lto_priv.0
                0x080071d4                SAI_DMARxCplt.lto_priv.0
                0x08007250                SAI_DMARxHalfCplt.lto_priv.0
                0x08007298                SPI_DMATransmitCplt.lto_priv.0
                0x080072be                SPI_DMATransmitReceiveCplt.lto_priv.0
                0x080072c0                SPI_DMAReceiveCplt.lto_priv.0
                0x080072fc                UART_DMATransmitCplt.lto_priv.0
                0x08007340                UART_DMAReceiveCplt.lto_priv.0
                0x080073da                UART_DMARxHalfCplt.lto_priv.0
                0x080073fc                UART_DMAAbortOnError.lto_priv.0
                0x0800740c                daisy::System::DelayTicks(unsigned long)
                0x08007424                daisy::System::GetProgramMemoryRegion()
                0x0800749c                HAL_InitTick
                0x080074ec                HAL_Delay
                0x08007500                LL_ADC_SetChannelSamplingTime.lto_priv.0
                0x08007520                LL_ADC_IsEnabled.lto_priv.1
                0x08007520                LL_ADC_IsEnabled.lto_priv.0
                0x08007528                __NVIC_EnableIRQ.lto_priv.0
                0x08007544                HAL_DMA_Init
                0x08007940                HAL_DMA_Start_IT
                0x08007c38                HAL_DMA_Abort_IT
                0x08007d58                HAL_DMA_IRQHandler
                0x080080fc                HAL_GPIO_Init
                0x080082cc                HAL_GPIO_DeInit
                0x08008404                HAL_I2C_Init
                0x0800863c                HAL_I2C_EV_IRQHandler
                0x0800864a                I2C_Flush_TXDR.lto_priv.0
                0x0800874c                I2C_WaitOnFlagUntilTimeout.lto_priv.0
                0x080087a0                I2C_WaitOnTXISFlagUntilTimeout.lto_priv.0
                0x080087f8                I2C_WaitOnSTOPFlagUntilTimeout.lto_priv.0
                0x08008850                I2C_TransferConfig.lto_priv.0
                0x0800887c                I2C_Enable_IRQ.lto_priv.0
                0x080088f0                I2C_Disable_IRQ.lto_priv.0
                0x080089ec                I2C_DMASlaveTransmitCplt.lto_priv.0
                0x08008a04                I2C_DMASlaveReceiveCplt.lto_priv.0
                0x08008cbe                I2C_Master_ISR_IT.lto_priv.0
                0x08008df0                I2C_Master_ISR_DMA.lto_priv.0
                0x080091f6                I2C_Slave_ISR_DMA.lto_priv.0
                0x080093a0                I2C_DMAMasterTransmitCplt.lto_priv.0
                0x080093f4                I2C_DMAMasterReceiveCplt.lto_priv.0
                0x08009448                I2C_DMAError.lto_priv.0
                0x08009528                HAL_RCC_GetSysClockFreq
                0x0800966c                HAL_RCC_GetHCLKFreq
                0x080096a8                HAL_RCC_GetPCLK1Freq
                0x080096cc                HAL_RCC_GetPCLK2Freq
                0x080096f0                HAL_RCCEx_GetPLL2ClockFreq
                0x08009844                HAL_RCCEx_GetPLL3ClockFreq
                0x08009998                RCCEx_PLL2_Config.lto_priv.0
                0x08009a78                RCCEx_PLL3_Config.lto_priv.0
                0x08009b58                HAL_SAI_Init
                0x0800a11c                HAL_SPI_Init
                0x0800a506                SPI_CloseTransfer.lto_priv.0
                0x0800a5b2                HAL_SPI_IRQHandler
                0x0800a7a4                SPI_DMAError.lto_priv.0
                0x0800a7ce                HAL_TIM_Base_Init
                0x0800a9e8                HAL_TIM_IRQHandler
                0x0800aabc                TIM2_IRQHandler
                0x0800aac4                TIM3_IRQHandler
                0x0800aacc                TIM4_IRQHandler
                0x0800aad4                TIM5_IRQHandler
                0x0800aadc                HAL_UART_Init
                0x0800b188                UART_EndRxTransfer.lto_priv.0
                0x0800b1e0                UART_DMAError.lto_priv.0
                0x0800b254                UARTEx_SetNbDataToProcess.part.0.lto_priv.0
                0x0800b294                USB_FlushTxFifo
                0x0800b2e0                USB_FlushRxFifo
                0x0800b328                USB_ReadChInterrupts
                0x0800b33a                HAL_PCD_DataOutStageCallback.constprop.0
                0x0800b3b8                HAL_PCD_SuspendCallback.constprop.0
                0x0800b3fc                daisy::LedDriverPca9685<2, true>::SetLedRaw(int, unsigned short) [clone .constprop.0]
                0x0800b43c                daisy::LedDriverPca9685<2, true>::SetLed(int, float) [clone .constprop.0]
 .text          0x0800b488     0x49ac /var/folders/1v/94hwpjp57lg5xz2yxd0vst700000gn/T//ccanmHRK.ltrans2.ltrans.o
                0x0800c194                daisy::GPIO::Config::Config() [clone .isra.0]
                0x0800c1c4                UART_WaitOnFlagUntilTimeout.constprop.0
                0x0800c22c                SAI_InterruptFlag.constprop.0
                0x0800c398                std::function<void (int)>::operator()(int) const [clone .constprop.0]
                0x0800c3c0                FroggersEngine::ApplySmoothingRates() [clone .constprop.0]
                0x0800c490                FieldSwitchGuard::SettleDebouncers(daisy::DaisyField&) [clone .constprop.0]
                0x0800c4b4                FieldSwitchGuard::ApplySwitchConfig(daisy::DaisyField&, FieldSwitchGuard::ConfigTry const&) [clone .constprop.0]
                0x0800c54c                daisy::DaisyField::ProcessAnalogControls() [clone .constprop.0]
                0x0800c590                daisy::DaisyField::ProcessDigitalControls() [clone .constprop.0]
                0x0800c680                HAL_SPI_Transmit.constprop.0
                0x0800c880                daisy::GateIn::State() [clone .constprop.0]
                0x0800c8a8                FieldMutationQueue::Enqueue(FieldMutationType) [clone .constprop.0]
                0x0800c8fc                PageManager::SelectPage(unsigned char) [clone .constprop.0]
                0x0800c964                PageManager::AddPage() [clone .constprop.0]
                0x0800c994                PageManager::StopModTracking() [clone .constprop.0]
                0x0800c9cc                Page::SetFuegoization(unsigned char) [clone .part.0] [clone .constprop.0]
                0x0800ca20                HAL_NVIC_SetPriority.constprop.0
                0x0800ca7c                HAL_ADC_Start_DMA.constprop.0.isra.0
                0x0800cc24                daisy::I2CHandle::TransmitBlocking(unsigned short, unsigned char*, unsigned short, unsigned long) [clone .constprop.0] [clone .isra.0]
                0x0800cf04                HAL_PCD_EP_Abort.constprop.0.isra.0
                0x0800cfa0                USBD_ClrClassConfig.isra.0
                0x0800cfa8                USB_HC_Halt.isra.0
                0x0800d05e                USB_EP0_OutStart.isra.0
                0x0800d0a8                USB_ReadPacket.isra.0
                0x0800d0e4                I2C_ITAddrCplt.isra.0
                0x0800d13e                HAL_DMA_Abort.isra.0
                0x0800d35c                USBD_Get_USB_Status.isra.0
                0x0800d35e                USBD_LL_OpenEP.constprop.0.isra.0
                0x0800d3e4                USBD_LL_PrepareReceive.constprop.0.isra.0
                0x0800d414                USBD_LL_Transmit.constprop.0.isra.0
                0x0800d442                USBD_CtlSendStatus.isra.0
                0x0800d44e                USBD_CtlSendData.isra.0
                0x0800d45e                USBD_LL_StallEP.isra.0
                0x0800d4ec                USBD_CtlError.isra.0
                0x0800d500                daisy::UartHandler::Impl::SetDmaPeripheral() [clone .isra.0]
                0x0800d566                daisy::SpiHandle::Impl::InitDma() [clone .isra.0]
                0x0800d640                daisy::GPIOClockEnable(daisy::Pin) [clone .isra.0]
                0x0800d790                daisy::SaiHandle::Impl::StartDmaTransfer(long*, long*, unsigned int, void (*)(long*, long*, unsigned int)) [clone .isra.0]
                0x0800d81c                daisy::I2CHandle::Init(daisy::I2CHandle::Config const&) [clone .isra.0]
                0x0800d988                daisy::ScopedIrqBlocker::~ScopedIrqBlocker() [clone .isra.0]
                0x0800d98e                daisy::GetHALPort(daisy::Pin) [clone .isra.0]
                0x0800ea44                daisy::DaisyField::Init(bool) [clone .constprop.0]
                0x0800fd18                FrogBlock::Process(float)::{lambda(float)#1}::operator()(float) const [clone .isra.0]
                0x0800fdb6                RuntimeParam::RuntimeParam() [clone .isra.0]
                0x0800fdd0                std::_Function_base::~_Function_base() [clone .isra.0]
                0x0800fddc                RGen::UniGen() [clone .isra.0]
                0x0800fdee                Parameter::RandomizeMod(float) [clone .isra.0]
 .text          0x0800fe34       0x14 /Applications/ArmGNUToolchain/14.3.rel1/bin/../lib/gcc/arm-none-eabi/14.3.1/../../../../arm-none-eabi/lib/thumb/v7e-m+dp/hard/libc_nano.a(libc_a-strcmp.o)
                0x0800fe34                strcmp
 *fill*         0x0800fe48        0x8 
 .text          0x0800fe50       0xa0 /Applications/ArmGNUToolchain/14.3.rel1/bin/../lib/gcc/arm-none-eabi/14.3.1/../../../../arm-none-eabi/lib/thumb/v7e-m+dp/hard/libc_nano.a(libc_a-memchr.o)
                0x0800fe50                memchr
 .text          0x0800fef0       0x10 /Applications/ArmGNUToolchain/14.3.rel1/bin/../lib/gcc/arm-none-eabi/14.3.1/../../../../arm-none-eabi/lib/thumb/v7e-m+dp/hard/libc_nano.a(libc_a-strlen.o)
                0x0800fef0                strlen
 .text          0x0800ff00      0x378 /Applications/ArmGNUToolchain/14.3.rel1/bin/../lib/gcc/arm-none-eabi/14.3.1/thumb/v7e-m+dp/hard/libgcc.a(_arm_addsubdf3.o)
                0x0800ff00                __aeabi_drsub
                0x0800ff08                __subdf3
                0x0800ff08                __aeabi_dsub
                0x0800ff0c                __aeabi_dadd
                0x0800ff0c                __adddf3
                0x08010184                __aeabi_ui2d
                0x08010184                __floatunsidf
                0x080101a4                __floatsidf
                0x080101a4                __aeabi_i2d
                0x080101c8                __extendsfdf2
                0x080101c8                __aeabi_f2d
                0x0801020c                __aeabi_ul2d
                0x0801020c                __floatundidf
                0x0801021c                __aeabi_l2d
                0x0801021c                __floatdidf
 .text          0x08010278       0x30 /Applications/ArmGNUToolchain/14.3.rel1/bin/../lib/gcc/arm-none-eabi/14.3.1/thumb/v7e-m+dp/hard/libgcc.a(_aeabi_uldivmod.o)
                0x08010278                __aeabi_uldivmod
 .text          0x080102a8        0x4 /Applications/ArmGNUToolchain/14.3.rel1/bin/../lib/gcc/arm-none-eabi/14.3.1/thumb/v7e-m+dp/hard/libgcc.a(_dvmd_tls.o)
                0x080102a8                __aeabi_ldiv0
                0x080102a8                __aeabi_idiv0
 *(.text*)
 .text.deregister_tm_clones
                0x080102ac       0x1c /Applications/ArmGNUToolchain/14.3.rel1/bin/../lib/gcc/arm-none-eabi/14.3.1/thumb/v7e-m+dp/hard/crtbegin.o
 .text.register_tm_clones
                0x080102c8       0x24 /Applications/ArmGNUToolchain/14.3.rel1/bin/../lib/gcc/arm-none-eabi/14.3.1/thumb/v7e-m+dp/hard/crtbegin.o
 .text.__do_global_dtors_aux
                0x080102ec       0x28 /Applications/ArmGNUToolchain/14.3.rel1/bin/../lib/gcc/arm-none-eabi/14.3.1/thumb/v7e-m+dp/hard/crtbegin.o
 .text.frame_dummy
                0x08010314       0x24 /Applications/ArmGNUToolchain/14.3.rel1/bin/../lib/gcc/arm-none-eabi/14.3.1/thumb/v7e-m+dp/hard/crtbegin.o
 .text.startup  0x08010338     0x16dc /var/folders/1v/94hwpjp57lg5xz2yxd0vst700000gn/T//ccanmHRK.ltrans0.ltrans.o
                0x08010338                main
 .text.startup  0x08011a14      0x3a4 /var/folders/1v/94hwpjp57lg5xz2yxd0vst700000gn/T//ccanmHRK.ltrans2.ltrans.o
 .text.__aeabi_atexit
                0x08011db8        0xa /Applications/ArmGNUToolchain/14.3.rel1/bin/../lib/gcc/arm-none-eabi/14.3.1/../../../../arm-none-eabi/lib/thumb/v7e-m+dp/hard/libstdc++_nano.a(atexit_arm.o)
                0x08011db8                __aeabi_atexit
 .text._ZdlPvj  0x08011dc2        0x4 /Applications/ArmGNUToolchain/14.3.rel1/bin/../lib/gcc/arm-none-eabi/14.3.1/../../../../arm-none-eabi/lib/thumb/v7e-m+dp/hard/libstdc++_nano.a(del_ops.o)
                0x08011dc2                operator delete(void*, unsigned int)
 .text.__cxa_guard_acquire
                0x08011dc6       0x18 /Applications/ArmGNUToolchain/14.3.rel1/bin/../lib/gcc/arm-none-eabi/14.3.1/../../../../arm-none-eabi/lib/thumb/v7e-m+dp/hard/libstdc++_nano.a(guard.o)
                0x08011dc6                __cxa_guard_acquire
 .text.__cxa_guard_release
                0x08011dde        0x6 /Applications/ArmGNUToolchain/14.3.rel1/bin/../lib/gcc/arm-none-eabi/14.3.1/../../../../arm-none-eabi/lib/thumb/v7e-m+dp/hard/libstdc++_nano.a(guard.o)
                0x08011dde                __cxa_guard_release
 .text.unlikely._ZSt25__throw_bad_function_callv
                0x08011de4        0x6 /Applications/ArmGNUToolchain/14.3.rel1/bin/../lib/gcc/arm-none-eabi/14.3.1/../../../../arm-none-eabi/lib/thumb/v7e-m+dp/hard/libstdc++_nano.a(functional.o)
                0x08011de4                std::__throw_bad_function_call()
 .text._ZdlPv   0x08011dea        0x4 /Applications/ArmGNUToolchain/14.3.rel1/bin/../lib/gcc/arm-none-eabi/14.3.1/../../../../arm-none-eabi/lib/thumb/v7e-m+dp/hard/libstdc++_nano.a(del_op.o)
                0x08011dea                operator delete(void*)
 *fill*         0x08011dee        0x2 
 .text.expf     0x08011df0       0xe4 /Applications/ArmGNUToolchain/14.3.rel1/bin/../lib/gcc/arm-none-eabi/14.3.1/../../../../arm-none-eabi/lib/thumb/v7e-m+dp/hard/libm.a(libm_a-sf_exp.o)
                0x08011df0                expf
 *fill*         0x08011ed4        0x4 
 .text.exp      0x08011ed8      0x1b4 /Applications/ArmGNUToolchain/14.3.rel1/bin/../lib/gcc/arm-none-eabi/14.3.1/../../../../arm-none-eabi/lib/thumb/v7e-m+dp/hard/libm.a(libm_a-exp.o)
                0x08011ed8                exp
 .text.with_errno
                0x0801208c       0x1c /Applications/ArmGNUToolchain/14.3.rel1/bin/../lib/gcc/arm-none-eabi/14.3.1/../../../../arm-none-eabi/lib/thumb/v7e-m+dp/hard/libm.a(libm_a-math_err.o)
 .text.xflow    0x080120a8       0x24 /Applications/ArmGNUToolchain/14.3.rel1/bin/../lib/gcc/arm-none-eabi/14.3.1/../../../../arm-none-eabi/lib/thumb/v7e-m+dp/hard/libm.a(libm_a-math_err.o)
 *fill*         0x080120cc        0x4 
 .text.__math_uflow
                0x080120d0       0x10 /Applications/ArmGNUToolchain/14.3.rel1/bin/../lib/gcc/arm-none-eabi/14.3.1/../../../../arm-none-eabi/lib/thumb/v7e-m+dp/hard/libm.a(libm_a-math_err.o)
                0x080120d0                __math_uflow
 .text.__math_oflow
                0x080120e0       0x10 /Applications/ArmGNUToolchain/14.3.rel1/bin/../lib/gcc/arm-none-eabi/14.3.1/../../../../arm-none-eabi/lib/thumb/v7e-m+dp/hard/libm.a(libm_a-math_err.o)
                0x080120e0                __math_oflow
 .text.__math_check_uflow
                0x080120f0       0x14 /Applications/ArmGNUToolchain/14.3.rel1/bin/../lib/gcc/arm-none-eabi/14.3.1/../../../../arm-none-eabi/lib/thumb/v7e-m+dp/hard/libm.a(libm_a-math_err.o)
                0x080120f0                __math_check_uflow
 *fill*         0x08012104        0x4 
 .text.__math_check_oflow
                0x08012108       0x28 /Applications/ArmGNUToolchain/14.3.rel1/bin/../lib/gcc/arm-none-eabi/14.3.1/../../../../arm-none-eabi/lib/thumb/v7e-m+dp/hard/libm.a(libm_a-math_err.o)
                0x08012108                __math_check_oflow
 .text.powf     0x08012130      0x338 /Applications/ArmGNUToolchain/14.3.rel1/bin/../lib/gcc/arm-none-eabi/14.3.1/../../../../arm-none-eabi/lib/thumb/v7e-m+dp/hard/libm.a(libm_a-sf_pow.o)
                0x08012130                powf
 .text.sinf     0x08012468      0x1ec /Applications/ArmGNUToolchain/14.3.rel1/bin/../lib/gcc/arm-none-eabi/14.3.1/../../../../arm-none-eabi/lib/thumb/v7e-m+dp/hard/libm.a(libm_a-sinf.o)
                0x08012468                sinf
 *fill*         0x08012654        0x4 
 .text.cosf     0x08012658      0x1b4 /Applications/ArmGNUToolchain/14.3.rel1/bin/../lib/gcc/arm-none-eabi/14.3.1/../../../../arm-none-eabi/lib/thumb/v7e-m+dp/hard/libm.a(libm_a-cosf.o)
                0x08012658                cosf
 .text.with_errnof
                0x0801280c       0x1c /Applications/ArmGNUToolchain/14.3.rel1/bin/../lib/gcc/arm-none-eabi/14.3.1/../../../../arm-none-eabi/lib/thumb/v7e-m+dp/hard/libm.a(libm_a-math_errf.o)
 .text.xflowf   0x08012828       0x20 /Applications/ArmGNUToolchain/14.3.rel1/bin/../lib/gcc/arm-none-eabi/14.3.1/../../../../arm-none-eabi/lib/thumb/v7e-m+dp/hard/libm.a(libm_a-math_errf.o)
 .text.__math_uflowf
                0x08012848        0xc /Applications/ArmGNUToolchain/14.3.rel1/bin/../lib/gcc/arm-none-eabi/14.3.1/../../../../arm-none-eabi/lib/thumb/v7e-m+dp/hard/libm.a(libm_a-math_errf.o)
                0x08012848                __math_uflowf
 .text.__math_may_uflowf
                0x08012854        0xc /Applications/ArmGNUToolchain/14.3.rel1/bin/../lib/gcc/arm-none-eabi/14.3.1/../../../../arm-none-eabi/lib/thumb/v7e-m+dp/hard/libm.a(libm_a-math_errf.o)
                0x08012854                __math_may_uflowf
 .text.__math_oflowf
                0x08012860        0xc /Applications/ArmGNUToolchain/14.3.rel1/bin/../lib/gcc/arm-none-eabi/14.3.1/../../../../arm-none-eabi/lib/thumb/v7e-m+dp/hard/libm.a(libm_a-math_errf.o)
                0x08012860                __math_oflowf
 .text.__math_divzerof
                0x0801286c       0x24 /Applications/ArmGNUToolchain/14.3.rel1/bin/../lib/gcc/arm-none-eabi/14.3.1/../../../../arm-none-eabi/lib/thumb/v7e-m+dp/hard/libm.a(libm_a-math_errf.o)
                0x0801286c                __math_divzerof
 .text.__math_invalidf
                0x08012890       0x20 /Applications/ArmGNUToolchain/14.3.rel1/bin/../lib/gcc/arm-none-eabi/14.3.1/../../../../arm-none-eabi/lib/thumb/v7e-m+dp/hard/libm.a(libm_a-math_errf.o)
                0x08012890                __math_invalidf
 .text.sqrtf    0x080128b0       0x44 /Applications/ArmGNUToolchain/14.3.rel1/bin/../lib/gcc/arm-none-eabi/14.3.1/../../../../arm-none-eabi/lib/thumb/v7e-m+dp/hard/libm.a(libm_a-wf_sqrt.o)
                0x080128b0                sqrtf
 .text.tanhf    0x080128f4       0xf8 /Applications/ArmGNUToolchain/14.3.rel1/bin/../lib/gcc/arm-none-eabi/14.3.1/../../../../arm-none-eabi/lib/thumb/v7e-m+dp/hard/libm.a(libm_a-sf_tanh.o)
                0x080128f4                tanhf
 .text.__ieee754_sqrtf
                0x080129ec        0x8 /Applications/ArmGNUToolchain/14.3.rel1/bin/../lib/gcc/arm-none-eabi/14.3.1/../../../../arm-none-eabi/lib/thumb/v7e-m+dp/hard/libm.a(libm_a-ef_sqrt.o)
                0x080129ec                __ieee754_sqrtf
 .text.expm1f   0x080129f4      0x26c /Applications/ArmGNUToolchain/14.3.rel1/bin/../lib/gcc/arm-none-eabi/14.3.1/../../../../arm-none-eabi/lib/thumb/v7e-m+dp/hard/libm.a(libm_a-sf_expm1.o)
                0x080129f4                expm1f
 .text.fabsf    0x08012c60       0x10 /Applications/ArmGNUToolchain/14.3.rel1/bin/../lib/gcc/arm-none-eabi/14.3.1/../../../../arm-none-eabi/lib/thumb/v7e-m+dp/hard/libm.a(libm_a-sf_fabs.o)
                0x08012c60                fabsf
 .text.abort    0x08012c70        0xe /Applications/ArmGNUToolchain/14.3.rel1/bin/../lib/gcc/arm-none-eabi/14.3.1/../../../../arm-none-eabi/lib/thumb/v7e-m+dp/hard/libc_nano.a(libc_a-abort.o)
                0x08012c70                abort
 *fill*         0x08012c7e        0x2 
 .text.__assert_func
                0x08012c80       0x3c /Applications/ArmGNUToolchain/14.3.rel1/bin/../lib/gcc/arm-none-eabi/14.3.1/../../../../arm-none-eabi/lib/thumb/v7e-m+dp/hard/libc_nano.a(libc_a-assert.o)
                0x08012c80                __assert_func
 .text.free     0x08012cbc       0x10 /Applications/ArmGNUToolchain/14.3.rel1/bin/../lib/gcc/arm-none-eabi/14.3.1/../../../../arm-none-eabi/lib/thumb/v7e-m+dp/hard/libc_nano.a(libc_a-malloc.o)
                0x08012cbc                free
 .text.sbrk_aligned
                0x08012ccc       0x44 /Applications/ArmGNUToolchain/14.3.rel1/bin/../lib/gcc/arm-none-eabi/14.3.1/../../../../arm-none-eabi/lib/thumb/v7e-m+dp/hard/libc_nano.a(libc_a-mallocr.o)
 .text._malloc_r
                0x08012d10      0x100 /Applications/ArmGNUToolchain/14.3.rel1/bin/../lib/gcc/arm-none-eabi/14.3.1/../../../../arm-none-eabi/lib/thumb/v7e-m+dp/hard/libc_nano.a(libc_a-mallocr.o)
                0x08012d10                _malloc_r
 .text.__malloc_lock
                0x08012e10        0xc /Applications/ArmGNUToolchain/14.3.rel1/bin/../lib/gcc/arm-none-eabi/14.3.1/../../../../arm-none-eabi/lib/thumb/v7e-m+dp/hard/libc_nano.a(libc_a-mlock.o)
                0x08012e10                __malloc_lock
 .text.__malloc_unlock
                0x08012e1c        0xc /Applications/ArmGNUToolchain/14.3.rel1/bin/../lib/gcc/arm-none-eabi/14.3.1/../../../../arm-none-eabi/lib/thumb/v7e-m+dp/hard/libc_nano.a(libc_a-mlock.o)
                0x08012e1c                __malloc_unlock
 .text.std      0x08012e28       0x6c /Applications/ArmGNUToolchain/14.3.rel1/bin/../lib/gcc/arm-none-eabi/14.3.1/../../../../arm-none-eabi/lib/thumb/v7e-m+dp/hard/libc_nano.a(libc_a-findfp.o)
 .text.stdio_exit_handler
                0x08012e94       0x18 /Applications/ArmGNUToolchain/14.3.rel1/bin/../lib/gcc/arm-none-eabi/14.3.1/../../../../arm-none-eabi/lib/thumb/v7e-m+dp/hard/libc_nano.a(libc_a-findfp.o)
 .text.cleanup_stdio
                0x08012eac       0x40 /Applications/ArmGNUToolchain/14.3.rel1/bin/../lib/gcc/arm-none-eabi/14.3.1/../../../../arm-none-eabi/lib/thumb/v7e-m+dp/hard/libc_nano.a(libc_a-findfp.o)
 .text.global_stdio_init.part.0
                0x08012eec       0x40 /Applications/ArmGNUToolchain/14.3.rel1/bin/../lib/gcc/arm-none-eabi/14.3.1/../../../../arm-none-eabi/lib/thumb/v7e-m+dp/hard/libc_nano.a(libc_a-findfp.o)
 .text.__sfp_lock_acquire
                0x08012f2c        0xc /Applications/ArmGNUToolchain/14.3.rel1/bin/../lib/gcc/arm-none-eabi/14.3.1/../../../../arm-none-eabi/lib/thumb/v7e-m+dp/hard/libc_nano.a(libc_a-findfp.o)
                0x08012f2c                __sfp_lock_acquire
 .text.__sfp_lock_release
                0x08012f38        0xc /Applications/ArmGNUToolchain/14.3.rel1/bin/../lib/gcc/arm-none-eabi/14.3.1/../../../../arm-none-eabi/lib/thumb/v7e-m+dp/hard/libc_nano.a(libc_a-findfp.o)
                0x08012f38                __sfp_lock_release
 .text.__sinit  0x08012f44       0x30 /Applications/ArmGNUToolchain/14.3.rel1/bin/../lib/gcc/arm-none-eabi/14.3.1/../../../../arm-none-eabi/lib/thumb/v7e-m+dp/hard/libc_nano.a(libc_a-findfp.o)
                0x08012f44                __sinit
 .text.fprintf  0x08012f74       0x24 /Applications/ArmGNUToolchain/14.3.rel1/bin/../lib/gcc/arm-none-eabi/14.3.1/../../../../arm-none-eabi/lib/thumb/v7e-m+dp/hard/libc_nano.a(libc_a-fprintf.o)
                0x08012f74                fprintf
                0x08012f74                fiprintf
 .text._fwalk_sglue
                0x08012f98       0x3c /Applications/ArmGNUToolchain/14.3.rel1/bin/../lib/gcc/arm-none-eabi/14.3.1/../../../../arm-none-eabi/lib/thumb/v7e-m+dp/hard/libc_nano.a(libc_a-fwalk.o)
                0x08012f98                _fwalk_sglue
 .text.memset   0x08012fd4       0x10 /Applications/ArmGNUToolchain/14.3.rel1/bin/../lib/gcc/arm-none-eabi/14.3.1/../../../../arm-none-eabi/lib/thumb/v7e-m+dp/hard/libc_nano.a(libc_a-memset.o)
                0x08012fd4                memset
 .text._raise_r
                0x08012fe4       0x50 /Applications/ArmGNUToolchain/14.3.rel1/bin/../lib/gcc/arm-none-eabi/14.3.1/../../../../arm-none-eabi/lib/thumb/v7e-m+dp/hard/libc_nano.a(libc_a-signal.o)
                0x08012fe4                _raise_r
 .text.raise    0x08013034       0x10 /Applications/ArmGNUToolchain/14.3.rel1/bin/../lib/gcc/arm-none-eabi/14.3.1/../../../../arm-none-eabi/lib/thumb/v7e-m+dp/hard/libc_nano.a(libc_a-signal.o)
                0x08013034                raise
 .text._kill_r  0x08013044       0x24 /Applications/ArmGNUToolchain/14.3.rel1/bin/../lib/gcc/arm-none-eabi/14.3.1/../../../../arm-none-eabi/lib/thumb/v7e-m+dp/hard/libc_nano.a(libc_a-signalr.o)
                0x08013044                _kill_r
 .text._getpid_r
                0x08013068        0x4 /Applications/ArmGNUToolchain/14.3.rel1/bin/../lib/gcc/arm-none-eabi/14.3.1/../../../../arm-none-eabi/lib/thumb/v7e-m+dp/hard/libc_nano.a(libc_a-signalr.o)
                0x08013068                _getpid_r
 .text._sbrk_r  0x0801306c       0x20 /Applications/ArmGNUToolchain/14.3.rel1/bin/../lib/gcc/arm-none-eabi/14.3.1/../../../../arm-none-eabi/lib/thumb/v7e-m+dp/hard/libc_nano.a(libc_a-sbrkr.o)
                0x0801306c                _sbrk_r
 .text.__errno  0x0801308c        0xc /Applications/ArmGNUToolchain/14.3.rel1/bin/../lib/gcc/arm-none-eabi/14.3.1/../../../../arm-none-eabi/lib/thumb/v7e-m+dp/hard/libc_nano.a(libc_a-errno.o)
                0x0801308c                __errno
 .text.__libc_init_array
                0x08013098       0x48 /Applications/ArmGNUToolchain/14.3.rel1/bin/../lib/gcc/arm-none-eabi/14.3.1/../../../../arm-none-eabi/lib/thumb/v7e-m+dp/hard/libc_nano.a(libc_a-init.o)
                0x08013098                __libc_init_array
 .text.__retarget_lock_init_recursive
                0x080130e0        0x2 /Applications/ArmGNUToolchain/14.3.rel1/bin/../lib/gcc/arm-none-eabi/14.3.1/../../../../arm-none-eabi/lib/thumb/v7e-m+dp/hard/libc_nano.a(libc_a-lock.o)
                0x080130e0                __retarget_lock_init_recursive
 .text.__retarget_lock_acquire_recursive
                0x080130e2        0x2 /Applications/ArmGNUToolchain/14.3.rel1/bin/../lib/gcc/arm-none-eabi/14.3.1/../../../../arm-none-eabi/lib/thumb/v7e-m+dp/hard/libc_nano.a(libc_a-lock.o)
                0x080130e2                __retarget_lock_acquire_recursive
 .text.__retarget_lock_release_recursive
                0x080130e4        0x2 /Applications/ArmGNUToolchain/14.3.rel1/bin/../lib/gcc/arm-none-eabi/14.3.1/../../../../arm-none-eabi/lib/thumb/v7e-m+dp/hard/libc_nano.a(libc_a-lock.o)
                0x080130e4                __retarget_lock_release_recursive
 *fill*         0x080130e6        0x2 
 .text.__cxa_atexit
                0x080130e8       0x1c /Applications/ArmGNUToolchain/14.3.rel1/bin/../lib/gcc/arm-none-eabi/14.3.1/../../../../arm-none-eabi/lib/thumb/v7e-m+dp/hard/libc_nano.a(libc_a-cxa_atexit.o)
                0x080130e8                __cxa_atexit
 .text._free_r  0x08013104       0x94 /Applications/ArmGNUToolchain/14.3.rel1/bin/../lib/gcc/arm-none-eabi/14.3.1/../../../../arm-none-eabi/lib/thumb/v7e-m+dp/hard/libc_nano.a(libc_a-freer.o)
                0x08013104                _free_r
 .text.__sfputc_r
                0x08013198       0x2e /Applications/ArmGNUToolchain/14.3.rel1/bin/../lib/gcc/arm-none-eabi/14.3.1/../../../../arm-none-eabi/lib/thumb/v7e-m+dp/hard/libc_nano.a(libc_a-nano-vfprintf.o)
 .text.__sfputs_r
                0x080131c6       0x24 /Applications/ArmGNUToolchain/14.3.rel1/bin/../lib/gcc/arm-none-eabi/14.3.1/../../../../arm-none-eabi/lib/thumb/v7e-m+dp/hard/libc_nano.a(libc_a-nano-vfprintf.o)
                0x080131c6                __sfputs_r
 *fill*         0x080131ea        0x2 
 .text._vfprintf_r
                0x080131ec      0x228 /Applications/ArmGNUToolchain/14.3.rel1/bin/../lib/gcc/arm-none-eabi/14.3.1/../../../../arm-none-eabi/lib/thumb/v7e-m+dp/hard/libc_nano.a(libc_a-nano-vfprintf.o)
                0x080131ec                _vfiprintf_r
                0x080131ec                _vfprintf_r
 .text._printf_common
                0x08013414       0xda /Applications/ArmGNUToolchain/14.3.rel1/bin/../lib/gcc/arm-none-eabi/14.3.1/../../../../arm-none-eabi/lib/thumb/v7e-m+dp/hard/libc_nano.a(libc_a-nano-vfprintf_i.o)
                0x08013414                _printf_common
 *fill*         0x080134ee        0x2 
 .text._printf_i
                0x080134f0      0x24c /Applications/ArmGNUToolchain/14.3.rel1/bin/../lib/gcc/arm-none-eabi/14.3.1/../../../../arm-none-eabi/lib/thumb/v7e-m+dp/hard/libc_nano.a(libc_a-nano-vfprintf_i.o)
                0x080134f0                _printf_i
 .text.__sflush_r
                0x0801373c      0x104 /Applications/ArmGNUToolchain/14.3.rel1/bin/../lib/gcc/arm-none-eabi/14.3.1/../../../../arm-none-eabi/lib/thumb/v7e-m+dp/hard/libc_nano.a(libc_a-fflush.o)
                0x0801373c                __sflush_r
 .text._fflush_r
                0x08013840       0x50 /Applications/ArmGNUToolchain/14.3.rel1/bin/../lib/gcc/arm-none-eabi/14.3.1/../../../../arm-none-eabi/lib/thumb/v7e-m+dp/hard/libc_nano.a(libc_a-fflush.o)
                0x08013840                _fflush_r
 .text.__sread  0x08013890       0x22 /Applications/ArmGNUToolchain/14.3.rel1/bin/../lib/gcc/arm-none-eabi/14.3.1/../../../../arm-none-eabi/lib/thumb/v7e-m+dp/hard/libc_nano.a(libc_a-stdio.o)
                0x08013890                __sread
 .text.__swrite
                0x080138b2       0x38 /Applications/ArmGNUToolchain/14.3.rel1/bin/../lib/gcc/arm-none-eabi/14.3.1/../../../../arm-none-eabi/lib/thumb/v7e-m+dp/hard/libc_nano.a(libc_a-stdio.o)
                0x080138b2                __swrite
 .text.__sseek  0x080138ea       0x26 /Applications/ArmGNUToolchain/14.3.rel1/bin/../lib/gcc/arm-none-eabi/14.3.1/../../../../arm-none-eabi/lib/thumb/v7e-m+dp/hard/libc_nano.a(libc_a-stdio.o)
                0x080138ea                __sseek
 .text.__sclose
                0x08013910        0x8 /Applications/ArmGNUToolchain/14.3.rel1/bin/../lib/gcc/arm-none-eabi/14.3.1/../../../../arm-none-eabi/lib/thumb/v7e-m+dp/hard/libc_nano.a(libc_a-stdio.o)
                0x08013910                __sclose
 .text.__swbuf_r
                0x08013918       0x7c /Applications/ArmGNUToolchain/14.3.rel1/bin/../lib/gcc/arm-none-eabi/14.3.1/../../../../arm-none-eabi/lib/thumb/v7e-m+dp/hard/libc_nano.a(libc_a-wbuf.o)
                0x08013918                __swbuf_r
 .text.__swsetup_r
                0x08013994       0xa8 /Applications/ArmGNUToolchain/14.3.rel1/bin/../lib/gcc/arm-none-eabi/14.3.1/../../../../arm-none-eabi/lib/thumb/v7e-m+dp/hard/libc_nano.a(libc_a-wsetup.o)
                0x08013994                __swsetup_r
 .text.__swhatbuf_r
                0x08013a3c       0x48 /Applications/ArmGNUToolchain/14.3.rel1/bin/../lib/gcc/arm-none-eabi/14.3.1/../../../../arm-none-eabi/lib/thumb/v7e-m+dp/hard/libc_nano.a(libc_a-makebuf.o)
                0x08013a3c                __swhatbuf_r
 .text.__smakebuf_r
                0x08013a84       0x72 /Applications/ArmGNUToolchain/14.3.rel1/bin/../lib/gcc/arm-none-eabi/14.3.1/../../../../arm-none-eabi/lib/thumb/v7e-m+dp/hard/libc_nano.a(libc_a-makebuf.o)
                0x08013a84                __smakebuf_r
 *fill*         0x08013af6        0x2 
 .text._isatty_r
                0x08013af8       0x20 /Applications/ArmGNUToolchain/14.3.rel1/bin/../lib/gcc/arm-none-eabi/14.3.1/../../../../arm-none-eabi/lib/thumb/v7e-m+dp/hard/libc_nano.a(libc_a-isattyr.o)
                0x08013af8                _isatty_r
 .text._lseek_r
                0x08013b18       0x24 /Applications/ArmGNUToolchain/14.3.rel1/bin/../lib/gcc/arm-none-eabi/14.3.1/../../../../arm-none-eabi/lib/thumb/v7e-m+dp/hard/libc_nano.a(libc_a-lseekr.o)
                0x08013b18                _lseek_r
 .text._read_r  0x08013b3c       0x24 /Applications/ArmGNUToolchain/14.3.rel1/bin/../lib/gcc/arm-none-eabi/14.3.1/../../../../arm-none-eabi/lib/thumb/v7e-m+dp/hard/libc_nano.a(libc_a-readr.o)
                0x08013b3c                _read_r
 .text._write_r
                0x08013b60       0x24 /Applications/ArmGNUToolchain/14.3.rel1/bin/../lib/gcc/arm-none-eabi/14.3.1/../../../../arm-none-eabi/lib/thumb/v7e-m+dp/hard/libc_nano.a(libc_a-writer.o)
                0x08013b60                _write_r
 .text._close_r
                0x08013b84       0x20 /Applications/ArmGNUToolchain/14.3.rel1/bin/../lib/gcc/arm-none-eabi/14.3.1/../../../../arm-none-eabi/lib/thumb/v7e-m+dp/hard/libc_nano.a(libc_a-closer.o)
                0x08013b84                _close_r
 .text._fstat_r
                0x08013ba4       0x24 /Applications/ArmGNUToolchain/14.3.rel1/bin/../lib/gcc/arm-none-eabi/14.3.1/../../../../arm-none-eabi/lib/thumb/v7e-m+dp/hard/libc_nano.a(libc_a-fstatr.o)
                0x08013ba4                _fstat_r
 .text.memcpy   0x08013bc8       0x1c /Applications/ArmGNUToolchain/14.3.rel1/bin/../lib/gcc/arm-none-eabi/14.3.1/../../../../arm-none-eabi/lib/thumb/v7e-m+dp/hard/libc_nano.a(libc_a-memcpy-stub.o)
                0x08013bc8                memcpy
 .text.__udivmoddi4
                0x08013be4      0x2f8 /Applications/ArmGNUToolchain/14.3.rel1/bin/../lib/gcc/arm-none-eabi/14.3.1/thumb/v7e-m+dp/hard/libgcc.a(_udivmoddi4.o)
                0x08013be4                __udivmoddi4
 .text._close   0x08013edc       0x10 /Applications/ArmGNUToolchain/14.3.rel1/bin/../lib/gcc/arm-none-eabi/14.3.1/../../../../arm-none-eabi/lib/thumb/v7e-m+dp/hard/libnosys.a(close.o)
                0x08013edc                _close
 .text._fstat   0x08013eec       0x10 /Applications/ArmGNUToolchain/14.3.rel1/bin/../lib/gcc/arm-none-eabi/14.3.1/../../../../arm-none-eabi/lib/thumb/v7e-m+dp/hard/libnosys.a(fstat.o)
                0x08013eec                _fstat
 .text._getpid  0x08013efc       0x10 /Applications/ArmGNUToolchain/14.3.rel1/bin/../lib/gcc/arm-none-eabi/14.3.1/../../../../arm-none-eabi/lib/thumb/v7e-m+dp/hard/libnosys.a(getpid.o)
                0x08013efc                _getpid
 .text._isatty  0x08013f0c       0x10 /Applications/ArmGNUToolchain/14.3.rel1/bin/../lib/gcc/arm-none-eabi/14.3.1/../../../../arm-none-eabi/lib/thumb/v7e-m+dp/hard/libnosys.a(isatty.o)
                0x08013f0c                _isatty
 .text._kill    0x08013f1c       0x10 /Applications/ArmGNUToolchain/14.3.rel1/bin/../lib/gcc/arm-none-eabi/14.3.1/../../../../arm-none-eabi/lib/thumb/v7e-m+dp/hard/libnosys.a(kill.o)
                0x08013f1c                _kill
 .text._lseek   0x08013f2c       0x10 /Applications/ArmGNUToolchain/14.3.rel1/bin/../lib/gcc/arm-none-eabi/14.3.1/../../../../arm-none-eabi/lib/thumb/v7e-m+dp/hard/libnosys.a(lseek.o)
                0x08013f2c                _lseek
 .text._read    0x08013f3c       0x10 /Applications/ArmGNUToolchain/14.3.rel1/bin/../lib/gcc/arm-none-eabi/14.3.1/../../../../arm-none-eabi/lib/thumb/v7e-m+dp/hard/libnosys.a(read.o)
                0x08013f3c                _read
 .text._sbrk    0x08013f4c       0x1c /Applications/ArmGNUToolchain/14.3.rel1/bin/../lib/gcc/arm-none-eabi/14.3.1/../../../../arm-none-eabi/lib/thumb/v7e-m+dp/hard/libnosys.a(sbrk.o)
                0x08013f4c                _sbrk
 .text._write   0x08013f68       0x10 /Applications/ArmGNUToolchain/14.3.rel1/bin/../lib/gcc/arm-none-eabi/14.3.1/../../../../arm-none-eabi/lib/thumb/v7e-m+dp/hard/libnosys.a(write.o)
                0x08013f68                _write
 .text._exit    0x08013f78        0x4 /Applications/ArmGNUToolchain/14.3.rel1/bin/../lib/gcc/arm-none-eabi/14.3.1/../../../../arm-none-eabi/lib/thumb/v7e-m+dp/hard/libnosys.a(_exit.o)
                0x08013f78                _exit
 *(.rodata)
 .rodata        0x08013f7c      0x94d /var/folders/1v/94hwpjp57lg5xz2yxd0vst700000gn/T//ccanmHRK.ltrans0.ltrans.o
                0x080148c8                uwTickFreq
 *fill*         0x080148c9        0x3 
 .rodata        0x080148cc       0x6a /var/folders/1v/94hwpjp57lg5xz2yxd0vst700000gn/T//ccanmHRK.ltrans1.ltrans.o
                0x080148d4                D1CorePrescTable
 *fill*         0x08014936        0x2 
 .rodata        0x08014938      0x128 /var/folders/1v/94hwpjp57lg5xz2yxd0vst700000gn/T//ccanmHRK.ltrans2.ltrans.o
 *(.rodata*)
 .rodata.str1.1
                0x08014a60      0x117 /var/folders/1v/94hwpjp57lg5xz2yxd0vst700000gn/T//ccanmHRK.ltrans0.ltrans.o
 .rodata.str1.1
                0x08014a60        0xc /var/folders/1v/94hwpjp57lg5xz2yxd0vst700000gn/T//ccanmHRK.ltrans2.ltrans.o
 .rodata.__exp2f_data
                0x08014a60      0x148 /Applications/ArmGNUToolchain/14.3.rel1/bin/../lib/gcc/arm-none-eabi/14.3.1/../../../../arm-none-eabi/lib/thumb/v7e-m+dp/hard/libm.a(libm_a-sf_exp2_data.o)
                0x08014a60                __exp2f_data
 .rodata.__exp_data
                0x08014ba8      0x870 /Applications/ArmGNUToolchain/14.3.rel1/bin/../lib/gcc/arm-none-eabi/14.3.1/../../../../arm-none-eabi/lib/thumb/v7e-m+dp/hard/libm.a(libm_a-exp_data.o)
                0x08014ba8                __exp_data
 .rodata.__inv_pio4
                0x08015418       0x60 /Applications/ArmGNUToolchain/14.3.rel1/bin/../lib/gcc/arm-none-eabi/14.3.1/../../../../arm-none-eabi/lib/thumb/v7e-m+dp/hard/libm.a(libm_a-sincosf_data.o)
                0x08015418                __inv_pio4
 .rodata.__sincosf_table
                0x08015478       0xe0 /Applications/ArmGNUToolchain/14.3.rel1/bin/../lib/gcc/arm-none-eabi/14.3.1/../../../../arm-none-eabi/lib/thumb/v7e-m+dp/hard/libm.a(libm_a-sincosf_data.o)
                0x08015478                __sincosf_table
 .rodata.tiny   0x08015558        0x4 /Applications/ArmGNUToolchain/14.3.rel1/bin/../lib/gcc/arm-none-eabi/14.3.1/../../../../arm-none-eabi/lib/thumb/v7e-m+dp/hard/libm.a(libm_a-sf_tanh.o)
 .rodata.two    0x0801555c        0x4 /Applications/ArmGNUToolchain/14.3.rel1/bin/../lib/gcc/arm-none-eabi/14.3.1/../../../../arm-none-eabi/lib/thumb/v7e-m+dp/hard/libm.a(libm_a-sf_tanh.o)
 .rodata.one    0x08015560        0x4 /Applications/ArmGNUToolchain/14.3.rel1/bin/../lib/gcc/arm-none-eabi/14.3.1/../../../../arm-none-eabi/lib/thumb/v7e-m+dp/hard/libm.a(libm_a-sf_tanh.o)
 *fill*         0x08015564        0x4 
 .rodata.__powf_log2_data
                0x08015568      0x128 /Applications/ArmGNUToolchain/14.3.rel1/bin/../lib/gcc/arm-none-eabi/14.3.1/../../../../arm-none-eabi/lib/thumb/v7e-m+dp/hard/libm.a(libm_a-sf_pow_log2_data.o)
                0x08015568                __powf_log2_data
 .rodata.__assert_func.str1.1
                0x08015690      0x18d /Applications/ArmGNUToolchain/14.3.rel1/bin/../lib/gcc/arm-none-eabi/14.3.1/../../../../arm-none-eabi/lib/thumb/v7e-m+dp/hard/libc_nano.a(libc_a-assert.o)
                                 0x3d (size before relaxing)
 .rodata._vfprintf_r.str1.1
                0x0801581d       0x11 /Applications/ArmGNUToolchain/14.3.rel1/bin/../lib/gcc/arm-none-eabi/14.3.1/../../../../arm-none-eabi/lib/thumb/v7e-m+dp/hard/libc_nano.a(libc_a-nano-vfprintf.o)
 .rodata._printf_i.str1.1
                0x0801581d       0x22 /Applications/ArmGNUToolchain/14.3.rel1/bin/../lib/gcc/arm-none-eabi/14.3.1/../../../../arm-none-eabi/lib/thumb/v7e-m+dp/hard/libc_nano.a(libc_a-nano-vfprintf_i.o)
 *(.glue_7)
 .glue_7        0x0801581d        0x0 linker stubs
 *(.glue_7t)
 .glue_7t       0x0801581d        0x0 linker stubs
 *(.init)
 *fill*         0x0801581d        0x3 
 .init          0x08015820        0x4 /Applications/ArmGNUToolchain/14.3.rel1/bin/../lib/gcc/arm-none-eabi/14.3.1/thumb/v7e-m+dp/hard/crti.o
                0x08015820                _init
 .init          0x08015824        0x8 /Applications/ArmGNUToolchain/14.3.rel1/bin/../lib/gcc/arm-none-eabi/14.3.1/thumb/v7e-m+dp/hard/crtn.o
 *(.fini)
 .fini          0x0801582c        0x4 /Applications/ArmGNUToolchain/14.3.rel1/bin/../lib/gcc/arm-none-eabi/14.3.1/thumb/v7e-m+dp/hard/crti.o
                0x0801582c                _fini
 .fini          0x08015830        0x8 /Applications/ArmGNUToolchain/14.3.rel1/bin/../lib/gcc/arm-none-eabi/14.3.1/thumb/v7e-m+dp/hard/crtn.o
                0x08015838                        . = ALIGN (0x4)
                0x08015838                        _etext = .

.eh_frame       0x08015838        0x0
 .eh_frame      0x08015838        0x0 /Applications/ArmGNUToolchain/14.3.rel1/bin/../lib/gcc/arm-none-eabi/14.3.1/thumb/v7e-m+dp/hard/crtbegin.o

.vfp11_veneer   0x08015838        0x0
 .vfp11_veneer  0x08015838        0x0 linker stubs

.v4_bx          0x08015838        0x0
 .v4_bx         0x08015838        0x0 linker stubs

.iplt           0x08015838        0x0
 .iplt          0x08015838        0x0 /Applications/ArmGNUToolchain/14.3.rel1/bin/../lib/gcc/arm-none-eabi/14.3.1/thumb/v7e-m+dp/hard/crtbegin.o

.ARM.extab      0x08015838        0x0
                0x08015838                        . = ALIGN (0x4)
 *(.ARM.extab)
 *(.gnu.linkonce.armextab.*)
                0x08015838                        . = ALIGN (0x4)

.exidx          0x08015838        0x8
                0x08015838                        . = ALIGN (0x4)
                [!provide]                        PROVIDE (__exidx_start = .)
 *(.ARM.exidx*)
 .ARM.exidx     0x08015838        0x8 /Applications/ArmGNUToolchain/14.3.rel1/bin/../lib/gcc/arm-none-eabi/14.3.1/../../../../arm-none-eabi/lib/thumb/v7e-m+dp/hard/libc_nano.a(libc_a-strcmp.o)
 .ARM.exidx     0x08015840        0x0 /Applications/ArmGNUToolchain/14.3.rel1/bin/../lib/gcc/arm-none-eabi/14.3.1/../../../../arm-none-eabi/lib/thumb/v7e-m+dp/hard/libc_nano.a(libc_a-memchr.o)
                                  0x8 (size before relaxing)
 .ARM.exidx     0x08015840        0x0 /Applications/ArmGNUToolchain/14.3.rel1/bin/../lib/gcc/arm-none-eabi/14.3.1/../../../../arm-none-eabi/lib/thumb/v7e-m+dp/hard/libc_nano.a(libc_a-strlen.o)
                                  0x8 (size before relaxing)
 .ARM.exidx.text.__udivmoddi4
                0x08015840        0x0 /Applications/ArmGNUToolchain/14.3.rel1/bin/../lib/gcc/arm-none-eabi/14.3.1/thumb/v7e-m+dp/hard/libgcc.a(_udivmoddi4.o)
                                  0x8 (size before relaxing)
                0x08015840                        . = ALIGN (0x4)
                [!provide]                        PROVIDE (__exidx_end = .)

.rel.dyn        0x08015840        0x0
 .rel.iplt      0x08015840        0x0 /Applications/ArmGNUToolchain/14.3.rel1/bin/../lib/gcc/arm-none-eabi/14.3.1/thumb/v7e-m+dp/hard/crtbegin.o

.ARM.attributes
                0x00000000       0x2e
 *(.ARM.attributes)
 .ARM.attributes
                0x00000000       0x20 /Applications/ArmGNUToolchain/14.3.rel1/bin/../lib/gcc/arm-none-eabi/14.3.1/thumb/v7e-m+dp/hard/crti.o
 .ARM.attributes
                0x00000020       0x32 /Applications/ArmGNUToolchain/14.3.rel1/bin/../lib/gcc/arm-none-eabi/14.3.1/thumb/v7e-m+dp/hard/crtbegin.o
 .ARM.attributes
                0x00000052       0x30 /var/folders/1v/94hwpjp57lg5xz2yxd0vst700000gn/T//ccanmHRK.ltrans0.ltrans.o
 .ARM.attributes
                0x00000082       0x30 /var/folders/1v/94hwpjp57lg5xz2yxd0vst700000gn/T//ccanmHRK.ltrans1.ltrans.o
 .ARM.attributes
                0x000000b2       0x30 /var/folders/1v/94hwpjp57lg5xz2yxd0vst700000gn/T//ccanmHRK.ltrans2.ltrans.o
 .ARM.attributes
                0x000000e2       0x32 /Applications/ArmGNUToolchain/14.3.rel1/bin/../lib/gcc/arm-none-eabi/14.3.1/../../../../arm-none-eabi/lib/thumb/v7e-m+dp/hard/libstdc++_nano.a(atexit_arm.o)
 .ARM.attributes
                0x00000114       0x32 /Applications/ArmGNUToolchain/14.3.rel1/bin/../lib/gcc/arm-none-eabi/14.3.1/../../../../arm-none-eabi/lib/thumb/v7e-m+dp/hard/libstdc++_nano.a(del_ops.o)
 .ARM.attributes
                0x00000146       0x32 /Applications/ArmGNUToolchain/14.3.rel1/bin/../lib/gcc/arm-none-eabi/14.3.1/../../../../arm-none-eabi/lib/thumb/v7e-m+dp/hard/libstdc++_nano.a(guard.o)
 .ARM.attributes
                0x00000178       0x32 /Applications/ArmGNUToolchain/14.3.rel1/bin/../lib/gcc/arm-none-eabi/14.3.1/../../../../arm-none-eabi/lib/thumb/v7e-m+dp/hard/libstdc++_nano.a(functional.o)
 .ARM.attributes
                0x000001aa       0x32 /Applications/ArmGNUToolchain/14.3.rel1/bin/../lib/gcc/arm-none-eabi/14.3.1/../../../../arm-none-eabi/lib/thumb/v7e-m+dp/hard/libstdc++_nano.a(del_op.o)
 .ARM.attributes
                0x000001dc       0x32 /Applications/ArmGNUToolchain/14.3.rel1/bin/../lib/gcc/arm-none-eabi/14.3.1/../../../../arm-none-eabi/lib/thumb/v7e-m+dp/hard/libm.a(libm_a-sf_exp.o)
 .ARM.attributes
                0x0000020e       0x32 /Applications/ArmGNUToolchain/14.3.rel1/bin/../lib/gcc/arm-none-eabi/14.3.1/../../../../arm-none-eabi/lib/thumb/v7e-m+dp/hard/libm.a(libm_a-sf_exp2_data.o)
 .ARM.attributes
                0x00000240       0x32 /Applications/ArmGNUToolchain/14.3.rel1/bin/../lib/gcc/arm-none-eabi/14.3.1/../../../../arm-none-eabi/lib/thumb/v7e-m+dp/hard/libm.a(libm_a-exp.o)
 .ARM.attributes
                0x00000272       0x32 /Applications/ArmGNUToolchain/14.3.rel1/bin/../lib/gcc/arm-none-eabi/14.3.1/../../../../arm-none-eabi/lib/thumb/v7e-m+dp/hard/libm.a(libm_a-exp_data.o)
 .ARM.attributes
                0x000002a4       0x32 /Applications/ArmGNUToolchain/14.3.rel1/bin/../lib/gcc/arm-none-eabi/14.3.1/../../../../arm-none-eabi/lib/thumb/v7e-m+dp/hard/libm.a(libm_a-math_err.o)
 .ARM.attributes
                0x000002d6       0x32 /Applications/ArmGNUToolchain/14.3.rel1/bin/../lib/gcc/arm-none-eabi/14.3.1/../../../../arm-none-eabi/lib/thumb/v7e-m+dp/hard/libm.a(libm_a-sf_pow.o)
 .ARM.attributes
                0x00000308       0x32 /Applications/ArmGNUToolchain/14.3.rel1/bin/../lib/gcc/arm-none-eabi/14.3.1/../../../../arm-none-eabi/lib/thumb/v7e-m+dp/hard/libm.a(libm_a-sinf.o)
 .ARM.attributes
                0x0000033a       0x32 /Applications/ArmGNUToolchain/14.3.rel1/bin/../lib/gcc/arm-none-eabi/14.3.1/../../../../arm-none-eabi/lib/thumb/v7e-m+dp/hard/libm.a(libm_a-cosf.o)
 .ARM.attributes
                0x0000036c       0x32 /Applications/ArmGNUToolchain/14.3.rel1/bin/../lib/gcc/arm-none-eabi/14.3.1/../../../../arm-none-eabi/lib/thumb/v7e-m+dp/hard/libm.a(libm_a-sincosf_data.o)
 .ARM.attributes
                0x0000039e       0x32 /Applications/ArmGNUToolchain/14.3.rel1/bin/../lib/gcc/arm-none-eabi/14.3.1/../../../../arm-none-eabi/lib/thumb/v7e-m+dp/hard/libm.a(libm_a-math_errf.o)
 .ARM.attributes
                0x000003d0       0x32 /Applications/ArmGNUToolchain/14.3.rel1/bin/../lib/gcc/arm-none-eabi/14.3.1/../../../../arm-none-eabi/lib/thumb/v7e-m+dp/hard/libm.a(libm_a-wf_sqrt.o)
 .ARM.attributes
                0x00000402       0x32 /Applications/ArmGNUToolchain/14.3.rel1/bin/../lib/gcc/arm-none-eabi/14.3.1/../../../../arm-none-eabi/lib/thumb/v7e-m+dp/hard/libm.a(libm_a-sf_tanh.o)
 .ARM.attributes
                0x00000434       0x32 /Applications/ArmGNUToolchain/14.3.rel1/bin/../lib/gcc/arm-none-eabi/14.3.1/../../../../arm-none-eabi/lib/thumb/v7e-m+dp/hard/libm.a(libm_a-ef_sqrt.o)
 .ARM.attributes
                0x00000466       0x32 /Applications/ArmGNUToolchain/14.3.rel1/bin/../lib/gcc/arm-none-eabi/14.3.1/../../../../arm-none-eabi/lib/thumb/v7e-m+dp/hard/libm.a(libm_a-sf_pow_log2_data.o)
 .ARM.attributes
                0x00000498       0x32 /Applications/ArmGNUToolchain/14.3.rel1/bin/../lib/gcc/arm-none-eabi/14.3.1/../../../../arm-none-eabi/lib/thumb/v7e-m+dp/hard/libm.a(libm_a-sf_expm1.o)
 .ARM.attributes
                0x000004ca       0x32 /Applications/ArmGNUToolchain/14.3.rel1/bin/../lib/gcc/arm-none-eabi/14.3.1/../../../../arm-none-eabi/lib/thumb/v7e-m+dp/hard/libm.a(libm_a-sf_fabs.o)
 .ARM.attributes
                0x000004fc       0x32 /Applications/ArmGNUToolchain/14.3.rel1/bin/../lib/gcc/arm-none-eabi/14.3.1/../../../../arm-none-eabi/lib/thumb/v7e-m+dp/hard/libc_nano.a(libc_a-abort.o)
 .ARM.attributes
                0x0000052e       0x32 /Applications/ArmGNUToolchain/14.3.rel1/bin/../lib/gcc/arm-none-eabi/14.3.1/../../../../arm-none-eabi/lib/thumb/v7e-m+dp/hard/libc_nano.a(libc_a-assert.o)
 .ARM.attributes
                0x00000560       0x32 /Applications/ArmGNUToolchain/14.3.rel1/bin/../lib/gcc/arm-none-eabi/14.3.1/../../../../arm-none-eabi/lib/thumb/v7e-m+dp/hard/libc_nano.a(libc_a-malloc.o)
 .ARM.attributes
                0x00000592       0x32 /Applications/ArmGNUToolchain/14.3.rel1/bin/../lib/gcc/arm-none-eabi/14.3.1/../../../../arm-none-eabi/lib/thumb/v7e-m+dp/hard/libc_nano.a(libc_a-mallocr.o)
 .ARM.attributes
                0x000005c4       0x32 /Applications/ArmGNUToolchain/14.3.rel1/bin/../lib/gcc/arm-none-eabi/14.3.1/../../../../arm-none-eabi/lib/thumb/v7e-m+dp/hard/libc_nano.a(libc_a-mlock.o)
 .ARM.attributes
                0x000005f6       0x32 /Applications/ArmGNUToolchain/14.3.rel1/bin/../lib/gcc/arm-none-eabi/14.3.1/../../../../arm-none-eabi/lib/thumb/v7e-m+dp/hard/libc_nano.a(libc_a-findfp.o)
 .ARM.attributes
                0x00000628       0x32 /Applications/ArmGNUToolchain/14.3.rel1/bin/../lib/gcc/arm-none-eabi/14.3.1/../../../../arm-none-eabi/lib/thumb/v7e-m+dp/hard/libc_nano.a(libc_a-fprintf.o)
 .ARM.attributes
                0x0000065a       0x32 /Applications/ArmGNUToolchain/14.3.rel1/bin/../lib/gcc/arm-none-eabi/14.3.1/../../../../arm-none-eabi/lib/thumb/v7e-m+dp/hard/libc_nano.a(libc_a-fwalk.o)
 .ARM.attributes
                0x0000068c       0x32 /Applications/ArmGNUToolchain/14.3.rel1/bin/../lib/gcc/arm-none-eabi/14.3.1/../../../../arm-none-eabi/lib/thumb/v7e-m+dp/hard/libc_nano.a(libc_a-memset.o)
 .ARM.attributes
                0x000006be       0x32 /Applications/ArmGNUToolchain/14.3.rel1/bin/../lib/gcc/arm-none-eabi/14.3.1/../../../../arm-none-eabi/lib/thumb/v7e-m+dp/hard/libc_nano.a(libc_a-signal.o)
 .ARM.attributes
                0x000006f0       0x32 /Applications/ArmGNUToolchain/14.3.rel1/bin/../lib/gcc/arm-none-eabi/14.3.1/../../../../arm-none-eabi/lib/thumb/v7e-m+dp/hard/libc_nano.a(libc_a-signalr.o)
 .ARM.attributes
                0x00000722       0x32 /Applications/ArmGNUToolchain/14.3.rel1/bin/../lib/gcc/arm-none-eabi/14.3.1/../../../../arm-none-eabi/lib/thumb/v7e-m+dp/hard/libc_nano.a(libc_a-sbrkr.o)
 .ARM.attributes
                0x00000754       0x32 /Applications/ArmGNUToolchain/14.3.rel1/bin/../lib/gcc/arm-none-eabi/14.3.1/../../../../arm-none-eabi/lib/thumb/v7e-m+dp/hard/libc_nano.a(libc_a-errno.o)
 .ARM.attributes
                0x00000786       0x32 /Applications/ArmGNUToolchain/14.3.rel1/bin/../lib/gcc/arm-none-eabi/14.3.1/../../../../arm-none-eabi/lib/thumb/v7e-m+dp/hard/libc_nano.a(libc_a-init.o)
 .ARM.attributes
                0x000007b8       0x32 /Applications/ArmGNUToolchain/14.3.rel1/bin/../lib/gcc/arm-none-eabi/14.3.1/../../../../arm-none-eabi/lib/thumb/v7e-m+dp/hard/libc_nano.a(libc_a-lock.o)
 .ARM.attributes
                0x000007ea       0x32 /Applications/ArmGNUToolchain/14.3.rel1/bin/../lib/gcc/arm-none-eabi/14.3.1/../../../../arm-none-eabi/lib/thumb/v7e-m+dp/hard/libc_nano.a(libc_a-reent.o)
 .ARM.attributes
                0x0000081c       0x32 /Applications/ArmGNUToolchain/14.3.rel1/bin/../lib/gcc/arm-none-eabi/14.3.1/../../../../arm-none-eabi/lib/thumb/v7e-m+dp/hard/libc_nano.a(libc_a-impure.o)
 .ARM.attributes
                0x0000084e       0x32 /Applications/ArmGNUToolchain/14.3.rel1/bin/../lib/gcc/arm-none-eabi/14.3.1/../../../../arm-none-eabi/lib/thumb/v7e-m+dp/hard/libc_nano.a(libc_a-cxa_atexit.o)
 .ARM.attributes
                0x00000880       0x1e /Applications/ArmGNUToolchain/14.3.rel1/bin/../lib/gcc/arm-none-eabi/14.3.1/../../../../arm-none-eabi/lib/thumb/v7e-m+dp/hard/libc_nano.a(libc_a-strcmp.o)
 .ARM.attributes
                0x0000089e       0x32 /Applications/ArmGNUToolchain/14.3.rel1/bin/../lib/gcc/arm-none-eabi/14.3.1/../../../../arm-none-eabi/lib/thumb/v7e-m+dp/hard/libc_nano.a(libc_a-freer.o)
 .ARM.attributes
                0x000008d0       0x32 /Applications/ArmGNUToolchain/14.3.rel1/bin/../lib/gcc/arm-none-eabi/14.3.1/../../../../arm-none-eabi/lib/thumb/v7e-m+dp/hard/libc_nano.a(libc_a-nano-vfprintf.o)
 .ARM.attributes
                0x00000902       0x32 /Applications/ArmGNUToolchain/14.3.rel1/bin/../lib/gcc/arm-none-eabi/14.3.1/../../../../arm-none-eabi/lib/thumb/v7e-m+dp/hard/libc_nano.a(libc_a-nano-vfprintf_i.o)
 .ARM.attributes
                0x00000934       0x32 /Applications/ArmGNUToolchain/14.3.rel1/bin/../lib/gcc/arm-none-eabi/14.3.1/../../../../arm-none-eabi/lib/thumb/v7e-m+dp/hard/libc_nano.a(libc_a-fflush.o)
 .ARM.attributes
                0x00000966       0x32 /Applications/ArmGNUToolchain/14.3.rel1/bin/../lib/gcc/arm-none-eabi/14.3.1/../../../../arm-none-eabi/lib/thumb/v7e-m+dp/hard/libc_nano.a(libc_a-stdio.o)
 .ARM.attributes
                0x00000998       0x32 /Applications/ArmGNUToolchain/14.3.rel1/bin/../lib/gcc/arm-none-eabi/14.3.1/../../../../arm-none-eabi/lib/thumb/v7e-m+dp/hard/libc_nano.a(libc_a-wbuf.o)
 .ARM.attributes
                0x000009ca       0x32 /Applications/ArmGNUToolchain/14.3.rel1/bin/../lib/gcc/arm-none-eabi/14.3.1/../../../../arm-none-eabi/lib/thumb/v7e-m+dp/hard/libc_nano.a(libc_a-wsetup.o)
 .ARM.attributes
                0x000009fc       0x32 /Applications/ArmGNUToolchain/14.3.rel1/bin/../lib/gcc/arm-none-eabi/14.3.1/../../../../arm-none-eabi/lib/thumb/v7e-m+dp/hard/libc_nano.a(libc_a-makebuf.o)
 .ARM.attributes
                0x00000a2e       0x32 /Applications/ArmGNUToolchain/14.3.rel1/bin/../lib/gcc/arm-none-eabi/14.3.1/../../../../arm-none-eabi/lib/thumb/v7e-m+dp/hard/libc_nano.a(libc_a-isattyr.o)
 .ARM.attributes
                0x00000a60       0x32 /Applications/ArmGNUToolchain/14.3.rel1/bin/../lib/gcc/arm-none-eabi/14.3.1/../../../../arm-none-eabi/lib/thumb/v7e-m+dp/hard/libc_nano.a(libc_a-lseekr.o)
 .ARM.attributes
                0x00000a92       0x32 /Applications/ArmGNUToolchain/14.3.rel1/bin/../lib/gcc/arm-none-eabi/14.3.1/../../../../arm-none-eabi/lib/thumb/v7e-m+dp/hard/libc_nano.a(libc_a-readr.o)
 .ARM.attributes
                0x00000ac4       0x32 /Applications/ArmGNUToolchain/14.3.rel1/bin/../lib/gcc/arm-none-eabi/14.3.1/../../../../arm-none-eabi/lib/thumb/v7e-m+dp/hard/libc_nano.a(libc_a-writer.o)
 .ARM.attributes
                0x00000af6       0x32 /Applications/ArmGNUToolchain/14.3.rel1/bin/../lib/gcc/arm-none-eabi/14.3.1/../../../../arm-none-eabi/lib/thumb/v7e-m+dp/hard/libc_nano.a(libc_a-closer.o)
 .ARM.attributes
                0x00000b28       0x32 /Applications/ArmGNUToolchain/14.3.rel1/bin/../lib/gcc/arm-none-eabi/14.3.1/../../../../arm-none-eabi/lib/thumb/v7e-m+dp/hard/libc_nano.a(libc_a-fstatr.o)
 .ARM.attributes
                0x00000b5a       0x1c /Applications/ArmGNUToolchain/14.3.rel1/bin/../lib/gcc/arm-none-eabi/14.3.1/../../../../arm-none-eabi/lib/thumb/v7e-m+dp/hard/libc_nano.a(libc_a-memchr.o)
 .ARM.attributes
                0x00000b76       0x32 /Applications/ArmGNUToolchain/14.3.rel1/bin/../lib/gcc/arm-none-eabi/14.3.1/../../../../arm-none-eabi/lib/thumb/v7e-m+dp/hard/libc_nano.a(libc_a-memcpy-stub.o)
 .ARM.attributes
                0x00000ba8       0x17 /Applications/ArmGNUToolchain/14.3.rel1/bin/../lib/gcc/arm-none-eabi/14.3.1/../../../../arm-none-eabi/lib/thumb/v7e-m+dp/hard/libc_nano.a(libc_a-strlen.o)
 .ARM.attributes
                0x00000bbf       0x20 /Applications/ArmGNUToolchain/14.3.rel1/bin/../lib/gcc/arm-none-eabi/14.3.1/thumb/v7e-m+dp/hard/libgcc.a(_arm_addsubdf3.o)
 .ARM.attributes
                0x00000bdf       0x20 /Applications/ArmGNUToolchain/14.3.rel1/bin/../lib/gcc/arm-none-eabi/14.3.1/thumb/v7e-m+dp/hard/libgcc.a(_aeabi_uldivmod.o)
 .ARM.attributes
                0x00000bff       0x32 /Applications/ArmGNUToolchain/14.3.rel1/bin/../lib/gcc/arm-none-eabi/14.3.1/thumb/v7e-m+dp/hard/libgcc.a(_udivmoddi4.o)
 .ARM.attributes
                0x00000c31       0x20 /Applications/ArmGNUToolchain/14.3.rel1/bin/../lib/gcc/arm-none-eabi/14.3.1/thumb/v7e-m+dp/hard/libgcc.a(_dvmd_tls.o)
 .ARM.attributes
                0x00000c51       0x32 /Applications/ArmGNUToolchain/14.3.rel1/bin/../lib/gcc/arm-none-eabi/14.3.1/../../../../arm-none-eabi/lib/thumb/v7e-m+dp/hard/libnosys.a(close.o)
 .ARM.attributes
                0x00000c83       0x32 /Applications/ArmGNUToolchain/14.3.rel1/bin/../lib/gcc/arm-none-eabi/14.3.1/../../../../arm-none-eabi/lib/thumb/v7e-m+dp/hard/libnosys.a(fstat.o)
 .ARM.attributes
                0x00000cb5       0x32 /Applications/ArmGNUToolchain/14.3.rel1/bin/../lib/gcc/arm-none-eabi/14.3.1/../../../../arm-none-eabi/lib/thumb/v7e-m+dp/hard/libnosys.a(getpid.o)
 .ARM.attributes
                0x00000ce7       0x32 /Applications/ArmGNUToolchain/14.3.rel1/bin/../lib/gcc/arm-none-eabi/14.3.1/../../../../arm-none-eabi/lib/thumb/v7e-m+dp/hard/libnosys.a(isatty.o)
 .ARM.attributes
                0x00000d19       0x32 /Applications/ArmGNUToolchain/14.3.rel1/bin/../lib/gcc/arm-none-eabi/14.3.1/../../../../arm-none-eabi/lib/thumb/v7e-m+dp/hard/libnosys.a(kill.o)
 .ARM.attributes
                0x00000d4b       0x32 /Applications/ArmGNUToolchain/14.3.rel1/bin/../lib/gcc/arm-none-eabi/14.3.1/../../../../arm-none-eabi/lib/thumb/v7e-m+dp/hard/libnosys.a(lseek.o)
 .ARM.attributes
                0x00000d7d       0x32 /Applications/ArmGNUToolchain/14.3.rel1/bin/../lib/gcc/arm-none-eabi/14.3.1/../../../../arm-none-eabi/lib/thumb/v7e-m+dp/hard/libnosys.a(read.o)
 .ARM.attributes
                0x00000daf       0x32 /Applications/ArmGNUToolchain/14.3.rel1/bin/../lib/gcc/arm-none-eabi/14.3.1/../../../../arm-none-eabi/lib/thumb/v7e-m+dp/hard/libnosys.a(sbrk.o)
 .ARM.attributes
                0x00000de1       0x32 /Applications/ArmGNUToolchain/14.3.rel1/bin/../lib/gcc/arm-none-eabi/14.3.1/../../../../arm-none-eabi/lib/thumb/v7e-m+dp/hard/libnosys.a(write.o)
 .ARM.attributes
                0x00000e13       0x32 /Applications/ArmGNUToolchain/14.3.rel1/bin/../lib/gcc/arm-none-eabi/14.3.1/../../../../arm-none-eabi/lib/thumb/v7e-m+dp/hard/libnosys.a(_exit.o)
 .ARM.attributes
                0x00000e45       0x32 /Applications/ArmGNUToolchain/14.3.rel1/bin/../lib/gcc/arm-none-eabi/14.3.1/thumb/v7e-m+dp/hard/crtend.o
 .ARM.attributes
                0x00000e77       0x20 /Applications/ArmGNUToolchain/14.3.rel1/bin/../lib/gcc/arm-none-eabi/14.3.1/thumb/v7e-m+dp/hard/crtn.o

.preinit_array  0x08015840        0x0
                0x08015840                        PROVIDE (__preinit_array_start = .)
 *(.preinit_array*)
                0x08015840                        PROVIDE (__preinit_array_end = .)

.init_array     0x08015840        0x8
                0x08015840                        PROVIDE (__init_array_start = .)
 *(SORT_BY_NAME(.init_array.*))
 *(.init_array*)
 .init_array    0x08015840        0x4 /Applications/ArmGNUToolchain/14.3.rel1/bin/../lib/gcc/arm-none-eabi/14.3.1/thumb/v7e-m+dp/hard/crtbegin.o
 .init_array    0x08015844        0x4 /var/folders/1v/94hwpjp57lg5xz2yxd0vst700000gn/T//ccanmHRK.ltrans2.ltrans.o
                0x08015848                        PROVIDE (__init_array_end = .)

.fini_array     0x08015848        0x4
                [!provide]                        PROVIDE (__fini_array_start = .)
 *(.fini_array*)
 .fini_array    0x08015848        0x4 /Applications/ArmGNUToolchain/14.3.rel1/bin/../lib/gcc/arm-none-eabi/14.3.1/thumb/v7e-m+dp/hard/crtbegin.o
 *(SORT_BY_NAME(.fini_array.*))
                [!provide]                        PROVIDE (__fini_array_end = .)

.data           0x24000000      0x338 load address 0x0801584c
                0x24000000                        . = ALIGN (0x4)
                0x24000000                        _sdata = .
                [!provide]                        PROVIDE (__data_start__ = _sdata)
 *(.data)
 .data          0x24000000      0x2cd /var/folders/1v/94hwpjp57lg5xz2yxd0vst700000gn/T//ccanmHRK.ltrans0.ltrans.o
                0x24000000                daisy::I2CHandle::Impl::queued_dma_transfers_
                0x2400004c                daisy::SpiHandle::Impl::queued_dma_transfers_
                0x240000bc                _ZL13pins_none_spi.lto_priv.0
                0x240000c0                daisy::UartHandler::Impl::queued_dma_transfers_
                0x240001bc                pins_none
                0x240001bf                lpuart1_pins_rx
                0x240001c8                lpuart1_pins_tx
                0x240001d1                uart7_pins_tx
                0x240001da                usart6_pins_rx
                0x240001ec                uart5_pins_tx
                0x24000207                usart3_pins_rx
                0x24000210                usart3_pins_tx
                0x24000219                usart2_pins_rx
                0x24000222                usart2_pins_tx
                0x2400022b                usart1_pins_rx
                0x24000234                usart1_pins_tx
                0x2400023d                _ZL13spi6_pins_nss.lto_priv.0
                0x24000246                _ZL14spi6_pins_mosi.lto_priv.0
                0x2400024f                _ZL14spi6_pins_miso.lto_priv.0
                0x24000258                _ZL14spi6_pins_sclk.lto_priv.0
                0x24000261                _ZL13spi3_pins_nss.lto_priv.0
                0x2400026a                _ZL14spi3_pins_mosi.lto_priv.0
                0x24000273                _ZL14spi3_pins_miso.lto_priv.0
                0x2400027c                _ZL14spi3_pins_sclk.lto_priv.0
                0x24000297                _ZL14spi2_pins_miso.lto_priv.0
                0x240002a0                _ZL14spi2_pins_sclk.lto_priv.0
                0x240002a9                _ZL13spi1_pins_nss.lto_priv.0
                0x240002b2                _ZL14spi1_pins_mosi.lto_priv.0
                0x240002c4                _ZL14spi1_pins_sclk.lto_priv.0
 *fill*         0x240002cd        0x3 
 .data          0x240002d0        0x8 /var/folders/1v/94hwpjp57lg5xz2yxd0vst700000gn/T//ccanmHRK.ltrans1.ltrans.o
                0x240002d0                SystemCoreClock
                0x240002d4                uwTickPrio
 *(.data*)
 .data.__dso_handle
                0x240002d8        0x4 /Applications/ArmGNUToolchain/14.3.rel1/bin/../lib/gcc/arm-none-eabi/14.3.1/thumb/v7e-m+dp/hard/crtbegin.o
                0x240002d8                __dso_handle
 .data.__sglue  0x240002dc        0xc /Applications/ArmGNUToolchain/14.3.rel1/bin/../lib/gcc/arm-none-eabi/14.3.1/../../../../arm-none-eabi/lib/thumb/v7e-m+dp/hard/libc_nano.a(libc_a-findfp.o)
                0x240002dc                __sglue
 .data._impure_ptr
                0x240002e8        0x4 /Applications/ArmGNUToolchain/14.3.rel1/bin/../lib/gcc/arm-none-eabi/14.3.1/../../../../arm-none-eabi/lib/thumb/v7e-m+dp/hard/libc_nano.a(libc_a-impure.o)
                0x240002e8                _impure_ptr
 .data._impure_data
                0x240002ec       0x4c /Applications/ArmGNUToolchain/14.3.rel1/bin/../lib/gcc/arm-none-eabi/14.3.1/../../../../arm-none-eabi/lib/thumb/v7e-m+dp/hard/libc_nano.a(libc_a-impure.o)
                0x240002ec                _impure_data
                0x24000338                        . = ALIGN (0x4)
                0x24000338                        _edata = .
                [!provide]                        PROVIDE (__data_end__ = _edata)
                0x0801584c                        _sidata = LOADADDR (.data)

.tm_clone_table
                0x24000338        0x0 load address 0x08015b84
 .tm_clone_table
                0x24000338        0x0 /Applications/ArmGNUToolchain/14.3.rel1/bin/../lib/gcc/arm-none-eabi/14.3.1/thumb/v7e-m+dp/hard/crtbegin.o
 .tm_clone_table
                0x24000338        0x0 /Applications/ArmGNUToolchain/14.3.rel1/bin/../lib/gcc/arm-none-eabi/14.3.1/thumb/v7e-m+dp/hard/crtend.o

.igot.plt       0x24000338        0x0 load address 0x08015b84
 .igot.plt      0x24000338        0x0 /Applications/ArmGNUToolchain/14.3.rel1/bin/../lib/gcc/arm-none-eabi/14.3.1/thumb/v7e-m+dp/hard/crtbegin.o

.bss            0x24000338    0x2a2e0 load address 0x08015b84
                0x24000338                        . = ALIGN (0x4)
                0x24000338                        _sbss = .
                0x24000338                        PROVIDE (__bss_start__ = _sbss)
 *(.bss)
 .bss           0x24000338    0x29fa0 /var/folders/1v/94hwpjp57lg5xz2yxd0vst700000gn/T//ccanmHRK.ltrans0.ltrans.o
                0x24000338                _ZN5daisyL9qspi_implE.lto_priv.0
                0x240003c8                uwTick
                0x240003cc                _ZN5daisyL12audio_handleE.lto_priv.0
                0x24000404                _ZL3adc.lto_priv.0
                0x24000a70                _ZN5daisyL10dac_handleE.lto_priv.0
                0x24000c0c                daisy::I2CHandle::Impl::dma_active_peripheral_
                0x24000c10                _ZN5daisyL11i2c_handlesE.lto_priv.0
                0x24000f90                _ZN5daisyL11sai_handlesE.lto_priv.0
                0x24001448                daisy::SpiHandle::Impl::dma_active_peripheral_
                0x2400144c                _ZL11spi_handles.lto_priv.0
                0x24001e0c                daisy::UartHandler::Impl::dma_active_peripheral_
                0x24001e10                _ZL12uart_handles.lto_priv.0
                0x24003094                hpcd_USB_OTG_HS
                0x240035bc                uart8_pins_rx
                0x240035c5                uart8_pins_tx
                0x240035ce                uart7_pins_rx
                0x240035d7                usart6_pins_tx
                0x240035e0                _ZL13spi5_pins_nss.lto_priv.0
                0x240035e9                _ZL14spi5_pins_mosi.lto_priv.0
                0x240035f2                _ZL14spi5_pins_miso.lto_priv.0
                0x240035fb                _ZL14spi5_pins_sclk.lto_priv.0
                0x24003604                _ZL13spi4_pins_nss.lto_priv.0
                0x2400360d                _ZL14spi4_pins_mosi.lto_priv.0
                0x24003616                _ZL14spi4_pins_miso.lto_priv.0
                0x2400361f                _ZL14spi4_pins_sclk.lto_priv.0
                0x24003628                _ZZ4mainE3app.lto_priv.0
 .bss           0x2402a2d8      0x198 /var/folders/1v/94hwpjp57lg5xz2yxd0vst700000gn/T//ccanmHRK.ltrans1.ltrans.o
                0x2402a2d8                daisy::System::tim_
                0x2402a2dc                _ZN5daisyL11tim_handlesE.lto_priv.0
                0x2402a46c                SystemD2Clock
 .bss           0x2402a470       0x3c /var/folders/1v/94hwpjp57lg5xz2yxd0vst700000gn/T//ccanmHRK.ltrans2.ltrans.o
 *(.bss*)
 .bss.completed.1
                0x2402a4ac        0x1 /Applications/ArmGNUToolchain/14.3.rel1/bin/../lib/gcc/arm-none-eabi/14.3.1/thumb/v7e-m+dp/hard/crtbegin.o
 *fill*         0x2402a4ad        0x3 
 .bss.object.0  0x2402a4b0       0x18 /Applications/ArmGNUToolchain/14.3.rel1/bin/../lib/gcc/arm-none-eabi/14.3.1/thumb/v7e-m+dp/hard/crtbegin.o
 .bss.__malloc_sbrk_start
                0x2402a4c8        0x4 /Applications/ArmGNUToolchain/14.3.rel1/bin/../lib/gcc/arm-none-eabi/14.3.1/../../../../arm-none-eabi/lib/thumb/v7e-m+dp/hard/libc_nano.a(libc_a-mallocr.o)
                0x2402a4c8                __malloc_sbrk_start
 .bss.__malloc_free_list
                0x2402a4cc        0x4 /Applications/ArmGNUToolchain/14.3.rel1/bin/../lib/gcc/arm-none-eabi/14.3.1/../../../../arm-none-eabi/lib/thumb/v7e-m+dp/hard/libc_nano.a(libc_a-mallocr.o)
                0x2402a4cc                __malloc_free_list
 .bss.__sf      0x2402a4d0      0x138 /Applications/ArmGNUToolchain/14.3.rel1/bin/../lib/gcc/arm-none-eabi/14.3.1/../../../../arm-none-eabi/lib/thumb/v7e-m+dp/hard/libc_nano.a(libc_a-findfp.o)
                0x2402a4d0                __sf
 .bss.__stdio_exit_handler
                0x2402a608        0x4 /Applications/ArmGNUToolchain/14.3.rel1/bin/../lib/gcc/arm-none-eabi/14.3.1/../../../../arm-none-eabi/lib/thumb/v7e-m+dp/hard/libc_nano.a(libc_a-findfp.o)
                0x2402a608                __stdio_exit_handler
 .bss.__lock___malloc_recursive_mutex
                0x2402a60c        0x1 /Applications/ArmGNUToolchain/14.3.rel1/bin/../lib/gcc/arm-none-eabi/14.3.1/../../../../arm-none-eabi/lib/thumb/v7e-m+dp/hard/libc_nano.a(libc_a-lock.o)
                0x2402a60c                __lock___malloc_recursive_mutex
 .bss.__lock___sfp_recursive_mutex
                0x2402a60d        0x1 /Applications/ArmGNUToolchain/14.3.rel1/bin/../lib/gcc/arm-none-eabi/14.3.1/../../../../arm-none-eabi/lib/thumb/v7e-m+dp/hard/libc_nano.a(libc_a-lock.o)
                0x2402a60d                __lock___sfp_recursive_mutex
 *fill*         0x2402a60e        0x2 
 .bss.errno     0x2402a610        0x4 /Applications/ArmGNUToolchain/14.3.rel1/bin/../lib/gcc/arm-none-eabi/14.3.1/../../../../arm-none-eabi/lib/thumb/v7e-m+dp/hard/libc_nano.a(libc_a-reent.o)
                0x2402a610                errno
 .bss.heap_end.0
                0x2402a614        0x4 /Applications/ArmGNUToolchain/14.3.rel1/bin/../lib/gcc/arm-none-eabi/14.3.1/../../../../arm-none-eabi/lib/thumb/v7e-m+dp/hard/libnosys.a(sbrk.o)
 *(COMMON)
                0x2402a618                        . = ALIGN (0x4)
                0x2402a618                        _ebss = .
                0x2402a618                        PROVIDE (__bss_end__ = _ebss)
                0x2402a618                        PROVIDE (end = .)

.dtcmram_bss    0x20000000        0x0
                0x20000000                        . = ALIGN (0x4)
                0x20000000                        _sdtcmram_bss = .
                [!provide]                        PROVIDE (__dtcmram_bss_start__ = _sdtcmram_bss)
 *(.dtcmram_bss)
 *(.dtcmram_bss*)
                0x20000000                        . = ALIGN (0x4)
                0x20000000                        _edtcmram_bss = .
                [!provide]                        PROVIDE (__dtcmram_bss_end__ = _edtcmram_bss)

.sram1_bss      0x30000000     0x4344
                0x30000000                        . = ALIGN (0x4)
                0x30000000                        _ssram1_bss = .
                [!provide]                        PROVIDE (__sram1_bss_start__ = _sram1_bss)
 *(.sram1_bss)
 .sram1_bss     0x30000000      0x100 /var/folders/1v/94hwpjp57lg5xz2yxd0vst700000gn/T//ccanmHRK.ltrans0.ltrans.o
                0x30000000                _ZN5daisyL22default_midi_rx_bufferE.lto_priv.0
 .sram1_bss     0x30000100     0x4244 /var/folders/1v/94hwpjp57lg5xz2yxd0vst700000gn/T//ccanmHRK.ltrans2.ltrans.o
 *(.sram1_bss*)
                0x30004344                        . = ALIGN (0x4)
                0x30004344                        _esram1_bss = .
                [!provide]                        PROVIDE (__sram1_bss_end__ = _esram1_bss)

.sdram_bss      0xc0000000        0x0
                0xc0000000                        . = ALIGN (0x4)
                0xc0000000                        _ssdram_bss = .
                [!provide]                        PROVIDE (__sdram_bss_start = _ssdram_bss)
 *(.sdram_bss)
 *(.sdram_bss*)
                0xc0000000                        . = ALIGN (0x4)
                0xc0000000                        _esdram_bss = .
                [!provide]                        PROVIDE (__sdram_bss_end = _esdram_bss)

.backup_sram    0x38800000        0xc
                0x38800000                        . = ALIGN (0x4)
                0x38800000                        _sbackup_sram = .
                [!provide]                        PROVIDE (__backup_sram_start = _sbackup_sram)
 *(.backup_sram)
 .backup_sram   0x38800000        0xc /var/folders/1v/94hwpjp57lg5xz2yxd0vst700000gn/T//ccanmHRK.ltrans2.ltrans.o
 *(.backup_sram*)
                0x3880000c                        . = ALIGN (0x4)
                0x3880000c                        _ebackup_sram = .
                [!provide]                        PROVIDE (__backup_sram_end = _ebackup_sram)

.qspiflash_text
                0x90000000        0x0
                0x90000000                        . = ALIGN (0x4)
                0x90000000                        _sqspiflash_text = .
                [!provide]                        PROVIDE (__qspiflash_text_start = _sqspiflash_text)
 *(.qspiflash_text)
 *(.qspiflash_text*)
                0x90000000                        . = ALIGN (0x4)
                0x90000000                        _eqspiflash_text = .
                [!provide]                        PROVIDE (__qspiflash_text_end = _eqspiflash_text)

.qspiflash_data
                0x90000000        0x0
                0x90000000                        . = ALIGN (0x4)
                0x90000000                        _sqspiflash_data = .
                [!provide]                        PROVIDE (__qspiflash_data_start = _sqspiflash_data)
 *(.qspiflash_data)
 *(.qspiflash_data*)
                0x90000000                        . = ALIGN (0x4)
                0x90000000                        _eqspiflash_data = .
                [!provide]                        PROVIDE (__qspiflash_data_end = _eqspiflash_data)

.qspiflash_bss  0x90000000        0x0
                0x90000000                        . = ALIGN (0x4)
                0x90000000                        _sqspiflash_bss = .
                [!provide]                        PROVIDE (__qspiflash_bss_start = _sqspiflash_bss)
 *(.qspiflash_bss)
 *(.qspiflash_bss*)
                0x90000000                        . = ALIGN (0x4)
                0x90000000                        _eqspiflash_bss = .
                [!provide]                        PROVIDE (__qspiflash_bss_end = _eqspiflash_bss)

.heap           0x2402a618        0x0
                0x2402a618                        . = ALIGN (0x4)
                [!provide]                        PROVIDE (__heap_start__ = .)
                [!provide]                        PROVIDE (__heap_start = .)
 *(.heap)
                0x2402a618                        . = ALIGN (0x4)
                [!provide]                        PROVIDE (__heap_end = .)
                [!provide]                        PROVIDE (__heap_end__ = .)

.reserved_for_stack
                0x2402a618        0x0
                0x2402a618                        . = ALIGN (0x4)
                [!provide]                        PROVIDE (__reserved_for_stack_start__ = .)
 *(.reserved_for_stack)
                0x2402a618                        . = ALIGN (0x4)
                [!provide]                        PROVIDE (__reserved_for_stack_end__ = .)

DISCARD
 libc.a(*)
 libm.a(*)
 libgcc.a(*)
OUTPUT(build/FroggersTiga.elf elf32-littlearm)
LOAD linker stubs
LOAD /Applications/ArmGNUToolchain/14.3.rel1/bin/../lib/gcc/arm-none-eabi/14.3.1/../../../../arm-none-eabi/lib/thumb/v7e-m+dp/hard/libc.a
LOAD /Applications/ArmGNUToolchain/14.3.rel1/bin/../lib/gcc/arm-none-eabi/14.3.1/../../../../arm-none-eabi/lib/thumb/v7e-m+dp/hard/libm.a
LOAD /Applications/ArmGNUToolchain/14.3.rel1/bin/../lib/gcc/arm-none-eabi/14.3.1/thumb/v7e-m+dp/hard/libgcc.a

.debug_info     0x00000000    0xa4561
 .debug_info    0x00000000    0x10b1d /var/folders/1v/94hwpjp57lg5xz2yxd0vst700000gn/T//ccanmHRK.ltrans0.ltrans.o
 .debug_info    0x00010b1d     0x44ec /var/folders/1v/94hwpjp57lg5xz2yxd0vst700000gn/T//ccanmHRK.ltrans1.ltrans.o
 .debug_info    0x00015009     0x7062 /var/folders/1v/94hwpjp57lg5xz2yxd0vst700000gn/T//ccanmHRK.ltrans2.ltrans.o
 .debug_info    0x0001c06b    0x161d4 /var/folders/1v/94hwpjp57lg5xz2yxd0vst700000gn/T//ccYGrGe9.debug.temp.o
                0x0001c06b                FroggersTiga.cpp.f54f3022
 .debug_info    0x0003223f      0x100 /var/folders/1v/94hwpjp57lg5xz2yxd0vst700000gn/T//ccoKWKnx.debug.temp.o
                0x0003223f                startup_stm32h750xx.c.1bd613a8
 .debug_info    0x0003233f     0xa335 /var/folders/1v/94hwpjp57lg5xz2yxd0vst700000gn/T//ccDYUemK.debug.temp.o
                0x0003233f                daisy_field.cpp.6ff2930c
 .debug_info    0x0003c674     0x5904 /var/folders/1v/94hwpjp57lg5xz2yxd0vst700000gn/T//ccl261bp.debug.temp.o
                0x0003c674                daisy_seed.cpp.024113cd
 .debug_info    0x00041f78     0x272a /var/folders/1v/94hwpjp57lg5xz2yxd0vst700000gn/T//cc84KhHr.debug.temp.o
                0x00041f78                codec_ak4556.cpp.ae627b03
 .debug_info    0x000446a2     0x2aca /var/folders/1v/94hwpjp57lg5xz2yxd0vst700000gn/T//cchP4gm6.debug.temp.o
                0x000446a2                codec_wm8731.cpp.07a494d5
 .debug_info    0x0004716c     0x2c4a /var/folders/1v/94hwpjp57lg5xz2yxd0vst700000gn/T//cc2GknCr.debug.temp.o
                0x0004716c                sdram.cpp.e9a928fd
 .debug_info    0x00049db6     0x3067 /var/folders/1v/94hwpjp57lg5xz2yxd0vst700000gn/T//ccM6kMCZ.debug.temp.o
                0x00049db6                audio.cpp.f3001649
 .debug_info    0x0004ce1d     0x17c5 /var/folders/1v/94hwpjp57lg5xz2yxd0vst700000gn/T//cc6R55yB.debug.temp.o
                0x0004ce1d                ctrl.cpp.7ef02e47
 .debug_info    0x0004e5e2      0xc0a /var/folders/1v/94hwpjp57lg5xz2yxd0vst700000gn/T//ccSiUhbq.debug.temp.o
                0x0004e5e2                gatein.cpp.2db5ba1c
 .debug_info    0x0004f1ec     0x27f3 /var/folders/1v/94hwpjp57lg5xz2yxd0vst700000gn/T//ccg8qnwF.debug.temp.o
                0x0004f1ec                midi.cpp.4f308796
 .debug_info    0x000519df     0x100c /var/folders/1v/94hwpjp57lg5xz2yxd0vst700000gn/T//ccfjizqQ.debug.temp.o
                0x000519df                midi_parser.cpp.8428b25d
 .debug_info    0x000529eb     0x2932 /var/folders/1v/94hwpjp57lg5xz2yxd0vst700000gn/T//ccL6GSLO.debug.temp.o
                0x000529eb                switch.cpp.26698aad
 .debug_info    0x0005531d     0x3862 /var/folders/1v/94hwpjp57lg5xz2yxd0vst700000gn/T//ccIxragk.debug.temp.o
                0x0005531d                adc.cpp.03922b7e
 .debug_info    0x00058b7f     0x44af /var/folders/1v/94hwpjp57lg5xz2yxd0vst700000gn/T//ccNen0Z6.debug.temp.o
                0x00058b7f                dac.cpp.741e6bb4
 .debug_info    0x0005d02e     0x26f7 /var/folders/1v/94hwpjp57lg5xz2yxd0vst700000gn/T//ccLVqbVe.debug.temp.o
                0x0005d02e                gpio.cpp.93ecc6a8
 .debug_info    0x0005f725     0x49cb /var/folders/1v/94hwpjp57lg5xz2yxd0vst700000gn/T//ccn1HWkB.debug.temp.o
                0x0005f725                i2c.cpp.4257d7d6
 .debug_info    0x000640f0     0x47e6 /var/folders/1v/94hwpjp57lg5xz2yxd0vst700000gn/T//cctlidra.debug.temp.o
                0x000640f0                qspi.cpp.1fa25794
 .debug_info    0x000688d6     0x390d /var/folders/1v/94hwpjp57lg5xz2yxd0vst700000gn/T//ccaAyyL7.debug.temp.o
                0x000688d6                sai.cpp.04b78679
 .debug_info    0x0006c1e3     0x485c /var/folders/1v/94hwpjp57lg5xz2yxd0vst700000gn/T//ccz6e5v2.debug.temp.o
                0x0006c1e3                spi.cpp.fb0d9e55
 .debug_info    0x00070a3f     0x4c07 /var/folders/1v/94hwpjp57lg5xz2yxd0vst700000gn/T//ccUwR6IY.debug.temp.o
                0x00070a3f                uart.cpp.90f973fe
 .debug_info    0x00075646      0xd26 /var/folders/1v/94hwpjp57lg5xz2yxd0vst700000gn/T//ccS4qL33.debug.temp.o
                0x00075646                dma.c.ef2eb2dc
 .debug_info    0x0007636c     0x489f /var/folders/1v/94hwpjp57lg5xz2yxd0vst700000gn/T//ccnj0DDP.debug.temp.o
                0x0007636c                system.cpp.0874cfe7
 .debug_info    0x0007ac0b      0x9d8 /var/folders/1v/94hwpjp57lg5xz2yxd0vst700000gn/T//ccigoc7v.debug.temp.o
                0x0007ac0b                system_stm32h7xx.c.2d222eb7
 .debug_info    0x0007b5e3     0x1ff9 /var/folders/1v/94hwpjp57lg5xz2yxd0vst700000gn/T//ccHA52m4.debug.temp.o
                0x0007b5e3                usbd_conf.c.4ce87615
 .debug_info    0x0007d5dc     0x21e9 /var/folders/1v/94hwpjp57lg5xz2yxd0vst700000gn/T//ccTxNeoa.debug.temp.o
                0x0007d5dc                usbh_conf.c.e59b41d8
 .debug_info    0x0007f7c5      0x23e /var/folders/1v/94hwpjp57lg5xz2yxd0vst700000gn/T//ccY5zWYh.debug.temp.o
                0x0007f7c5                oled_fonts.c.33600a54
 .debug_info    0x0007fa03     0x12f0 /var/folders/1v/94hwpjp57lg5xz2yxd0vst700000gn/T//cc1HfKZo.debug.temp.o
                0x0007fa03                stm32h7xx_hal.c.e06fbd89
 .debug_info    0x00080cf3     0x1760 /var/folders/1v/94hwpjp57lg5xz2yxd0vst700000gn/T//ccP2PdMy.debug.temp.o
                0x00080cf3                stm32h7xx_hal_adc.c.3335b28f
 .debug_info    0x00082453     0x17a1 /var/folders/1v/94hwpjp57lg5xz2yxd0vst700000gn/T//cc9NBoUM.debug.temp.o
                0x00082453                stm32h7xx_hal_adc_ex.c.c735114b
 .debug_info    0x00083bf4      0xe0e /var/folders/1v/94hwpjp57lg5xz2yxd0vst700000gn/T//cc30StOO.debug.temp.o
                0x00083bf4                stm32h7xx_hal_cortex.c.e7fb4d46
 .debug_info    0x00084a02      0xa33 /var/folders/1v/94hwpjp57lg5xz2yxd0vst700000gn/T//cc7rJyXL.debug.temp.o
                0x00084a02                stm32h7xx_hal_dac.c.6a178269
 .debug_info    0x00085435      0xaa6 /var/folders/1v/94hwpjp57lg5xz2yxd0vst700000gn/T//ccXPnXDL.debug.temp.o
                0x00085435                stm32h7xx_hal_dma.c.55e36713
 .debug_info    0x00085edb      0xb95 /var/folders/1v/94hwpjp57lg5xz2yxd0vst700000gn/T//cctISOH5.debug.temp.o
                0x00085edb                stm32h7xx_hal_gpio.c.6e42c94e
 .debug_info    0x00086a70      0xe83 /var/folders/1v/94hwpjp57lg5xz2yxd0vst700000gn/T//cc02FT32.debug.temp.o
                0x00086a70                stm32h7xx_hal_hcd.c.5c2c3920
 .debug_info    0x000878f3     0x1bcf /var/folders/1v/94hwpjp57lg5xz2yxd0vst700000gn/T//cc7M7uIf.debug.temp.o
                0x000878f3                stm32h7xx_hal_i2c.c.fffdc4a5
 .debug_info    0x000894c2      0xd17 /var/folders/1v/94hwpjp57lg5xz2yxd0vst700000gn/T//cc303eDN.debug.temp.o