Archive member included to satisfy reference by file (symbol)

/Users/diegoaguilar-canabal/Desktop/FroggersTiga/External/libDaisy/build/libdaisy.a(startup_stm32h750xx.o)
                              (Reset_Handler)
/Users/diegoaguilar-canabal/Desktop/FroggersTiga/External/libDaisy/build/libdaisy.a(daisy_field.o)
                              build/FroggersTiga.o (symbol from plugin) (daisy::DaisyField::StartAudio(void (*)(float const* const*, float**, unsigned int)))
/Users/diegoaguilar-canabal/Desktop/FroggersTiga/External/libDaisy/build/libdaisy.a(daisy_seed.o)
                              daisy_field.o (symbol from plugin) (daisy::DaisySeed::Configure())
/Users/diegoaguilar-canabal/Desktop/FroggersTiga/External/libDaisy/build/libdaisy.a(codec_ak4556.o)
                              daisy_seed.o (symbol from plugin) (daisy::Ak4556::Init(daisy::Pin))
/Users/diegoaguilar-canabal/Desktop/FroggersTiga/External/libDaisy/build/libdaisy.a(codec_wm8731.o)
                              daisy_seed.o (symbol from plugin) (daisy::Wm8731::Init(daisy::Wm8731::Config const&, daisy::I2CHandle))
/Users/diegoaguilar-canabal/Desktop/FroggersTiga/External/libDaisy/build/libdaisy.a(sdram.o)
                              daisy_seed.o (symbol from plugin) (SdramHandle::Init())
/Users/diegoaguilar-canabal/Desktop/FroggersTiga/External/libDaisy/build/libdaisy.a(audio.o)
                              daisy_seed.o (symbol from plugin) (daisy::AudioHandle::Init(daisy::AudioHandle::Config const&, daisy::SaiHandle))
/Users/diegoaguilar-canabal/Desktop/FroggersTiga/External/libDaisy/build/libdaisy.a(ctrl.o)
                              daisy_field.o (symbol from plugin) (daisy::AnalogControl::Init(unsigned short*, float, bool, bool, float))
/Users/diegoaguilar-canabal/Desktop/FroggersTiga/External/libDaisy/build/libdaisy.a(gatein.o)
                              daisy_field.o (symbol from plugin) (daisy::GateIn::Init(daisy::Pin, bool))
/Users/diegoaguilar-canabal/Desktop/FroggersTiga/External/libDaisy/build/libdaisy.a(midi.o)
                              build/FroggersTiga.o (symbol from plugin) (daisy::MidiUartTransport::Config::Config())
/Users/diegoaguilar-canabal/Desktop/FroggersTiga/External/libDaisy/build/libdaisy.a(midi_parser.o)
                              daisy_field.o (symbol from plugin) (daisy::MidiParser::Reset())
/Users/diegoaguilar-canabal/Desktop/FroggersTiga/External/libDaisy/build/libdaisy.a(switch.o)
                              daisy_field.o (symbol from plugin) (daisy::Switch::Init(daisy::Pin, float))
/Users/diegoaguilar-canabal/Desktop/FroggersTiga/External/libDaisy/build/libdaisy.a(adc.o)
                              daisy_field.o (symbol from plugin) (daisy::AdcChannelConfig::InitSingle(daisy::Pin, daisy::AdcChannelConfig::ConversionSpeed))
/Users/diegoaguilar-canabal/Desktop/FroggersTiga/External/libDaisy/build/libdaisy.a(dac.o)
                              daisy_field.o (symbol from plugin) (daisy::DacHandle::Init(daisy::DacHandle::Config const&))
/Users/diegoaguilar-canabal/Desktop/FroggersTiga/External/libDaisy/build/libdaisy.a(gpio.o)
                              codec_ak4556.o (symbol from plugin) (daisy::GPIO::DeInit())
/Users/diegoaguilar-canabal/Desktop/FroggersTiga/External/libDaisy/build/libdaisy.a(i2c.o)
                              build/FroggersTiga.o (symbol from plugin) (daisy::I2CHandle::Init(daisy::I2CHandle::Config const&))
/Users/diegoaguilar-canabal/Desktop/FroggersTiga/External/libDaisy/build/libdaisy.a(qspi.o)
                              daisy_seed.o (symbol from plugin) (daisy::QSPIHandle::Init(daisy::QSPIHandle::Config const&))
/Users/diegoaguilar-canabal/Desktop/FroggersTiga/External/libDaisy/build/libdaisy.a(sai.o)
                              daisy_seed.o (symbol from plugin) (daisy::SaiHandle::Init(daisy::SaiHandle::Config const&))
/Users/diegoaguilar-canabal/Desktop/FroggersTiga/External/libDaisy/build/libdaisy.a(spi.o)
                              daisy_field.o (symbol from plugin) (daisy::SpiHandle::Init(daisy::SpiHandle::Config const&))
/Users/diegoaguilar-canabal/Desktop/FroggersTiga/External/libDaisy/build/libdaisy.a(uart.o)
                              daisy_field.o (symbol from plugin) (daisy::UartHandler::Init(daisy::UartHandler::Config const&))
/Users/diegoaguilar-canabal/Desktop/FroggersTiga/External/libDaisy/build/libdaisy.a(dma.o)
                              uart.o (symbol from plugin) (dsy_dma_invalidate_cache_for_buffer)
/Users/diegoaguilar-canabal/Desktop/FroggersTiga/External/libDaisy/build/libdaisy.a(system.o)
                              daisy_seed.o (symbol from plugin) (daisy::System::DeInit())
/Users/diegoaguilar-canabal/Desktop/FroggersTiga/External/libDaisy/build/libdaisy.a(system_stm32h7xx.o)
                              startup_stm32h750xx.o (symbol from plugin) (SystemInit)
/Users/diegoaguilar-canabal/Desktop/FroggersTiga/External/libDaisy/build/libdaisy.a(usbd_conf.o)
[...]
Memory Configuration

Name             Origin             Length             Attributes
FLASH            0x08000000         0x00020000         xr
DTCMRAM          0x20000000         0x00020000         xrw
SRAM             0x24000000         0x00080000         xrw
RAM_D2           0x30000000         0x00048000         xrw
RAM_D3           0x38000000         0x00010000         xrw
BACKUP_SRAM      0x38800000         0x00001000         xrw
ITCMRAM          0x00000000         0x00010000         xrw
SDRAM            0xc0000000         0x04000000         xrw
QSPIFLASH        0x90000000         0x00800000         xr
*default*        0x00000000         0xffffffff

Linker script and memory map

LOAD /Applications/ArmGNUToolchain/15.2.rel1/arm-none-eabi/bin/../lib/gcc/arm-none-eabi/15.2.1/thumb/v7e-m+dp/hard/crti.o
LOAD /Applications/ArmGNUToolchain/15.2.rel1/arm-none-eabi/bin/../lib/gcc/arm-none-eabi/15.2.1/thumb/v7e-m+dp/hard/crtbegin.o
LOAD /Applications/ArmGNUToolchain/15.2.rel1/arm-none-eabi/bin/../lib/gcc/arm-none-eabi/15.2.1/../../../../arm-none-eabi/lib/thumb/v7e-m+dp/hard/crt0.o
LOAD build/FroggersTiga.o
LOAD /var/folders/1v/94hwpjp57lg5xz2yxd0vst700000gn/T//ccxRZUoi.ltrans0.ltrans.o
LOAD /var/folders/1v/94hwpjp57lg5xz2yxd0vst700000gn/T//ccxRZUoi.ltrans1.ltrans.o
LOAD /var/folders/1v/94hwpjp57lg5xz2yxd0vst700000gn/T//ccxRZUoi.ltrans2.ltrans.o
LOAD /var/folders/1v/94hwpjp57lg5xz2yxd0vst700000gn/T//ccQB0Ju8.debug.temp.o
LOAD /var/folders/1v/94hwpjp57lg5xz2yxd0vst700000gn/T//ccTrulaB.debug.temp.o
LOAD /var/folders/1v/94hwpjp57lg5xz2yxd0vst700000gn/T//ccaes1Kk.debug.temp.o
LOAD /var/folders/1v/94hwpjp57lg5xz2yxd0vst700000gn/T//ccXlJ6z1.debug.temp.o
LOAD /var/folders/1v/94hwpjp57lg5xz2yxd0vst700000gn/T//ccauUReN.debug.temp.o
LOAD /var/folders/1v/94hwpjp57lg5xz2yxd0vst700000gn/T//ccEasAyn.debug.temp.o
LOAD /var/folders/1v/94hwpjp57lg5xz2yxd0vst700000gn/T//ccKo3Qcu.debug.temp.o
LOAD /var/folders/1v/94hwpjp57lg5xz2yxd0vst700000gn/T//ccm4nx5B.debug.temp.o
LOAD /var/folders/1v/94hwpjp57lg5xz2yxd0vst700000gn/T//ccrJhqaI.debug.temp.o
LOAD /var/folders/1v/94hwpjp57lg5xz2yxd0vst700000gn/T//ccuq2oSc.debug.temp.o
LOAD /var/folders/1v/94hwpjp57lg5xz2yxd0vst700000gn/T//cc5hJtJq.debug.temp.o
LOAD /var/folders/1v/94hwpjp57lg5xz2yxd0vst700000gn/T//ccAckLMi.debug.temp.o
LOAD /var/folders/1v/94hwpjp57lg5xz2yxd0vst700000gn/T//cc0QqGbi.debug.temp.o
LOAD /var/folders/1v/94hwpjp57lg5xz2yxd0vst700000gn/T//ccg6cuXX.debug.temp.o
LOAD /var/folders/1v/94hwpjp57lg5xz2yxd0vst700000gn/T//ccx5Q3Q9.debug.temp.o
LOAD /var/folders/1v/94hwpjp57lg5xz2yxd0vst700000gn/T//ccGo4nRW.debug.temp.o
LOAD /var/folders/1v/94hwpjp57lg5xz2yxd0vst700000gn/T//ccEvJ2Ze.debug.temp.o
LOAD /var/folders/1v/94hwpjp57lg5xz2yxd0vst700000gn/T//ccnUvpdp.debug.temp.o
LOAD /var/folders/1v/94hwpjp57lg5xz2yxd0vst700000gn/T//cc8IsiGE.debug.temp.o
LOAD /var/folders/1v/94hwpjp57lg5xz2yxd0vst700000gn/T//ccSMLQmG.debug.temp.o
LOAD /var/folders/1v/94hwpjp57lg5xz2yxd0vst700000gn/T//ccysNZxN.debug.temp.o
LOAD /var/folders/1v/94hwpjp57lg5xz2yxd0vst700000gn/T//ccehoj4x.debug.temp.o
LOAD /var/folders/1v/94hwpjp57lg5xz2yxd0vst700000gn/T//cc41DPOp.debug.temp.o
LOAD /var/folders/1v/94hwpjp57lg5xz2yxd0vst700000gn/T//cc9PUszW.debug.temp.o
LOAD /var/folders/1v/94hwpjp57lg5xz2yxd0vst700000gn/T//cch9M9q3.debug.temp.o
LOAD /var/folders/1v/94hwpjp57lg5xz2yxd0vst700000gn/T//ccXfGWGu.debug.temp.o
LOAD /var/folders/1v/94hwpjp57lg5xz2yxd0vst700000gn/T//cceAA1uj.debug.temp.o
LOAD /var/folders/1v/94hwpjp57lg5xz2yxd0vst700000gn/T//ccgNImh1.debug.temp.o
LOAD /var/folders/1v/94hwpjp57lg5xz2yxd0vst700000gn/T//ccLl0KjP.debug.temp.o
LOAD /var/folders/1v/94hwpjp57lg5xz2yxd0vst700000gn/T//ccJ4lWD2.debug.temp.o
LOAD /var/folders/1v/94hwpjp57lg5xz2yxd0vst700000gn/T//ccJ2BB44.debug.temp.o
LOAD /var/folders/1v/94hwpjp57lg5xz2yxd0vst700000gn/T//ccocqr1K.debug.temp.o
LOAD /var/folders/1v/94hwpjp57lg5xz2yxd0vst700000gn/T//ccWeBDMT.debug.temp.o
LOAD /var/folders/1v/94hwpjp57lg5xz2yxd0vst700000gn/T//ccbPJYCU.debug.temp.o
LOAD /var/folders/1v/94hwpjp57lg5xz2yxd0vst700000gn/T//ccSvvGk2.debug.temp.o
LOAD /var/folders/1v/94hwpjp57lg5xz2yxd0vst700000gn/T//ccFloLZ5.debug.temp.o
LOAD /var/folders/1v/94hwpjp57lg5xz2yxd0vst700000gn/T//ccUzNd6q.debug.temp.o
LOAD /var/folders/1v/94hwpjp57lg5xz2yxd0vst700000gn/T//cc2VvQFG.debug.temp.o
LOAD /var/folders/1v/94hwpjp57lg5xz2yxd0vst700000gn/T//cchqkoqQ.debug.temp.o
LOAD /var/folders/1v/94hwpjp57lg5xz2yxd0vst700000gn/T//ccppvP4t.debug.temp.o
LOAD /var/folders/1v/94hwpjp57lg5xz2yxd0vst700000gn/T//cc9TdAls.debug.temp.o
LOAD /var/folders/1v/94hwpjp57lg5xz2yxd0vst700000gn/T//ccKVjm9p.debug.temp.o
LOAD /var/folders/1v/94hwpjp57lg5xz2yxd0vst700000gn/T//ccyYIjhk.debug.temp.o
LOAD /var/folders/1v/94hwpjp57lg5xz2yxd0vst700000gn/T//ccebqHGb.debug.temp.o
LOAD /var/folders/1v/94hwpjp57lg5xz2yxd0vst700000gn/T//ccLEeJ9g.debug.temp.o
LOAD /var/folders/1v/94hwpjp57lg5xz2yxd0vst700000gn/T//ccFFFvkO.debug.temp.o
LOAD /var/folders/1v/94hwpjp57lg5xz2yxd0vst700000gn/T//ccCUGt5f.debug.temp.o
LOAD /var/folders/1v/94hwpjp57lg5xz2yxd0vst700000gn/T//cca6ZV00.debug.temp.o
LOAD /var/folders/1v/94hwpjp57lg5xz2yxd0vst700000gn/T//ccfeag3t.debug.temp.o
LOAD /var/folders/1v/94hwpjp57lg5xz2yxd0vst700000gn/T//ccAdQcrG.debug.temp.o
LOAD /var/folders/1v/94hwpjp57lg5xz2yxd0vst700000gn/T//ccZCU7dY.debug.temp.o
LOAD /var/folders/1v/94hwpjp57lg5xz2yxd0vst700000gn/T//ccZ3rpyA.debug.temp.o
LOAD /var/folders/1v/94hwpjp57lg5xz2yxd0vst700000gn/T//ccET69qO.debug.temp.o
LOAD /var/folders/1v/94hwpjp57lg5xz2yxd0vst700000gn/T//ccgHgsxE.debug.temp.o
LOAD /var/folders/1v/94hwpjp57lg5xz2yxd0vst700000gn/T//cca7yQWD.debug.temp.o
LOAD /var/folders/1v/94hwpjp57lg5xz2yxd0vst700000gn/T//ccB1jSXo.debug.temp.o
LOAD /var/folders/1v/94hwpjp57lg5xz2yxd0vst700000gn/T//cck5n7uC.debug.temp.o
LOAD /var/folders/1v/94hwpjp57lg5xz2yxd0vst700000gn/T//ccvGYhwl.debug.temp.o
LOAD /var/folders/1v/94hwpjp57lg5xz2yxd0vst700000gn/T//cc4itn59.debug.temp.o
LOAD /var/folders/1v/94hwpjp57lg5xz2yxd0vst700000gn/T//ccnyPUZ6.debug.temp.o
LOAD /var/folders/1v/94hwpjp57lg5xz2yxd0vst700000gn/T//ccCFIED4.debug.temp.o
LOAD /var/folders/1v/94hwpjp57lg5xz2yxd0vst700000gn/T//ccqXip70.debug.temp.o
LOAD /var/folders/1v/94hwpjp57lg5xz2yxd0vst700000gn/T//ccmzWKUA.debug.temp.o
LOAD /var/folders/1v/94hwpjp57lg5xz2yxd0vst700000gn/T//cc6NmfhR.debug.temp.o
LOAD /Users/diegoaguilar-canabal/Desktop/FroggersTiga/External/libDaisy/build/libdaisy.a
LOAD /Applications/ArmGNUToolchain/15.2.rel1/arm-none-eabi/bin/../lib/gcc/arm-none-eabi/15.2.1/../../../../arm-none-eabi/lib/thumb/v7e-m+dp/hard/libnosys.a
                0x00010000                        __stack_size = 0x10000
LOAD /Applications/ArmGNUToolchain/15.2.rel1/arm-none-eabi/bin/../lib/gcc/arm-none-eabi/15.2.1/../../../../arm-none-eabi/lib/thumb/v7e-m+dp/hard/libstdc++_nano.a
LOAD /Applications/ArmGNUToolchain/15.2.rel1/arm-none-eabi/bin/../lib/gcc/arm-none-eabi/15.2.1/../../../../arm-none-eabi/lib/thumb/v7e-m+dp/hard/libm.a
LOAD /Applications/ArmGNUToolchain/15.2.rel1/arm-none-eabi/bin/../lib/gcc/arm-none-eabi/15.2.1/../../../../arm-none-eabi/lib/thumb/v7e-m+dp/hard/libc_nano.a
START GROUP
LOAD /Applications/ArmGNUToolchain/15.2.rel1/arm-none-eabi/bin/../lib/gcc/arm-none-eabi/15.2.1/thumb/v7e-m+dp/hard/libgcc.a
LOAD /Applications/ArmGNUToolchain/15.2.rel1/arm-none-eabi/bin/../lib/gcc/arm-none-eabi/15.2.1/../../../../arm-none-eabi/lib/thumb/v7e-m+dp/hard/libc_nano.a
END GROUP
START GROUP
LOAD /Applications/ArmGNUToolchain/15.2.rel1/arm-none-eabi/bin/../lib/gcc/arm-none-eabi/15.2.1/thumb/v7e-m+dp/hard/libgcc.a
LOAD /Applications/ArmGNUToolchain/15.2.rel1/arm-none-eabi/bin/../lib/gcc/arm-none-eabi/15.2.1/../../../../arm-none-eabi/lib/thumb/v7e-m+dp/hard/libc_nano.a
LOAD /Applications/ArmGNUToolchain/15.2.rel1/arm-none-eabi/bin/../lib/gcc/arm-none-eabi/15.2.1/../../../../arm-none-eabi/lib/thumb/v7e-m+dp/hard/libnosys.a
END GROUP
START GROUP
LOAD /Applications/ArmGNUToolchain/15.2.rel1/arm-none-eabi/bin/../lib/gcc/arm-none-eabi/15.2.1/thumb/v7e-m+dp/hard/libgcc.a
LOAD /Applications/ArmGNUToolchain/15.2.rel1/arm-none-eabi/bin/../lib/gcc/arm-none-eabi/15.2.1/../../../../arm-none-eabi/lib/thumb/v7e-m+dp/hard/libc_nano.a
LOAD /Applications/ArmGNUToolchain/15.2.rel1/arm-none-eabi/bin/../lib/gcc/arm-none-eabi/15.2.1/../../../../arm-none-eabi/lib/thumb/v7e-m+dp/hard/libnosys.a
END GROUP
LOAD /Applications/ArmGNUToolchain/15.2.rel1/arm-none-eabi/bin/../lib/gcc/arm-none-eabi/15.2.1/thumb/v7e-m+dp/hard/crtend.o
LOAD /Applications/ArmGNUToolchain/15.2.rel1/arm-none-eabi/bin/../lib/gcc/arm-none-eabi/15.2.1/thumb/v7e-m+dp/hard/crtn.o
                0x20020000                        _estack = 0x20020000

.isr_vector     0x08000000      0x298
                0x08000000                        . = ALIGN (0x4)
 *(.isr_vector)
 .isr_vector    0x08000000      0x298 /var/folders/1v/94hwpjp57lg5xz2yxd0vst700000gn/T//ccxRZUoi.ltrans0.ltrans.o
                0x08000000                g_pfnVectors
                0x08000298                        . = ALIGN (0x4)

.text           0x080002a0    0x14890
                0x080002a0                        . = ALIGN (0x4)
                0x080002a0                        _stext = .
 *(.text)
 .text          0x080002a0     0x5fa8 /var/folders/1v/94hwpjp57lg5xz2yxd0vst700000gn/T//ccxRZUoi.ltrans0.ltrans.o
                0x080033d8                daisy::GPIO::Config::Config() [clone .isra.0]
                0x080033e8                daisy::GPIO::Write(bool)
                0x080035ac                daisy::AdcChannelConfig::AdcChannelConfig() [clone .isra.0]
                0x080035c4                adc_init_dma1() [clone .lto_priv.0]
                0x08003610                daisy::GetHALPort(daisy::Pin) [clone .isra.0]
                0x08005928                daisy::ScopedIrqBlocker::~ScopedIrqBlocker() [clone .isra.0]
                0x08005d0c                Reset_Handler
                0x08005e28                daisy::I2CHandle::Impl::DmaTransferFinished(__I2C_HandleTypeDef*, daisy::I2CHandle::Result)
                0x080061f0                daisy::I2CHandle::Impl::InitPins()
                0x08006244                HAL_I2C_MasterTxCpltCallback
                0x08006244                HAL_I2C_SlaveTxCpltCallback
                0x08006244                HAL_I2C_MasterRxCpltCallback
                0x08006244                HAL_I2C_SlaveRxCpltCallback
 .text          0x08006248     0x512c /var/folders/1v/94hwpjp57lg5xz2yxd0vst700000gn/T//ccxRZUoi.ltrans1.ltrans.o
                0x080062d8                SysTick_Handler
                0x080062e8                HardFault_Handler
                0x08006474                ADC_DMAHalfConvCplt
                0x08006810                SPI1_IRQHandler
                0x0800681c                SPI2_IRQHandler
                0x08006828                SPI3_IRQHandler
                0x08006834                SPI4_IRQHandler
                0x08006840                SPI5_IRQHandler
                0x080068f0                daisy::SaiHandle::Impl::InternalCallback(unsigned int)
                0x08006914                daisy::SaiHandle::Impl::StartDmaTransfer(long*, long*, unsigned int, void (*)(long*, long*, unsigned int)) [clone .isra.0]
                0x080069a0                daisy::GPIOClockEnable(daisy::Pin) [clone .isra.0]
                0x08006af0                checkPinMatchSpi(GPIO_InitTypeDef*, daisy::Pin, int)
                0x08006b44                MapInstanceToHandle(USART_TypeDef*)
                0x08006b88                checkPinMatch(GPIO_InitTypeDef*, daisy::Pin, int)
                0x08006bdc                UART_CheckRxListener(daisy::UartHandler::Impl*) [clone .lto_priv.0]
                0x08006c58                daisy::TimerHandle::~TimerHandle() [clone .lto_priv.0]
                0x08006c58                daisy::TimerHandle::~TimerHandle()
                0x08006c5a                daisy::System::DelayTicks(unsigned long)
                0x08006c70                daisy::System::GetProgramMemoryRegion()
                0x08006ce8                USBD_LL_StallEP.isra.0
                0x08006d76                USBD_LL_Transmit.constprop.0.isra.0
                0x08006d9e                OTG_HS_EP1_OUT_IRQHandler
                0x08008604                OTG_HS_EP1_IN_IRQHandler
                0x08008608                OTG_HS_IRQHandler
                0x0800860c                HAL_Delay
                0x08008620                LL_ADC_SetChannelSamplingTime.lto_priv.0
                0x08008640                LL_ADC_IsEnabled.lto_priv.0.lto_priv.0
                0x08008640                LL_ADC_IsEnabled.lto_priv.1.lto_priv.0
                0x08008648                __NVIC_EnableIRQ.lto_priv.0
                0x08008664                HAL_NVIC_SetPriority.constprop.0
                0x080086b8                HAL_InitTick
                0x08008710                daisy::System::ConfigureClocks() [clone .constprop.0]
                0x08008cd4                HAL_DMA_Init
                0x08009130                daisy::SaiHandle::Impl::InitDma(daisy::SaiHandle::Impl::PeripheralBlock)
                0x080092a8                HAL_DMA_Start_IT
                0x080096f8                daisy::SpiHandle::Impl::DmaTransferFinished(__SPI_HandleTypeDef*, daisy::SpiHandle::Result)
                0x08009e50                daisy::UartHandler::Impl::DmaTransferFinished(__UART_HandleTypeDef*, daisy::UartHandler::Result)
                0x0800a22c                HAL_UART_ErrorCallback
                0x0800a244                HAL_ADC_Start_DMA.constprop.0.isra.0
                0x0800a500                HAL_DMA_Abort_IT
                0x0800a95a                USART1_IRQHandler
                0x0800a964                USART2_IRQHandler
                0x0800a96c                USART3_IRQHandler
                0x0800a974                UART4_IRQHandler
                0x0800a97c                UART5_IRQHandler
                0x0800a984                USART6_IRQHandler
                0x0800a98c                UART7_IRQHandler
                0x0800a994                UART8_IRQHandler
                0x0800a99c                LPUART1_IRQHandler
                0x0800a9a4                HAL_DMA_IRQHandler
                0x0800aeec                DMA1_Stream0_IRQHandler
                0x0800aef4                DMA1_Stream1_IRQHandler
                0x0800aefc                DMA1_Stream3_IRQHandler
                0x0800af04                DMA1_Stream4_IRQHandler
                0x0800af0c                DMA2_Stream2_IRQHandler
                0x0800af40                DMA2_Stream3_IRQHandler
                0x0800af74                DMA1_Stream5_IRQHandler
                0x0800afa8                DMA2_Stream4_IRQHandler
                0x0800afdc                HAL_GPIO_Init
                0x0800b1a0                daisy::SaiHandle::Impl::InitPins()
                0x0800b23c                HAL_GPIO_DeInit
 .text          0x0800b374     0x41cc /var/folders/1v/94hwpjp57lg5xz2yxd0vst700000gn/T//ccxRZUoi.ltrans2.ltrans.o
                0x0800b464                QSPI_DMAAbortCplt.lto_priv.0
                0x0800b6b8                SPI_DMAHalfTransmitCplt.lto_priv.0
                0x0800b6ba                SPI_DMAHalfReceiveCplt.lto_priv.0
                0x0800b6bc                SPI_DMAHalfTransmitReceiveCplt.lto_priv.0
                0x0800b76a                UART_DMATxHalfCplt.lto_priv.0
                0x0800b826                I2C_DMASlaveTransmitCplt.lto_priv.0
                0x0800b83e                I2C_DMASlaveReceiveCplt.lto_priv.0
                0x0800b9ac                SPI_DMATransmitCplt.lto_priv.0
                0x0800b9d2                SPI_DMATransmitReceiveCplt.lto_priv.0
                0x0800b9d4                SPI_DMAReceiveCplt.lto_priv.0
                0x0800b9fa                SPI_DMAError.lto_priv.0
                0x0800ba3a                UART_DMATransmitCplt.lto_priv.0
                0x0800ba7e                UART_DMAReceiveCplt.lto_priv.0
                0x0800bb18                UART_DMARxHalfCplt.lto_priv.0
                0x0800bb3a                UART_DMAAbortOnError.lto_priv.0
                0x0800bb4a                HAL_I2C_Init
                0x0800bd84                HAL_I2C_EV_IRQHandler
                0x0800bd92                I2C_Flush_TXDR.lto_priv.0
                0x0800c296                I2C_Slave_ISR_DMA.lto_priv.0
                0x0800c43c                I2C_DMAError.lto_priv.0
                0x0800c5fc                I2C_WaitOnFlagUntilTimeout.lto_priv.0
                0x0800c650                I2C_WaitOnTXISFlagUntilTimeout.lto_priv.0
                0x0800c6a8                I2C_WaitOnSTOPFlagUntilTimeout.lto_priv.0
                0x0800c700                I2C_TransferConfig.lto_priv.0
                0x0800c72c                I2C_Master_ISR_IT.lto_priv.0
                0x0800c856                I2C_Enable_IRQ.lto_priv.0
                0x0800c8c8                I2C_Master_ISR_DMA.lto_priv.0
                0x0800c9c6                I2C_DMAMasterTransmitCplt.lto_priv.0
                0x0800ca18                I2C_DMAMasterReceiveCplt.lto_priv.0
                0x0800ca6a                HAL_PCD_EP_Abort.constprop.0.isra.0
                0x0800cb08                QSPI_WaitFlagStateUntilTimeout.constprop.0
                0x0800cb4c                HAL_QSPI_Init.constprop.0
                0x0800cd10                HAL_QSPI_Transmit.constprop.0
                0x0800cdb4                QSPI_Config.constprop.0
                0x0800cf1c                HAL_QSPI_Command.constprop.0
                0x0800cfa4                HAL_QSPI_AutoPolling.constprop.0
                0x0800d048                HAL_RCC_GetSysClockFreq
                0x0800d18c                HAL_RCC_GetHCLKFreq
                0x0800d1c4                HAL_RCC_GetPCLK1Freq
                0x0800d1e8                HAL_RCC_GetPCLK2Freq
                0x0800d20c                HAL_RCCEx_GetPLL2ClockFreq
                0x0800d360                HAL_RCCEx_GetPLL3ClockFreq
                0x0800d4b4                RCCEx_PLL2_Config.lto_priv.0
                0x0800d594                RCCEx_PLL3_Config.lto_priv.0
                0x0800d674                HAL_SAI_Init
                0x0800dc38                HAL_SAI_Transmit_DMA.isra.0
                0x0800dcec                HAL_SAI_Receive_DMA.isra.0
                0x0800dd78                HAL_SDRAM_SendCommand.constprop.0.isra.0
                0x0800ddcc                HAL_SPI_Init
                0x0800e1ae                HAL_SPI_Transmit.constprop.0
                0x0800e3a4                HAL_SPI_IRQHandler
                0x0800e5a0                HAL_TIM_Base_Init
                0x0800e7e4                HAL_TIM_IRQHandler
                0x0800e8b8                TIM2_IRQHandler
                0x0800e8c0                TIM3_IRQHandler
                0x0800e8c8                TIM4_IRQHandler
                0x0800e8d0                TIM5_IRQHandler
                0x0800e8d8                HAL_TIMEx_MasterConfigSynchronization.constprop.0
                0x0800e968                UART_EndRxTransfer.lto_priv.0
                0x0800ea20                HAL_UART_Init
                0x0800f0b0                UART_DMAError.lto_priv.0
                0x0800f124                UARTEx_SetNbDataToProcess.part.0.lto_priv.0
                0x0800f164                USB_FlushTxFifo
                0x0800f1b0                USB_FlushRxFifo
                0x0800f1f8                USB_EPStartXfer.isra.0
                0x0800f3b4                USB_ReadPacket.isra.0
                0x0800f3f0                USB_ReadChInterrupts
                0x0800f402                USB_EP0_OutStart.isra.0
                0x0800f44c                USB_HC_Halt.isra.0
                0x0800f502                USBD_ClrClassConfig.isra.0
                0x0800f50a                USBD_CtlError.isra.0
                0x0800f520                USBD_CtlSendData.isra.0
                0x0800f532                USBD_CtlSendStatus.isra.0
 .text          0x0800f540       0x14 /Applications/ArmGNUToolchain/15.2.rel1/arm-none-eabi/bin/../lib/gcc/arm-none-eabi/15.2.1/../../../../arm-none-eabi/lib/thumb/v7e-m+dp/hard/libc_nano.a(libc_a-strcmp.o)
                0x0800f540                strcmp
 *fill*         0x0800f554        0xc 
 .text          0x0800f560       0xa0 /Applications/ArmGNUToolchain/15.2.rel1/arm-none-eabi/bin/../lib/gcc/arm-none-eabi/15.2.1/../../../../arm-none-eabi/lib/thumb/v7e-m+dp/hard/libc_nano.a(libc_a-memchr.o)
                0x0800f560                memchr
 .text          0x0800f600       0x10 /Applications/ArmGNUToolchain/15.2.rel1/arm-none-eabi/bin/../lib/gcc/arm-none-eabi/15.2.1/../../../../arm-none-eabi/lib/thumb/v7e-m+dp/hard/libc_nano.a(libc_a-strlen.o)
                0x0800f600                strlen
 .text          0x0800f610      0x378 /Applications/ArmGNUToolchain/15.2.rel1/arm-none-eabi/bin/../lib/gcc/arm-none-eabi/15.2.1/thumb/v7e-m+dp/hard/libgcc.a(_arm_addsubdf3.o)
                0x0800f610                __aeabi_drsub
                0x0800f618                __subdf3
                0x0800f618                __aeabi_dsub
                0x0800f61c                __aeabi_dadd
                0x0800f61c                __adddf3
                0x0800f894                __aeabi_ui2d
                0x0800f894                __floatunsidf
                0x0800f8b4                __floatsidf
                0x0800f8b4                __aeabi_i2d
                0x0800f8d8                __extendsfdf2
                0x0800f8d8                __aeabi_f2d
                0x0800f91c                __aeabi_ul2d
                0x0800f91c                __floatundidf
                0x0800f92c                __aeabi_l2d
                0x0800f92c                __floatdidf
 .text          0x0800f988       0x30 /Applications/ArmGNUToolchain/15.2.rel1/arm-none-eabi/bin/../lib/gcc/arm-none-eabi/15.2.1/thumb/v7e-m+dp/hard/libgcc.a(_aeabi_uldivmod.o)
                0x0800f988                __aeabi_uldivmod
 .text          0x0800f9b8        0x4 /Applications/ArmGNUToolchain/15.2.rel1/arm-none-eabi/bin/../lib/gcc/arm-none-eabi/15.2.1/thumb/v7e-m+dp/hard/libgcc.a(_dvmd_tls.o)
                0x0800f9b8                __aeabi_ldiv0
                0x0800f9b8                __aeabi_idiv0
 *(.text*)
 .text.deregister_tm_clones
                0x0800f9bc       0x1c /Applications/ArmGNUToolchain/15.2.rel1/arm-none-eabi/bin/../lib/gcc/arm-none-eabi/15.2.1/thumb/v7e-m+dp/hard/crtbegin.o
 .text.register_tm_clones
                0x0800f9d8       0x24 /Applications/ArmGNUToolchain/15.2.rel1/arm-none-eabi/bin/../lib/gcc/arm-none-eabi/15.2.1/thumb/v7e-m+dp/hard/crtbegin.o
 .text.__do_global_dtors_aux
                0x0800f9fc       0x28 /Applications/ArmGNUToolchain/15.2.rel1/arm-none-eabi/bin/../lib/gcc/arm-none-eabi/15.2.1/thumb/v7e-m+dp/hard/crtbegin.o
 .text.frame_dummy
                0x0800fa24       0x24 /Applications/ArmGNUToolchain/15.2.rel1/arm-none-eabi/bin/../lib/gcc/arm-none-eabi/15.2.1/thumb/v7e-m+dp/hard/crtbegin.o
 .text.startup  0x0800fa48     0x12b0 /var/folders/1v/94hwpjp57lg5xz2yxd0vst700000gn/T//ccxRZUoi.ltrans0.ltrans.o
                0x0800fa48                main
 .text.startup  0x08010cf8      0x39c /var/folders/1v/94hwpjp57lg5xz2yxd0vst700000gn/T//ccxRZUoi.ltrans2.ltrans.o
 .text.__aeabi_atexit
                0x08011094        0xa /Applications/ArmGNUToolchain/15.2.rel1/arm-none-eabi/bin/../lib/gcc/arm-none-eabi/15.2.1/../../../../arm-none-eabi/lib/thumb/v7e-m+dp/hard/libstdc++_nano.a(atexit_arm.o)
                0x08011094                __aeabi_atexit
 .text._ZdlPvj  0x0801109e        0x4 /Applications/ArmGNUToolchain/15.2.rel1/arm-none-eabi/bin/../lib/gcc/arm-none-eabi/15.2.1/../../../../arm-none-eabi/lib/thumb/v7e-m+dp/hard/libstdc++_nano.a(del_ops.o)
                0x0801109e                operator delete(void*, unsigned int)
 .text.__cxa_guard_acquire
                0x080110a2       0x18 /Applications/ArmGNUToolchain/15.2.rel1/arm-none-eabi/bin/../lib/gcc/arm-none-eabi/15.2.1/../../../../arm-none-eabi/lib/thumb/v7e-m+dp/hard/libstdc++_nano.a(guard.o)
                0x080110a2                __cxa_guard_acquire
 .text.__cxa_guard_release
                0x080110ba        0x6 /Applications/ArmGNUToolchain/15.2.rel1/arm-none-eabi/bin/../lib/gcc/arm-none-eabi/15.2.1/../../../../arm-none-eabi/lib/thumb/v7e-m+dp/hard/libstdc++_nano.a(guard.o)
                0x080110ba                __cxa_guard_release
 .text.unlikely._ZSt25__throw_bad_function_callv
                0x080110c0        0x6 /Applications/ArmGNUToolchain/15.2.rel1/arm-none-eabi/bin/../lib/gcc/arm-none-eabi/15.2.1/../../../../arm-none-eabi/lib/thumb/v7e-m+dp/hard/libstdc++_nano.a(functional.o)
                0x080110c0                std::__throw_bad_function_call()
 .text._ZdlPv   0x080110c6        0x4 /Applications/ArmGNUToolchain/15.2.rel1/arm-none-eabi/bin/../lib/gcc/arm-none-eabi/15.2.1/../../../../arm-none-eabi/lib/thumb/v7e-m+dp/hard/libstdc++_nano.a(del_op.o)
                0x080110c6                operator delete(void*)
 *fill*         0x080110ca        0x2 
 .text.expf     0x080110cc       0xe4 /Applications/ArmGNUToolchain/15.2.rel1/arm-none-eabi/bin/../lib/gcc/arm-none-eabi/15.2.1/../../../../arm-none-eabi/lib/thumb/v7e-m+dp/hard/libm.a(libm_a-sf_exp.o)
                0x080110cc                expf
 .text.exp      0x080111b0      0x1ac /Applications/ArmGNUToolchain/15.2.rel1/arm-none-eabi/bin/../lib/gcc/arm-none-eabi/15.2.1/../../../../arm-none-eabi/lib/thumb/v7e-m+dp/hard/libm.a(libm_a-exp.o)
                0x080111b0                exp
 .text.with_errno
                0x0801135c       0x18 /Applications/ArmGNUToolchain/15.2.rel1/arm-none-eabi/bin/../lib/gcc/arm-none-eabi/15.2.1/../../../../arm-none-eabi/lib/thumb/v7e-m+dp/hard/libm.a(libm_a-math_err.o)
 .text.xflow    0x08011374       0x24 /Applications/ArmGNUToolchain/15.2.rel1/arm-none-eabi/bin/../lib/gcc/arm-none-eabi/15.2.1/../../../../arm-none-eabi/lib/thumb/v7e-m+dp/hard/libm.a(libm_a-math_err.o)
 .text.__math_uflow
                0x08011398       0x10 /Applications/ArmGNUToolchain/15.2.rel1/arm-none-eabi/bin/../lib/gcc/arm-none-eabi/15.2.1/../../../../arm-none-eabi/lib/thumb/v7e-m+dp/hard/libm.a(libm_a-math_err.o)
                0x08011398                __math_uflow
 .text.__math_oflow
                0x080113a8       0x10 /Applications/ArmGNUToolchain/15.2.rel1/arm-none-eabi/bin/../lib/gcc/arm-none-eabi/15.2.1/../../../../arm-none-eabi/lib/thumb/v7e-m+dp/hard/libm.a(libm_a-math_err.o)
                0x080113a8                __math_oflow
 .text.__math_check_uflow
                0x080113b8       0x14 /Applications/ArmGNUToolchain/15.2.rel1/arm-none-eabi/bin/../lib/gcc/arm-none-eabi/15.2.1/../../../../arm-none-eabi/lib/thumb/v7e-m+dp/hard/libm.a(libm_a-math_err.o)
                0x080113b8                __math_check_uflow
 *fill*         0x080113cc        0x4 
 .text.__math_check_oflow
                0x080113d0       0x28 /Applications/ArmGNUToolchain/15.2.rel1/arm-none-eabi/bin/../lib/gcc/arm-none-eabi/15.2.1/../../../../arm-none-eabi/lib/thumb/v7e-m+dp/hard/libm.a(libm_a-math_err.o)
                0x080113d0                __math_check_oflow
 .text.powf     0x080113f8      0x318 /Applications/ArmGNUToolchain/15.2.rel1/arm-none-eabi/bin/../lib/gcc/arm-none-eabi/15.2.1/../../../../arm-none-eabi/lib/thumb/v7e-m+dp/hard/libm.a(libm_a-sf_pow.o)
                0x080113f8                powf
 .text.sinf     0x08011710      0x1fc /Applications/ArmGNUToolchain/15.2.rel1/arm-none-eabi/bin/../lib/gcc/arm-none-eabi/15.2.1/../../../../arm-none-eabi/lib/thumb/v7e-m+dp/hard/libm.a(libm_a-sinf.o)
                0x08011710                sinf
 *fill*         0x0801190c        0x4 
 .text.cosf     0x08011910      0x1fc /Applications/ArmGNUToolchain/15.2.rel1/arm-none-eabi/bin/../lib/gcc/arm-none-eabi/15.2.1/../../../../arm-none-eabi/lib/thumb/v7e-m+dp/hard/libm.a(libm_a-cosf.o)
                0x08011910                cosf
 .text.with_errnof
                0x08011b0c       0x18 /Applications/ArmGNUToolchain/15.2.rel1/arm-none-eabi/bin/../lib/gcc/arm-none-eabi/15.2.1/../../../../arm-none-eabi/lib/thumb/v7e-m+dp/hard/libm.a(libm_a-math_errf.o)
 .text.xflowf   0x08011b24       0x20 /Applications/ArmGNUToolchain/15.2.rel1/arm-none-eabi/bin/../lib/gcc/arm-none-eabi/15.2.1/../../../../arm-none-eabi/lib/thumb/v7e-m+dp/hard/libm.a(libm_a-math_errf.o)
 .text.__math_uflowf
                0x08011b44        0xc /Applications/ArmGNUToolchain/15.2.rel1/arm-none-eabi/bin/../lib/gcc/arm-none-eabi/15.2.1/../../../../arm-none-eabi/lib/thumb/v7e-m+dp/hard/libm.a(libm_a-math_errf.o)
                0x08011b44                __math_uflowf
 .text.__math_may_uflowf
                0x08011b50        0xc /Applications/ArmGNUToolchain/15.2.rel1/arm-none-eabi/bin/../lib/gcc/arm-none-eabi/15.2.1/../../../../arm-none-eabi/lib/thumb/v7e-m+dp/hard/libm.a(libm_a-math_errf.o)
                0x08011b50                __math_may_uflowf
 .text.__math_oflowf
                0x08011b5c        0xc /Applications/ArmGNUToolchain/15.2.rel1/arm-none-eabi/bin/../lib/gcc/arm-none-eabi/15.2.1/../../../../arm-none-eabi/lib/thumb/v7e-m+dp/hard/libm.a(libm_a-math_errf.o)
                0x08011b5c                __math_oflowf
 .text.__math_divzerof
                0x08011b68       0x24 /Applications/ArmGNUToolchain/15.2.rel1/arm-none-eabi/bin/../lib/gcc/arm-none-eabi/15.2.1/../../../../arm-none-eabi/lib/thumb/v7e-m+dp/hard/libm.a(libm_a-math_errf.o)
                0x08011b68                __math_divzerof
 .text.__math_invalidf
                0x08011b8c       0x20 /Applications/ArmGNUToolchain/15.2.rel1/arm-none-eabi/bin/../lib/gcc/arm-none-eabi/15.2.1/../../../../arm-none-eabi/lib/thumb/v7e-m+dp/hard/libm.a(libm_a-math_errf.o)
                0x08011b8c                __math_invalidf
 .text.sqrtf    0x08011bac       0x50 /Applications/ArmGNUToolchain/15.2.rel1/arm-none-eabi/bin/../lib/gcc/arm-none-eabi/15.2.1/../../../../arm-none-eabi/lib/thumb/v7e-m+dp/hard/libm.a(libm_a-wf_sqrt.o)
                0x08011bac                sqrtf
 .text.tanhf    0x08011bfc       0xf4 /Applications/ArmGNUToolchain/15.2.rel1/arm-none-eabi/bin/../lib/gcc/arm-none-eabi/15.2.1/../../../../arm-none-eabi/lib/thumb/v7e-m+dp/hard/libm.a(libm_a-sf_tanh.o)
                0x08011bfc                tanhf
 .text.__ieee754_sqrtf
                0x08011cf0        0x8 /Applications/ArmGNUToolchain/15.2.rel1/arm-none-eabi/bin/../lib/gcc/arm-none-eabi/15.2.1/../../../../arm-none-eabi/lib/thumb/v7e-m+dp/hard/libm.a(libm_a-ef_sqrt.o)
                0x08011cf0                __ieee754_sqrtf
 .text.expm1f   0x08011cf8      0x26c /Applications/ArmGNUToolchain/15.2.rel1/arm-none-eabi/bin/../lib/gcc/arm-none-eabi/15.2.1/../../../../arm-none-eabi/lib/thumb/v7e-m+dp/hard/libm.a(libm_a-sf_expm1.o)
                0x08011cf8                expm1f
 .text.fabsf    0x08011f64       0x10 /Applications/ArmGNUToolchain/15.2.rel1/arm-none-eabi/bin/../lib/gcc/arm-none-eabi/15.2.1/../../../../arm-none-eabi/lib/thumb/v7e-m+dp/hard/libm.a(libm_a-sf_fabs.o)
                0x08011f64                fabsf
 .text.abort    0x08011f74        0xe /Applications/ArmGNUToolchain/15.2.rel1/arm-none-eabi/bin/../lib/gcc/arm-none-eabi/15.2.1/../../../../arm-none-eabi/lib/thumb/v7e-m+dp/hard/libc_nano.a(libc_a-abort.o)
                0x08011f74                abort
 *fill*         0x08011f82        0x2 
 .text.__assert_func
                0x08011f84       0x3c /Applications/ArmGNUToolchain/15.2.rel1/arm-none-eabi/bin/../lib/gcc/arm-none-eabi/15.2.1/../../../../arm-none-eabi/lib/thumb/v7e-m+dp/hard/libc_nano.a(libc_a-assert.o)
                0x08011f84                __assert_func
 .text.free     0x08011fc0       0x10 /Applications/ArmGNUToolchain/15.2.rel1/arm-none-eabi/bin/../lib/gcc/arm-none-eabi/15.2.1/../../../../arm-none-eabi/lib/thumb/v7e-m+dp/hard/libc_nano.a(libc_a-malloc.o)
                0x08011fc0                free
 .text.sbrk_aligned
                0x08011fd0       0x44 /Applications/ArmGNUToolchain/15.2.rel1/arm-none-eabi/bin/../lib/gcc/arm-none-eabi/15.2.1/../../../../arm-none-eabi/lib/thumb/v7e-m+dp/hard/libc_nano.a(libc_a-mallocr.o)
 .text._malloc_r
                0x08012014       0xf8 /Applications/ArmGNUToolchain/15.2.rel1/arm-none-eabi/bin/../lib/gcc/arm-none-eabi/15.2.1/../../../../arm-none-eabi/lib/thumb/v7e-m+dp/hard/libc_nano.a(libc_a-mallocr.o)
                0x08012014                _malloc_r
 .text.__malloc_lock
                0x0801210c        0xc /Applications/ArmGNUToolchain/15.2.rel1/arm-none-eabi/bin/../lib/gcc/arm-none-eabi/15.2.1/../../../../arm-none-eabi/lib/thumb/v7e-m+dp/hard/libc_nano.a(libc_a-mlock.o)
                0x0801210c                __malloc_lock
 .text.__malloc_unlock
                0x08012118        0xc /Applications/ArmGNUToolchain/15.2.rel1/arm-none-eabi/bin/../lib/gcc/arm-none-eabi/15.2.1/../../../../arm-none-eabi/lib/thumb/v7e-m+dp/hard/libc_nano.a(libc_a-mlock.o)
                0x08012118                __malloc_unlock
 .text.std      0x08012124       0x6c /Applications/ArmGNUToolchain/15.2.rel1/arm-none-eabi/bin/../lib/gcc/arm-none-eabi/15.2.1/../../../../arm-none-eabi/lib/thumb/v7e-m+dp/hard/libc_nano.a(libc_a-findfp.o)
 .text.stdio_exit_handler
                0x08012190       0x18 /Applications/ArmGNUToolchain/15.2.rel1/arm-none-eabi/bin/../lib/gcc/arm-none-eabi/15.2.1/../../../../arm-none-eabi/lib/thumb/v7e-m+dp/hard/libc_nano.a(libc_a-findfp.o)
 .text.cleanup_stdio
                0x080121a8       0x40 /Applications/ArmGNUToolchain/15.2.rel1/arm-none-eabi/bin/../lib/gcc/arm-none-eabi/15.2.1/../../../../arm-none-eabi/lib/thumb/v7e-m+dp/hard/libc_nano.a(libc_a-findfp.o)
 .text.global_stdio_init.part.0
                0x080121e8       0x40 /Applications/ArmGNUToolchain/15.2.rel1/arm-none-eabi/bin/../lib/gcc/arm-none-eabi/15.2.1/../../../../arm-none-eabi/lib/thumb/v7e-m+dp/hard/libc_nano.a(libc_a-findfp.o)
 .text.__sfp_lock_acquire
                0x08012228        0xc /Applications/ArmGNUToolchain/15.2.rel1/arm-none-eabi/bin/../lib/gcc/arm-none-eabi/15.2.1/../../../../arm-none-eabi/lib/thumb/v7e-m+dp/hard/libc_nano.a(libc_a-findfp.o)
                0x08012228                __sfp_lock_acquire
 .text.__sfp_lock_release
                0x08012234        0xc /Applications/ArmGNUToolchain/15.2.rel1/arm-none-eabi/bin/../lib/gcc/arm-none-eabi/15.2.1/../../../../arm-none-eabi/lib/thumb/v7e-m+dp/hard/libc_nano.a(libc_a-findfp.o)
                0x08012234                __sfp_lock_release
 .text.__sinit  0x08012240       0x30 /Applications/ArmGNUToolchain/15.2.rel1/arm-none-eabi/bin/../lib/gcc/arm-none-eabi/15.2.1/../../../../arm-none-eabi/lib/thumb/v7e-m+dp/hard/libc_nano.a(libc_a-findfp.o)
                0x08012240                __sinit
 .text.fprintf  0x08012270       0x24 /Applications/ArmGNUToolchain/15.2.rel1/arm-none-eabi/bin/../lib/gcc/arm-none-eabi/15.2.1/../../../../arm-none-eabi/lib/thumb/v7e-m+dp/hard/libc_nano.a(libc_a-fprintf.o)
                0x08012270                fprintf
                0x08012270                fiprintf
 .text._fwalk_sglue
                0x08012294       0x3a /Applications/ArmGNUToolchain/15.2.rel1/arm-none-eabi/bin/../lib/gcc/arm-none-eabi/15.2.1/../../../../arm-none-eabi/lib/thumb/v7e-m+dp/hard/libc_nano.a(libc_a-fwalk.o)
                0x08012294                _fwalk_sglue
 .text.memset   0x080122ce       0x10 /Applications/ArmGNUToolchain/15.2.rel1/arm-none-eabi/bin/../lib/gcc/arm-none-eabi/15.2.1/../../../../arm-none-eabi/lib/thumb/v7e-m+dp/hard/libc_nano.a(libc_a-memset.o)
                0x080122ce                memset
 .text._raise_r
                0x080122de       0x50 /Applications/ArmGNUToolchain/15.2.rel1/arm-none-eabi/bin/../lib/gcc/arm-none-eabi/15.2.1/../../../../arm-none-eabi/lib/thumb/v7e-m+dp/hard/libc_nano.a(libc_a-signal.o)
                0x080122de                _raise_r
 *fill*         0x0801232e        0x2 
 .text.raise    0x08012330       0x10 /Applications/ArmGNUToolchain/15.2.rel1/arm-none-eabi/bin/../lib/gcc/arm-none-eabi/15.2.1/../../../../arm-none-eabi/lib/thumb/v7e-m+dp/hard/libc_nano.a(libc_a-signal.o)
                0x08012330                raise
 .text._kill_r  0x08012340       0x24 /Applications/ArmGNUToolchain/15.2.rel1/arm-none-eabi/bin/../lib/gcc/arm-none-eabi/15.2.1/../../../../arm-none-eabi/lib/thumb/v7e-m+dp/hard/libc_nano.a(libc_a-signalr.o)
                0x08012340                _kill_r
 .text._getpid_r
                0x08012364        0x4 /Applications/ArmGNUToolchain/15.2.rel1/arm-none-eabi/bin/../lib/gcc/arm-none-eabi/15.2.1/../../../../arm-none-eabi/lib/thumb/v7e-m+dp/hard/libc_nano.a(libc_a-signalr.o)
                0x08012364                _getpid_r
 .text._sbrk_r  0x08012368       0x20 /Applications/ArmGNUToolchain/15.2.rel1/arm-none-eabi/bin/../lib/gcc/arm-none-eabi/15.2.1/../../../../arm-none-eabi/lib/thumb/v7e-m+dp/hard/libc_nano.a(libc_a-sbrkr.o)
                0x08012368                _sbrk_r
 .text.__errno  0x08012388        0xc /Applications/ArmGNUToolchain/15.2.rel1/arm-none-eabi/bin/../lib/gcc/arm-none-eabi/15.2.1/../../../../arm-none-eabi/lib/thumb/v7e-m+dp/hard/libc_nano.a(libc_a-errno.o)
                0x08012388                __errno
 .text.__libc_init_array
                0x08012394       0x48 /Applications/ArmGNUToolchain/15.2.rel1/arm-none-eabi/bin/../lib/gcc/arm-none-eabi/15.2.1/../../../../arm-none-eabi/lib/thumb/v7e-m+dp/hard/libc_nano.a(libc_a-init.o)
                0x08012394                __libc_init_array
 .text.__retarget_lock_init_recursive
                0x080123dc        0x2 /Applications/ArmGNUToolchain/15.2.rel1/arm-none-eabi/bin/../lib/gcc/arm-none-eabi/15.2.1/../../../../arm-none-eabi/lib/thumb/v7e-m+dp/hard/libc_nano.a(libc_a-lock.o)
                0x080123dc                __retarget_lock_init_recursive
 .text.__retarget_lock_acquire_recursive
                0x080123de        0x2 /Applications/ArmGNUToolchain/15.2.rel1/arm-none-eabi/bin/../lib/gcc/arm-none-eabi/15.2.1/../../../../arm-none-eabi/lib/thumb/v7e-m+dp/hard/libc_nano.a(libc_a-lock.o)
                0x080123de                __retarget_lock_acquire_recursive
 .text.__retarget_lock_release_recursive
                0x080123e0        0x2 /Applications/ArmGNUToolchain/15.2.rel1/arm-none-eabi/bin/../lib/gcc/arm-none-eabi/15.2.1/../../../../arm-none-eabi/lib/thumb/v7e-m+dp/hard/libc_nano.a(libc_a-lock.o)
                0x080123e0                __retarget_lock_release_recursive
 *fill*         0x080123e2        0x2 
 .text.__cxa_atexit
                0x080123e4       0x1c /Applications/ArmGNUToolchain/15.2.rel1/arm-none-eabi/bin/../lib/gcc/arm-none-eabi/15.2.1/../../../../arm-none-eabi/lib/thumb/v7e-m+dp/hard/libc_nano.a(libc_a-cxa_atexit.o)
                0x080123e4                __cxa_atexit
 .text._free_r  0x08012400       0x98 /Applications/ArmGNUToolchain/15.2.rel1/arm-none-eabi/bin/../lib/gcc/arm-none-eabi/15.2.1/../../../../arm-none-eabi/lib/thumb/v7e-m+dp/hard/libc_nano.a(libc_a-freer.o)
                0x08012400                _free_r
 .text.__sfputc_r
                0x08012498       0x2a /Applications/ArmGNUToolchain/15.2.rel1/arm-none-eabi/bin/../lib/gcc/arm-none-eabi/15.2.1/../../../../arm-none-eabi/lib/thumb/v7e-m+dp/hard/libc_nano.a(libc_a-nano-vfprintf.o)
 .text.__sfputs_r
                0x080124c2       0x24 /Applications/ArmGNUToolchain/15.2.rel1/arm-none-eabi/bin/../lib/gcc/arm-none-eabi/15.2.1/../../../../arm-none-eabi/lib/thumb/v7e-m+dp/hard/libc_nano.a(libc_a-nano-vfprintf.o)
                0x080124c2                __sfputs_r
 *fill*         0x080124e6        0x2 
 .text._vfprintf_r
                0x080124e8      0x228 /Applications/ArmGNUToolchain/15.2.rel1/arm-none-eabi/bin/../lib/gcc/arm-none-eabi/15.2.1/../../../../arm-none-eabi/lib/thumb/v7e-m+dp/hard/libc_nano.a(libc_a-nano-vfprintf.o)
                0x080124e8                _vfiprintf_r
                0x080124e8                _vfprintf_r
 .text._printf_common
                0x08012710       0xea /Applications/ArmGNUToolchain/15.2.rel1/arm-none-eabi/bin/../lib/gcc/arm-none-eabi/15.2.1/../../../../arm-none-eabi/lib/thumb/v7e-m+dp/hard/libc_nano.a(libc_a-nano-vfprintf_i.o)
                0x08012710                _printf_common
 *fill*         0x080127fa        0x2 
 .text._printf_i
                0x080127fc      0x254 /Applications/ArmGNUToolchain/15.2.rel1/arm-none-eabi/bin/../lib/gcc/arm-none-eabi/15.2.1/../../../../arm-none-eabi/lib/thumb/v7e-m+dp/hard/libc_nano.a(libc_a-nano-vfprintf_i.o)
                0x080127fc                _printf_i
 .text.__sread  0x08012a50       0x22 /Applications/ArmGNUToolchain/15.2.rel1/arm-none-eabi/bin/../lib/gcc/arm-none-eabi/15.2.1/../../../../arm-none-eabi/lib/thumb/v7e-m+dp/hard/libc_nano.a(libc_a-stdio.o)
                0x08012a50                __sread
 .text.__swrite
                0x08012a72       0x38 /Applications/ArmGNUToolchain/15.2.rel1/arm-none-eabi/bin/../lib/gcc/arm-none-eabi/15.2.1/../../../../arm-none-eabi/lib/thumb/v7e-m+dp/hard/libc_nano.a(libc_a-stdio.o)
                0x08012a72                __swrite
 .text.__sseek  0x08012aaa       0x26 /Applications/ArmGNUToolchain/15.2.rel1/arm-none-eabi/bin/../lib/gcc/arm-none-eabi/15.2.1/../../../../arm-none-eabi/lib/thumb/v7e-m+dp/hard/libc_nano.a(libc_a-stdio.o)
                0x08012aaa                __sseek
 .text.__sclose
                0x08012ad0        0x8 /Applications/ArmGNUToolchain/15.2.rel1/arm-none-eabi/bin/../lib/gcc/arm-none-eabi/15.2.1/../../../../arm-none-eabi/lib/thumb/v7e-m+dp/hard/libc_nano.a(libc_a-stdio.o)
                0x08012ad0                __sclose
 .text.__sflush_r
                0x08012ad8      0x100 /Applications/ArmGNUToolchain/15.2.rel1/arm-none-eabi/bin/../lib/gcc/arm-none-eabi/15.2.1/../../../../arm-none-eabi/lib/thumb/v7e-m+dp/hard/libc_nano.a(libc_a-fflush.o)
                0x08012ad8                __sflush_r
 .text._fflush_r
                0x08012bd8       0x50 /Applications/ArmGNUToolchain/15.2.rel1/arm-none-eabi/bin/../lib/gcc/arm-none-eabi/15.2.1/../../../../arm-none-eabi/lib/thumb/v7e-m+dp/hard/libc_nano.a(libc_a-fflush.o)
                0x08012bd8                _fflush_r
 .text.__swbuf_r
                0x08012c28       0x7a /Applications/ArmGNUToolchain/15.2.rel1/arm-none-eabi/bin/../lib/gcc/arm-none-eabi/15.2.1/../../../../arm-none-eabi/lib/thumb/v7e-m+dp/hard/libc_nano.a(libc_a-wbuf.o)
                0x08012c28                __swbuf_r
 *fill*         0x08012ca2        0x2 
 .text.__swsetup_r
                0x08012ca4       0xa8 /Applications/ArmGNUToolchain/15.2.rel1/arm-none-eabi/bin/../lib/gcc/arm-none-eabi/15.2.1/../../../../arm-none-eabi/lib/thumb/v7e-m+dp/hard/libc_nano.a(libc_a-wsetup.o)
                0x08012ca4                __swsetup_r
 .text.__swhatbuf_r
                0x08012d4c       0x48 /Applications/ArmGNUToolchain/15.2.rel1/arm-none-eabi/bin/../lib/gcc/arm-none-eabi/15.2.1/../../../../arm-none-eabi/lib/thumb/v7e-m+dp/hard/libc_nano.a(libc_a-makebuf.o)
                0x08012d4c                __swhatbuf_r
 .text.__smakebuf_r
                0x08012d94       0x72 /Applications/ArmGNUToolchain/15.2.rel1/arm-none-eabi/bin/../lib/gcc/arm-none-eabi/15.2.1/../../../../arm-none-eabi/lib/thumb/v7e-m+dp/hard/libc_nano.a(libc_a-makebuf.o)
                0x08012d94                __smakebuf_r
 *fill*         0x08012e06        0x2 
 .text._isatty_r
                0x08012e08       0x20 /Applications/ArmGNUToolchain/15.2.rel1/arm-none-eabi/bin/../lib/gcc/arm-none-eabi/15.2.1/../../../../arm-none-eabi/lib/thumb/v7e-m+dp/hard/libc_nano.a(libc_a-isattyr.o)
                0x08012e08                _isatty_r
 .text._lseek_r
                0x08012e28       0x24 /Applications/ArmGNUToolchain/15.2.rel1/arm-none-eabi/bin/../lib/gcc/arm-none-eabi/15.2.1/../../../../arm-none-eabi/lib/thumb/v7e-m+dp/hard/libc_nano.a(libc_a-lseekr.o)
                0x08012e28                _lseek_r
 .text._read_r  0x08012e4c       0x24 /Applications/ArmGNUToolchain/15.2.rel1/arm-none-eabi/bin/../lib/gcc/arm-none-eabi/15.2.1/../../../../arm-none-eabi/lib/thumb/v7e-m+dp/hard/libc_nano.a(libc_a-readr.o)
                0x08012e4c                _read_r
 .text._write_r
                0x08012e70       0x24 /Applications/ArmGNUToolchain/15.2.rel1/arm-none-eabi/bin/../lib/gcc/arm-none-eabi/15.2.1/../../../../arm-none-eabi/lib/thumb/v7e-m+dp/hard/libc_nano.a(libc_a-writer.o)
                0x08012e70                _write_r
 .text._close_r
                0x08012e94       0x20 /Applications/ArmGNUToolchain/15.2.rel1/arm-none-eabi/bin/../lib/gcc/arm-none-eabi/15.2.1/../../../../arm-none-eabi/lib/thumb/v7e-m+dp/hard/libc_nano.a(libc_a-closer.o)
                0x08012e94                _close_r
 .text._fstat_r
                0x08012eb4       0x24 /Applications/ArmGNUToolchain/15.2.rel1/arm-none-eabi/bin/../lib/gcc/arm-none-eabi/15.2.1/../../../../arm-none-eabi/lib/thumb/v7e-m+dp/hard/libc_nano.a(libc_a-fstatr.o)
                0x08012eb4                _fstat_r
 .text.memcpy   0x08012ed8       0x1c /Applications/ArmGNUToolchain/15.2.rel1/arm-none-eabi/bin/../lib/gcc/arm-none-eabi/15.2.1/../../../../arm-none-eabi/lib/thumb/v7e-m+dp/hard/libc_nano.a(libc_a-memcpy-stub.o)
                0x08012ed8                memcpy
 .text.__udivmoddi4
                0x08012ef4      0x320 /Applications/ArmGNUToolchain/15.2.rel1/arm-none-eabi/bin/../lib/gcc/arm-none-eabi/15.2.1/thumb/v7e-m+dp/hard/libgcc.a(_udivmoddi4.o)
                0x08012ef4                __udivmoddi4
 .text._close   0x08013214       0x10 /Applications/ArmGNUToolchain/15.2.rel1/arm-none-eabi/bin/../lib/gcc/arm-none-eabi/15.2.1/../../../../arm-none-eabi/lib/thumb/v7e-m+dp/hard/libnosys.a(close.o)
                0x08013214                _close
 .text._fstat   0x08013224       0x10 /Applications/ArmGNUToolchain/15.2.rel1/arm-none-eabi/bin/../lib/gcc/arm-none-eabi/15.2.1/../../../../arm-none-eabi/lib/thumb/v7e-m+dp/hard/libnosys.a(fstat.o)
                0x08013224                _fstat
 .text._getpid  0x08013234       0x10 /Applications/ArmGNUToolchain/15.2.rel1/arm-none-eabi/bin/../lib/gcc/arm-none-eabi/15.2.1/../../../../arm-none-eabi/lib/thumb/v7e-m+dp/hard/libnosys.a(getpid.o)
                0x08013234                _getpid
 .text._isatty  0x08013244       0x10 /Applications/ArmGNUToolchain/15.2.rel1/arm-none-eabi/bin/../lib/gcc/arm-none-eabi/15.2.1/../../../../arm-none-eabi/lib/thumb/v7e-m+dp/hard/libnosys.a(isatty.o)
                0x08013244                _isatty
 .text._kill    0x08013254       0x10 /Applications/ArmGNUToolchain/15.2.rel1/arm-none-eabi/bin/../lib/gcc/arm-none-eabi/15.2.1/../../../../arm-none-eabi/lib/thumb/v7e-m+dp/hard/libnosys.a(kill.o)
                0x08013254                _kill
 .text._lseek   0x08013264       0x10 /Applications/ArmGNUToolchain/15.2.rel1/arm-none-eabi/bin/../lib/gcc/arm-none-eabi/15.2.1/../../../../arm-none-eabi/lib/thumb/v7e-m+dp/hard/libnosys.a(lseek.o)
                0x08013264                _lseek
 .text._read    0x08013274       0x10 /Applications/ArmGNUToolchain/15.2.rel1/arm-none-eabi/bin/../lib/gcc/arm-none-eabi/15.2.1/../../../../arm-none-eabi/lib/thumb/v7e-m+dp/hard/libnosys.a(read.o)
                0x08013274                _read
 .text._sbrk    0x08013284       0x1c /Applications/ArmGNUToolchain/15.2.rel1/arm-none-eabi/bin/../lib/gcc/arm-none-eabi/15.2.1/../../../../arm-none-eabi/lib/thumb/v7e-m+dp/hard/libnosys.a(sbrk.o)
                0x08013284                _sbrk
 .text._write   0x080132a0       0x10 /Applications/ArmGNUToolchain/15.2.rel1/arm-none-eabi/bin/../lib/gcc/arm-none-eabi/15.2.1/../../../../arm-none-eabi/lib/thumb/v7e-m+dp/hard/libnosys.a(write.o)
                0x080132a0                _write
 .text._exit    0x080132b0        0x4 /Applications/ArmGNUToolchain/15.2.rel1/arm-none-eabi/bin/../lib/gcc/arm-none-eabi/15.2.1/../../../../arm-none-eabi/lib/thumb/v7e-m+dp/hard/libnosys.a(_exit.o)
                0x080132b0                _exit
 *(.rodata)
 .rodata        0x080132b4      0x97c /var/folders/1v/94hwpjp57lg5xz2yxd0vst700000gn/T//ccxRZUoi.ltrans0.ltrans.o
                0x080132c4                D1CorePrescTable
 .rodata        0x08013c30       0xd4 /var/folders/1v/94hwpjp57lg5xz2yxd0vst700000gn/T//ccxRZUoi.ltrans1.ltrans.o
 .rodata        0x08013d04       0x52 /var/folders/1v/94hwpjp57lg5xz2yxd0vst700000gn/T//ccxRZUoi.ltrans2.ltrans.o
 *(.rodata*)
 .rodata.str1.1
                0x08013d56        0x0 /var/folders/1v/94hwpjp57lg5xz2yxd0vst700000gn/T//ccxRZUoi.ltrans0.ltrans.o
                                0x119 (size before relaxing)
 .rodata.str1.1
                0x08013d56        0x0 /var/folders/1v/94hwpjp57lg5xz2yxd0vst700000gn/T//ccxRZUoi.ltrans2.ltrans.o
                                  0x7 (size before relaxing)
 *fill*         0x08013d56        0x2 
 .rodata.__exp2f_data
                0x08013d58      0x148 /Applications/ArmGNUToolchain/15.2.rel1/arm-none-eabi/bin/../lib/gcc/arm-none-eabi/15.2.1/../../../../arm-none-eabi/lib/thumb/v7e-m+dp/hard/libm.a(libm_a-sf_exp2_data.o)
                0x08013d58                __exp2f_data
 .rodata.__exp_data
                0x08013ea0      0x870 /Applications/ArmGNUToolchain/15.2.rel1/arm-none-eabi/bin/../lib/gcc/arm-none-eabi/15.2.1/../../../../arm-none-eabi/lib/thumb/v7e-m+dp/hard/libm.a(libm_a-exp_data.o)
                0x08013ea0                __exp_data
 .rodata.__inv_pio4
                0x08014710       0x60 /Applications/ArmGNUToolchain/15.2.rel1/arm-none-eabi/bin/../lib/gcc/arm-none-eabi/15.2.1/../../../../arm-none-eabi/lib/thumb/v7e-m+dp/hard/libm.a(libm_a-sincosf_data.o)
                0x08014710                __inv_pio4
 .rodata.__sincosf_table
                0x08014770       0xe0 /Applications/ArmGNUToolchain/15.2.rel1/arm-none-eabi/bin/../lib/gcc/arm-none-eabi/15.2.1/../../../../arm-none-eabi/lib/thumb/v7e-m+dp/hard/libm.a(libm_a-sincosf_data.o)
                0x08014770                __sincosf_table
 .rodata.tiny   0x08014850        0x4 /Applications/ArmGNUToolchain/15.2.rel1/arm-none-eabi/bin/../lib/gcc/arm-none-eabi/15.2.1/../../../../arm-none-eabi/lib/thumb/v7e-m+dp/hard/libm.a(libm_a-sf_tanh.o)
 .rodata.two    0x08014854        0x4 /Applications/ArmGNUToolchain/15.2.rel1/arm-none-eabi/bin/../lib/gcc/arm-none-eabi/15.2.1/../../../../arm-none-eabi/lib/thumb/v7e-m+dp/hard/libm.a(libm_a-sf_tanh.o)
 .rodata.one    0x08014858        0x4 /Applications/ArmGNUToolchain/15.2.rel1/arm-none-eabi/bin/../lib/gcc/arm-none-eabi/15.2.1/../../../../arm-none-eabi/lib/thumb/v7e-m+dp/hard/libm.a(libm_a-sf_tanh.o)
 *fill*         0x0801485c        0x4 
 .rodata.__powf_log2_data
                0x08014860      0x128 /Applications/ArmGNUToolchain/15.2.rel1/arm-none-eabi/bin/../lib/gcc/arm-none-eabi/15.2.1/../../../../arm-none-eabi/lib/thumb/v7e-m+dp/hard/libm.a(libm_a-sf_pow_log2_data.o)
                0x08014860                __powf_log2_data
 .rodata.__assert_func.str1.1
                0x08014988      0x18f /Applications/ArmGNUToolchain/15.2.rel1/arm-none-eabi/bin/../lib/gcc/arm-none-eabi/15.2.1/../../../../arm-none-eabi/lib/thumb/v7e-m+dp/hard/libc_nano.a(libc_a-assert.o)
                                 0x3d (size before relaxing)
 .rodata._vfprintf_r.str1.1
                0x08014b17        0x0 /Applications/ArmGNUToolchain/15.2.rel1/arm-none-eabi/bin/../lib/gcc/arm-none-eabi/15.2.1/../../../../arm-none-eabi/lib/thumb/v7e-m+dp/hard/libc_nano.a(libc_a-nano-vfprintf.o)
                                 0x11 (size before relaxing)
 .rodata._printf_i.str1.1
                0x08014b17        0x0 /Applications/ArmGNUToolchain/15.2.rel1/arm-none-eabi/bin/../lib/gcc/arm-none-eabi/15.2.1/../../../../arm-none-eabi/lib/thumb/v7e-m+dp/hard/libc_nano.a(libc_a-nano-vfprintf_i.o)
                                 0x22 (size before relaxing)
 *(.glue_7)
 .glue_7        0x08014b17        0x0 linker stubs
 *(.glue_7t)
 .glue_7t       0x08014b17        0x0 linker stubs
 *(.init)
 *fill*         0x08014b17        0x1 
 .init          0x08014b18        0x4 /Applications/ArmGNUToolchain/15.2.rel1/arm-none-eabi/bin/../lib/gcc/arm-none-eabi/15.2.1/thumb/v7e-m+dp/hard/crti.o
                0x08014b18                _init
 .init          0x08014b1c        0x8 /Applications/ArmGNUToolchain/15.2.rel1/arm-none-eabi/bin/../lib/gcc/arm-none-eabi/15.2.1/thumb/v7e-m+dp/hard/crtn.o
 *(.fini)
 .fini          0x08014b24        0x4 /Applications/ArmGNUToolchain/15.2.rel1/arm-none-eabi/bin/../lib/gcc/arm-none-eabi/15.2.1/thumb/v7e-m+dp/hard/crti.o
                0x08014b24                _fini
 .fini          0x08014b28        0x8 /Applications/ArmGNUToolchain/15.2.rel1/arm-none-eabi/bin/../lib/gcc/arm-none-eabi/15.2.1/thumb/v7e-m+dp/hard/crtn.o
                0x08014b30                        . = ALIGN (0x4)
                0x08014b30                        _etext = .

.eh_frame       0x08014b30        0x0
 .eh_frame      0x08014b30        0x0 /Applications/ArmGNUToolchain/15.2.rel1/arm-none-eabi/bin/../lib/gcc/arm-none-eabi/15.2.1/thumb/v7e-m+dp/hard/crtbegin.o

.vfp11_veneer   0x08014b30        0x0
 .vfp11_veneer  0x08014b30        0x0 linker stubs

.v4_bx          0x08014b30        0x0
 .v4_bx         0x08014b30        0x0 linker stubs

.iplt           0x08014b30        0x0
 .iplt          0x08014b30        0x0 /Applications/ArmGNUToolchain/15.2.rel1/arm-none-eabi/bin/../lib/gcc/arm-none-eabi/15.2.1/thumb/v7e-m+dp/hard/crtbegin.o

.ARM.extab      0x08014b30        0x0
                0x08014b30                        . = ALIGN (0x4)
 *(.ARM.extab)
 *(.gnu.linkonce.armextab.*)
                0x08014b30                        . = ALIGN (0x4)

.exidx          0x08014b30        0x8
                0x08014b30                        . = ALIGN (0x4)
                [!provide]                        PROVIDE (__exidx_start = .)
 *(.ARM.exidx*)
 .ARM.exidx     0x08014b30        0x8 /Applications/ArmGNUToolchain/15.2.rel1/arm-none-eabi/bin/../lib/gcc/arm-none-eabi/15.2.1/../../../../arm-none-eabi/lib/thumb/v7e-m+dp/hard/libc_nano.a(libc_a-strcmp.o)
 .ARM.exidx     0x08014b38        0x0 /Applications/ArmGNUToolchain/15.2.rel1/arm-none-eabi/bin/../lib/gcc/arm-none-eabi/15.2.1/../../../../arm-none-eabi/lib/thumb/v7e-m+dp/hard/libc_nano.a(libc_a-memchr.o)
                                  0x8 (size before relaxing)
 .ARM.exidx     0x08014b38        0x0 /Applications/ArmGNUToolchain/15.2.rel1/arm-none-eabi/bin/../lib/gcc/arm-none-eabi/15.2.1/../../../../arm-none-eabi/lib/thumb/v7e-m+dp/hard/libc_nano.a(libc_a-strlen.o)
                                  0x8 (size before relaxing)
 .ARM.exidx.text.__udivmoddi4
                0x08014b38        0x0 /Applications/ArmGNUToolchain/15.2.rel1/arm-none-eabi/bin/../lib/gcc/arm-none-eabi/15.2.1/thumb/v7e-m+dp/hard/libgcc.a(_udivmoddi4.o)
                                  0x8 (size before relaxing)
                0x08014b38                        . = ALIGN (0x4)
                [!provide]                        PROVIDE (__exidx_end = .)

.rel.dyn        0x08014b38        0x0
 .rel.iplt      0x08014b38        0x0 /Applications/ArmGNUToolchain/15.2.rel1/arm-none-eabi/bin/../lib/gcc/arm-none-eabi/15.2.1/thumb/v7e-m+dp/hard/crtbegin.o

.ARM.attributes
                0x00000000       0x2e
 *(.ARM.attributes)
 .ARM.attributes
                0x00000000       0x20 /Applications/ArmGNUToolchain/15.2.rel1/arm-none-eabi/bin/../lib/gcc/arm-none-eabi/15.2.1/thumb/v7e-m+dp/hard/crti.o
 .ARM.attributes
                0x00000020       0x32 /Applications/ArmGNUToolchain/15.2.rel1/arm-none-eabi/bin/../lib/gcc/arm-none-eabi/15.2.1/thumb/v7e-m+dp/hard/crtbegin.o
 .ARM.attributes
                0x00000052       0x30 /var/folders/1v/94hwpjp57lg5xz2yxd0vst700000gn/T//ccxRZUoi.ltrans0.ltrans.o
 .ARM.attributes
                0x00000082       0x30 /var/folders/1v/94hwpjp57lg5xz2yxd0vst700000gn/T//ccxRZUoi.ltrans1.ltrans.o
 .ARM.attributes
                0x000000b2       0x30 /var/folders/1v/94hwpjp57lg5xz2yxd0vst700000gn/T//ccxRZUoi.ltrans2.ltrans.o
 .ARM.attributes
                0x000000e2       0x32 /Applications/ArmGNUToolchain/15.2.rel1/arm-none-eabi/bin/../lib/gcc/arm-none-eabi/15.2.1/../../../../arm-none-eabi/lib/thumb/v7e-m+dp/hard/libstdc++_nano.a(atexit_arm.o)
 .ARM.attributes
                0x00000114       0x32 /Applications/ArmGNUToolchain/15.2.rel1/arm-none-eabi/bin/../lib/gcc/arm-none-eabi/15.2.1/../../../../arm-none-eabi/lib/thumb/v7e-m+dp/hard/libstdc++_nano.a(del_ops.o)
 .ARM.attributes
                0x00000146       0x32 /Applications/ArmGNUToolchain/15.2.rel1/arm-none-eabi/bin/../lib/gcc/arm-none-eabi/15.2.1/../../../../arm-none-eabi/lib/thumb/v7e-m+dp/hard/libstdc++_nano.a(guard.o)
 .ARM.attributes
                0x00000178       0x32 /Applications/ArmGNUToolchain/15.2.rel1/arm-none-eabi/bin/../lib/gcc/arm-none-eabi/15.2.1/../../../../arm-none-eabi/lib/thumb/v7e-m+dp/hard/libstdc++_nano.a(functional.o)
 .ARM.attributes
                0x000001aa       0x32 /Applications/ArmGNUToolchain/15.2.rel1/arm-none-eabi/bin/../lib/gcc/arm-none-eabi/15.2.1/../../../../arm-none-eabi/lib/thumb/v7e-m+dp/hard/libstdc++_nano.a(del_op.o)
 .ARM.attributes
                0x000001dc       0x32 /Applications/ArmGNUToolchain/15.2.rel1/arm-none-eabi/bin/../lib/gcc/arm-none-eabi/15.2.1/../../../../arm-none-eabi/lib/thumb/v7e-m+dp/hard/libm.a(libm_a-sf_exp.o)
 .ARM.attributes
                0x0000020e       0x32 /Applications/ArmGNUToolchain/15.2.rel1/arm-none-eabi/bin/../lib/gcc/arm-none-eabi/15.2.1/../../../../arm-none-eabi/lib/thumb/v7e-m+dp/hard/libm.a(libm_a-sf_exp2_data.o)
 .ARM.attributes
                0x00000240       0x32 /Applications/ArmGNUToolchain/15.2.rel1/arm-none-eabi/bin/../lib/gcc/arm-none-eabi/15.2.1/../../../../arm-none-eabi/lib/thumb/v7e-m+dp/hard/libm.a(libm_a-exp.o)
 .ARM.attributes
                0x00000272       0x32 /Applications/ArmGNUToolchain/15.2.rel1/arm-none-eabi/bin/../lib/gcc/arm-none-eabi/15.2.1/../../../../arm-none-eabi/lib/thumb/v7e-m+dp/hard/libm.a(libm_a-exp_data.o)
 .ARM.attributes
                0x000002a4       0x32 /Applications/ArmGNUToolchain/15.2.rel1/arm-none-eabi/bin/../lib/gcc/arm-none-eabi/15.2.1/../../../../arm-none-eabi/lib/thumb/v7e-m+dp/hard/libm.a(libm_a-math_err.o)
 .ARM.attributes
                0x000002d6       0x32 /Applications/ArmGNUToolchain/15.2.rel1/arm-none-eabi/bin/../lib/gcc/arm-none-eabi/15.2.1/../../../../arm-none-eabi/lib/thumb/v7e-m+dp/hard/libm.a(libm_a-sf_pow.o)
 .ARM.attributes
                0x00000308       0x32 /Applications/ArmGNUToolchain/15.2.rel1/arm-none-eabi/bin/../lib/gcc/arm-none-eabi/15.2.1/../../../../arm-none-eabi/lib/thumb/v7e-m+dp/hard/libm.a(libm_a-sinf.o)
 .ARM.attributes
                0x0000033a       0x32 /Applications/ArmGNUToolchain/15.2.rel1/arm-none-eabi/bin/../lib/gcc/arm-none-eabi/15.2.1/../../../../arm-none-eabi/lib/thumb/v7e-m+dp/hard/libm.a(libm_a-cosf.o)
 .ARM.attributes
                0x0000036c       0x32 /Applications/ArmGNUToolchain/15.2.rel1/arm-none-eabi/bin/../lib/gcc/arm-none-eabi/15.2.1/../../../../arm-none-eabi/lib/thumb/v7e-m+dp/hard/libm.a(libm_a-sincosf_data.o)
 .ARM.attributes
                0x0000039e       0x32 /Applications/ArmGNUToolchain/15.2.rel1/arm-none-eabi/bin/../lib/gcc/arm-none-eabi/15.2.1/../../../../arm-none-eabi/lib/thumb/v7e-m+dp/hard/libm.a(libm_a-math_errf.o)
 .ARM.attributes
                0x000003d0       0x32 /Applications/ArmGNUToolchain/15.2.rel1/arm-none-eabi/bin/../lib/gcc/arm-none-eabi/15.2.1/../../../../arm-none-eabi/lib/thumb/v7e-m+dp/hard/libm.a(libm_a-wf_sqrt.o)
 .ARM.attributes
                0x00000402       0x32 /Applications/ArmGNUToolchain/15.2.rel1/arm-none-eabi/bin/../lib/gcc/arm-none-eabi/15.2.1/../../../../arm-none-eabi/lib/thumb/v7e-m+dp/hard/libm.a(libm_a-sf_tanh.o)
 .ARM.attributes
                0x00000434       0x32 /Applications/ArmGNUToolchain/15.2.rel1/arm-none-eabi/bin/../lib/gcc/arm-none-eabi/15.2.1/../../../../arm-none-eabi/lib/thumb/v7e-m+dp/hard/libm.a(libm_a-ef_sqrt.o)
 .ARM.attributes
                0x00000466       0x32 /Applications/ArmGNUToolchain/15.2.rel1/arm-none-eabi/bin/../lib/gcc/arm-none-eabi/15.2.1/../../../../arm-none-eabi/lib/thumb/v7e-m+dp/hard/libm.a(libm_a-sf_pow_log2_data.o)
 .ARM.attributes
                0x00000498       0x32 /Applications/ArmGNUToolchain/15.2.rel1/arm-none-eabi/bin/../lib/gcc/arm-none-eabi/15.2.1/../../../../arm-none-eabi/lib/thumb/v7e-m+dp/hard/libm.a(libm_a-sf_expm1.o)
 .ARM.attributes
                0x000004ca       0x32 /Applications/ArmGNUToolchain/15.2.rel1/arm-none-eabi/bin/../lib/gcc/arm-none-eabi/15.2.1/../../../../arm-none-eabi/lib/thumb/v7e-m+dp/hard/libm.a(libm_a-sf_fabs.o)
 .ARM.attributes
                0x000004fc       0x32 /Applications/ArmGNUToolchain/15.2.rel1/arm-none-eabi/bin/../lib/gcc/arm-none-eabi/15.2.1/../../../../arm-none-eabi/lib/thumb/v7e-m+dp/hard/libc_nano.a(libc_a-abort.o)
 .ARM.attributes
                0x0000052e       0x32 /Applications/ArmGNUToolchain/15.2.rel1/arm-none-eabi/bin/../lib/gcc/arm-none-eabi/15.2.1/../../../../arm-none-eabi/lib/thumb/v7e-m+dp/hard/libc_nano.a(libc_a-assert.o)
 .ARM.attributes
                0x00000560       0x32 /Applications/ArmGNUToolchain/15.2.rel1/arm-none-eabi/bin/../lib/gcc/arm-none-eabi/15.2.1/../../../../arm-none-eabi/lib/thumb/v7e-m+dp/hard/libc_nano.a(libc_a-malloc.o)
 .ARM.attributes
                0x00000592       0x32 /Applications/ArmGNUToolchain/15.2.rel1/arm-none-eabi/bin/../lib/gcc/arm-none-eabi/15.2.1/../../../../arm-none-eabi/lib/thumb/v7e-m+dp/hard/libc_nano.a(libc_a-mallocr.o)
 .ARM.attributes
                0x000005c4       0x32 /Applications/ArmGNUToolchain/15.2.rel1/arm-none-eabi/bin/../lib/gcc/arm-none-eabi/15.2.1/../../../../arm-none-eabi/lib/thumb/v7e-m+dp/hard/libc_nano.a(libc_a-mlock.o)
 .ARM.attributes
                0x000005f6       0x32 /Applications/ArmGNUToolchain/15.2.rel1/arm-none-eabi/bin/../lib/gcc/arm-none-eabi/15.2.1/../../../../arm-none-eabi/lib/thumb/v7e-m+dp/hard/libc_nano.a(libc_a-findfp.o)
 .ARM.attributes
                0x00000628       0x32 /Applications/ArmGNUToolchain/15.2.rel1/arm-none-eabi/bin/../lib/gcc/arm-none-eabi/15.2.1/../../../../arm-none-eabi/lib/thumb/v7e-m+dp/hard/libc_nano.a(libc_a-fprintf.o)
 .ARM.attributes
                0x0000065a       0x32 /Applications/ArmGNUToolchain/15.2.rel1/arm-none-eabi/bin/../lib/gcc/arm-none-eabi/15.2.1/../../../../arm-none-eabi/lib/thumb/v7e-m+dp/hard/libc_nano.a(libc_a-fwalk.o)
 .ARM.attributes
                0x0000068c       0x32 /Applications/ArmGNUToolchain/15.2.rel1/arm-none-eabi/bin/../lib/gcc/arm-none-eabi/15.2.1/../../../../arm-none-eabi/lib/thumb/v7e-m+dp/hard/libc_nano.a(libc_a-memset.o)
 .ARM.attributes
                0x000006be       0x32 /Applications/ArmGNUToolchain/15.2.rel1/arm-none-eabi/bin/../lib/gcc/arm-none-eabi/15.2.1/../../../../arm-none-eabi/lib/thumb/v7e-m+dp/hard/libc_nano.a(libc_a-signal.o)
 .ARM.attributes
                0x000006f0       0x32 /Applications/ArmGNUToolchain/15.2.rel1/arm-none-eabi/bin/../lib/gcc/arm-none-eabi/15.2.1/../../../../arm-none-eabi/lib/thumb/v7e-m+dp/hard/libc_nano.a(libc_a-signalr.o)
 .ARM.attributes
                0x00000722       0x32 /Applications/ArmGNUToolchain/15.2.rel1/arm-none-eabi/bin/../lib/gcc/arm-none-eabi/15.2.1/../../../../arm-none-eabi/lib/thumb/v7e-m+dp/hard/libc_nano.a(libc_a-sbrkr.o)
 .ARM.attributes
                0x00000754       0x32 /Applications/ArmGNUToolchain/15.2.rel1/arm-none-eabi/bin/../lib/gcc/arm-none-eabi/15.2.1/../../../../arm-none-eabi/lib/thumb/v7e-m+dp/hard/libc_nano.a(libc_a-errno.o)
 .ARM.attributes
                0x00000786       0x32 /Applications/ArmGNUToolchain/15.2.rel1/arm-none-eabi/bin/../lib/gcc/arm-none-eabi/15.2.1/../../../../arm-none-eabi/lib/thumb/v7e-m+dp/hard/libc_nano.a(libc_a-init.o)
 .ARM.attributes
                0x000007b8       0x32 /Applications/ArmGNUToolchain/15.2.rel1/arm-none-eabi/bin/../lib/gcc/arm-none-eabi/15.2.1/../../../../arm-none-eabi/lib/thumb/v7e-m+dp/hard/libc_nano.a(libc_a-lock.o)
 .ARM.attributes
                0x000007ea       0x32 /Applications/ArmGNUToolchain/15.2.rel1/arm-none-eabi/bin/../lib/gcc/arm-none-eabi/15.2.1/../../../../arm-none-eabi/lib/thumb/v7e-m+dp/hard/libc_nano.a(libc_a-reent.o)
 .ARM.attributes
                0x0000081c       0x32 /Applications/ArmGNUToolchain/15.2.rel1/arm-none-eabi/bin/../lib/gcc/arm-none-eabi/15.2.1/../../../../arm-none-eabi/lib/thumb/v7e-m+dp/hard/libc_nano.a(libc_a-impure.o)
 .ARM.attributes
                0x0000084e       0x32 /Applications/ArmGNUToolchain/15.2.rel1/arm-none-eabi/bin/../lib/gcc/arm-none-eabi/15.2.1/../../../../arm-none-eabi/lib/thumb/v7e-m+dp/hard/libc_nano.a(libc_a-cxa_atexit.o)
 .ARM.attributes
                0x00000880       0x1e /Applications/ArmGNUToolchain/15.2.rel1/arm-none-eabi/bin/../lib/gcc/arm-none-eabi/15.2.1/../../../../arm-none-eabi/lib/thumb/v7e-m+dp/hard/libc_nano.a(libc_a-strcmp.o)
 .ARM.attributes
                0x0000089e       0x32 /Applications/ArmGNUToolchain/15.2.rel1/arm-none-eabi/bin/../lib/gcc/arm-none-eabi/15.2.1/../../../../arm-none-eabi/lib/thumb/v7e-m+dp/hard/libc_nano.a(libc_a-freer.o)
 .ARM.attributes
                0x000008d0       0x32 /Applications/ArmGNUToolchain/15.2.rel1/arm-none-eabi/bin/../lib/gcc/arm-none-eabi/15.2.1/../../../../arm-none-eabi/lib/thumb/v7e-m+dp/hard/libc_nano.a(libc_a-nano-vfprintf.o)
 .ARM.attributes
                0x00000902       0x32 /Applications/ArmGNUToolchain/15.2.rel1/arm-none-eabi/bin/../lib/gcc/arm-none-eabi/15.2.1/../../../../arm-none-eabi/lib/thumb/v7e-m+dp/hard/libc_nano.a(libc_a-nano-vfprintf_i.o)
 .ARM.attributes
                0x00000934       0x32 /Applications/ArmGNUToolchain/15.2.rel1/arm-none-eabi/bin/../lib/gcc/arm-none-eabi/15.2.1/../../../../arm-none-eabi/lib/thumb/v7e-m+dp/hard/libc_nano.a(libc_a-stdio.o)
 .ARM.attributes
                0x00000966       0x32 /Applications/ArmGNUToolchain/15.2.rel1/arm-none-eabi/bin/../lib/gcc/arm-none-eabi/15.2.1/../../../../arm-none-eabi/lib/thumb/v7e-m+dp/hard/libc_nano.a(libc_a-fflush.o)
 .ARM.attributes
                0x00000998       0x32 /Applications/ArmGNUToolchain/15.2.rel1/arm-none-eabi/bin/../lib/gcc/arm-none-eabi/15.2.1/../../../../arm-none-eabi/lib/thumb/v7e-m+dp/hard/libc_nano.a(libc_a-wbuf.o)
 .ARM.attributes
                0x000009ca       0x32 /Applications/ArmGNUToolchain/15.2.rel1/arm-none-eabi/bin/../lib/gcc/arm-none-eabi/15.2.1/../../../../arm-none-eabi/lib/thumb/v7e-m+dp/hard/libc_nano.a(libc_a-wsetup.o)
 .ARM.attributes
                0x000009fc       0x32 /Applications/ArmGNUToolchain/15.2.rel1/arm-none-eabi/bin/../lib/gcc/arm-none-eabi/15.2.1/../../../../arm-none-eabi/lib/thumb/v7e-m+dp/hard/libc_nano.a(libc_a-makebuf.o)
 .ARM.attributes
                0x00000a2e       0x32 /Applications/ArmGNUToolchain/15.2.rel1/arm-none-eabi/bin/../lib/gcc/arm-none-eabi/15.2.1/../../../../arm-none-eabi/lib/thumb/v7e-m+dp/hard/libc_nano.a(libc_a-isattyr.o)
 .ARM.attributes
                0x00000a60       0x32 /Applications/ArmGNUToolchain/15.2.rel1/arm-none-eabi/bin/../lib/gcc/arm-none-eabi/15.2.1/../../../../arm-none-eabi/lib/thumb/v7e-m+dp/hard/libc_nano.a(libc_a-lseekr.o)
 .ARM.attributes
                0x00000a92       0x32 /Applications/ArmGNUToolchain/15.2.rel1/arm-none-eabi/bin/../lib/gcc/arm-none-eabi/15.2.1/../../../../arm-none-eabi/lib/thumb/v7e-m+dp/hard/libc_nano.a(libc_a-readr.o)
 .ARM.attributes
                0x00000ac4       0x32 /Applications/ArmGNUToolchain/15.2.rel1/arm-none-eabi/bin/../lib/gcc/arm-none-eabi/15.2.1/../../../../arm-none-eabi/lib/thumb/v7e-m+dp/hard/libc_nano.a(libc_a-writer.o)
 .ARM.attributes
                0x00000af6       0x32 /Applications/ArmGNUToolchain/15.2.rel1/arm-none-eabi/bin/../lib/gcc/arm-none-eabi/15.2.1/../../../../arm-none-eabi/lib/thumb/v7e-m+dp/hard/libc_nano.a(libc_a-closer.o)
 .ARM.attributes
                0x00000b28       0x32 /Applications/ArmGNUToolchain/15.2.rel1/arm-none-eabi/bin/../lib/gcc/arm-none-eabi/15.2.1/../../../../arm-none-eabi/lib/thumb/v7e-m+dp/hard/libc_nano.a(libc_a-fstatr.o)
 .ARM.attributes
                0x00000b5a       0x1c /Applications/ArmGNUToolchain/15.2.rel1/arm-none-eabi/bin/../lib/gcc/arm-none-eabi/15.2.1/../../../../arm-none-eabi/lib/thumb/v7e-m+dp/hard/libc_nano.a(libc_a-memchr.o)
 .ARM.attributes
                0x00000b76       0x32 /Applications/ArmGNUToolchain/15.2.rel1/arm-none-eabi/bin/../lib/gcc/arm-none-eabi/15.2.1/../../../../arm-none-eabi/lib/thumb/v7e-m+dp/hard/libc_nano.a(libc_a-memcpy-stub.o)
 .ARM.attributes
                0x00000ba8       0x17 /Applications/ArmGNUToolchain/15.2.rel1/arm-none-eabi/bin/../lib/gcc/arm-none-eabi/15.2.1/../../../../arm-none-eabi/lib/thumb/v7e-m+dp/hard/libc_nano.a(libc_a-strlen.o)
 .ARM.attributes
                0x00000bbf       0x20 /Applications/ArmGNUToolchain/15.2.rel1/arm-none-eabi/bin/../lib/gcc/arm-none-eabi/15.2.1/thumb/v7e-m+dp/hard/libgcc.a(_arm_addsubdf3.o)
 .ARM.attributes
                0x00000bdf       0x20 /Applications/ArmGNUToolchain/15.2.rel1/arm-none-eabi/bin/../lib/gcc/arm-none-eabi/15.2.1/thumb/v7e-m+dp/hard/libgcc.a(_aeabi_uldivmod.o)
 .ARM.attributes
                0x00000bff       0x32 /Applications/ArmGNUToolchain/15.2.rel1/arm-none-eabi/bin/../lib/gcc/arm-none-eabi/15.2.1/thumb/v7e-m+dp/hard/libgcc.a(_udivmoddi4.o)
 .ARM.attributes
                0x00000c31       0x20 /Applications/ArmGNUToolchain/15.2.rel1/arm-none-eabi/bin/../lib/gcc/arm-none-eabi/15.2.1/thumb/v7e-m+dp/hard/libgcc.a(_dvmd_tls.o)
 .ARM.attributes
                0x00000c51       0x32 /Applications/ArmGNUToolchain/15.2.rel1/arm-none-eabi/bin/../lib/gcc/arm-none-eabi/15.2.1/../../../../arm-none-eabi/lib/thumb/v7e-m+dp/hard/libnosys.a(close.o)
 .ARM.attributes
                0x00000c83       0x32 /Applications/ArmGNUToolchain/15.2.rel1/arm-none-eabi/bin/../lib/gcc/arm-none-eabi/15.2.1/../../../../arm-none-eabi/lib/thumb/v7e-m+dp/hard/libnosys.a(fstat.o)
 .ARM.attributes
                0x00000cb5       0x32 /Applications/ArmGNUToolchain/15.2.rel1/arm-none-eabi/bin/../lib/gcc/arm-none-eabi/15.2.1/../../../../arm-none-eabi/lib/thumb/v7e-m+dp/hard/libnosys.a(getpid.o)
 .ARM.attributes
                0x00000ce7       0x32 /Applications/ArmGNUToolchain/15.2.rel1/arm-none-eabi/bin/../lib/gcc/arm-none-eabi/15.2.1/../../../../arm-none-eabi/lib/thumb/v7e-m+dp/hard/libnosys.a(isatty.o)
 .ARM.attributes
                0x00000d19       0x32 /Applications/ArmGNUToolchain/15.2.rel1/arm-none-eabi/bin/../lib/gcc/arm-none-eabi/15.2.1/../../../../arm-none-eabi/lib/thumb/v7e-m+dp/hard/libnosys.a(kill.o)
 .ARM.attributes
                0x00000d4b       0x32 /Applications/ArmGNUToolchain/15.2.rel1/arm-none-eabi/bin/../lib/gcc/arm-none-eabi/15.2.1/../../../../arm-none-eabi/lib/thumb/v7e-m+dp/hard/libnosys.a(lseek.o)
 .ARM.attributes
                0x00000d7d       0x32 /Applications/ArmGNUToolchain/15.2.rel1/arm-none-eabi/bin/../lib/gcc/arm-none-eabi/15.2.1/../../../../arm-none-eabi/lib/thumb/v7e-m+dp/hard/libnosys.a(read.o)
 .ARM.attributes
                0x00000daf       0x32 /Applications/ArmGNUToolchain/15.2.rel1/arm-none-eabi/bin/../lib/gcc/arm-none-eabi/15.2.1/../../../../arm-none-eabi/lib/thumb/v7e-m+dp/hard/libnosys.a(sbrk.o)
 .ARM.attributes
                0x00000de1       0x32 /Applications/ArmGNUToolchain/15.2.rel1/arm-none-eabi/bin/../lib/gcc/arm-none-eabi/15.2.1/../../../../arm-none-eabi/lib/thumb/v7e-m+dp/hard/libnosys.a(write.o)
 .ARM.attributes
                0x00000e13       0x32 /Applications/ArmGNUToolchain/15.2.rel1/arm-none-eabi/bin/../lib/gcc/arm-none-eabi/15.2.1/../../../../arm-none-eabi/lib/thumb/v7e-m+dp/hard/libnosys.a(_exit.o)
 .ARM.attributes
                0x00000e45       0x32 /Applications/ArmGNUToolchain/15.2.rel1/arm-none-eabi/bin/../lib/gcc/arm-none-eabi/15.2.1/thumb/v7e-m+dp/hard/crtend.o
 .ARM.attributes
                0x00000e77       0x20 /Applications/ArmGNUToolchain/15.2.rel1/arm-none-eabi/bin/../lib/gcc/arm-none-eabi/15.2.1/thumb/v7e-m+dp/hard/crtn.o

.preinit_array  0x08014b38        0x0
                0x08014b38                        PROVIDE (__preinit_array_start = .)
 *(.preinit_array*)
                0x08014b38                        PROVIDE (__preinit_array_end = .)

.init_array     0x08014b38        0x8
                0x08014b38                        PROVIDE (__init_array_start = .)
 *(SORT_BY_NAME(.init_array.*))
 *(.init_array*)
 .init_array    0x08014b38        0x4 /Applications/ArmGNUToolchain/15.2.rel1/arm-none-eabi/bin/../lib/gcc/arm-none-eabi/15.2.1/thumb/v7e-m+dp/hard/crtbegin.o
 .init_array    0x08014b3c        0x4 /var/folders/1v/94hwpjp57lg5xz2yxd0vst700000gn/T//ccxRZUoi.ltrans2.ltrans.o
                0x08014b40                        PROVIDE (__init_array_end = .)

.fini_array     0x08014b40        0x4
                [!provide]                        PROVIDE (__fini_array_start = .)
 *(.fini_array*)
 .fini_array    0x08014b40        0x4 /Applications/ArmGNUToolchain/15.2.rel1/arm-none-eabi/bin/../lib/gcc/arm-none-eabi/15.2.1/thumb/v7e-m+dp/hard/crtbegin.o
 *(SORT_BY_NAME(.fini_array.*))
                [!provide]                        PROVIDE (__fini_array_end = .)

.data           0x24000000      0x338 load address 0x08014b44
                0x24000000                        . = ALIGN (0x4)
                0x24000000                        _sdata = .
                [!provide]                        PROVIDE (__data_start__ = _sdata)
 *(.data)
 .data          0x24000000      0x1bc /var/folders/1v/94hwpjp57lg5xz2yxd0vst700000gn/T//ccxRZUoi.ltrans0.ltrans.o
                0x24000004                SystemCoreClock
                0x24000050                daisy::SpiHandle::Impl::queued_dma_transfers_
                0x240000c0                daisy::UartHandler::Impl::queued_dma_transfers_
 .data          0x240001bc      0x11a /var/folders/1v/94hwpjp57lg5xz2yxd0vst700000gn/T//ccxRZUoi.ltrans1.ltrans.o
                0x240001bc                _ZL13pins_none_spi.lto_priv.0
                0x240001bf                pins_none
                0x240001c8                lpuart1_pins_rx
                0x240001d1                lpuart1_pins_tx
                0x240001da                uart7_pins_tx
                0x240001e3                usart6_pins_rx
                0x240001f5                uart5_pins_tx
                0x24000210                usart3_pins_rx
                0x24000219                usart3_pins_tx
                0x24000222                usart2_pins_rx
                0x2400022b                usart2_pins_tx
                0x24000234                usart1_pins_rx
                0x2400023d                usart1_pins_tx
                0x24000246                _ZL13spi6_pins_nss.lto_priv.0
                0x2400024f                _ZL14spi6_pins_mosi.lto_priv.0
                0x24000258                _ZL14spi6_pins_miso.lto_priv.0
                0x24000261                _ZL14spi6_pins_sclk.lto_priv.0
                0x2400026a                _ZL13spi3_pins_nss.lto_priv.0
                0x24000273                _ZL14spi3_pins_mosi.lto_priv.0
                0x2400027c                _ZL14spi3_pins_miso.lto_priv.0
                0x24000285                _ZL14spi3_pins_sclk.lto_priv.0
                0x240002a0                _ZL14spi2_pins_miso.lto_priv.0
                0x240002a9                _ZL14spi2_pins_sclk.lto_priv.0
                0x240002b2                _ZL13spi1_pins_nss.lto_priv.0
                0x240002bb                _ZL14spi1_pins_mosi.lto_priv.0
                0x240002cd                _ZL14spi1_pins_sclk.lto_priv.0
 *(.data*)
 *fill*         0x240002d6        0x2 
 .data.__dso_handle
                0x240002d8        0x4 /Applications/ArmGNUToolchain/15.2.rel1/arm-none-eabi/bin/../lib/gcc/arm-none-eabi/15.2.1/thumb/v7e-m+dp/hard/crtbegin.o
                0x240002d8                __dso_handle
 .data.__sglue  0x240002dc        0xc /Applications/ArmGNUToolchain/15.2.rel1/arm-none-eabi/bin/../lib/gcc/arm-none-eabi/15.2.1/../../../../arm-none-eabi/lib/thumb/v7e-m+dp/hard/libc_nano.a(libc_a-findfp.o)
                0x240002dc                __sglue
 .data._impure_ptr
                0x240002e8        0x4 /Applications/ArmGNUToolchain/15.2.rel1/arm-none-eabi/bin/../lib/gcc/arm-none-eabi/15.2.1/../../../../arm-none-eabi/lib/thumb/v7e-m+dp/hard/libc_nano.a(libc_a-impure.o)
                0x240002e8                _impure_ptr
 .data._impure_data
                0x240002ec       0x4c /Applications/ArmGNUToolchain/15.2.rel1/arm-none-eabi/bin/../lib/gcc/arm-none-eabi/15.2.1/../../../../arm-none-eabi/lib/thumb/v7e-m+dp/hard/libc_nano.a(libc_a-impure.o)
                0x240002ec                _impure_data
                0x24000338                        . = ALIGN (0x4)
                0x24000338                        _edata = .
                [!provide]                        PROVIDE (__data_end__ = _edata)
                0x08014b44                        _sidata = LOADADDR (.data)

.tm_clone_table
                0x24000338        0x0 load address 0x08014e7c
 .tm_clone_table
                0x24000338        0x0 /Applications/ArmGNUToolchain/15.2.rel1/arm-none-eabi/bin/../lib/gcc/arm-none-eabi/15.2.1/thumb/v7e-m+dp/hard/crtbegin.o
 .tm_clone_table
                0x24000338        0x0 /Applications/ArmGNUToolchain/15.2.rel1/arm-none-eabi/bin/../lib/gcc/arm-none-eabi/15.2.1/thumb/v7e-m+dp/hard/crtend.o

.igot.plt       0x24000338        0x0 load address 0x08014e7c
 .igot.plt      0x24000338        0x0 /Applications/ArmGNUToolchain/15.2.rel1/arm-none-eabi/bin/../lib/gcc/arm-none-eabi/15.2.1/thumb/v7e-m+dp/hard/crtbegin.o

.bss            0x24000338    0x29c48 load address 0x08014e7c
                0x24000338                        . = ALIGN (0x4)
                0x24000338                        _sbss = .
                0x24000338                        PROVIDE (__bss_start__ = _sbss)
 *(.bss)
 .bss           0x24000338    0x2924c /var/folders/1v/94hwpjp57lg5xz2yxd0vst700000gn/T//ccxRZUoi.ltrans0.ltrans.o
                0x2400033c                _ZN5daisyL9qspi_implE.lto_priv.0
                0x240003cc                _ZN5daisyL12audio_handleE.lto_priv.0
                0x24000404                _ZL3adc.lto_priv.0
                0x24000a70                _ZN5daisyL10dac_handleE.lto_priv.0
                0x24000c0c                _ZN5daisyL11i2c_handlesE.lto_priv.0
                0x24000f8c                uwTick
                0x24000f91                daisy::SpiHandle::Impl::dma_active_peripheral_
                0x24000f92                daisy::UartHandler::Impl::dma_active_peripheral_
                0x24000f94                daisy::System::tim_
                0x24000f98                _ZN5daisyL11tim_handlesE.lto_priv.0
                0x24001128                _ZL9dsy_sdram.lto_priv.0
                0x24001164                _ZN5daisyL11sai_handlesE.lto_priv.0
                0x2400161c                _ZL11spi_handles.lto_priv.0
                0x24001fdc                _ZL12uart_handles.lto_priv.0
                0x24002f60                SystemD2Clock
                0x24002f64                _ZZ4mainE3app.lto_priv.0
 .bss           0x24029584      0x890 /var/folders/1v/94hwpjp57lg5xz2yxd0vst700000gn/T//ccxRZUoi.ltrans1.ltrans.o
                0x24029584                hpcd_USB_OTG_HS
                0x24029da8                uart8_pins_rx
                0x24029db1                uart8_pins_tx
                0x24029dba                uart7_pins_rx
                0x24029dc3                usart6_pins_tx
                0x24029dcc                _ZL13spi5_pins_nss.lto_priv.0
                0x24029dd5                _ZL14spi5_pins_mosi.lto_priv.0
                0x24029dde                _ZL14spi5_pins_miso.lto_priv.0
                0x24029de7                _ZL14spi5_pins_sclk.lto_priv.0
                0x24029df0                _ZL13spi4_pins_nss.lto_priv.0
                0x24029df9                _ZL14spi4_pins_mosi.lto_priv.0
                0x24029e02                _ZL14spi4_pins_miso.lto_priv.0
                0x24029e0b                _ZL14spi4_pins_sclk.lto_priv.0
 *(.bss*)
 .bss.completed.1
                0x24029e14        0x1 /Applications/ArmGNUToolchain/15.2.rel1/arm-none-eabi/bin/../lib/gcc/arm-none-eabi/15.2.1/thumb/v7e-m+dp/hard/crtbegin.o
 *fill*         0x24029e15        0x3 
 .bss.object.0  0x24029e18       0x18 /Applications/ArmGNUToolchain/15.2.rel1/arm-none-eabi/bin/../lib/gcc/arm-none-eabi/15.2.1/thumb/v7e-m+dp/hard/crtbegin.o
 .bss.__malloc_sbrk_start
                0x24029e30        0x4 /Applications/ArmGNUToolchain/15.2.rel1/arm-none-eabi/bin/../lib/gcc/arm-none-eabi/15.2.1/../../../../arm-none-eabi/lib/thumb/v7e-m+dp/hard/libc_nano.a(libc_a-mallocr.o)
                0x24029e30                __malloc_sbrk_start
 .bss.__malloc_free_list
                0x24029e34        0x4 /Applications/ArmGNUToolchain/15.2.rel1/arm-none-eabi/bin/../lib/gcc/arm-none-eabi/15.2.1/../../../../arm-none-eabi/lib/thumb/v7e-m+dp/hard/libc_nano.a(libc_a-mallocr.o)
                0x24029e34                __malloc_free_list
 .bss.__sf      0x24029e38      0x138 /Applications/ArmGNUToolchain/15.2.rel1/arm-none-eabi/bin/../lib/gcc/arm-none-eabi/15.2.1/../../../../arm-none-eabi/lib/thumb/v7e-m+dp/hard/libc_nano.a(libc_a-findfp.o)
                0x24029e38                __sf
 .bss.__stdio_exit_handler
                0x24029f70        0x4 /Applications/ArmGNUToolchain/15.2.rel1/arm-none-eabi/bin/../lib/gcc/arm-none-eabi/15.2.1/../../../../arm-none-eabi/lib/thumb/v7e-m+dp/hard/libc_nano.a(libc_a-findfp.o)
                0x24029f70                __stdio_exit_handler
 .bss.__lock___malloc_recursive_mutex
                0x24029f74        0x1 /Applications/ArmGNUToolchain/15.2.rel1/arm-none-eabi/bin/../lib/gcc/arm-none-eabi/15.2.1/../../../../arm-none-eabi/lib/thumb/v7e-m+dp/hard/libc_nano.a(libc_a-lock.o)
                0x24029f74                __lock___malloc_recursive_mutex
 .bss.__lock___sfp_recursive_mutex
                0x24029f75        0x1 /Applications/ArmGNUToolchain/15.2.rel1/arm-none-eabi/bin/../lib/gcc/arm-none-eabi/15.2.1/../../../../arm-none-eabi/lib/thumb/v7e-m+dp/hard/libc_nano.a(libc_a-lock.o)
                0x24029f75                __lock___sfp_recursive_mutex
 *fill*         0x24029f76        0x2 
 .bss.errno     0x24029f78        0x4 /Applications/ArmGNUToolchain/15.2.rel1/arm-none-eabi/bin/../lib/gcc/arm-none-eabi/15.2.1/../../../../arm-none-eabi/lib/thumb/v7e-m+dp/hard/libc_nano.a(libc_a-reent.o)
                0x24029f78                errno
 .bss.heap_end.0
                0x24029f7c        0x4 /Applications/ArmGNUToolchain/15.2.rel1/arm-none-eabi/bin/../lib/gcc/arm-none-eabi/15.2.1/../../../../arm-none-eabi/lib/thumb/v7e-m+dp/hard/libnosys.a(sbrk.o)
 *(COMMON)
                0x24029f80                        . = ALIGN (0x4)
                0x24029f80                        _ebss = .
                0x24029f80                        PROVIDE (__bss_end__ = _ebss)
                0x24029f80                        PROVIDE (end = .)

.dtcmram_bss    0x20000000        0x0
                0x20000000                        . = ALIGN (0x4)
                0x20000000                        _sdtcmram_bss = .
                [!provide]                        PROVIDE (__dtcmram_bss_start__ = _sdtcmram_bss)
 *(.dtcmram_bss)
 *(.dtcmram_bss*)
                0x20000000                        . = ALIGN (0x4)
                0x20000000                        _edtcmram_bss = .
                [!provide]                        PROVIDE (__dtcmram_bss_end__ = _edtcmram_bss)

.sram1_bss      0x30000000     0x4344
                0x30000000                        . = ALIGN (0x4)
                0x30000000                        _ssram1_bss = .
                [!provide]                        PROVIDE (__sram1_bss_start__ = _sram1_bss)
 *(.sram1_bss)
 .sram1_bss     0x30000000     0x4344 /var/folders/1v/94hwpjp57lg5xz2yxd0vst700000gn/T//ccxRZUoi.ltrans0.ltrans.o
                0x30000140                _ZL22field_led_dma_buffer_a.lto_priv.0
                0x300001c2                _ZL22field_led_dma_buffer_b.lto_priv.0
 *(.sram1_bss*)
                0x30004344                        . = ALIGN (0x4)
                0x30004344                        _esram1_bss = .
                [!provide]                        PROVIDE (__sram1_bss_end__ = _esram1_bss)

.sdram_bss      0xc0000000        0x0
                0xc0000000                        . = ALIGN (0x4)
                0xc0000000                        _ssdram_bss = .
                [!provide]                        PROVIDE (__sdram_bss_start = _ssdram_bss)
 *(.sdram_bss)
 *(.sdram_bss*)
                0xc0000000                        . = ALIGN (0x4)
                0xc0000000                        _esdram_bss = .
                [!provide]                        PROVIDE (__sdram_bss_end = _esdram_bss)

.backup_sram    0x38800000        0xc
                0x38800000                        . = ALIGN (0x4)
                0x38800000                        _sbackup_sram = .
                [!provide]                        PROVIDE (__backup_sram_start = _sbackup_sram)
 *(.backup_sram)
 .backup_sram   0x38800000        0xc /var/folders/1v/94hwpjp57lg5xz2yxd0vst700000gn/T//ccxRZUoi.ltrans0.ltrans.o
 *(.backup_sram*)
                0x3880000c                        . = ALIGN (0x4)
                0x3880000c                        _ebackup_sram = .
                [!provide]                        PROVIDE (__backup_sram_end = _ebackup_sram)

.qspiflash_text
                0x90000000        0x0
                0x90000000                        . = ALIGN (0x4)
                0x90000000                        _sqspiflash_text = .
                [!provide]                        PROVIDE (__qspiflash_text_start = _sqspiflash_text)
 *(.qspiflash_text)
 *(.qspiflash_text*)
                0x90000000                        . = ALIGN (0x4)
                0x90000000                        _eqspiflash_text = .
                [!provide]                        PROVIDE (__qspiflash_text_end = _eqspiflash_text)

.qspiflash_data
                0x90000000        0x0
                0x90000000                        . = ALIGN (0x4)
                0x90000000                        _sqspiflash_data = .
                [!provide]                        PROVIDE (__qspiflash_data_start = _sqspiflash_data)
 *(.qspiflash_data)
 *(.qspiflash_data*)
                0x90000000                        . = ALIGN (0x4)
                0x90000000                        _eqspiflash_data = .
                [!provide]                        PROVIDE (__qspiflash_data_end = _eqspiflash_data)

.qspiflash_bss  0x90000000        0x0
                0x90000000                        . = ALIGN (0x4)
                0x90000000                        _sqspiflash_bss = .
                [!provide]                        PROVIDE (__qspiflash_bss_start = _sqspiflash_bss)
 *(.qspiflash_bss)
 *(.qspiflash_bss*)
                0x90000000                        . = ALIGN (0x4)
                0x90000000                        _eqspiflash_bss = .
                [!provide]                        PROVIDE (__qspiflash_bss_end = _eqspiflash_bss)

.heap           0x24029f80        0x0
                0x24029f80                        . = ALIGN (0x4)
                [!provide]                        PROVIDE (__heap_start__ = .)
                [!provide]                        PROVIDE (__heap_start = .)
 *(.heap)
                0x24029f80                        . = ALIGN (0x4)
                [!provide]                        PROVIDE (__heap_end = .)
                [!provide]                        PROVIDE (__heap_end__ = .)

.reserved_for_stack
                0x24029f80        0x0
                0x24029f80                        . = ALIGN (0x4)
                [!provide]                        PROVIDE (__reserved_for_stack_start__ = .)
 *(.reserved_for_stack)
                0x24029f80                        . = ALIGN (0x4)
                [!provide]                        PROVIDE (__reserved_for_stack_end__ = .)

DISCARD
 libc.a(*)
 libm.a(*)
 libgcc.a(*)
OUTPUT(build/FroggersTiga.elf elf32-littlearm)
LOAD linker stubs
LOAD /Applications/ArmGNUToolchain/15.2.rel1/arm-none-eabi/bin/../lib/gcc/arm-none-eabi/15.2.1/../../../../arm-none-eabi/lib/thumb/v7e-m+dp/hard/libc.a
LOAD /Applications/ArmGNUToolchain/15.2.rel1/arm-none-eabi/bin/../lib/gcc/arm-none-eabi/15.2.1/../../../../arm-none-eabi/lib/thumb/v7e-m+dp/hard/libm.a
LOAD /Applications/ArmGNUToolchain/15.2.rel1/arm-none-eabi/bin/../lib/gcc/arm-none-eabi/15.2.1/thumb/v7e-m+dp/hard/libgcc.a

.debug_info     0x00000000    0x9b66c
 .debug_info    0x00000000     0xf696 /var/folders/1v/94hwpjp57lg5xz2yxd0vst700000gn/T//ccxRZUoi.ltrans0.ltrans.o
 .debug_info    0x0000f696     0x5af9 /var/folders/1v/94hwpjp57lg5xz2yxd0vst700000gn/T//ccxRZUoi.ltrans1.ltrans.o
 .debug_info    0x0001518f     0x4572 /var/folders/1v/94hwpjp57lg5xz2yxd0vst700000gn/T//ccxRZUoi.ltrans2.ltrans.o
 .debug_info    0x00019701     0xfed8 /var/folders/1v/94hwpjp57lg5xz2yxd0vst700000gn/T//ccQB0Ju8.debug.temp.o
                0x00019701                FroggersTiga.cpp.6d116c83
 .debug_info    0x000295d9      0x100 /var/folders/1v/94hwpjp57lg5xz2yxd0vst700000gn/T//ccTrulaB.debug.temp.o
                0x000295d9                startup_stm32h750xx.c.1bd613a8
 .debug_info    0x000296d9     0xa2d0 /var/folders/1v/94hwpjp57lg5xz2yxd0vst700000gn/T//ccaes1Kk.debug.temp.o
                0x000296d9                daisy_field.cpp.d5340357
 .debug_info    0x000339a9     0x58a7 /var/folders/1v/94hwpjp57lg5xz2yxd0vst700000gn/T//ccXlJ6z1.debug.temp.o
                0x000339a9                daisy_seed.cpp.c96d9be6
 .debug_info    0x00039250     0x2723 /var/folders/1v/94hwpjp57lg5xz2yxd0vst700000gn/T//ccauUReN.debug.temp.o
                0x00039250                codec_ak4556.cpp.64d3a75e
 .debug_info    0x0003b973     0x2ac3 /var/folders/1v/94hwpjp57lg5xz2yxd0vst700000gn/T//ccEasAyn.debug.temp.o
                0x0003b973                codec_wm8731.cpp.40a9ffe3
 .debug_info    0x0003e436     0x2c4d /var/folders/1v/94hwpjp57lg5xz2yxd0vst700000gn/T//ccKo3Qcu.debug.temp.o
                0x0003e436                sdram.cpp.4ad5b069
 .debug_info    0x00041083     0x3065 /var/folders/1v/94hwpjp57lg5xz2yxd0vst700000gn/T//ccm4nx5B.debug.temp.o
                0x00041083                audio.cpp.36549b81
 .debug_info    0x000440e8     0x17c0 /var/folders/1v/94hwpjp57lg5xz2yxd0vst700000gn/T//ccrJhqaI.debug.temp.o
                0x000440e8                ctrl.cpp.7d033c76
 .debug_info    0x000458a8      0xc02 /var/folders/1v/94hwpjp57lg5xz2yxd0vst700000gn/T//ccuq2oSc.debug.temp.o
                0x000458a8                gatein.cpp.b4658a69
 .debug_info    0x000464aa     0x27c0 /var/folders/1v/94hwpjp57lg5xz2yxd0vst700000gn/T//cc5hJtJq.debug.temp.o
                0x000464aa                midi.cpp.93cd5182
 .debug_info    0x00048c6a     0x1004 /var/folders/1v/94hwpjp57lg5xz2yxd0vst700000gn/T//ccAckLMi.debug.temp.o
                0x00048c6a                midi_parser.cpp.5a952b61
 .debug_info    0x00049c6e     0x292b /var/folders/1v/94hwpjp57lg5xz2yxd0vst700000gn/T//cc0QqGbi.debug.temp.o
                0x00049c6e                switch.cpp.6c900458
 .debug_info    0x0004c599     0x3860 /var/folders/1v/94hwpjp57lg5xz2yxd0vst700000gn/T//ccg6cuXX.debug.temp.o
                0x0004c599                adc.cpp.4d4c953f
 .debug_info    0x0004fdf9     0x4451 /var/folders/1v/94hwpjp57lg5xz2yxd0vst700000gn/T//ccx5Q3Q9.debug.temp.o
                0x0004fdf9                dac.cpp.8e0e62a9
 .debug_info    0x0005424a     0x26fa /var/folders/1v/94hwpjp57lg5xz2yxd0vst700000gn/T//ccGo4nRW.debug.temp.o
                0x0005424a                gpio.cpp.9799d5a7
 .debug_info    0x00056944     0x496b /var/folders/1v/94hwpjp57lg5xz2yxd0vst700000gn/T//ccEvJ2Ze.debug.temp.o
                0x00056944                i2c.cpp.dce03ab1
 .debug_info    0x0005b2af     0x47e4 /var/folders/1v/94hwpjp57lg5xz2yxd0vst700000gn/T//ccnUvpdp.debug.temp.o
                0x0005b2af                qspi.cpp.57c2f09d
 .debug_info    0x0005fa93     0x3910 /var/folders/1v/94hwpjp57lg5xz2yxd0vst700000gn/T//cc8IsiGE.debug.temp.o
                0x0005fa93                sai.cpp.e96e988c
 .debug_info    0x000633a3     0x4805 /var/folders/1v/94hwpjp57lg5xz2yxd0vst700000gn/T//ccSMLQmG.debug.temp.o
                0x000633a3                spi.cpp.a570d861
 .debug_info    0x00067ba8     0x4bd4 /var/folders/1v/94hwpjp57lg5xz2yxd0vst700000gn/T//ccysNZxN.debug.temp.o
                0x00067ba8                uart.cpp.76dfe072
 .debug_info    0x0006c77c      0xd26 /var/folders/1v/94hwpjp57lg5xz2yxd0vst700000gn/T//ccehoj4x.debug.temp.o
                0x0006c77c                dma.c.7dafa2b8
 .debug_info    0x0006d4a2     0x4885 /var/folders/1v/94hwpjp57lg5xz2yxd0vst700000gn/T//cc41DPOp.debug.temp.o
                0x0006d4a2                system.cpp.b98b08e2
 .debug_info    0x00071d27      0x9d8 /var/folders/1v/94hwpjp57lg5xz2yxd0vst700000gn/T//cc9PUszW.debug.temp.o
                0x00071d27                system_stm32h7xx.c.fd229bf6
 .debug_info    0x000726ff     0x1ff9 /var/folders/1v/94hwpjp57lg5xz2yxd0vst700000gn/T//cch9M9q3.debug.temp.o
                0x000726ff                usbd_conf.c.127599c0
 .debug_info    0x000746f8     0x21e9 /var/folders/1v/94hwpjp57lg5xz2yxd0vst700000gn/T//ccXfGWGu.debug.temp.o
                0x000746f8                usbh_conf.c.68b24c3c
 .debug_info    0x000768e1      0x23e /var/folders/1v/94hwpjp57lg5xz2yxd0vst700000gn/T//cceAA1uj.debug.temp.o
                0x000768e1                oled_fonts.c.5fe18dbf
 .debug_info    0x00076b1f     0x12f0 /var/folders/1v/94hwpjp57lg5xz2yxd0vst700000gn/T//ccgNImh1.debug.temp.o
                0x00076b1f                stm32h7xx_hal.c.8422cb2b
 .debug_info    0x00077e0f     0x1760 /var/folders/1v/94hwpjp57lg5xz2yxd0vst700000gn/T//ccLl0KjP.debug.temp.o
                0x00077e0f                stm32h7xx_hal_adc.c.21e62a75
 .debug_info    0x0007956f     0x17a1 /var/folders/1v/94hwpjp57lg5xz2yxd0vst700000gn/T//ccJ4lWD2.debug.temp.o
                0x0007956f                stm32h7xx_hal_adc_ex.c.6eadd84c
 .debug_info    0x0007ad10      0xe0e /var/folders/1v/94hwpjp57lg5xz2yxd0vst700000gn/T//ccJ2BB44.debug.temp.o
                0x0007ad10                stm32h7xx_hal_cortex.c.8186c1d5
 .debug_info    0x0007bb1e      0xa33 /var/folders/1v/94hwpjp57lg5xz2yxd0vst700000gn/T//ccocqr1K.debug.temp.o
                0x0007bb1e                stm32h7xx_hal_dac.c.fc508def
 .debug_info    0x0007c551      0xaa6 /var/folders/1v/94hwpjp57lg5xz2yxd0vst700000gn/T//ccbPJYCU.debug.temp.o