Archive member included to satisfy reference by file (symbol)

/Users/joyo/dazed-and-con-fielded/External/libDaisy/build/libdaisy.a(startup_stm32h750xx.o)
                              (Reset_Handler)
/Users/joyo/dazed-and-con-fielded/External/libDaisy/build/libdaisy.a(daisy_field.o)
                              build/Froggers.o (symbol from plugin) (daisy::DaisyField::StartAudio(void (*)(float const* const*, float**, unsigned int)))
/Users/joyo/dazed-and-con-fielded/External/libDaisy/build/libdaisy.a(daisy_seed.o)
                              daisy_field.o (symbol from plugin) (daisy::DaisySeed::Configure())
/Users/joyo/dazed-and-con-fielded/External/libDaisy/build/libdaisy.a(codec_ak4556.o)
                              daisy_seed.o (symbol from plugin) (daisy::Ak4556::Init(daisy::Pin))
/Users/joyo/dazed-and-con-fielded/External/libDaisy/build/libdaisy.a(codec_wm8731.o)
                              daisy_seed.o (symbol from plugin) (daisy::Wm8731::Init(daisy::Wm8731::Config const&, daisy::I2CHandle))
/Users/joyo/dazed-and-con-fielded/External/libDaisy/build/libdaisy.a(sdram.o)
                              daisy_seed.o (symbol from plugin) (SdramHandle::Init())
/Users/joyo/dazed-and-con-fielded/External/libDaisy/build/libdaisy.a(audio.o)
                              daisy_seed.o (symbol from plugin) (daisy::AudioHandle::Init(daisy::AudioHandle::Config const&, daisy::SaiHandle))
/Users/joyo/dazed-and-con-fielded/External/libDaisy/build/libdaisy.a(ctrl.o)
                              daisy_field.o (symbol from plugin) (daisy::AnalogControl::Init(unsigned short*, float, bool, bool, float))
/Users/joyo/dazed-and-con-fielded/External/libDaisy/build/libdaisy.a(gatein.o)
                              daisy_field.o (symbol from plugin) (daisy::GateIn::Init(daisy::Pin, bool))
/Users/joyo/dazed-and-con-fielded/External/libDaisy/build/libdaisy.a(midi.o)
                              build/Froggers.o (symbol from plugin) (daisy::MidiUartTransport::Config::Config())
/Users/joyo/dazed-and-con-fielded/External/libDaisy/build/libdaisy.a(midi_parser.o)
                              daisy_field.o (symbol from plugin) (daisy::MidiParser::Reset())
/Users/joyo/dazed-and-con-fielded/External/libDaisy/build/libdaisy.a(switch.o)
                              daisy_field.o (symbol from plugin) (daisy::Switch::Init(daisy::Pin, float))
/Users/joyo/dazed-and-con-fielded/External/libDaisy/build/libdaisy.a(adc.o)
                              daisy_field.o (symbol from plugin) (daisy::AdcChannelConfig::InitSingle(daisy::Pin, daisy::AdcChannelConfig::ConversionSpeed))
/Users/joyo/dazed-and-con-fielded/External/libDaisy/build/libdaisy.a(dac.o)
                              daisy_field.o (symbol from plugin) (daisy::DacHandle::Init(daisy::DacHandle::Config const&))
/Users/joyo/dazed-and-con-fielded/External/libDaisy/build/libdaisy.a(gpio.o)
                              codec_ak4556.o (symbol from plugin) (daisy::GPIO::DeInit())
/Users/joyo/dazed-and-con-fielded/External/libDaisy/build/libdaisy.a(i2c.o)
                              build/Froggers.o (symbol from plugin) (daisy::I2CHandle::Init(daisy::I2CHandle::Config const&))
/Users/joyo/dazed-and-con-fielded/External/libDaisy/build/libdaisy.a(qspi.o)
                              daisy_seed.o (symbol from plugin) (daisy::QSPIHandle::Init(daisy::QSPIHandle::Config const&))
/Users/joyo/dazed-and-con-fielded/External/libDaisy/build/libdaisy.a(sai.o)
                              daisy_seed.o (symbol from plugin) (daisy::SaiHandle::Init(daisy::SaiHandle::Config const&))
/Users/joyo/dazed-and-con-fielded/External/libDaisy/build/libdaisy.a(spi.o)
                              daisy_field.o (symbol from plugin) (daisy::SpiHandle::Init(daisy::SpiHandle::Config const&))
/Users/joyo/dazed-and-con-fielded/External/libDaisy/build/libdaisy.a(uart.o)
                              daisy_field.o (symbol from plugin) (daisy::UartHandler::Init(daisy::UartHandler::Config const&))
/Users/joyo/dazed-and-con-fielded/External/libDaisy/build/libdaisy.a(dma.o)
                              uart.o (symbol from plugin) (dsy_dma_invalidate_cache_for_buffer)
/Users/joyo/dazed-and-con-fielded/External/libDaisy/build/libdaisy.a(system.o)
                              daisy_seed.o (symbol from plugin) (daisy::System::DeInit())
/Users/joyo/dazed-and-con-fielded/External/libDaisy/build/libdaisy.a(system_stm32h7xx.o)
                              startup_stm32h750xx.o (symbol from plugin) (SystemInit)
/Users/joyo/dazed-and-con-fielded/External/libDaisy/build/libdaisy.a(usbd_conf.o)
                              system.o (symbol from plugin) (hpcd_USB_OTG_HS)
/Users/joyo/dazed-and-con-fielded/External/libDaisy/build/libdaisy.a(usbh_conf.o)
                              system.o (symbol from plugin) (hhcd_USB_OTG_HS)
/Users/joyo/dazed-and-con-fielded/External/libDaisy/build/libdaisy.a(oled_fonts.o)
                              build/Froggers.o (symbol from plugin) (Font_6x8)
[...]
Memory Configuration

Name             Origin             Length             Attributes
FLASH            0x08000000         0x00020000         xr
DTCMRAM          0x20000000         0x00020000         xrw
SRAM             0x24000000         0x00080000         xrw
RAM_D2           0x30000000         0x00048000         xrw
RAM_D3           0x38000000         0x00010000         xrw
BACKUP_SRAM      0x38800000         0x00001000         xrw
ITCMRAM          0x00000000         0x00010000         xrw
SDRAM            0xc0000000         0x04000000         xrw
QSPIFLASH        0x90000000         0x00800000         xr
*default*        0x00000000         0xffffffff

Linker script and memory map

LOAD /Applications/ArmGNUToolchain/14.3.rel1/arm-none-eabi/bin/../lib/gcc/arm-none-eabi/14.3.1/thumb/v7e-m+dp/hard/crti.o
LOAD /Applications/ArmGNUToolchain/14.3.rel1/arm-none-eabi/bin/../lib/gcc/arm-none-eabi/14.3.1/thumb/v7e-m+dp/hard/crtbegin.o
LOAD /Applications/ArmGNUToolchain/14.3.rel1/arm-none-eabi/bin/../lib/gcc/arm-none-eabi/14.3.1/../../../../arm-none-eabi/lib/thumb/v7e-m+dp/hard/crt0.o
LOAD build/Froggers.o
LOAD /var/folders/l1/2g67jm355zjcnnrwly15vqt40000gn/T//ccNgTNSH.ltrans0.ltrans.o
LOAD /var/folders/l1/2g67jm355zjcnnrwly15vqt40000gn/T//ccNgTNSH.ltrans1.ltrans.o
LOAD /var/folders/l1/2g67jm355zjcnnrwly15vqt40000gn/T//ccNgTNSH.ltrans2.ltrans.o
LOAD /var/folders/l1/2g67jm355zjcnnrwly15vqt40000gn/T//ccs3dT6u.debug.temp.o
LOAD /var/folders/l1/2g67jm355zjcnnrwly15vqt40000gn/T//ccxF69KP.debug.temp.o
LOAD /var/folders/l1/2g67jm355zjcnnrwly15vqt40000gn/T//cci3Efe2.debug.temp.o
LOAD /var/folders/l1/2g67jm355zjcnnrwly15vqt40000gn/T//ccX3wIFD.debug.temp.o
LOAD /var/folders/l1/2g67jm355zjcnnrwly15vqt40000gn/T//cc5O88XI.debug.temp.o
LOAD /var/folders/l1/2g67jm355zjcnnrwly15vqt40000gn/T//ccbhID4y.debug.temp.o
LOAD /var/folders/l1/2g67jm355zjcnnrwly15vqt40000gn/T//ccOlVBng.debug.temp.o
LOAD /var/folders/l1/2g67jm355zjcnnrwly15vqt40000gn/T//ccaruZ1V.debug.temp.o
LOAD /var/folders/l1/2g67jm355zjcnnrwly15vqt40000gn/T//cc1Lqp7v.debug.temp.o
LOAD /var/folders/l1/2g67jm355zjcnnrwly15vqt40000gn/T//ccZNTeuZ.debug.temp.o
LOAD /var/folders/l1/2g67jm355zjcnnrwly15vqt40000gn/T//cchn96hT.debug.temp.o
LOAD /var/folders/l1/2g67jm355zjcnnrwly15vqt40000gn/T//ccNwQSif.debug.temp.o
LOAD /var/folders/l1/2g67jm355zjcnnrwly15vqt40000gn/T//ccIhjVhn.debug.temp.o
LOAD /var/folders/l1/2g67jm355zjcnnrwly15vqt40000gn/T//ccAz4KPI.debug.temp.o
LOAD /var/folders/l1/2g67jm355zjcnnrwly15vqt40000gn/T//cc0yc2PH.debug.temp.o
LOAD /var/folders/l1/2g67jm355zjcnnrwly15vqt40000gn/T//ccMv1y0X.debug.temp.o
LOAD /var/folders/l1/2g67jm355zjcnnrwly15vqt40000gn/T//ccPaIb8r.debug.temp.o
LOAD /var/folders/l1/2g67jm355zjcnnrwly15vqt40000gn/T//ccPNdH3r.debug.temp.o
LOAD /var/folders/l1/2g67jm355zjcnnrwly15vqt40000gn/T//ccMW6Kkj.debug.temp.o
LOAD /var/folders/l1/2g67jm355zjcnnrwly15vqt40000gn/T//cczrdiFT.debug.temp.o
LOAD /var/folders/l1/2g67jm355zjcnnrwly15vqt40000gn/T//ccaal9uO.debug.temp.o
LOAD /var/folders/l1/2g67jm355zjcnnrwly15vqt40000gn/T//ccnNzBji.debug.temp.o
LOAD /var/folders/l1/2g67jm355zjcnnrwly15vqt40000gn/T//ccuLBqJP.debug.temp.o
LOAD /var/folders/l1/2g67jm355zjcnnrwly15vqt40000gn/T//ccwaAJvN.debug.temp.o
LOAD /var/folders/l1/2g67jm355zjcnnrwly15vqt40000gn/T//ccREcEdi.debug.temp.o
LOAD /var/folders/l1/2g67jm355zjcnnrwly15vqt40000gn/T//ccyohaDg.debug.temp.o
LOAD /var/folders/l1/2g67jm355zjcnnrwly15vqt40000gn/T//cccD3pxm.debug.temp.o
LOAD /var/folders/l1/2g67jm355zjcnnrwly15vqt40000gn/T//ccHCM4Y6.debug.temp.o
LOAD /var/folders/l1/2g67jm355zjcnnrwly15vqt40000gn/T//ccNOs634.debug.temp.o
LOAD /var/folders/l1/2g67jm355zjcnnrwly15vqt40000gn/T//ccAyiMEQ.debug.temp.o
LOAD /var/folders/l1/2g67jm355zjcnnrwly15vqt40000gn/T//cc2YM8oR.debug.temp.o
LOAD /var/folders/l1/2g67jm355zjcnnrwly15vqt40000gn/T//cc39KCkf.debug.temp.o
LOAD /var/folders/l1/2g67jm355zjcnnrwly15vqt40000gn/T//ccFe2CTc.debug.temp.o
LOAD /var/folders/l1/2g67jm355zjcnnrwly15vqt40000gn/T//cczztQHP.debug.temp.o
LOAD /var/folders/l1/2g67jm355zjcnnrwly15vqt40000gn/T//ccFTxY5k.debug.temp.o
LOAD /var/folders/l1/2g67jm355zjcnnrwly15vqt40000gn/T//ccAebXef.debug.temp.o
LOAD /var/folders/l1/2g67jm355zjcnnrwly15vqt40000gn/T//ccWXgYhZ.debug.temp.o
LOAD /var/folders/l1/2g67jm355zjcnnrwly15vqt40000gn/T//cclSa7VL.debug.temp.o
LOAD /var/folders/l1/2g67jm355zjcnnrwly15vqt40000gn/T//ccjsSRkK.debug.temp.o
LOAD /var/folders/l1/2g67jm355zjcnnrwly15vqt40000gn/T//cckOexxu.debug.temp.o
LOAD /var/folders/l1/2g67jm355zjcnnrwly15vqt40000gn/T//cc63k6NZ.debug.temp.o
LOAD /var/folders/l1/2g67jm355zjcnnrwly15vqt40000gn/T//ccmCEcmH.debug.temp.o
LOAD /var/folders/l1/2g67jm355zjcnnrwly15vqt40000gn/T//ccm5vr32.debug.temp.o
LOAD /var/folders/l1/2g67jm355zjcnnrwly15vqt40000gn/T//cclxNYCN.debug.temp.o
LOAD /var/folders/l1/2g67jm355zjcnnrwly15vqt40000gn/T//ccWrxIJw.debug.temp.o
LOAD /var/folders/l1/2g67jm355zjcnnrwly15vqt40000gn/T//ccznQ2GA.debug.temp.o
LOAD /var/folders/l1/2g67jm355zjcnnrwly15vqt40000gn/T//cc3ocJdt.debug.temp.o
LOAD /var/folders/l1/2g67jm355zjcnnrwly15vqt40000gn/T//ccMjAkUr.debug.temp.o
LOAD /var/folders/l1/2g67jm355zjcnnrwly15vqt40000gn/T//ccVbUSct.debug.temp.o
LOAD /var/folders/l1/2g67jm355zjcnnrwly15vqt40000gn/T//ccGBDlza.debug.temp.o
LOAD /var/folders/l1/2g67jm355zjcnnrwly15vqt40000gn/T//ccsB0KKO.debug.temp.o
LOAD /var/folders/l1/2g67jm355zjcnnrwly15vqt40000gn/T//ccZzrOSx.debug.temp.o
LOAD /var/folders/l1/2g67jm355zjcnnrwly15vqt40000gn/T//ccBpIokp.debug.temp.o
LOAD /var/folders/l1/2g67jm355zjcnnrwly15vqt40000gn/T//ccdOYTJp.debug.temp.o
LOAD /var/folders/l1/2g67jm355zjcnnrwly15vqt40000gn/T//ccQbcBhI.debug.temp.o
LOAD /var/folders/l1/2g67jm355zjcnnrwly15vqt40000gn/T//cczYelhD.debug.temp.o
LOAD /var/folders/l1/2g67jm355zjcnnrwly15vqt40000gn/T//cczyrgur.debug.temp.o
LOAD /var/folders/l1/2g67jm355zjcnnrwly15vqt40000gn/T//cczRP5q7.debug.temp.o
LOAD /var/folders/l1/2g67jm355zjcnnrwly15vqt40000gn/T//ccUDbsgi.debug.temp.o
LOAD /var/folders/l1/2g67jm355zjcnnrwly15vqt40000gn/T//cccDjeeS.debug.temp.o
LOAD /var/folders/l1/2g67jm355zjcnnrwly15vqt40000gn/T//ccKjWD9A.debug.temp.o
LOAD /var/folders/l1/2g67jm355zjcnnrwly15vqt40000gn/T//ccjKPAZa.debug.temp.o
LOAD /var/folders/l1/2g67jm355zjcnnrwly15vqt40000gn/T//cct0IaTK.debug.temp.o
LOAD /var/folders/l1/2g67jm355zjcnnrwly15vqt40000gn/T//ccWstLhb.debug.temp.o
LOAD /Users/joyo/dazed-and-con-fielded/External/libDaisy/build/libdaisy.a
LOAD /Applications/ArmGNUToolchain/14.3.rel1/arm-none-eabi/bin/../lib/gcc/arm-none-eabi/14.3.1/../../../../arm-none-eabi/lib/thumb/v7e-m+dp/hard/libnosys.a
                0x00010000                        __stack_size = 0x10000
LOAD /Applications/ArmGNUToolchain/14.3.rel1/arm-none-eabi/bin/../lib/gcc/arm-none-eabi/14.3.1/../../../../arm-none-eabi/lib/thumb/v7e-m+dp/hard/libstdc++_nano.a
LOAD /Applications/ArmGNUToolchain/14.3.rel1/arm-none-eabi/bin/../lib/gcc/arm-none-eabi/14.3.1/../../../../arm-none-eabi/lib/thumb/v7e-m+dp/hard/libm.a
LOAD /Applications/ArmGNUToolchain/14.3.rel1/arm-none-eabi/bin/../lib/gcc/arm-none-eabi/14.3.1/../../../../arm-none-eabi/lib/thumb/v7e-m+dp/hard/libc_nano.a
START GROUP
LOAD /Applications/ArmGNUToolchain/14.3.rel1/arm-none-eabi/bin/../lib/gcc/arm-none-eabi/14.3.1/thumb/v7e-m+dp/hard/libgcc.a
LOAD /Applications/ArmGNUToolchain/14.3.rel1/arm-none-eabi/bin/../lib/gcc/arm-none-eabi/14.3.1/../../../../arm-none-eabi/lib/thumb/v7e-m+dp/hard/libc_nano.a
END GROUP
START GROUP
LOAD /Applications/ArmGNUToolchain/14.3.rel1/arm-none-eabi/bin/../lib/gcc/arm-none-eabi/14.3.1/thumb/v7e-m+dp/hard/libgcc.a
LOAD /Applications/ArmGNUToolchain/14.3.rel1/arm-none-eabi/bin/../lib/gcc/arm-none-eabi/14.3.1/../../../../arm-none-eabi/lib/thumb/v7e-m+dp/hard/libc_nano.a
LOAD /Applications/ArmGNUToolchain/14.3.rel1/arm-none-eabi/bin/../lib/gcc/arm-none-eabi/14.3.1/../../../../arm-none-eabi/lib/thumb/v7e-m+dp/hard/libnosys.a
END GROUP
START GROUP
LOAD /Applications/ArmGNUToolchain/14.3.rel1/arm-none-eabi/bin/../lib/gcc/arm-none-eabi/14.3.1/thumb/v7e-m+dp/hard/libgcc.a
LOAD /Applications/ArmGNUToolchain/14.3.rel1/arm-none-eabi/bin/../lib/gcc/arm-none-eabi/14.3.1/../../../../arm-none-eabi/lib/thumb/v7e-m+dp/hard/libc_nano.a
LOAD /Applications/ArmGNUToolchain/14.3.rel1/arm-none-eabi/bin/../lib/gcc/arm-none-eabi/14.3.1/../../../../arm-none-eabi/lib/thumb/v7e-m+dp/hard/libnosys.a
END GROUP
LOAD /Applications/ArmGNUToolchain/14.3.rel1/arm-none-eabi/bin/../lib/gcc/arm-none-eabi/14.3.1/thumb/v7e-m+dp/hard/crtend.o
LOAD /Applications/ArmGNUToolchain/14.3.rel1/arm-none-eabi/bin/../lib/gcc/arm-none-eabi/14.3.1/thumb/v7e-m+dp/hard/crtn.o
                0x20020000                        _estack = 0x20020000

.isr_vector     0x08000000      0x298
                0x08000000                        . = ALIGN (0x4)
 *(.isr_vector)
 .isr_vector    0x08000000      0x298 /var/folders/l1/2g67jm355zjcnnrwly15vqt40000gn/T//ccNgTNSH.ltrans0.ltrans.o
                0x08000000                g_pfnVectors
                0x08000298                        . = ALIGN (0x4)

.text           0x080002a0    0x13654
                0x080002a0                        . = ALIGN (0x4)
                0x080002a0                        _stext = .
 *(.text)
 .text          0x080002a0     0x6d74 /var/folders/l1/2g67jm355zjcnnrwly15vqt40000gn/T//ccNgTNSH.ltrans0.ltrans.o
                0x08000954                ADC_DMAHalfConvCplt
                0x08000956                ADC_DMAError
                0x080037cc                OPLowPassFilter::SetAlphaFromNatFreq(float)
                0x08003828                RGen::NextUInt()
                0x08003930                SDDSine::Evaluate(float)
                0x08003948                Parameter::PageSelect(float)
                0x080039bc                Parameter::StopModTracking(float)
                0x080039e4                RuntimeParam::Process()
                0x080039ec                TanhSaturator<false>::Saturate(float)
                0x080039ec                TanhSaturator<true>::Saturate(float)
                0x0800420c                daisy::AnalogControl::Process()
                0x0800425e                daisy::GPIO::Read()
                0x08004274                daisy::GPIO::Write(bool)
                0x08004288                daisy::SSD130x4WireSpiTransport::SendCommand(unsigned char)
                0x080042f4                daisy::SaiHandle::Impl::InternalCallback(unsigned int)
                0x0800431e                checkPinMatchSpi(GPIO_InitTypeDef*, daisy::Pin, int)
                0x08004370                MapInstanceToHandle(USART_TypeDef*)
                0x080043b4                checkPinMatch(GPIO_InitTypeDef*, daisy::Pin, int)
                0x08004408                UART_CheckRxListener(daisy::UartHandler::Impl*) [clone .lto_priv.0]
                0x08004484                daisy::TimerHandle::~TimerHandle()
                0x08004484                daisy::TimerHandle::~TimerHandle() [clone .lto_priv.0]
                0x08004486                daisy::System::DelayTicks(unsigned long)
                0x080044a0                daisy::System::GetProgramMemoryRegion()
                0x08004518                HAL_InitTick
                0x08004568                HAL_Delay
                0x08004580                daisy::Wm8731::WriteControlRegister(unsigned char, unsigned short)
                0x080045ac                LL_ADC_SetChannelSamplingTime.lto_priv.0
                0x080045cc                LL_ADC_IsEnabled.lto_priv.0.lto_priv.0
                0x080045cc                LL_ADC_IsEnabled.lto_priv.1.lto_priv.0
                0x080045d4                __NVIC_EnableIRQ.lto_priv.0
                0x080045f0                HAL_DMA_Init
                0x080049f0                adc_init_dma1() [clone .lto_priv.0]
                0x08004a3c                ADC_DMAConvCplt
                0x08004b58                daisy::SaiHandle::Impl::InitDma(daisy::SaiHandle::Impl::PeripheralBlock)
                0x08004bf8                HAL_DMA_Start_IT
                0x080052cc                Reset_Handler
                0x080053b8                daisy::SpiHandle::Impl::DmaTransferFinished(__SPI_HandleTypeDef*, daisy::SpiHandle::Result)
                0x08005b20                daisy::UartHandler::Impl::DmaTransferFinished(__UART_HandleTypeDef*, daisy::UartHandler::Result)
                0x08005ef0                HAL_UART_ErrorCallback
                0x08005f08                HAL_DMA_Abort_IT
                0x080063a4                HAL_GPIO_Init
                0x08006574                daisy::GPIO::Init()
                0x08006768                daisy::GPIO::Init(daisy::GPIO::Config const&)
                0x080067ce                daisy::SaiHandle::Impl::InitPins()
                0x0800686a                HAL_GPIO_DeInit
                0x080069a4                HAL_QSPI_MspDeInit.part.0
                0x08006a10                HAL_I2C_Init
                0x08006c48                daisy::I2CHandle::Impl::DmaTransferFinished(__I2C_HandleTypeDef*, daisy::I2CHandle::Result)
                0x08007010                HAL_I2C_SlaveTxCpltCallback
                0x08007010                HAL_I2C_SlaveRxCpltCallback
                0x08007010                HAL_I2C_MasterTxCpltCallback
                0x08007010                HAL_I2C_MasterRxCpltCallback
 *fill*         0x08007014        0x4 
 .text          0x08007018     0x61a0 /var/folders/l1/2g67jm355zjcnnrwly15vqt40000gn/T//ccNgTNSH.ltrans1.ltrans.o
                0x08007018                QSPI_DMAAbortCplt.lto_priv.0
                0x08007788                SAI_DMATxHalfCplt.lto_priv.0
                0x0800778a                SAI_DMAError.lto_priv.0
                0x080077be                SPI_DMAHalfTransmitCplt.lto_priv.0
                0x080077c0                SPI_DMAHalfReceiveCplt.lto_priv.0
                0x080077c2                SPI_DMAHalfTransmitReceiveCplt.lto_priv.0
                0x080077c4                UART_DMATxHalfCplt.lto_priv.0
                0x080082a8                SAI_DMARxHalfCplt.lto_priv.0
                0x080086c4                SPI_DMATransmitCplt.lto_priv.0
                0x080086ea                SPI_DMATransmitReceiveCplt.lto_priv.0
                0x080086ec                SPI_DMAReceiveCplt.lto_priv.0
                0x08008728                UART_DMATransmitCplt.lto_priv.0
                0x0800876c                UART_DMAReceiveCplt.lto_priv.0
                0x08008806                UART_DMARxHalfCplt.lto_priv.0
                0x08008828                UART_DMAAbortOnError.lto_priv.0
                0x08009d3c                I2C_Flush_TXDR.lto_priv.0
                0x08009e3c                I2C_WaitOnFlagUntilTimeout.lto_priv.0
                0x08009e90                I2C_WaitOnTXISFlagUntilTimeout.lto_priv.0
                0x08009ee8                I2C_WaitOnSTOPFlagUntilTimeout.lto_priv.0
                0x08009f40                I2C_TransferConfig.lto_priv.0
                0x08009f6c                I2C_Enable_IRQ.lto_priv.0
                0x08009fe0                I2C_Disable_IRQ.lto_priv.0
                0x0800a0dc                I2C_DMASlaveTransmitCplt.lto_priv.0
                0x0800a0f4                I2C_DMASlaveReceiveCplt.lto_priv.0
                0x0800a3ae                I2C_Master_ISR_IT.lto_priv.0
                0x0800a4e0                I2C_Master_ISR_DMA.lto_priv.0
                0x0800a8e6                I2C_Slave_ISR_DMA.lto_priv.0
                0x0800aa90                I2C_DMAMasterTransmitCplt.lto_priv.0
                0x0800aae4                I2C_DMAMasterReceiveCplt.lto_priv.0
                0x0800ab38                I2C_DMAError.lto_priv.0
                0x0800ac18                HAL_RCC_GetHCLKFreq
                0x0800ac78                HAL_RCC_GetPCLK1Freq
                0x0800ac9c                HAL_SPI_Init
                0x0800b086                SPI_CloseTransfer.lto_priv.0
                0x0800b132                HAL_SPI_IRQHandler
                0x0800b324                SPI_DMAError.lto_priv.0
                0x0800b34e                HAL_TIM_IRQHandler
                0x0800b424                TIM2_IRQHandler
                0x0800b42c                TIM3_IRQHandler
                0x0800b434                TIM4_IRQHandler
                0x0800b43c                TIM5_IRQHandler
                0x0800b444                UART_EndRxTransfer.lto_priv.0
                0x0800b49c                UART_DMAError.lto_priv.0
                0x0800b574                HAL_UART_Init
                0x0800bc20                USB_FlushTxFifo
                0x0800bc6c                USB_FlushRxFifo
                0x0800bcb4                USB_ReadChInterrupts
                0x0800bcc6                HAL_PCD_DataOutStageCallback.constprop.0
                0x0800bd44                HAL_PCD_SuspendCallback.constprop.0
                0x0800bd88                daisy::LedDriverPca9685<2, true>::SetLed(int, float) [clone .constprop.0]
                0x0800be0c                daisy::DaisyField::Init(bool) [clone .constprop.0]
                0x0800d0e0                SAI_InterruptFlag.constprop.0
                0x0800d108                SAI_DMATxCplt.lto_priv.0
                0x0800d13a                SAI_DMARxCplt.lto_priv.0
 .text          0x0800d1b8     0x1818 /var/folders/l1/2g67jm355zjcnnrwly15vqt40000gn/T//ccNgTNSH.ltrans2.ltrans.o
                0x0800d4b8                daisy::DaisyField::ProcessAnalogControls() [clone .constprop.0]
                0x0800d4fc                daisy::DaisyField::ProcessDigitalControls() [clone .constprop.0]
                0x0800d62c                HAL_SPI_Transmit.constprop.0
                0x0800d82c                daisy::GateIn::State() [clone .constprop.0]
                0x0800d854                PageManager::SelectPage(unsigned char) [clone .constprop.0]
                0x0800d8b4                HAL_NVIC_SetPriority.constprop.0
                0x0800d910                HAL_ADC_Start_DMA.constprop.0.isra.0
                0x0800dab8                daisy::I2CHandle::TransmitBlocking(unsigned short, unsigned char*, unsigned short, unsigned long) [clone .constprop.0] [clone .isra.0]
                0x0800dd98                HAL_SDRAM_SendCommand.constprop.0.isra.0
                0x0800ddec                HAL_PCD_EP_Abort.constprop.0.isra.0
                0x0800de88                USBD_ClrClassConfig.isra.0
                0x0800de90                USB_HC_Halt.isra.0
                0x0800df46                USB_EP0_OutStart.isra.0
                0x0800df90                USB_ReadPacket.isra.0
                0x0800dfcc                I2C_ITAddrCplt.isra.0
                0x0800e026                HAL_DMA_Abort.isra.0
                0x0800e244                USBD_Get_USB_Status.isra.0
                0x0800e246                USBD_LL_OpenEP.constprop.0.isra.0
                0x0800e2cc                USBD_LL_PrepareReceive.constprop.0.isra.0
                0x0800e2fc                USBD_LL_Transmit.constprop.0.isra.0
                0x0800e32a                USBD_CtlSendStatus.isra.0
                0x0800e336                USBD_CtlSendData.isra.0
                0x0800e346                USBD_LL_StallEP.isra.0
                0x0800e3d4                USBD_CtlError.isra.0
                0x0800e3e8                daisy::UartHandler::Impl::SetDmaPeripheral() [clone .isra.0]
                0x0800e44e                daisy::SpiHandle::Impl::InitDma() [clone .isra.0]
                0x0800e528                daisy::GPIOClockEnable(daisy::Pin) [clone .isra.0]
                0x0800e678                daisy::SaiHandle::Impl::StartDmaTransfer(long*, long*, unsigned int, void (*)(long*, long*, unsigned int)) [clone .isra.0]
                0x0800e704                daisy::I2CHandle::Init(daisy::I2CHandle::Config const&) [clone .isra.0]
                0x0800e870                daisy::ScopedIrqBlocker::~ScopedIrqBlocker() [clone .isra.0]
                0x0800e876                daisy::GetHALPort(daisy::Pin) [clone .isra.0]
                0x0800e888                FrogBlock::Process(float)::{lambda(float)#1}::operator()(float) const [clone .isra.0]
                0x0800e926                RuntimeParam::RuntimeParam() [clone .isra.0]
                0x0800e940                std::_Function_base::~_Function_base() [clone .isra.0]
                0x0800e94c                daisy::GPIO::Config::Config() [clone .isra.0]
                0x0800e95c                daisy::AdcChannelConfig::AdcChannelConfig() [clone .isra.0]
                0x0800e97c                RGen::UniGen() [clone .isra.0]
                0x0800e98e                Parameter::RandomizeMod(float) [clone .isra.0]
 .text          0x0800e9d0       0x14 /Applications/ArmGNUToolchain/14.3.rel1/arm-none-eabi/bin/../lib/gcc/arm-none-eabi/14.3.1/../../../../arm-none-eabi/lib/thumb/v7e-m+dp/hard/libc_nano.a(libc_a-strcmp.o)
                0x0800e9d0                strcmp
 *fill*         0x0800e9e4        0xc 
 .text          0x0800e9f0       0xa0 /Applications/ArmGNUToolchain/14.3.rel1/arm-none-eabi/bin/../lib/gcc/arm-none-eabi/14.3.1/../../../../arm-none-eabi/lib/thumb/v7e-m+dp/hard/libc_nano.a(libc_a-memchr.o)
                0x0800e9f0                memchr
 .text          0x0800ea90       0x10 /Applications/ArmGNUToolchain/14.3.rel1/arm-none-eabi/bin/../lib/gcc/arm-none-eabi/14.3.1/../../../../arm-none-eabi/lib/thumb/v7e-m+dp/hard/libc_nano.a(libc_a-strlen.o)
                0x0800ea90                strlen
 .text          0x0800eaa0      0x378 /Applications/ArmGNUToolchain/14.3.rel1/arm-none-eabi/bin/../lib/gcc/arm-none-eabi/14.3.1/thumb/v7e-m+dp/hard/libgcc.a(_arm_addsubdf3.o)
                0x0800eaa0                __aeabi_drsub
                0x0800eaa8                __subdf3
                0x0800eaa8                __aeabi_dsub
                0x0800eaac                __aeabi_dadd
                0x0800eaac                __adddf3
                0x0800ed24                __aeabi_ui2d
                0x0800ed24                __floatunsidf
                0x0800ed44                __floatsidf
                0x0800ed44                __aeabi_i2d
                0x0800ed68                __extendsfdf2
                0x0800ed68                __aeabi_f2d
                0x0800edac                __aeabi_ul2d
                0x0800edac                __floatundidf
                0x0800edbc                __aeabi_l2d
                0x0800edbc                __floatdidf
 .text          0x0800ee18       0x30 /Applications/ArmGNUToolchain/14.3.rel1/arm-none-eabi/bin/../lib/gcc/arm-none-eabi/14.3.1/thumb/v7e-m+dp/hard/libgcc.a(_aeabi_uldivmod.o)
                0x0800ee18                __aeabi_uldivmod
 .text          0x0800ee48        0x4 /Applications/ArmGNUToolchain/14.3.rel1/arm-none-eabi/bin/../lib/gcc/arm-none-eabi/14.3.1/thumb/v7e-m+dp/hard/libgcc.a(_dvmd_tls.o)
                0x0800ee48                __aeabi_ldiv0
                0x0800ee48                __aeabi_idiv0
 *(.text*)
 .text.deregister_tm_clones
                0x0800ee4c       0x1c /Applications/ArmGNUToolchain/14.3.rel1/arm-none-eabi/bin/../lib/gcc/arm-none-eabi/14.3.1/thumb/v7e-m+dp/hard/crtbegin.o
 .text.register_tm_clones
                0x0800ee68       0x24 /Applications/ArmGNUToolchain/14.3.rel1/arm-none-eabi/bin/../lib/gcc/arm-none-eabi/14.3.1/thumb/v7e-m+dp/hard/crtbegin.o
 .text.__do_global_dtors_aux
                0x0800ee8c       0x28 /Applications/ArmGNUToolchain/14.3.rel1/arm-none-eabi/bin/../lib/gcc/arm-none-eabi/14.3.1/thumb/v7e-m+dp/hard/crtbegin.o
 .text.frame_dummy
                0x0800eeb4       0x24 /Applications/ArmGNUToolchain/14.3.rel1/arm-none-eabi/bin/../lib/gcc/arm-none-eabi/14.3.1/thumb/v7e-m+dp/hard/crtbegin.o
 .text.startup  0x0800eed8     0x100c /var/folders/l1/2g67jm355zjcnnrwly15vqt40000gn/T//ccNgTNSH.ltrans0.ltrans.o
                0x0800eed8                main
 .text.startup  0x0800fee4      0x3a8 /var/folders/l1/2g67jm355zjcnnrwly15vqt40000gn/T//ccNgTNSH.ltrans2.ltrans.o
 .text.__aeabi_atexit
                0x0801028c        0xa /Applications/ArmGNUToolchain/14.3.rel1/arm-none-eabi/bin/../lib/gcc/arm-none-eabi/14.3.1/../../../../arm-none-eabi/lib/thumb/v7e-m+dp/hard/libstdc++_nano.a(atexit_arm.o)
                0x0801028c                __aeabi_atexit
 .text._ZdlPvj  0x08010296        0x4 /Applications/ArmGNUToolchain/14.3.rel1/arm-none-eabi/bin/../lib/gcc/arm-none-eabi/14.3.1/../../../../arm-none-eabi/lib/thumb/v7e-m+dp/hard/libstdc++_nano.a(del_ops.o)
                0x08010296                operator delete(void*, unsigned int)
 .text.__cxa_guard_acquire
                0x0801029a       0x18 /Applications/ArmGNUToolchain/14.3.rel1/arm-none-eabi/bin/../lib/gcc/arm-none-eabi/14.3.1/../../../../arm-none-eabi/lib/thumb/v7e-m+dp/hard/libstdc++_nano.a(guard.o)
                0x0801029a                __cxa_guard_acquire
 .text.__cxa_guard_release
                0x080102b2        0x6 /Applications/ArmGNUToolchain/14.3.rel1/arm-none-eabi/bin/../lib/gcc/arm-none-eabi/14.3.1/../../../../arm-none-eabi/lib/thumb/v7e-m+dp/hard/libstdc++_nano.a(guard.o)
                0x080102b2                __cxa_guard_release
 .text.unlikely._ZSt25__throw_bad_function_callv
                0x080102b8        0x6 /Applications/ArmGNUToolchain/14.3.rel1/arm-none-eabi/bin/../lib/gcc/arm-none-eabi/14.3.1/../../../../arm-none-eabi/lib/thumb/v7e-m+dp/hard/libstdc++_nano.a(functional.o)
                0x080102b8                std::__throw_bad_function_call()
 .text._ZdlPv   0x080102be        0x4 /Applications/ArmGNUToolchain/14.3.rel1/arm-none-eabi/bin/../lib/gcc/arm-none-eabi/14.3.1/../../../../arm-none-eabi/lib/thumb/v7e-m+dp/hard/libstdc++_nano.a(del_op.o)
                0x080102be                operator delete(void*)
 *fill*         0x080102c2        0x2 
 .text.expf     0x080102c4       0xe4 /Applications/ArmGNUToolchain/14.3.rel1/arm-none-eabi/bin/../lib/gcc/arm-none-eabi/14.3.1/../../../../arm-none-eabi/lib/thumb/v7e-m+dp/hard/libm.a(libm_a-sf_exp.o)
                0x080102c4                expf
 .text.exp      0x080103a8      0x1b4 /Applications/ArmGNUToolchain/14.3.rel1/arm-none-eabi/bin/../lib/gcc/arm-none-eabi/14.3.1/../../../../arm-none-eabi/lib/thumb/v7e-m+dp/hard/libm.a(libm_a-exp.o)
                0x080103a8                exp
 .text.with_errno
                0x0801055c       0x1c /Applications/ArmGNUToolchain/14.3.rel1/arm-none-eabi/bin/../lib/gcc/arm-none-eabi/14.3.1/../../../../arm-none-eabi/lib/thumb/v7e-m+dp/hard/libm.a(libm_a-math_err.o)
 .text.xflow    0x08010578       0x24 /Applications/ArmGNUToolchain/14.3.rel1/arm-none-eabi/bin/../lib/gcc/arm-none-eabi/14.3.1/../../../../arm-none-eabi/lib/thumb/v7e-m+dp/hard/libm.a(libm_a-math_err.o)
 *fill*         0x0801059c        0x4 
 .text.__math_uflow
                0x080105a0       0x10 /Applications/ArmGNUToolchain/14.3.rel1/arm-none-eabi/bin/../lib/gcc/arm-none-eabi/14.3.1/../../../../arm-none-eabi/lib/thumb/v7e-m+dp/hard/libm.a(libm_a-math_err.o)
                0x080105a0                __math_uflow
 .text.__math_oflow
                0x080105b0       0x10 /Applications/ArmGNUToolchain/14.3.rel1/arm-none-eabi/bin/../lib/gcc/arm-none-eabi/14.3.1/../../../../arm-none-eabi/lib/thumb/v7e-m+dp/hard/libm.a(libm_a-math_err.o)
                0x080105b0                __math_oflow
 .text.__math_check_uflow
                0x080105c0       0x14 /Applications/ArmGNUToolchain/14.3.rel1/arm-none-eabi/bin/../lib/gcc/arm-none-eabi/14.3.1/../../../../arm-none-eabi/lib/thumb/v7e-m+dp/hard/libm.a(libm_a-math_err.o)
                0x080105c0                __math_check_uflow
 *fill*         0x080105d4        0x4 
 .text.__math_check_oflow
                0x080105d8       0x28 /Applications/ArmGNUToolchain/14.3.rel1/arm-none-eabi/bin/../lib/gcc/arm-none-eabi/14.3.1/../../../../arm-none-eabi/lib/thumb/v7e-m+dp/hard/libm.a(libm_a-math_err.o)
                0x080105d8                __math_check_oflow
 .text.powf     0x08010600      0x338 /Applications/ArmGNUToolchain/14.3.rel1/arm-none-eabi/bin/../lib/gcc/arm-none-eabi/14.3.1/../../../../arm-none-eabi/lib/thumb/v7e-m+dp/hard/libm.a(libm_a-sf_pow.o)
                0x08010600                powf
 .text.sinf     0x08010938      0x1ec /Applications/ArmGNUToolchain/14.3.rel1/arm-none-eabi/bin/../lib/gcc/arm-none-eabi/14.3.1/../../../../arm-none-eabi/lib/thumb/v7e-m+dp/hard/libm.a(libm_a-sinf.o)
                0x08010938                sinf
 *fill*         0x08010b24        0x4 
 .text.cosf     0x08010b28      0x1b4 /Applications/ArmGNUToolchain/14.3.rel1/arm-none-eabi/bin/../lib/gcc/arm-none-eabi/14.3.1/../../../../arm-none-eabi/lib/thumb/v7e-m+dp/hard/libm.a(libm_a-cosf.o)
                0x08010b28                cosf
 .text.with_errnof
                0x08010cdc       0x1c /Applications/ArmGNUToolchain/14.3.rel1/arm-none-eabi/bin/../lib/gcc/arm-none-eabi/14.3.1/../../../../arm-none-eabi/lib/thumb/v7e-m+dp/hard/libm.a(libm_a-math_errf.o)
 .text.xflowf   0x08010cf8       0x20 /Applications/ArmGNUToolchain/14.3.rel1/arm-none-eabi/bin/../lib/gcc/arm-none-eabi/14.3.1/../../../../arm-none-eabi/lib/thumb/v7e-m+dp/hard/libm.a(libm_a-math_errf.o)
 .text.__math_uflowf
                0x08010d18        0xc /Applications/ArmGNUToolchain/14.3.rel1/arm-none-eabi/bin/../lib/gcc/arm-none-eabi/14.3.1/../../../../arm-none-eabi/lib/thumb/v7e-m+dp/hard/libm.a(libm_a-math_errf.o)
                0x08010d18                __math_uflowf
 .text.__math_may_uflowf
                0x08010d24        0xc /Applications/ArmGNUToolchain/14.3.rel1/arm-none-eabi/bin/../lib/gcc/arm-none-eabi/14.3.1/../../../../arm-none-eabi/lib/thumb/v7e-m+dp/hard/libm.a(libm_a-math_errf.o)
                0x08010d24                __math_may_uflowf
 .text.__math_oflowf
                0x08010d30        0xc /Applications/ArmGNUToolchain/14.3.rel1/arm-none-eabi/bin/../lib/gcc/arm-none-eabi/14.3.1/../../../../arm-none-eabi/lib/thumb/v7e-m+dp/hard/libm.a(libm_a-math_errf.o)
                0x08010d30                __math_oflowf
 .text.__math_divzerof
                0x08010d3c       0x24 /Applications/ArmGNUToolchain/14.3.rel1/arm-none-eabi/bin/../lib/gcc/arm-none-eabi/14.3.1/../../../../arm-none-eabi/lib/thumb/v7e-m+dp/hard/libm.a(libm_a-math_errf.o)
                0x08010d3c                __math_divzerof
 .text.__math_invalidf
                0x08010d60       0x20 /Applications/ArmGNUToolchain/14.3.rel1/arm-none-eabi/bin/../lib/gcc/arm-none-eabi/14.3.1/../../../../arm-none-eabi/lib/thumb/v7e-m+dp/hard/libm.a(libm_a-math_errf.o)
                0x08010d60                __math_invalidf
 .text.sqrtf    0x08010d80       0x44 /Applications/ArmGNUToolchain/14.3.rel1/arm-none-eabi/bin/../lib/gcc/arm-none-eabi/14.3.1/../../../../arm-none-eabi/lib/thumb/v7e-m+dp/hard/libm.a(libm_a-wf_sqrt.o)
                0x08010d80                sqrtf
 .text.__ieee754_sqrtf
                0x08010dc4        0x8 /Applications/ArmGNUToolchain/14.3.rel1/arm-none-eabi/bin/../lib/gcc/arm-none-eabi/14.3.1/../../../../arm-none-eabi/lib/thumb/v7e-m+dp/hard/libm.a(libm_a-ef_sqrt.o)
                0x08010dc4                __ieee754_sqrtf
 .text.abort    0x08010dcc        0xe /Applications/ArmGNUToolchain/14.3.rel1/arm-none-eabi/bin/../lib/gcc/arm-none-eabi/14.3.1/../../../../arm-none-eabi/lib/thumb/v7e-m+dp/hard/libc_nano.a(libc_a-abort.o)
                0x08010dcc                abort
 *fill*         0x08010dda        0x2 
 .text.__assert_func
                0x08010ddc       0x3c /Applications/ArmGNUToolchain/14.3.rel1/arm-none-eabi/bin/../lib/gcc/arm-none-eabi/14.3.1/../../../../arm-none-eabi/lib/thumb/v7e-m+dp/hard/libc_nano.a(libc_a-assert.o)
                0x08010ddc                __assert_func
 .text.free     0x08010e18       0x10 /Applications/ArmGNUToolchain/14.3.rel1/arm-none-eabi/bin/../lib/gcc/arm-none-eabi/14.3.1/../../../../arm-none-eabi/lib/thumb/v7e-m+dp/hard/libc_nano.a(libc_a-malloc.o)
                0x08010e18                free
 .text.sbrk_aligned
                0x08010e28       0x44 /Applications/ArmGNUToolchain/14.3.rel1/arm-none-eabi/bin/../lib/gcc/arm-none-eabi/14.3.1/../../../../arm-none-eabi/lib/thumb/v7e-m+dp/hard/libc_nano.a(libc_a-mallocr.o)
 .text._malloc_r
                0x08010e6c      0x100 /Applications/ArmGNUToolchain/14.3.rel1/arm-none-eabi/bin/../lib/gcc/arm-none-eabi/14.3.1/../../../../arm-none-eabi/lib/thumb/v7e-m+dp/hard/libc_nano.a(libc_a-mallocr.o)
                0x08010e6c                _malloc_r
 .text.__malloc_lock
                0x08010f6c        0xc /Applications/ArmGNUToolchain/14.3.rel1/arm-none-eabi/bin/../lib/gcc/arm-none-eabi/14.3.1/../../../../arm-none-eabi/lib/thumb/v7e-m+dp/hard/libc_nano.a(libc_a-mlock.o)
                0x08010f6c                __malloc_lock
 .text.__malloc_unlock
                0x08010f78        0xc /Applications/ArmGNUToolchain/14.3.rel1/arm-none-eabi/bin/../lib/gcc/arm-none-eabi/14.3.1/../../../../arm-none-eabi/lib/thumb/v7e-m+dp/hard/libc_nano.a(libc_a-mlock.o)
                0x08010f78                __malloc_unlock
 .text.std      0x08010f84       0x6c /Applications/ArmGNUToolchain/14.3.rel1/arm-none-eabi/bin/../lib/gcc/arm-none-eabi/14.3.1/../../../../arm-none-eabi/lib/thumb/v7e-m+dp/hard/libc_nano.a(libc_a-findfp.o)
 .text.stdio_exit_handler
                0x08010ff0       0x18 /Applications/ArmGNUToolchain/14.3.rel1/arm-none-eabi/bin/../lib/gcc/arm-none-eabi/14.3.1/../../../../arm-none-eabi/lib/thumb/v7e-m+dp/hard/libc_nano.a(libc_a-findfp.o)
 .text.cleanup_stdio
                0x08011008       0x40 /Applications/ArmGNUToolchain/14.3.rel1/arm-none-eabi/bin/../lib/gcc/arm-none-eabi/14.3.1/../../../../arm-none-eabi/lib/thumb/v7e-m+dp/hard/libc_nano.a(libc_a-findfp.o)
 .text.global_stdio_init.part.0
                0x08011048       0x40 /Applications/ArmGNUToolchain/14.3.rel1/arm-none-eabi/bin/../lib/gcc/arm-none-eabi/14.3.1/../../../../arm-none-eabi/lib/thumb/v7e-m+dp/hard/libc_nano.a(libc_a-findfp.o)
 .text.__sfp_lock_acquire
                0x08011088        0xc /Applications/ArmGNUToolchain/14.3.rel1/arm-none-eabi/bin/../lib/gcc/arm-none-eabi/14.3.1/../../../../arm-none-eabi/lib/thumb/v7e-m+dp/hard/libc_nano.a(libc_a-findfp.o)
                0x08011088                __sfp_lock_acquire
 .text.__sfp_lock_release
                0x08011094        0xc /Applications/ArmGNUToolchain/14.3.rel1/arm-none-eabi/bin/../lib/gcc/arm-none-eabi/14.3.1/../../../../arm-none-eabi/lib/thumb/v7e-m+dp/hard/libc_nano.a(libc_a-findfp.o)
                0x08011094                __sfp_lock_release
 .text.__sinit  0x080110a0       0x30 /Applications/ArmGNUToolchain/14.3.rel1/arm-none-eabi/bin/../lib/gcc/arm-none-eabi/14.3.1/../../../../arm-none-eabi/lib/thumb/v7e-m+dp/hard/libc_nano.a(libc_a-findfp.o)
                0x080110a0                __sinit
 .text.fprintf  0x080110d0       0x24 /Applications/ArmGNUToolchain/14.3.rel1/arm-none-eabi/bin/../lib/gcc/arm-none-eabi/14.3.1/../../../../arm-none-eabi/lib/thumb/v7e-m+dp/hard/libc_nano.a(libc_a-fprintf.o)
                0x080110d0                fprintf
                0x080110d0                fiprintf
 .text._fwalk_sglue
                0x080110f4       0x3c /Applications/ArmGNUToolchain/14.3.rel1/arm-none-eabi/bin/../lib/gcc/arm-none-eabi/14.3.1/../../../../arm-none-eabi/lib/thumb/v7e-m+dp/hard/libc_nano.a(libc_a-fwalk.o)
                0x080110f4                _fwalk_sglue
 .text.memset   0x08011130       0x10 /Applications/ArmGNUToolchain/14.3.rel1/arm-none-eabi/bin/../lib/gcc/arm-none-eabi/14.3.1/../../../../arm-none-eabi/lib/thumb/v7e-m+dp/hard/libc_nano.a(libc_a-memset.o)
                0x08011130                memset
 .text._raise_r
                0x08011140       0x50 /Applications/ArmGNUToolchain/14.3.rel1/arm-none-eabi/bin/../lib/gcc/arm-none-eabi/14.3.1/../../../../arm-none-eabi/lib/thumb/v7e-m+dp/hard/libc_nano.a(libc_a-signal.o)
                0x08011140                _raise_r
 .text.raise    0x08011190       0x10 /Applications/ArmGNUToolchain/14.3.rel1/arm-none-eabi/bin/../lib/gcc/arm-none-eabi/14.3.1/../../../../arm-none-eabi/lib/thumb/v7e-m+dp/hard/libc_nano.a(libc_a-signal.o)
                0x08011190                raise
 .text._kill_r  0x080111a0       0x24 /Applications/ArmGNUToolchain/14.3.rel1/arm-none-eabi/bin/../lib/gcc/arm-none-eabi/14.3.1/../../../../arm-none-eabi/lib/thumb/v7e-m+dp/hard/libc_nano.a(libc_a-signalr.o)
                0x080111a0                _kill_r
 .text._getpid_r
                0x080111c4        0x4 /Applications/ArmGNUToolchain/14.3.rel1/arm-none-eabi/bin/../lib/gcc/arm-none-eabi/14.3.1/../../../../arm-none-eabi/lib/thumb/v7e-m+dp/hard/libc_nano.a(libc_a-signalr.o)
                0x080111c4                _getpid_r
 .text._sbrk_r  0x080111c8       0x20 /Applications/ArmGNUToolchain/14.3.rel1/arm-none-eabi/bin/../lib/gcc/arm-none-eabi/14.3.1/../../../../arm-none-eabi/lib/thumb/v7e-m+dp/hard/libc_nano.a(libc_a-sbrkr.o)
                0x080111c8                _sbrk_r
 .text.__errno  0x080111e8        0xc /Applications/ArmGNUToolchain/14.3.rel1/arm-none-eabi/bin/../lib/gcc/arm-none-eabi/14.3.1/../../../../arm-none-eabi/lib/thumb/v7e-m+dp/hard/libc_nano.a(libc_a-errno.o)
                0x080111e8                __errno
 .text.__libc_init_array
                0x080111f4       0x48 /Applications/ArmGNUToolchain/14.3.rel1/arm-none-eabi/bin/../lib/gcc/arm-none-eabi/14.3.1/../../../../arm-none-eabi/lib/thumb/v7e-m+dp/hard/libc_nano.a(libc_a-init.o)
                0x080111f4                __libc_init_array
 .text.__retarget_lock_init_recursive
                0x0801123c        0x2 /Applications/ArmGNUToolchain/14.3.rel1/arm-none-eabi/bin/../lib/gcc/arm-none-eabi/14.3.1/../../../../arm-none-eabi/lib/thumb/v7e-m+dp/hard/libc_nano.a(libc_a-lock.o)
                0x0801123c                __retarget_lock_init_recursive
 .text.__retarget_lock_acquire_recursive
                0x0801123e        0x2 /Applications/ArmGNUToolchain/14.3.rel1/arm-none-eabi/bin/../lib/gcc/arm-none-eabi/14.3.1/../../../../arm-none-eabi/lib/thumb/v7e-m+dp/hard/libc_nano.a(libc_a-lock.o)
                0x0801123e                __retarget_lock_acquire_recursive
 .text.__retarget_lock_release_recursive
                0x08011240        0x2 /Applications/ArmGNUToolchain/14.3.rel1/arm-none-eabi/bin/../lib/gcc/arm-none-eabi/14.3.1/../../../../arm-none-eabi/lib/thumb/v7e-m+dp/hard/libc_nano.a(libc_a-lock.o)
                0x08011240                __retarget_lock_release_recursive
 *fill*         0x08011242        0x2 
 .text.__cxa_atexit
                0x08011244       0x1c /Applications/ArmGNUToolchain/14.3.rel1/arm-none-eabi/bin/../lib/gcc/arm-none-eabi/14.3.1/../../../../arm-none-eabi/lib/thumb/v7e-m+dp/hard/libc_nano.a(libc_a-cxa_atexit.o)
                0x08011244                __cxa_atexit
 .text._free_r  0x08011260       0x94 /Applications/ArmGNUToolchain/14.3.rel1/arm-none-eabi/bin/../lib/gcc/arm-none-eabi/14.3.1/../../../../arm-none-eabi/lib/thumb/v7e-m+dp/hard/libc_nano.a(libc_a-freer.o)
                0x08011260                _free_r
 .text.__sfputc_r
                0x080112f4       0x2e /Applications/ArmGNUToolchain/14.3.rel1/arm-none-eabi/bin/../lib/gcc/arm-none-eabi/14.3.1/../../../../arm-none-eabi/lib/thumb/v7e-m+dp/hard/libc_nano.a(libc_a-nano-vfprintf.o)
 .text.__sfputs_r
                0x08011322       0x24 /Applications/ArmGNUToolchain/14.3.rel1/arm-none-eabi/bin/../lib/gcc/arm-none-eabi/14.3.1/../../../../arm-none-eabi/lib/thumb/v7e-m+dp/hard/libc_nano.a(libc_a-nano-vfprintf.o)
                0x08011322                __sfputs_r
 *fill*         0x08011346        0x2 
 .text._vfprintf_r
                0x08011348      0x228 /Applications/ArmGNUToolchain/14.3.rel1/arm-none-eabi/bin/../lib/gcc/arm-none-eabi/14.3.1/../../../../arm-none-eabi/lib/thumb/v7e-m+dp/hard/libc_nano.a(libc_a-nano-vfprintf.o)
                0x08011348                _vfiprintf_r
                0x08011348                _vfprintf_r
 .text._printf_common
                0x08011570       0xda /Applications/ArmGNUToolchain/14.3.rel1/arm-none-eabi/bin/../lib/gcc/arm-none-eabi/14.3.1/../../../../arm-none-eabi/lib/thumb/v7e-m+dp/hard/libc_nano.a(libc_a-nano-vfprintf_i.o)
                0x08011570                _printf_common
 *fill*         0x0801164a        0x2 
 .text._printf_i
                0x0801164c      0x24c /Applications/ArmGNUToolchain/14.3.rel1/arm-none-eabi/bin/../lib/gcc/arm-none-eabi/14.3.1/../../../../arm-none-eabi/lib/thumb/v7e-m+dp/hard/libc_nano.a(libc_a-nano-vfprintf_i.o)
                0x0801164c                _printf_i
 .text.__sflush_r
                0x08011898      0x104 /Applications/ArmGNUToolchain/14.3.rel1/arm-none-eabi/bin/../lib/gcc/arm-none-eabi/14.3.1/../../../../arm-none-eabi/lib/thumb/v7e-m+dp/hard/libc_nano.a(libc_a-fflush.o)
                0x08011898                __sflush_r
 .text._fflush_r
                0x0801199c       0x50 /Applications/ArmGNUToolchain/14.3.rel1/arm-none-eabi/bin/../lib/gcc/arm-none-eabi/14.3.1/../../../../arm-none-eabi/lib/thumb/v7e-m+dp/hard/libc_nano.a(libc_a-fflush.o)
                0x0801199c                _fflush_r
 .text.__sread  0x080119ec       0x22 /Applications/ArmGNUToolchain/14.3.rel1/arm-none-eabi/bin/../lib/gcc/arm-none-eabi/14.3.1/../../../../arm-none-eabi/lib/thumb/v7e-m+dp/hard/libc_nano.a(libc_a-stdio.o)
                0x080119ec                __sread
 .text.__swrite
                0x08011a0e       0x38 /Applications/ArmGNUToolchain/14.3.rel1/arm-none-eabi/bin/../lib/gcc/arm-none-eabi/14.3.1/../../../../arm-none-eabi/lib/thumb/v7e-m+dp/hard/libc_nano.a(libc_a-stdio.o)
                0x08011a0e                __swrite
 .text.__sseek  0x08011a46       0x26 /Applications/ArmGNUToolchain/14.3.rel1/arm-none-eabi/bin/../lib/gcc/arm-none-eabi/14.3.1/../../../../arm-none-eabi/lib/thumb/v7e-m+dp/hard/libc_nano.a(libc_a-stdio.o)
                0x08011a46                __sseek
 .text.__sclose
                0x08011a6c        0x8 /Applications/ArmGNUToolchain/14.3.rel1/arm-none-eabi/bin/../lib/gcc/arm-none-eabi/14.3.1/../../../../arm-none-eabi/lib/thumb/v7e-m+dp/hard/libc_nano.a(libc_a-stdio.o)
                0x08011a6c                __sclose
 .text.__swbuf_r
                0x08011a74       0x7c /Applications/ArmGNUToolchain/14.3.rel1/arm-none-eabi/bin/../lib/gcc/arm-none-eabi/14.3.1/../../../../arm-none-eabi/lib/thumb/v7e-m+dp/hard/libc_nano.a(libc_a-wbuf.o)
                0x08011a74                __swbuf_r
 .text.__swsetup_r
                0x08011af0       0xa8 /Applications/ArmGNUToolchain/14.3.rel1/arm-none-eabi/bin/../lib/gcc/arm-none-eabi/14.3.1/../../../../arm-none-eabi/lib/thumb/v7e-m+dp/hard/libc_nano.a(libc_a-wsetup.o)
                0x08011af0                __swsetup_r
 .text.__swhatbuf_r
                0x08011b98       0x48 /Applications/ArmGNUToolchain/14.3.rel1/arm-none-eabi/bin/../lib/gcc/arm-none-eabi/14.3.1/../../../../arm-none-eabi/lib/thumb/v7e-m+dp/hard/libc_nano.a(libc_a-makebuf.o)
                0x08011b98                __swhatbuf_r
 .text.__smakebuf_r
                0x08011be0       0x72 /Applications/ArmGNUToolchain/14.3.rel1/arm-none-eabi/bin/../lib/gcc/arm-none-eabi/14.3.1/../../../../arm-none-eabi/lib/thumb/v7e-m+dp/hard/libc_nano.a(libc_a-makebuf.o)
                0x08011be0                __smakebuf_r
 *fill*         0x08011c52        0x2 
 .text._isatty_r
                0x08011c54       0x20 /Applications/ArmGNUToolchain/14.3.rel1/arm-none-eabi/bin/../lib/gcc/arm-none-eabi/14.3.1/../../../../arm-none-eabi/lib/thumb/v7e-m+dp/hard/libc_nano.a(libc_a-isattyr.o)
                0x08011c54                _isatty_r
 .text._lseek_r
                0x08011c74       0x24 /Applications/ArmGNUToolchain/14.3.rel1/arm-none-eabi/bin/../lib/gcc/arm-none-eabi/14.3.1/../../../../arm-none-eabi/lib/thumb/v7e-m+dp/hard/libc_nano.a(libc_a-lseekr.o)
                0x08011c74                _lseek_r
 .text._read_r  0x08011c98       0x24 /Applications/ArmGNUToolchain/14.3.rel1/arm-none-eabi/bin/../lib/gcc/arm-none-eabi/14.3.1/../../../../arm-none-eabi/lib/thumb/v7e-m+dp/hard/libc_nano.a(libc_a-readr.o)
                0x08011c98                _read_r
 .text._write_r
                0x08011cbc       0x24 /Applications/ArmGNUToolchain/14.3.rel1/arm-none-eabi/bin/../lib/gcc/arm-none-eabi/14.3.1/../../../../arm-none-eabi/lib/thumb/v7e-m+dp/hard/libc_nano.a(libc_a-writer.o)
                0x08011cbc                _write_r
 .text._close_r
                0x08011ce0       0x20 /Applications/ArmGNUToolchain/14.3.rel1/arm-none-eabi/bin/../lib/gcc/arm-none-eabi/14.3.1/../../../../arm-none-eabi/lib/thumb/v7e-m+dp/hard/libc_nano.a(libc_a-closer.o)
                0x08011ce0                _close_r
 .text._fstat_r
                0x08011d00       0x24 /Applications/ArmGNUToolchain/14.3.rel1/arm-none-eabi/bin/../lib/gcc/arm-none-eabi/14.3.1/../../../../arm-none-eabi/lib/thumb/v7e-m+dp/hard/libc_nano.a(libc_a-fstatr.o)
                0x08011d00                _fstat_r
 .text.memcpy   0x08011d24       0x1c /Applications/ArmGNUToolchain/14.3.rel1/arm-none-eabi/bin/../lib/gcc/arm-none-eabi/14.3.1/../../../../arm-none-eabi/lib/thumb/v7e-m+dp/hard/libc_nano.a(libc_a-memcpy-stub.o)
                0x08011d24                memcpy
 .text.__udivmoddi4
                0x08011d40      0x2f8 /Applications/ArmGNUToolchain/14.3.rel1/arm-none-eabi/bin/../lib/gcc/arm-none-eabi/14.3.1/thumb/v7e-m+dp/hard/libgcc.a(_udivmoddi4.o)
                0x08011d40                __udivmoddi4
 .text._close   0x08012038       0x10 /Applications/ArmGNUToolchain/14.3.rel1/arm-none-eabi/bin/../lib/gcc/arm-none-eabi/14.3.1/../../../../arm-none-eabi/lib/thumb/v7e-m+dp/hard/libnosys.a(close.o)
                0x08012038                _close
 .text._fstat   0x08012048       0x10 /Applications/ArmGNUToolchain/14.3.rel1/arm-none-eabi/bin/../lib/gcc/arm-none-eabi/14.3.1/../../../../arm-none-eabi/lib/thumb/v7e-m+dp/hard/libnosys.a(fstat.o)
                0x08012048                _fstat
 .text._getpid  0x08012058       0x10 /Applications/ArmGNUToolchain/14.3.rel1/arm-none-eabi/bin/../lib/gcc/arm-none-eabi/14.3.1/../../../../arm-none-eabi/lib/thumb/v7e-m+dp/hard/libnosys.a(getpid.o)
                0x08012058                _getpid
 .text._isatty  0x08012068       0x10 /Applications/ArmGNUToolchain/14.3.rel1/arm-none-eabi/bin/../lib/gcc/arm-none-eabi/14.3.1/../../../../arm-none-eabi/lib/thumb/v7e-m+dp/hard/libnosys.a(isatty.o)
                0x08012068                _isatty
 .text._kill    0x08012078       0x10 /Applications/ArmGNUToolchain/14.3.rel1/arm-none-eabi/bin/../lib/gcc/arm-none-eabi/14.3.1/../../../../arm-none-eabi/lib/thumb/v7e-m+dp/hard/libnosys.a(kill.o)
                0x08012078                _kill
 .text._lseek   0x08012088       0x10 /Applications/ArmGNUToolchain/14.3.rel1/arm-none-eabi/bin/../lib/gcc/arm-none-eabi/14.3.1/../../../../arm-none-eabi/lib/thumb/v7e-m+dp/hard/libnosys.a(lseek.o)
                0x08012088                _lseek
 .text._read    0x08012098       0x10 /Applications/ArmGNUToolchain/14.3.rel1/arm-none-eabi/bin/../lib/gcc/arm-none-eabi/14.3.1/../../../../arm-none-eabi/lib/thumb/v7e-m+dp/hard/libnosys.a(read.o)
                0x08012098                _read
 .text._sbrk    0x080120a8       0x1c /Applications/ArmGNUToolchain/14.3.rel1/arm-none-eabi/bin/../lib/gcc/arm-none-eabi/14.3.1/../../../../arm-none-eabi/lib/thumb/v7e-m+dp/hard/libnosys.a(sbrk.o)
                0x080120a8                _sbrk
 .text._write   0x080120c4       0x10 /Applications/ArmGNUToolchain/14.3.rel1/arm-none-eabi/bin/../lib/gcc/arm-none-eabi/14.3.1/../../../../arm-none-eabi/lib/thumb/v7e-m+dp/hard/libnosys.a(write.o)
                0x080120c4                _write
 .text._exit    0x080120d4        0x4 /Applications/ArmGNUToolchain/14.3.rel1/arm-none-eabi/bin/../lib/gcc/arm-none-eabi/14.3.1/../../../../arm-none-eabi/lib/thumb/v7e-m+dp/hard/libnosys.a(_exit.o)
                0x080120d4                _exit
 *(.rodata)
 .rodata        0x080120d8      0x910 /var/folders/l1/2g67jm355zjcnnrwly15vqt40000gn/T//ccNgTNSH.ltrans0.ltrans.o
 .rodata        0x080129e8      0x178 /var/folders/l1/2g67jm355zjcnnrwly15vqt40000gn/T//ccNgTNSH.ltrans1.ltrans.o
 .rodata        0x08012b60       0x10 /var/folders/l1/2g67jm355zjcnnrwly15vqt40000gn/T//ccNgTNSH.ltrans2.ltrans.o
 *(.rodata*)
 .rodata.str1.1
                0x08012b70       0xd3 /var/folders/l1/2g67jm355zjcnnrwly15vqt40000gn/T//ccNgTNSH.ltrans0.ltrans.o
 .rodata.str1.1
                0x08012b70        0x7 /var/folders/l1/2g67jm355zjcnnrwly15vqt40000gn/T//ccNgTNSH.ltrans1.ltrans.o
 .rodata.__exp2f_data
                0x08012b70      0x148 /Applications/ArmGNUToolchain/14.3.rel1/arm-none-eabi/bin/../lib/gcc/arm-none-eabi/14.3.1/../../../../arm-none-eabi/lib/thumb/v7e-m+dp/hard/libm.a(libm_a-sf_exp2_data.o)
                0x08012b70                __exp2f_data
 .rodata.__exp_data
                0x08012cb8      0x870 /Applications/ArmGNUToolchain/14.3.rel1/arm-none-eabi/bin/../lib/gcc/arm-none-eabi/14.3.1/../../../../arm-none-eabi/lib/thumb/v7e-m+dp/hard/libm.a(libm_a-exp_data.o)
                0x08012cb8                __exp_data
 .rodata.__inv_pio4
                0x08013528       0x60 /Applications/ArmGNUToolchain/14.3.rel1/arm-none-eabi/bin/../lib/gcc/arm-none-eabi/14.3.1/../../../../arm-none-eabi/lib/thumb/v7e-m+dp/hard/libm.a(libm_a-sincosf_data.o)
                0x08013528                __inv_pio4
 .rodata.__sincosf_table
                0x08013588       0xe0 /Applications/ArmGNUToolchain/14.3.rel1/arm-none-eabi/bin/../lib/gcc/arm-none-eabi/14.3.1/../../../../arm-none-eabi/lib/thumb/v7e-m+dp/hard/libm.a(libm_a-sincosf_data.o)
                0x08013588                __sincosf_table
 .rodata.__powf_log2_data
                0x08013668      0x128 /Applications/ArmGNUToolchain/14.3.rel1/arm-none-eabi/bin/../lib/gcc/arm-none-eabi/14.3.1/../../../../arm-none-eabi/lib/thumb/v7e-m+dp/hard/libm.a(libm_a-sf_pow_log2_data.o)
                0x08013668                __powf_log2_data
 .rodata.__assert_func.str1.1
                0x08013790      0x149 /Applications/ArmGNUToolchain/14.3.rel1/arm-none-eabi/bin/../lib/gcc/arm-none-eabi/14.3.1/../../../../arm-none-eabi/lib/thumb/v7e-m+dp/hard/libc_nano.a(libc_a-assert.o)
                                 0x3d (size before relaxing)
 .rodata._vfprintf_r.str1.1
                0x080138d9       0x11 /Applications/ArmGNUToolchain/14.3.rel1/arm-none-eabi/bin/../lib/gcc/arm-none-eabi/14.3.1/../../../../arm-none-eabi/lib/thumb/v7e-m+dp/hard/libc_nano.a(libc_a-nano-vfprintf.o)
 .rodata._printf_i.str1.1
                0x080138d9       0x22 /Applications/ArmGNUToolchain/14.3.rel1/arm-none-eabi/bin/../lib/gcc/arm-none-eabi/14.3.1/../../../../arm-none-eabi/lib/thumb/v7e-m+dp/hard/libc_nano.a(libc_a-nano-vfprintf_i.o)
 *(.glue_7)
 .glue_7        0x080138d9        0x0 linker stubs
 *(.glue_7t)
 .glue_7t       0x080138d9        0x0 linker stubs
 *(.init)
 *fill*         0x080138d9        0x3 
 .init          0x080138dc        0x4 /Applications/ArmGNUToolchain/14.3.rel1/arm-none-eabi/bin/../lib/gcc/arm-none-eabi/14.3.1/thumb/v7e-m+dp/hard/crti.o
                0x080138dc                _init
 .init          0x080138e0        0x8 /Applications/ArmGNUToolchain/14.3.rel1/arm-none-eabi/bin/../lib/gcc/arm-none-eabi/14.3.1/thumb/v7e-m+dp/hard/crtn.o
 *(.fini)
 .fini          0x080138e8        0x4 /Applications/ArmGNUToolchain/14.3.rel1/arm-none-eabi/bin/../lib/gcc/arm-none-eabi/14.3.1/thumb/v7e-m+dp/hard/crti.o
                0x080138e8                _fini
 .fini          0x080138ec        0x8 /Applications/ArmGNUToolchain/14.3.rel1/arm-none-eabi/bin/../lib/gcc/arm-none-eabi/14.3.1/thumb/v7e-m+dp/hard/crtn.o
                0x080138f4                        . = ALIGN (0x4)
                0x080138f4                        _etext = .

.eh_frame       0x080138f4        0x0
 .eh_frame      0x080138f4        0x0 /Applications/ArmGNUToolchain/14.3.rel1/arm-none-eabi/bin/../lib/gcc/arm-none-eabi/14.3.1/thumb/v7e-m+dp/hard/crtbegin.o

.vfp11_veneer   0x080138f4        0x0
 .vfp11_veneer  0x080138f4        0x0 linker stubs

.v4_bx          0x080138f4        0x0
 .v4_bx         0x080138f4        0x0 linker stubs

.iplt           0x080138f4        0x0
 .iplt          0x080138f4        0x0 /Applications/ArmGNUToolchain/14.3.rel1/arm-none-eabi/bin/../lib/gcc/arm-none-eabi/14.3.1/thumb/v7e-m+dp/hard/crtbegin.o

.ARM.extab      0x080138f4        0x0
                0x080138f4                        . = ALIGN (0x4)
 *(.ARM.extab)
 *(.gnu.linkonce.armextab.*)
                0x080138f4                        . = ALIGN (0x4)

.exidx          0x080138f4        0x8
                0x080138f4                        . = ALIGN (0x4)
                [!provide]                        PROVIDE (__exidx_start = .)
 *(.ARM.exidx*)
 .ARM.exidx     0x080138f4        0x8 /Applications/ArmGNUToolchain/14.3.rel1/arm-none-eabi/bin/../lib/gcc/arm-none-eabi/14.3.1/../../../../arm-none-eabi/lib/thumb/v7e-m+dp/hard/libc_nano.a(libc_a-strcmp.o)
 .ARM.exidx     0x080138fc        0x0 /Applications/ArmGNUToolchain/14.3.rel1/arm-none-eabi/bin/../lib/gcc/arm-none-eabi/14.3.1/../../../../arm-none-eabi/lib/thumb/v7e-m+dp/hard/libc_nano.a(libc_a-memchr.o)
                                  0x8 (size before relaxing)
 .ARM.exidx     0x080138fc        0x0 /Applications/ArmGNUToolchain/14.3.rel1/arm-none-eabi/bin/../lib/gcc/arm-none-eabi/14.3.1/../../../../arm-none-eabi/lib/thumb/v7e-m+dp/hard/libc_nano.a(libc_a-strlen.o)
                                  0x8 (size before relaxing)
 .ARM.exidx.text.__udivmoddi4
                0x080138fc        0x0 /Applications/ArmGNUToolchain/14.3.rel1/arm-none-eabi/bin/../lib/gcc/arm-none-eabi/14.3.1/thumb/v7e-m+dp/hard/libgcc.a(_udivmoddi4.o)
                                  0x8 (size before relaxing)
                0x080138fc                        . = ALIGN (0x4)
                [!provide]                        PROVIDE (__exidx_end = .)

.rel.dyn        0x080138fc        0x0
 .rel.iplt      0x080138fc        0x0 /Applications/ArmGNUToolchain/14.3.rel1/arm-none-eabi/bin/../lib/gcc/arm-none-eabi/14.3.1/thumb/v7e-m+dp/hard/crtbegin.o

.ARM.attributes
                0x00000000       0x2e
 *(.ARM.attributes)
 .ARM.attributes
                0x00000000       0x20 /Applications/ArmGNUToolchain/14.3.rel1/arm-none-eabi/bin/../lib/gcc/arm-none-eabi/14.3.1/thumb/v7e-m+dp/hard/crti.o
 .ARM.attributes
                0x00000020       0x32 /Applications/ArmGNUToolchain/14.3.rel1/arm-none-eabi/bin/../lib/gcc/arm-none-eabi/14.3.1/thumb/v7e-m+dp/hard/crtbegin.o
 .ARM.attributes
                0x00000052       0x30 /var/folders/l1/2g67jm355zjcnnrwly15vqt40000gn/T//ccNgTNSH.ltrans0.ltrans.o
 .ARM.attributes
                0x00000082       0x30 /var/folders/l1/2g67jm355zjcnnrwly15vqt40000gn/T//ccNgTNSH.ltrans1.ltrans.o
 .ARM.attributes
                0x000000b2       0x30 /var/folders/l1/2g67jm355zjcnnrwly15vqt40000gn/T//ccNgTNSH.ltrans2.ltrans.o
 .ARM.attributes
                0x000000e2       0x32 /Applications/ArmGNUToolchain/14.3.rel1/arm-none-eabi/bin/../lib/gcc/arm-none-eabi/14.3.1/../../../../arm-none-eabi/lib/thumb/v7e-m+dp/hard/libstdc++_nano.a(atexit_arm.o)
 .ARM.attributes
                0x00000114       0x32 /Applications/ArmGNUToolchain/14.3.rel1/arm-none-eabi/bin/../lib/gcc/arm-none-eabi/14.3.1/../../../../arm-none-eabi/lib/thumb/v7e-m+dp/hard/libstdc++_nano.a(del_ops.o)
 .ARM.attributes
                0x00000146       0x32 /Applications/ArmGNUToolchain/14.3.rel1/arm-none-eabi/bin/../lib/gcc/arm-none-eabi/14.3.1/../../../../arm-none-eabi/lib/thumb/v7e-m+dp/hard/libstdc++_nano.a(guard.o)
 .ARM.attributes
                0x00000178       0x32 /Applications/ArmGNUToolchain/14.3.rel1/arm-none-eabi/bin/../lib/gcc/arm-none-eabi/14.3.1/../../../../arm-none-eabi/lib/thumb/v7e-m+dp/hard/libstdc++_nano.a(functional.o)
 .ARM.attributes
                0x000001aa       0x32 /Applications/ArmGNUToolchain/14.3.rel1/arm-none-eabi/bin/../lib/gcc/arm-none-eabi/14.3.1/../../../../arm-none-eabi/lib/thumb/v7e-m+dp/hard/libstdc++_nano.a(del_op.o)
 .ARM.attributes
                0x000001dc       0x32 /Applications/ArmGNUToolchain/14.3.rel1/arm-none-eabi/bin/../lib/gcc/arm-none-eabi/14.3.1/../../../../arm-none-eabi/lib/thumb/v7e-m+dp/hard/libm.a(libm_a-sf_exp.o)
 .ARM.attributes
                0x0000020e       0x32 /Applications/ArmGNUToolchain/14.3.rel1/arm-none-eabi/bin/../lib/gcc/arm-none-eabi/14.3.1/../../../../arm-none-eabi/lib/thumb/v7e-m+dp/hard/libm.a(libm_a-sf_exp2_data.o)
 .ARM.attributes
                0x00000240       0x32 /Applications/ArmGNUToolchain/14.3.rel1/arm-none-eabi/bin/../lib/gcc/arm-none-eabi/14.3.1/../../../../arm-none-eabi/lib/thumb/v7e-m+dp/hard/libm.a(libm_a-exp.o)
 .ARM.attributes
                0x00000272       0x32 /Applications/ArmGNUToolchain/14.3.rel1/arm-none-eabi/bin/../lib/gcc/arm-none-eabi/14.3.1/../../../../arm-none-eabi/lib/thumb/v7e-m+dp/hard/libm.a(libm_a-exp_data.o)
 .ARM.attributes
                0x000002a4       0x32 /Applications/ArmGNUToolchain/14.3.rel1/arm-none-eabi/bin/../lib/gcc/arm-none-eabi/14.3.1/../../../../arm-none-eabi/lib/thumb/v7e-m+dp/hard/libm.a(libm_a-math_err.o)
 .ARM.attributes
                0x000002d6       0x32 /Applications/ArmGNUToolchain/14.3.rel1/arm-none-eabi/bin/../lib/gcc/arm-none-eabi/14.3.1/../../../../arm-none-eabi/lib/thumb/v7e-m+dp/hard/libm.a(libm_a-sf_pow.o)
 .ARM.attributes
                0x00000308       0x32 /Applications/ArmGNUToolchain/14.3.rel1/arm-none-eabi/bin/../lib/gcc/arm-none-eabi/14.3.1/../../../../arm-none-eabi/lib/thumb/v7e-m+dp/hard/libm.a(libm_a-sinf.o)
 .ARM.attributes
                0x0000033a       0x32 /Applications/ArmGNUToolchain/14.3.rel1/arm-none-eabi/bin/../lib/gcc/arm-none-eabi/14.3.1/../../../../arm-none-eabi/lib/thumb/v7e-m+dp/hard/libm.a(libm_a-cosf.o)
 .ARM.attributes
                0x0000036c       0x32 /Applications/ArmGNUToolchain/14.3.rel1/arm-none-eabi/bin/../lib/gcc/arm-none-eabi/14.3.1/../../../../arm-none-eabi/lib/thumb/v7e-m+dp/hard/libm.a(libm_a-sincosf_data.o)
 .ARM.attributes
                0x0000039e       0x32 /Applications/ArmGNUToolchain/14.3.rel1/arm-none-eabi/bin/../lib/gcc/arm-none-eabi/14.3.1/../../../../arm-none-eabi/lib/thumb/v7e-m+dp/hard/libm.a(libm_a-math_errf.o)
 .ARM.attributes
                0x000003d0       0x32 /Applications/ArmGNUToolchain/14.3.rel1/arm-none-eabi/bin/../lib/gcc/arm-none-eabi/14.3.1/../../../../arm-none-eabi/lib/thumb/v7e-m+dp/hard/libm.a(libm_a-wf_sqrt.o)
 .ARM.attributes
                0x00000402       0x32 /Applications/ArmGNUToolchain/14.3.rel1/arm-none-eabi/bin/../lib/gcc/arm-none-eabi/14.3.1/../../../../arm-none-eabi/lib/thumb/v7e-m+dp/hard/libm.a(libm_a-ef_sqrt.o)
 .ARM.attributes
                0x00000434       0x32 /Applications/ArmGNUToolchain/14.3.rel1/arm-none-eabi/bin/../lib/gcc/arm-none-eabi/14.3.1/../../../../arm-none-eabi/lib/thumb/v7e-m+dp/hard/libm.a(libm_a-sf_pow_log2_data.o)
 .ARM.attributes
                0x00000466       0x32 /Applications/ArmGNUToolchain/14.3.rel1/arm-none-eabi/bin/../lib/gcc/arm-none-eabi/14.3.1/../../../../arm-none-eabi/lib/thumb/v7e-m+dp/hard/libc_nano.a(libc_a-abort.o)
 .ARM.attributes
                0x00000498       0x32 /Applications/ArmGNUToolchain/14.3.rel1/arm-none-eabi/bin/../lib/gcc/arm-none-eabi/14.3.1/../../../../arm-none-eabi/lib/thumb/v7e-m+dp/hard/libc_nano.a(libc_a-assert.o)
 .ARM.attributes
                0x000004ca       0x32 /Applications/ArmGNUToolchain/14.3.rel1/arm-none-eabi/bin/../lib/gcc/arm-none-eabi/14.3.1/../../../../arm-none-eabi/lib/thumb/v7e-m+dp/hard/libc_nano.a(libc_a-malloc.o)
 .ARM.attributes
                0x000004fc       0x32 /Applications/ArmGNUToolchain/14.3.rel1/arm-none-eabi/bin/../lib/gcc/arm-none-eabi/14.3.1/../../../../arm-none-eabi/lib/thumb/v7e-m+dp/hard/libc_nano.a(libc_a-mallocr.o)
 .ARM.attributes
                0x0000052e       0x32 /Applications/ArmGNUToolchain/14.3.rel1/arm-none-eabi/bin/../lib/gcc/arm-none-eabi/14.3.1/../../../../arm-none-eabi/lib/thumb/v7e-m+dp/hard/libc_nano.a(libc_a-mlock.o)
 .ARM.attributes
                0x00000560       0x32 /Applications/ArmGNUToolchain/14.3.rel1/arm-none-eabi/bin/../lib/gcc/arm-none-eabi/14.3.1/../../../../arm-none-eabi/lib/thumb/v7e-m+dp/hard/libc_nano.a(libc_a-findfp.o)
 .ARM.attributes
                0x00000592       0x32 /Applications/ArmGNUToolchain/14.3.rel1/arm-none-eabi/bin/../lib/gcc/arm-none-eabi/14.3.1/../../../../arm-none-eabi/lib/thumb/v7e-m+dp/hard/libc_nano.a(libc_a-fprintf.o)
 .ARM.attributes
                0x000005c4       0x32 /Applications/ArmGNUToolchain/14.3.rel1/arm-none-eabi/bin/../lib/gcc/arm-none-eabi/14.3.1/../../../../arm-none-eabi/lib/thumb/v7e-m+dp/hard/libc_nano.a(libc_a-fwalk.o)
 .ARM.attributes
                0x000005f6       0x32 /Applications/ArmGNUToolchain/14.3.rel1/arm-none-eabi/bin/../lib/gcc/arm-none-eabi/14.3.1/../../../../arm-none-eabi/lib/thumb/v7e-m+dp/hard/libc_nano.a(libc_a-memset.o)
 .ARM.attributes
                0x00000628       0x32 /Applications/ArmGNUToolchain/14.3.rel1/arm-none-eabi/bin/../lib/gcc/arm-none-eabi/14.3.1/../../../../arm-none-eabi/lib/thumb/v7e-m+dp/hard/libc_nano.a(libc_a-signal.o)
 .ARM.attributes
                0x0000065a       0x32 /Applications/ArmGNUToolchain/14.3.rel1/arm-none-eabi/bin/../lib/gcc/arm-none-eabi/14.3.1/../../../../arm-none-eabi/lib/thumb/v7e-m+dp/hard/libc_nano.a(libc_a-signalr.o)
 .ARM.attributes
                0x0000068c       0x32 /Applications/ArmGNUToolchain/14.3.rel1/arm-none-eabi/bin/../lib/gcc/arm-none-eabi/14.3.1/../../../../arm-none-eabi/lib/thumb/v7e-m+dp/hard/libc_nano.a(libc_a-sbrkr.o)
 .ARM.attributes
                0x000006be       0x32 /Applications/ArmGNUToolchain/14.3.rel1/arm-none-eabi/bin/../lib/gcc/arm-none-eabi/14.3.1/../../../../arm-none-eabi/lib/thumb/v7e-m+dp/hard/libc_nano.a(libc_a-errno.o)
 .ARM.attributes
                0x000006f0       0x32 /Applications/ArmGNUToolchain/14.3.rel1/arm-none-eabi/bin/../lib/gcc/arm-none-eabi/14.3.1/../../../../arm-none-eabi/lib/thumb/v7e-m+dp/hard/libc_nano.a(libc_a-init.o)
 .ARM.attributes
                0x00000722       0x32 /Applications/ArmGNUToolchain/14.3.rel1/arm-none-eabi/bin/../lib/gcc/arm-none-eabi/14.3.1/../../../../arm-none-eabi/lib/thumb/v7e-m+dp/hard/libc_nano.a(libc_a-lock.o)
 .ARM.attributes
                0x00000754       0x32 /Applications/ArmGNUToolchain/14.3.rel1/arm-none-eabi/bin/../lib/gcc/arm-none-eabi/14.3.1/../../../../arm-none-eabi/lib/thumb/v7e-m+dp/hard/libc_nano.a(libc_a-reent.o)
 .ARM.attributes
                0x00000786       0x32 /Applications/ArmGNUToolchain/14.3.rel1/arm-none-eabi/bin/../lib/gcc/arm-none-eabi/14.3.1/../../../../arm-none-eabi/lib/thumb/v7e-m+dp/hard/libc_nano.a(libc_a-impure.o)
 .ARM.attributes
                0x000007b8       0x32 /Applications/ArmGNUToolchain/14.3.rel1/arm-none-eabi/bin/../lib/gcc/arm-none-eabi/14.3.1/../../../../arm-none-eabi/lib/thumb/v7e-m+dp/hard/libc_nano.a(libc_a-cxa_atexit.o)
 .ARM.attributes
                0x000007ea       0x1e /Applications/ArmGNUToolchain/14.3.rel1/arm-none-eabi/bin/../lib/gcc/arm-none-eabi/14.3.1/../../../../arm-none-eabi/lib/thumb/v7e-m+dp/hard/libc_nano.a(libc_a-strcmp.o)
 .ARM.attributes
                0x00000808       0x32 /Applications/ArmGNUToolchain/14.3.rel1/arm-none-eabi/bin/../lib/gcc/arm-none-eabi/14.3.1/../../../../arm-none-eabi/lib/thumb/v7e-m+dp/hard/libc_nano.a(libc_a-freer.o)
 .ARM.attributes
                0x0000083a       0x32 /Applications/ArmGNUToolchain/14.3.rel1/arm-none-eabi/bin/../lib/gcc/arm-none-eabi/14.3.1/../../../../arm-none-eabi/lib/thumb/v7e-m+dp/hard/libc_nano.a(libc_a-nano-vfprintf.o)
 .ARM.attributes
                0x0000086c       0x32 /Applications/ArmGNUToolchain/14.3.rel1/arm-none-eabi/bin/../lib/gcc/arm-none-eabi/14.3.1/../../../../arm-none-eabi/lib/thumb/v7e-m+dp/hard/libc_nano.a(libc_a-nano-vfprintf_i.o)
 .ARM.attributes
                0x0000089e       0x32 /Applications/ArmGNUToolchain/14.3.rel1/arm-none-eabi/bin/../lib/gcc/arm-none-eabi/14.3.1/../../../../arm-none-eabi/lib/thumb/v7e-m+dp/hard/libc_nano.a(libc_a-fflush.o)
 .ARM.attributes
                0x000008d0       0x32 /Applications/ArmGNUToolchain/14.3.rel1/arm-none-eabi/bin/../lib/gcc/arm-none-eabi/14.3.1/../../../../arm-none-eabi/lib/thumb/v7e-m+dp/hard/libc_nano.a(libc_a-stdio.o)
 .ARM.attributes
                0x00000902       0x32 /Applications/ArmGNUToolchain/14.3.rel1/arm-none-eabi/bin/../lib/gcc/arm-none-eabi/14.3.1/../../../../arm-none-eabi/lib/thumb/v7e-m+dp/hard/libc_nano.a(libc_a-wbuf.o)
 .ARM.attributes
                0x00000934       0x32 /Applications/ArmGNUToolchain/14.3.rel1/arm-none-eabi/bin/../lib/gcc/arm-none-eabi/14.3.1/../../../../arm-none-eabi/lib/thumb/v7e-m+dp/hard/libc_nano.a(libc_a-wsetup.o)
 .ARM.attributes
                0x00000966       0x32 /Applications/ArmGNUToolchain/14.3.rel1/arm-none-eabi/bin/../lib/gcc/arm-none-eabi/14.3.1/../../../../arm-none-eabi/lib/thumb/v7e-m+dp/hard/libc_nano.a(libc_a-makebuf.o)
 .ARM.attributes
                0x00000998       0x32 /Applications/ArmGNUToolchain/14.3.rel1/arm-none-eabi/bin/../lib/gcc/arm-none-eabi/14.3.1/../../../../arm-none-eabi/lib/thumb/v7e-m+dp/hard/libc_nano.a(libc_a-isattyr.o)
 .ARM.attributes
                0x000009ca       0x32 /Applications/ArmGNUToolchain/14.3.rel1/arm-none-eabi/bin/../lib/gcc/arm-none-eabi/14.3.1/../../../../arm-none-eabi/lib/thumb/v7e-m+dp/hard/libc_nano.a(libc_a-lseekr.o)
 .ARM.attributes
                0x000009fc       0x32 /Applications/ArmGNUToolchain/14.3.rel1/arm-none-eabi/bin/../lib/gcc/arm-none-eabi/14.3.1/../../../../arm-none-eabi/lib/thumb/v7e-m+dp/hard/libc_nano.a(libc_a-readr.o)
 .ARM.attributes
                0x00000a2e       0x32 /Applications/ArmGNUToolchain/14.3.rel1/arm-none-eabi/bin/../lib/gcc/arm-none-eabi/14.3.1/../../../../arm-none-eabi/lib/thumb/v7e-m+dp/hard/libc_nano.a(libc_a-writer.o)
 .ARM.attributes
                0x00000a60       0x32 /Applications/ArmGNUToolchain/14.3.rel1/arm-none-eabi/bin/../lib/gcc/arm-none-eabi/14.3.1/../../../../arm-none-eabi/lib/thumb/v7e-m+dp/hard/libc_nano.a(libc_a-closer.o)
 .ARM.attributes
                0x00000a92       0x32 /Applications/ArmGNUToolchain/14.3.rel1/arm-none-eabi/bin/../lib/gcc/arm-none-eabi/14.3.1/../../../../arm-none-eabi/lib/thumb/v7e-m+dp/hard/libc_nano.a(libc_a-fstatr.o)
 .ARM.attributes
                0x00000ac4       0x1c /Applications/ArmGNUToolchain/14.3.rel1/arm-none-eabi/bin/../lib/gcc/arm-none-eabi/14.3.1/../../../../arm-none-eabi/lib/thumb/v7e-m+dp/hard/libc_nano.a(libc_a-memchr.o)
 .ARM.attributes
                0x00000ae0       0x32 /Applications/ArmGNUToolchain/14.3.rel1/arm-none-eabi/bin/../lib/gcc/arm-none-eabi/14.3.1/../../../../arm-none-eabi/lib/thumb/v7e-m+dp/hard/libc_nano.a(libc_a-memcpy-stub.o)
 .ARM.attributes
                0x00000b12       0x17 /Applications/ArmGNUToolchain/14.3.rel1/arm-none-eabi/bin/../lib/gcc/arm-none-eabi/14.3.1/../../../../arm-none-eabi/lib/thumb/v7e-m+dp/hard/libc_nano.a(libc_a-strlen.o)
 .ARM.attributes
                0x00000b29       0x20 /Applications/ArmGNUToolchain/14.3.rel1/arm-none-eabi/bin/../lib/gcc/arm-none-eabi/14.3.1/thumb/v7e-m+dp/hard/libgcc.a(_arm_addsubdf3.o)
 .ARM.attributes
                0x00000b49       0x20 /Applications/ArmGNUToolchain/14.3.rel1/arm-none-eabi/bin/../lib/gcc/arm-none-eabi/14.3.1/thumb/v7e-m+dp/hard/libgcc.a(_aeabi_uldivmod.o)
 .ARM.attributes
                0x00000b69       0x32 /Applications/ArmGNUToolchain/14.3.rel1/arm-none-eabi/bin/../lib/gcc/arm-none-eabi/14.3.1/thumb/v7e-m+dp/hard/libgcc.a(_udivmoddi4.o)
 .ARM.attributes
                0x00000b9b       0x20 /Applications/ArmGNUToolchain/14.3.rel1/arm-none-eabi/bin/../lib/gcc/arm-none-eabi/14.3.1/thumb/v7e-m+dp/hard/libgcc.a(_dvmd_tls.o)
 .ARM.attributes
                0x00000bbb       0x32 /Applications/ArmGNUToolchain/14.3.rel1/arm-none-eabi/bin/../lib/gcc/arm-none-eabi/14.3.1/../../../../arm-none-eabi/lib/thumb/v7e-m+dp/hard/libnosys.a(close.o)
 .ARM.attributes
                0x00000bed       0x32 /Applications/ArmGNUToolchain/14.3.rel1/arm-none-eabi/bin/../lib/gcc/arm-none-eabi/14.3.1/../../../../arm-none-eabi/lib/thumb/v7e-m+dp/hard/libnosys.a(fstat.o)
 .ARM.attributes
                0x00000c1f       0x32 /Applications/ArmGNUToolchain/14.3.rel1/arm-none-eabi/bin/../lib/gcc/arm-none-eabi/14.3.1/../../../../arm-none-eabi/lib/thumb/v7e-m+dp/hard/libnosys.a(getpid.o)
 .ARM.attributes
                0x00000c51       0x32 /Applications/ArmGNUToolchain/14.3.rel1/arm-none-eabi/bin/../lib/gcc/arm-none-eabi/14.3.1/../../../../arm-none-eabi/lib/thumb/v7e-m+dp/hard/libnosys.a(isatty.o)
 .ARM.attributes
                0x00000c83       0x32 /Applications/ArmGNUToolchain/14.3.rel1/arm-none-eabi/bin/../lib/gcc/arm-none-eabi/14.3.1/../../../../arm-none-eabi/lib/thumb/v7e-m+dp/hard/libnosys.a(kill.o)
 .ARM.attributes
                0x00000cb5       0x32 /Applications/ArmGNUToolchain/14.3.rel1/arm-none-eabi/bin/../lib/gcc/arm-none-eabi/14.3.1/../../../../arm-none-eabi/lib/thumb/v7e-m+dp/hard/libnosys.a(lseek.o)
 .ARM.attributes
                0x00000ce7       0x32 /Applications/ArmGNUToolchain/14.3.rel1/arm-none-eabi/bin/../lib/gcc/arm-none-eabi/14.3.1/../../../../arm-none-eabi/lib/thumb/v7e-m+dp/hard/libnosys.a(read.o)
 .ARM.attributes
                0x00000d19       0x32 /Applications/ArmGNUToolchain/14.3.rel1/arm-none-eabi/bin/../lib/gcc/arm-none-eabi/14.3.1/../../../../arm-none-eabi/lib/thumb/v7e-m+dp/hard/libnosys.a(sbrk.o)
 .ARM.attributes
                0x00000d4b       0x32 /Applications/ArmGNUToolchain/14.3.rel1/arm-none-eabi/bin/../lib/gcc/arm-none-eabi/14.3.1/../../../../arm-none-eabi/lib/thumb/v7e-m+dp/hard/libnosys.a(write.o)
 .ARM.attributes
                0x00000d7d       0x32 /Applications/ArmGNUToolchain/14.3.rel1/arm-none-eabi/bin/../lib/gcc/arm-none-eabi/14.3.1/../../../../arm-none-eabi/lib/thumb/v7e-m+dp/hard/libnosys.a(_exit.o)
 .ARM.attributes
                0x00000daf       0x32 /Applications/ArmGNUToolchain/14.3.rel1/arm-none-eabi/bin/../lib/gcc/arm-none-eabi/14.3.1/thumb/v7e-m+dp/hard/crtend.o
 .ARM.attributes
                0x00000de1       0x20 /Applications/ArmGNUToolchain/14.3.rel1/arm-none-eabi/bin/../lib/gcc/arm-none-eabi/14.3.1/thumb/v7e-m+dp/hard/crtn.o

.preinit_array  0x080138fc        0x0
                0x080138fc                        PROVIDE (__preinit_array_start = .)
 *(.preinit_array*)
                0x080138fc                        PROVIDE (__preinit_array_end = .)

.init_array     0x080138fc        0x8
                0x080138fc                        PROVIDE (__init_array_start = .)
 *(SORT_BY_NAME(.init_array.*))
 *(.init_array*)
 .init_array    0x080138fc        0x4 /Applications/ArmGNUToolchain/14.3.rel1/arm-none-eabi/bin/../lib/gcc/arm-none-eabi/14.3.1/thumb/v7e-m+dp/hard/crtbegin.o
 .init_array    0x08013900        0x4 /var/folders/l1/2g67jm355zjcnnrwly15vqt40000gn/T//ccNgTNSH.ltrans2.ltrans.o
                0x08013904                        PROVIDE (__init_array_end = .)

.fini_array     0x08013904        0x4
                [!provide]                        PROVIDE (__fini_array_start = .)
 *(.fini_array*)
 .fini_array    0x08013904        0x4 /Applications/ArmGNUToolchain/14.3.rel1/arm-none-eabi/bin/../lib/gcc/arm-none-eabi/14.3.1/thumb/v7e-m+dp/hard/crtbegin.o
 *(SORT_BY_NAME(.fini_array.*))
                [!provide]                        PROVIDE (__fini_array_end = .)

.data           0x24000000      0x338 load address 0x08013908
                0x24000000                        . = ALIGN (0x4)
                0x24000000                        _sdata = .
                [!provide]                        PROVIDE (__data_start__ = _sdata)
 *(.data)
 .data          0x24000000      0x2d6 /var/folders/l1/2g67jm355zjcnnrwly15vqt40000gn/T//ccNgTNSH.ltrans0.ltrans.o
                0x24000000                SystemCoreClock
                0x24000008                _ZL13pins_none_spi.lto_priv.0
                0x2400000b                pins_none
                0x24000010                uwTickPrio
                0x24000014                daisy::I2CHandle::Impl::queued_dma_transfers_
                0x2400005c                daisy::SpiHandle::Impl::queued_dma_transfers_
                0x240000cc                daisy::UartHandler::Impl::queued_dma_transfers_
                0x240001c8                lpuart1_pins_rx
                0x240001d1                lpuart1_pins_tx
                0x240001da                uart7_pins_tx
                0x240001e3                usart6_pins_rx
                0x240001f5                uart5_pins_tx
                0x24000210                usart3_pins_rx
                0x24000219                usart3_pins_tx
                0x24000222                usart2_pins_rx
                0x2400022b                usart2_pins_tx
                0x24000234                usart1_pins_rx
                0x2400023d                usart1_pins_tx
                0x24000246                _ZL13spi6_pins_nss.lto_priv.0
                0x2400024f                _ZL14spi6_pins_mosi.lto_priv.0
                0x24000258                _ZL14spi6_pins_miso.lto_priv.0
                0x24000261                _ZL14spi6_pins_sclk.lto_priv.0
                0x2400026a                _ZL13spi3_pins_nss.lto_priv.0
                0x24000273                _ZL14spi3_pins_mosi.lto_priv.0
                0x2400027c                _ZL14spi3_pins_miso.lto_priv.0
                0x24000285                _ZL14spi3_pins_sclk.lto_priv.0
                0x240002a0                _ZL14spi2_pins_miso.lto_priv.0
                0x240002a9                _ZL14spi2_pins_sclk.lto_priv.0
                0x240002b2                _ZL13spi1_pins_nss.lto_priv.0
                0x240002bb                _ZL14spi1_pins_mosi.lto_priv.0
                0x240002cd                _ZL14spi1_pins_sclk.lto_priv.0
 *(.data*)
 *fill*         0x240002d6        0x2 
 .data.__dso_handle
                0x240002d8        0x4 /Applications/ArmGNUToolchain/14.3.rel1/arm-none-eabi/bin/../lib/gcc/arm-none-eabi/14.3.1/thumb/v7e-m+dp/hard/crtbegin.o
                0x240002d8                __dso_handle
 .data.__sglue  0x240002dc        0xc /Applications/ArmGNUToolchain/14.3.rel1/arm-none-eabi/bin/../lib/gcc/arm-none-eabi/14.3.1/../../../../arm-none-eabi/lib/thumb/v7e-m+dp/hard/libc_nano.a(libc_a-findfp.o)
                0x240002dc                __sglue
 .data._impure_ptr
                0x240002e8        0x4 /Applications/ArmGNUToolchain/14.3.rel1/arm-none-eabi/bin/../lib/gcc/arm-none-eabi/14.3.1/../../../../arm-none-eabi/lib/thumb/v7e-m+dp/hard/libc_nano.a(libc_a-impure.o)
                0x240002e8                _impure_ptr
 .data._impure_data
                0x240002ec       0x4c /Applications/ArmGNUToolchain/14.3.rel1/arm-none-eabi/bin/../lib/gcc/arm-none-eabi/14.3.1/../../../../arm-none-eabi/lib/thumb/v7e-m+dp/hard/libc_nano.a(libc_a-impure.o)
                0x240002ec                _impure_data
                0x24000338                        . = ALIGN (0x4)
                0x24000338                        _edata = .
                [!provide]                        PROVIDE (__data_end__ = _edata)
                0x08013908                        _sidata = LOADADDR (.data)

.tm_clone_table
                0x24000338        0x0 load address 0x08013c40
 .tm_clone_table
                0x24000338        0x0 /Applications/ArmGNUToolchain/14.3.rel1/arm-none-eabi/bin/../lib/gcc/arm-none-eabi/14.3.1/thumb/v7e-m+dp/hard/crtbegin.o
 .tm_clone_table
                0x24000338        0x0 /Applications/ArmGNUToolchain/14.3.rel1/arm-none-eabi/bin/../lib/gcc/arm-none-eabi/14.3.1/thumb/v7e-m+dp/hard/crtend.o

.igot.plt       0x24000338        0x0 load address 0x08013c40
 .igot.plt      0x24000338        0x0 /Applications/ArmGNUToolchain/14.3.rel1/arm-none-eabi/bin/../lib/gcc/arm-none-eabi/14.3.1/thumb/v7e-m+dp/hard/crtbegin.o

.bss            0x24000338    0x1db3c load address 0x08013c40
                0x24000338                        . = ALIGN (0x4)
                0x24000338                        _sbss = .
                0x24000338                        PROVIDE (__bss_start__ = _sbss)
 *(.bss)
 .bss           0x24000338    0x1d804 /var/folders/l1/2g67jm355zjcnnrwly15vqt40000gn/T//ccNgTNSH.ltrans0.ltrans.o
                0x24000338                _ZN5daisyL9qspi_implE.lto_priv.0
                0x240003c8                uwTick
                0x240003cc                _ZL3adc.lto_priv.0
                0x24000a38                _ZN5daisyL10dac_handleE.lto_priv.0
                0x24000bd4                _ZN5daisyL11sai_handlesE.lto_priv.0
                0x2400108c                _ZN5daisyL11i2c_handlesE.lto_priv.0
                0x2400140c                _ZN5daisyL12audio_handleE.lto_priv.0
                0x24001444                daisy::I2CHandle::Impl::dma_active_peripheral_
                0x24001445                daisy::SpiHandle::Impl::dma_active_peripheral_
                0x24001448                _ZL11spi_handles.lto_priv.0
                0x24001e08                daisy::UartHandler::Impl::dma_active_peripheral_
                0x24001e0c                _ZL12uart_handles.lto_priv.0
                0x24003088                hpcd_USB_OTG_HS
                0x2400359c                daisy::System::tim_
                0x240035bc                uart8_pins_rx
                0x240035c5                uart8_pins_tx
                0x240035ce                uart7_pins_rx
                0x240035d7                usart6_pins_tx
                0x240035e0                _ZL13spi5_pins_nss.lto_priv.0
                0x240035e9                _ZL14spi5_pins_mosi.lto_priv.0
                0x240035f2                _ZL14spi5_pins_miso.lto_priv.0
                0x240035fb                _ZL14spi5_pins_sclk.lto_priv.0
                0x24003604                _ZL13spi4_pins_nss.lto_priv.0
                0x2400360d                _ZL14spi4_pins_mosi.lto_priv.0
                0x24003616                _ZL14spi4_pins_miso.lto_priv.0
                0x2400361f                _ZL14spi4_pins_sclk.lto_priv.0
                0x24003628                _ZZ4mainE3app.lto_priv.0
 .bss           0x2401db3c      0x1cc /var/folders/l1/2g67jm355zjcnnrwly15vqt40000gn/T//ccNgTNSH.ltrans1.ltrans.o
                0x2401db3c                _ZN5daisyL11tim_handlesE.lto_priv.0
                0x2401dccc                _ZL9dsy_sdram.lto_priv.0
 *(.bss*)
 .bss.completed.1
                0x2401dd08        0x1 /Applications/ArmGNUToolchain/14.3.rel1/arm-none-eabi/bin/../lib/gcc/arm-none-eabi/14.3.1/thumb/v7e-m+dp/hard/crtbegin.o
 *fill*         0x2401dd09        0x3 
 .bss.object.0  0x2401dd0c       0x18 /Applications/ArmGNUToolchain/14.3.rel1/arm-none-eabi/bin/../lib/gcc/arm-none-eabi/14.3.1/thumb/v7e-m+dp/hard/crtbegin.o
 .bss.__malloc_sbrk_start
                0x2401dd24        0x4 /Applications/ArmGNUToolchain/14.3.rel1/arm-none-eabi/bin/../lib/gcc/arm-none-eabi/14.3.1/../../../../arm-none-eabi/lib/thumb/v7e-m+dp/hard/libc_nano.a(libc_a-mallocr.o)
                0x2401dd24                __malloc_sbrk_start
 .bss.__malloc_free_list
                0x2401dd28        0x4 /Applications/ArmGNUToolchain/14.3.rel1/arm-none-eabi/bin/../lib/gcc/arm-none-eabi/14.3.1/../../../../arm-none-eabi/lib/thumb/v7e-m+dp/hard/libc_nano.a(libc_a-mallocr.o)
                0x2401dd28                __malloc_free_list
 .bss.__sf      0x2401dd2c      0x138 /Applications/ArmGNUToolchain/14.3.rel1/arm-none-eabi/bin/../lib/gcc/arm-none-eabi/14.3.1/../../../../arm-none-eabi/lib/thumb/v7e-m+dp/hard/libc_nano.a(libc_a-findfp.o)
                0x2401dd2c                __sf
 .bss.__stdio_exit_handler
                0x2401de64        0x4 /Applications/ArmGNUToolchain/14.3.rel1/arm-none-eabi/bin/../lib/gcc/arm-none-eabi/14.3.1/../../../../arm-none-eabi/lib/thumb/v7e-m+dp/hard/libc_nano.a(libc_a-findfp.o)
                0x2401de64                __stdio_exit_handler
 .bss.__lock___malloc_recursive_mutex
                0x2401de68        0x1 /Applications/ArmGNUToolchain/14.3.rel1/arm-none-eabi/bin/../lib/gcc/arm-none-eabi/14.3.1/../../../../arm-none-eabi/lib/thumb/v7e-m+dp/hard/libc_nano.a(libc_a-lock.o)
                0x2401de68                __lock___malloc_recursive_mutex
 .bss.__lock___sfp_recursive_mutex
                0x2401de69        0x1 /Applications/ArmGNUToolchain/14.3.rel1/arm-none-eabi/bin/../lib/gcc/arm-none-eabi/14.3.1/../../../../arm-none-eabi/lib/thumb/v7e-m+dp/hard/libc_nano.a(libc_a-lock.o)
                0x2401de69                __lock___sfp_recursive_mutex
 *fill*         0x2401de6a        0x2 
 .bss.errno     0x2401de6c        0x4 /Applications/ArmGNUToolchain/14.3.rel1/arm-none-eabi/bin/../lib/gcc/arm-none-eabi/14.3.1/../../../../arm-none-eabi/lib/thumb/v7e-m+dp/hard/libc_nano.a(libc_a-reent.o)
                0x2401de6c                errno
 .bss.heap_end.0
                0x2401de70        0x4 /Applications/ArmGNUToolchain/14.3.rel1/arm-none-eabi/bin/../lib/gcc/arm-none-eabi/14.3.1/../../../../arm-none-eabi/lib/thumb/v7e-m+dp/hard/libnosys.a(sbrk.o)
 *(COMMON)
                0x2401de74                        . = ALIGN (0x4)
                0x2401de74                        _ebss = .
                0x2401de74                        PROVIDE (__bss_end__ = _ebss)
                0x2401de74                        PROVIDE (end = .)

.dtcmram_bss    0x20000000        0x0
                0x20000000                        . = ALIGN (0x4)
                0x20000000                        _sdtcmram_bss = .
                [!provide]                        PROVIDE (__dtcmram_bss_start__ = _sdtcmram_bss)
 *(.dtcmram_bss)
 *(.dtcmram_bss*)
                0x20000000                        . = ALIGN (0x4)
                0x20000000                        _edtcmram_bss = .
                [!provide]                        PROVIDE (__dtcmram_bss_end__ = _edtcmram_bss)

.sram1_bss      0x30000000     0x4344
                0x30000000                        . = ALIGN (0x4)
                0x30000000                        _ssram1_bss = .
                [!provide]                        PROVIDE (__sram1_bss_start__ = _sram1_bss)
 *(.sram1_bss)
 .sram1_bss     0x30000000      0x100 /var/folders/l1/2g67jm355zjcnnrwly15vqt40000gn/T//ccNgTNSH.ltrans0.ltrans.o
                0x30000000                _ZN5daisyL22default_midi_rx_bufferE.lto_priv.0
 .sram1_bss     0x30000100     0x4244 /var/folders/l1/2g67jm355zjcnnrwly15vqt40000gn/T//ccNgTNSH.ltrans1.ltrans.o
                0x30000240                _ZL22field_led_dma_buffer_a.lto_priv.0
                0x300002c2                _ZL22field_led_dma_buffer_b.lto_priv.0
 *(.sram1_bss*)
                0x30004344                        . = ALIGN (0x4)
                0x30004344                        _esram1_bss = .
                [!provide]                        PROVIDE (__sram1_bss_end__ = _esram1_bss)

.sdram_bss      0xc0000000        0x0
                0xc0000000                        . = ALIGN (0x4)
                0xc0000000                        _ssdram_bss = .
                [!provide]                        PROVIDE (__sdram_bss_start = _ssdram_bss)
 *(.sdram_bss)
 *(.sdram_bss*)
                0xc0000000                        . = ALIGN (0x4)
                0xc0000000                        _esdram_bss = .
                [!provide]                        PROVIDE (__sdram_bss_end = _esdram_bss)

.backup_sram    0x38800000        0xc
                0x38800000                        . = ALIGN (0x4)
                0x38800000                        _sbackup_sram = .
                [!provide]                        PROVIDE (__backup_sram_start = _sbackup_sram)
 *(.backup_sram)
 .backup_sram   0x38800000        0xc /var/folders/l1/2g67jm355zjcnnrwly15vqt40000gn/T//ccNgTNSH.ltrans1.ltrans.o
 *(.backup_sram*)
                0x3880000c                        . = ALIGN (0x4)
                0x3880000c                        _ebackup_sram = .
                [!provide]                        PROVIDE (__backup_sram_end = _ebackup_sram)

.qspiflash_text
                0x90000000        0x0
                0x90000000                        . = ALIGN (0x4)
                0x90000000                        _sqspiflash_text = .
                [!provide]                        PROVIDE (__qspiflash_text_start = _sqspiflash_text)
 *(.qspiflash_text)
 *(.qspiflash_text*)
                0x90000000                        . = ALIGN (0x4)
                0x90000000                        _eqspiflash_text = .
                [!provide]                        PROVIDE (__qspiflash_text_end = _eqspiflash_text)

.qspiflash_data
                0x90000000        0x0
                0x90000000                        . = ALIGN (0x4)
                0x90000000                        _sqspiflash_data = .
                [!provide]                        PROVIDE (__qspiflash_data_start = _sqspiflash_data)
 *(.qspiflash_data)
 *(.qspiflash_data*)
                0x90000000                        . = ALIGN (0x4)
                0x90000000                        _eqspiflash_data = .
                [!provide]                        PROVIDE (__qspiflash_data_end = _eqspiflash_data)

.qspiflash_bss  0x90000000        0x0
                0x90000000                        . = ALIGN (0x4)
                0x90000000                        _sqspiflash_bss = .
                [!provide]                        PROVIDE (__qspiflash_bss_start = _sqspiflash_bss)
 *(.qspiflash_bss)
 *(.qspiflash_bss*)
                0x90000000                        . = ALIGN (0x4)
                0x90000000                        _eqspiflash_bss = .
                [!provide]                        PROVIDE (__qspiflash_bss_end = _eqspiflash_bss)

.heap           0x2401de74        0x0
                0x2401de74                        . = ALIGN (0x4)
                [!provide]                        PROVIDE (__heap_start__ = .)
                [!provide]                        PROVIDE (__heap_start = .)
 *(.heap)
                0x2401de74                        . = ALIGN (0x4)
                [!provide]                        PROVIDE (__heap_end = .)
                [!provide]                        PROVIDE (__heap_end__ = .)

.reserved_for_stack
                0x2401de74        0x0
                0x2401de74                        . = ALIGN (0x4)
                [!provide]                        PROVIDE (__reserved_for_stack_start__ = .)
 *(.reserved_for_stack)
                0x2401de74                        . = ALIGN (0x4)
                [!provide]                        PROVIDE (__reserved_for_stack_end__ = .)

DISCARD
 libc.a(*)
 libm.a(*)
 libgcc.a(*)
OUTPUT(build/Froggers.elf elf32-littlearm)
LOAD linker stubs
LOAD /Applications/ArmGNUToolchain/14.3.rel1/arm-none-eabi/bin/../lib/gcc/arm-none-eabi/14.3.1/../../../../arm-none-eabi/lib/thumb/v7e-m+dp/hard/libc.a
LOAD /Applications/ArmGNUToolchain/14.3.rel1/arm-none-eabi/bin/../lib/gcc/arm-none-eabi/14.3.1/../../../../arm-none-eabi/lib/thumb/v7e-m+dp/hard/libm.a
LOAD /Applications/ArmGNUToolchain/14.3.rel1/arm-none-eabi/bin/../lib/gcc/arm-none-eabi/14.3.1/thumb/v7e-m+dp/hard/libgcc.a

.debug_info     0x00000000    0x996a8
 .debug_info    0x00000000     0xd823 /var/folders/l1/2g67jm355zjcnnrwly15vqt40000gn/T//ccNgTNSH.ltrans0.ltrans.o
 .debug_info    0x0000d823     0x8286 /var/folders/l1/2g67jm355zjcnnrwly15vqt40000gn/T//ccNgTNSH.ltrans1.ltrans.o
 .debug_info    0x00015aa9     0x2099 /var/folders/l1/2g67jm355zjcnnrwly15vqt40000gn/T//ccNgTNSH.ltrans2.ltrans.o
 .debug_info    0x00017b42     0xf844 /var/folders/l1/2g67jm355zjcnnrwly15vqt40000gn/T//ccs3dT6u.debug.temp.o
                0x00017b42                Froggers.cpp.a64d2bf8
 .debug_info    0x00027386      0x100 /var/folders/l1/2g67jm355zjcnnrwly15vqt40000gn/T//ccxF69KP.debug.temp.o
                0x00027386                startup_stm32h750xx.c.15d6a339
 .debug_info    0x00027486     0xa335 /var/folders/l1/2g67jm355zjcnnrwly15vqt40000gn/T//cci3Efe2.debug.temp.o
                0x00027486                daisy_field.cpp.8346f742
 .debug_info    0x000317bb     0x5904 /var/folders/l1/2g67jm355zjcnnrwly15vqt40000gn/T//ccX3wIFD.debug.temp.o
                0x000317bb                daisy_seed.cpp.85304590
 .debug_info    0x000370bf     0x272a /var/folders/l1/2g67jm355zjcnnrwly15vqt40000gn/T//cc5O88XI.debug.temp.o
                0x000370bf                codec_ak4556.cpp.42cd05d4
 .debug_info    0x000397e9     0x2aca /var/folders/l1/2g67jm355zjcnnrwly15vqt40000gn/T//ccbhID4y.debug.temp.o
                0x000397e9                codec_wm8731.cpp.ddbb8ffd
 .debug_info    0x0003c2b3     0x2c4a /var/folders/l1/2g67jm355zjcnnrwly15vqt40000gn/T//ccOlVBng.debug.temp.o
                0x0003c2b3                sdram.cpp.559742a9
 .debug_info    0x0003eefd     0x3067 /var/folders/l1/2g67jm355zjcnnrwly15vqt40000gn/T//ccaruZ1V.debug.temp.o
                0x0003eefd                audio.cpp.a7c93d1c
 .debug_info    0x00041f64     0x17c5 /var/folders/l1/2g67jm355zjcnnrwly15vqt40000gn/T//cc1Lqp7v.debug.temp.o
                0x00041f64                ctrl.cpp.0aea4c8b
 .debug_info    0x00043729      0xc0a /var/folders/l1/2g67jm355zjcnnrwly15vqt40000gn/T//ccZNTeuZ.debug.temp.o
                0x00043729                gatein.cpp.4a069927
 .debug_info    0x00044333     0x27f3 /var/folders/l1/2g67jm355zjcnnrwly15vqt40000gn/T//cchn96hT.debug.temp.o
                0x00044333                midi.cpp.418231d7
 .debug_info    0x00046b26     0x100c /var/folders/l1/2g67jm355zjcnnrwly15vqt40000gn/T//ccNwQSif.debug.temp.o
                0x00046b26                midi_parser.cpp.11caf46c
 .debug_info    0x00047b32     0x2932 /var/folders/l1/2g67jm355zjcnnrwly15vqt40000gn/T//ccIhjVhn.debug.temp.o
                0x00047b32                switch.cpp.b12c7906
 .debug_info    0x0004a464     0x3862 /var/folders/l1/2g67jm355zjcnnrwly15vqt40000gn/T//ccAz4KPI.debug.temp.o
                0x0004a464                adc.cpp.7fddcab0
 .debug_info    0x0004dcc6     0x44af /var/folders/l1/2g67jm355zjcnnrwly15vqt40000gn/T//cc0yc2PH.debug.temp.o
                0x0004dcc6                dac.cpp.c271e190
 .debug_info    0x00052175     0x26f7 /var/folders/l1/2g67jm355zjcnnrwly15vqt40000gn/T//ccMv1y0X.debug.temp.o
                0x00052175                gpio.cpp.362a087e
 .debug_info    0x0005486c     0x49cb /var/folders/l1/2g67jm355zjcnnrwly15vqt40000gn/T//ccPaIb8r.debug.temp.o
                0x0005486c                i2c.cpp.c21025e4
 .debug_info    0x00059237     0x47e6 /var/folders/l1/2g67jm355zjcnnrwly15vqt40000gn/T//ccPNdH3r.debug.temp.o
                0x00059237                qspi.cpp.2544dc41
 .debug_info    0x0005da1d     0x390d /var/folders/l1/2g67jm355zjcnnrwly15vqt40000gn/T//ccMW6Kkj.debug.temp.o
                0x0005da1d                sai.cpp.8879f2e1
 .debug_info    0x0006132a     0x485c /var/folders/l1/2g67jm355zjcnnrwly15vqt40000gn/T//cczrdiFT.debug.temp.o
                0x0006132a                spi.cpp.6c48cd7d
 .debug_info    0x00065b86     0x4c07 /var/folders/l1/2g67jm355zjcnnrwly15vqt40000gn/T//ccaal9uO.debug.temp.o
                0x00065b86                uart.cpp.23185259
 .debug_info    0x0006a78d      0xd26 /var/folders/l1/2g67jm355zjcnnrwly15vqt40000gn/T//ccnNzBji.debug.temp.o
                0x0006a78d                dma.c.d796c837
 .debug_info    0x0006b4b3     0x489f /var/folders/l1/2g67jm355zjcnnrwly15vqt40000gn/T//ccuLBqJP.debug.temp.o
                0x0006b4b3                system.cpp.ccdbef70
 .debug_info    0x0006fd52      0x9d8 /var/folders/l1/2g67jm355zjcnnrwly15vqt40000gn/T//ccwaAJvN.debug.temp.o
                0x0006fd52                system_stm32h7xx.c.be85d2fc
 .debug_info    0x0007072a     0x1ff9 /var/folders/l1/2g67jm355zjcnnrwly15vqt40000gn/T//ccREcEdi.debug.temp.o
                0x0007072a                usbd_conf.c.b8f96e8e
 .debug_info    0x00072723     0x21e9 /var/folders/l1/2g67jm355zjcnnrwly15vqt40000gn/T//ccyohaDg.debug.temp.o
                0x00072723                usbh_conf.c.c2b1e4d9
 .debug_info    0x0007490c      0x23e /var/folders/l1/2g67jm355zjcnnrwly15vqt40000gn/T//cccD3pxm.debug.temp.o
                0x0007490c                oled_fonts.c.21e5bab9
 .debug_info    0x00074b4a     0x12f0 /var/folders/l1/2g67jm355zjcnnrwly15vqt40000gn/T//ccHCM4Y6.debug.temp.o
                0x00074b4a                stm32h7xx_hal.c.766f8898
 .debug_info    0x00075e3a     0x1760 /var/folders/l1/2g67jm355zjcnnrwly15vqt40000gn/T//ccNOs634.debug.temp.o
                0x00075e3a                stm32h7xx_hal_adc.c.2fdf2028
 .debug_info    0x0007759a     0x17a1 /var/folders/l1/2g67jm355zjcnnrwly15vqt40000gn/T//ccAyiMEQ.debug.temp.o
                0x0007759a                stm32h7xx_hal_adc_ex.c.8521c32b
 .debug_info    0x00078d3b      0xe0e /var/folders/l1/2g67jm355zjcnnrwly15vqt40000gn/T//cc2YM8oR.debug.temp.o
                0x00078d3b                stm32h7xx_hal_cortex.c.d26874fa
 .debug_info    0x00079b49      0xa33 /var/folders/l1/2g67jm355zjcnnrwly15vqt40000gn/T//cc39KCkf.debug.temp.o
                0x00079b49                stm32h7xx_hal_dac.c.54fdcc85
 .debug_info    0x0007a57c      0xaa6 /var/folders/l1/2g67jm355zjcnnrwly15vqt40000gn/T//cczztQHP.debug.temp.o
                0x0007a57c                stm32h7xx_hal_dma.c.e44f3848
 .debug_info    0x0007b022      0xb95 /var/folders/l1/2g67jm355zjcnnrwly15vqt40000gn/T//ccFTxY5k.debug.temp.o
                0x0007b022                stm32h7xx_hal_gpio.c.a1c661e3
 .debug_info    0x0007bbb7      0xe83 /var/folders/l1/2g67jm355zjcnnrwly15vqt40000gn/T//ccAebXef.debug.temp.o
                0x0007bbb7                stm32h7xx_hal_hcd.c.85a422db
 .debug_info    0x0007ca3a     0x1bcf /var/folders/l1/2g67jm355zjcnnrwly15vqt40000gn/T//ccWXgYhZ.debug.temp.o
                0x0007ca3a                stm32h7xx_hal_i2c.c.6628bf7f
 .debug_info    0x0007e609      0xd17 /var/folders/l1/2g67jm355zjcnnrwly15vqt40000gn/T//cclSa7VL.debug.temp.o
                0x0007e609                stm32h7xx_hal_i2c_ex.c.f1a9b472
 .debug_info    0x0007f320     0x12a7 /var/folders/l1/2g67jm355zjcnnrwly15vqt40000gn/T//ccjsSRkK.debug.temp.o
                0x0007f320                stm32h7xx_hal_pcd.c.47ee3b5d
 .debug_info    0x000805c7      0xd2a /var/folders/l1/2g67jm355zjcnnrwly15vqt40000gn/T//cc63k6NZ.debug.temp.o
                0x000805c7                stm32h7xx_hal_pwr_ex.c.2b1839f3
 .debug_info    0x000812f1      0xff9 /var/folders/l1/2g67jm355zjcnnrwly15vqt40000gn/T//ccmCEcmH.debug.temp.o
                0x000812f1                stm32h7xx_hal_qspi.c.49ca1858
 .debug_info    0x000822ea      0xd31 /var/folders/l1/2g67jm355zjcnnrwly15vqt40000gn/T//ccm5vr32.debug.temp.o
                0x000822ea                stm32h7xx_hal_rcc.c.8bcab537