Archive member included to satisfy reference by file (symbol)

/Users/joyo/Desktop/DaisyExamples/libDaisy/build/libdaisy.a(startup_stm32h750xx.o)
                              (Reset_Handler)
/Users/joyo/Desktop/DaisyExamples/libDaisy/build/libdaisy.a(daisy_field.o)
                              build/Froggers.o (daisy::DaisyField::Init(bool))
/Users/joyo/Desktop/DaisyExamples/libDaisy/build/libdaisy.a(daisy_seed.o)
                              /Users/joyo/Desktop/DaisyExamples/libDaisy/build/libdaisy.a(daisy_field.o) (daisy::DaisySeed::Configure())
/Users/joyo/Desktop/DaisyExamples/libDaisy/build/libdaisy.a(codec_ak4556.o)
                              /Users/joyo/Desktop/DaisyExamples/libDaisy/build/libdaisy.a(daisy_seed.o) (daisy::Ak4556::Init(dsy_gpio_pin))
/Users/joyo/Desktop/DaisyExamples/libDaisy/build/libdaisy.a(codec_wm8731.o)
                              /Users/joyo/Desktop/DaisyExamples/libDaisy/build/libdaisy.a(daisy_seed.o) (daisy::Wm8731::Init(daisy::Wm8731::Config const&, daisy::I2CHandle))
/Users/joyo/Desktop/DaisyExamples/libDaisy/build/libdaisy.a(sdram.o)
                              /Users/joyo/Desktop/DaisyExamples/libDaisy/build/libdaisy.a(daisy_seed.o) (SdramHandle::Init())
/Users/joyo/Desktop/DaisyExamples/libDaisy/build/libdaisy.a(audio.o)
                              /Users/joyo/Desktop/DaisyExamples/libDaisy/build/libdaisy.a(daisy_seed.o) (daisy::AudioHandle::Init(daisy::AudioHandle::Config const&, daisy::SaiHandle))
/Users/joyo/Desktop/DaisyExamples/libDaisy/build/libdaisy.a(ctrl.o)
                              /Users/joyo/Desktop/DaisyExamples/libDaisy/build/libdaisy.a(daisy_field.o) (daisy::AnalogControl::Init(unsigned short*, float, bool, bool, float))
/Users/joyo/Desktop/DaisyExamples/libDaisy/build/libdaisy.a(gatein.o)
                              /Users/joyo/Desktop/DaisyExamples/libDaisy/build/libdaisy.a(daisy_field.o) (daisy::GateIn::Init(daisy::Pin, bool))
/Users/joyo/Desktop/DaisyExamples/libDaisy/build/libdaisy.a(midi.o)
                              build/Froggers.o (daisy::MidiUartTransport::Config::Config())
/Users/joyo/Desktop/DaisyExamples/libDaisy/build/libdaisy.a(midi_parser.o)
                              /Users/joyo/Desktop/DaisyExamples/libDaisy/build/libdaisy.a(daisy_field.o) (daisy::MidiParser::Reset())
/Users/joyo/Desktop/DaisyExamples/libDaisy/build/libdaisy.a(switch.o)
                              /Users/joyo/Desktop/DaisyExamples/libDaisy/build/libdaisy.a(daisy_field.o) (daisy::Switch::Init(dsy_gpio_pin, float))
/Users/joyo/Desktop/DaisyExamples/libDaisy/build/libdaisy.a(adc.o)
                              /Users/joyo/Desktop/DaisyExamples/libDaisy/build/libdaisy.a(daisy_field.o) (daisy::AdcChannelConfig::InitSingle(dsy_gpio_pin, daisy::AdcChannelConfig::ConversionSpeed))
/Users/joyo/Desktop/DaisyExamples/libDaisy/build/libdaisy.a(dac.o)
                              /Users/joyo/Desktop/DaisyExamples/libDaisy/build/libdaisy.a(daisy_field.o) (daisy::DacHandle::Init(daisy::DacHandle::Config const&))
/Users/joyo/Desktop/DaisyExamples/libDaisy/build/libdaisy.a(gpio.o)
                              /Users/joyo/Desktop/DaisyExamples/libDaisy/build/libdaisy.a(daisy_seed.o) (daisy::GPIO::Init(daisy::Pin, daisy::GPIO::Mode, daisy::GPIO::Pull, daisy::GPIO::Speed))
/Users/joyo/Desktop/DaisyExamples/libDaisy/build/libdaisy.a(i2c.o)
                              build/Froggers.o (daisy::I2CHandle::Init(daisy::I2CHandle::Config const&))
/Users/joyo/Desktop/DaisyExamples/libDaisy/build/libdaisy.a(qspi.o)
                              /Users/joyo/Desktop/DaisyExamples/libDaisy/build/libdaisy.a(daisy_seed.o) (daisy::QSPIHandle::Init(daisy::QSPIHandle::Config const&))
/Users/joyo/Desktop/DaisyExamples/libDaisy/build/libdaisy.a(sai.o)
                              /Users/joyo/Desktop/DaisyExamples/libDaisy/build/libdaisy.a(daisy_seed.o) (daisy::SaiHandle::Init(daisy::SaiHandle::Config const&))
/Users/joyo/Desktop/DaisyExamples/libDaisy/build/libdaisy.a(spi.o)
                              /Users/joyo/Desktop/DaisyExamples/libDaisy/build/libdaisy.a(daisy_field.o) (daisy::SpiHandle::Init(daisy::SpiHandle::Config const&))
/Users/joyo/Desktop/DaisyExamples/libDaisy/build/libdaisy.a(uart.o)
                              /Users/joyo/Desktop/DaisyExamples/libDaisy/build/libdaisy.a(daisy_field.o) (daisy::UartHandler::Init(daisy::UartHandler::Config const&))
/Users/joyo/Desktop/DaisyExamples/libDaisy/build/libdaisy.a(dma.o)
                              /Users/joyo/Desktop/DaisyExamples/libDaisy/build/libdaisy.a(uart.o) (dsy_dma_invalidate_cache_for_buffer)
/Users/joyo/Desktop/DaisyExamples/libDaisy/build/libdaisy.a(system.o)
                              /Users/joyo/Desktop/DaisyExamples/libDaisy/build/libdaisy.a(daisy_seed.o) (daisy::System::DeInit())
/Users/joyo/Desktop/DaisyExamples/libDaisy/build/libdaisy.a(system_stm32h7xx.o)
                              /Users/joyo/Desktop/DaisyExamples/libDaisy/build/libdaisy.a(startup_stm32h750xx.o) (SystemInit)
[...]
Memory Configuration

Name             Origin             Length             Attributes
FLASH            0x08000000         0x00020000         xr
DTCMRAM          0x20000000         0x00020000         xrw
SRAM             0x24000000         0x00080000         xrw
RAM_D2           0x30000000         0x00048000         xrw
RAM_D3           0x38000000         0x00010000         xrw
BACKUP_SRAM      0x38800000         0x00001000         xrw
ITCMRAM          0x00000000         0x00010000         xrw
SDRAM            0xc0000000         0x04000000         xrw
QSPIFLASH        0x90000000         0x00800000         xr
*default*        0x00000000         0xffffffff

Linker script and memory map

LOAD /Applications/ArmGNUToolchain/14.3.rel1/arm-none-eabi/bin/../lib/gcc/arm-none-eabi/14.3.1/thumb/v7e-m+dp/hard/crti.o
LOAD /Applications/ArmGNUToolchain/14.3.rel1/arm-none-eabi/bin/../lib/gcc/arm-none-eabi/14.3.1/thumb/v7e-m+dp/hard/crtbegin.o
LOAD /Applications/ArmGNUToolchain/14.3.rel1/arm-none-eabi/bin/../lib/gcc/arm-none-eabi/14.3.1/../../../../arm-none-eabi/lib/thumb/v7e-m+dp/hard/crt0.o
LOAD build/Froggers.o
                0x00010000                        __stack_size = 0x10000
LOAD /Users/joyo/Desktop/DaisyExamples/libDaisy/build/libdaisy.a
LOAD /Users/joyo/Desktop/DaisyExamples/DaisySP/build/libdaisysp.a
LOAD /Applications/ArmGNUToolchain/14.3.rel1/arm-none-eabi/bin/../lib/gcc/arm-none-eabi/14.3.1/../../../../arm-none-eabi/lib/thumb/v7e-m+dp/hard/libnosys.a
LOAD /Applications/ArmGNUToolchain/14.3.rel1/arm-none-eabi/bin/../lib/gcc/arm-none-eabi/14.3.1/../../../../arm-none-eabi/lib/thumb/v7e-m+dp/hard/libstdc++_nano.a
LOAD /Applications/ArmGNUToolchain/14.3.rel1/arm-none-eabi/bin/../lib/gcc/arm-none-eabi/14.3.1/../../../../arm-none-eabi/lib/thumb/v7e-m+dp/hard/libm.a
LOAD /Applications/ArmGNUToolchain/14.3.rel1/arm-none-eabi/bin/../lib/gcc/arm-none-eabi/14.3.1/../../../../arm-none-eabi/lib/thumb/v7e-m+dp/hard/libc_nano.a
START GROUP
LOAD /Applications/ArmGNUToolchain/14.3.rel1/arm-none-eabi/bin/../lib/gcc/arm-none-eabi/14.3.1/thumb/v7e-m+dp/hard/libgcc.a
LOAD /Applications/ArmGNUToolchain/14.3.rel1/arm-none-eabi/bin/../lib/gcc/arm-none-eabi/14.3.1/../../../../arm-none-eabi/lib/thumb/v7e-m+dp/hard/libc_nano.a
END GROUP
START GROUP
LOAD /Applications/ArmGNUToolchain/14.3.rel1/arm-none-eabi/bin/../lib/gcc/arm-none-eabi/14.3.1/thumb/v7e-m+dp/hard/libgcc.a
LOAD /Applications/ArmGNUToolchain/14.3.rel1/arm-none-eabi/bin/../lib/gcc/arm-none-eabi/14.3.1/../../../../arm-none-eabi/lib/thumb/v7e-m+dp/hard/libc_nano.a
LOAD /Applications/ArmGNUToolchain/14.3.rel1/arm-none-eabi/bin/../lib/gcc/arm-none-eabi/14.3.1/../../../../arm-none-eabi/lib/thumb/v7e-m+dp/hard/libnosys.a
END GROUP
START GROUP
LOAD /Applications/ArmGNUToolchain/14.3.rel1/arm-none-eabi/bin/../lib/gcc/arm-none-eabi/14.3.1/thumb/v7e-m+dp/hard/libgcc.a
LOAD /Applications/ArmGNUToolchain/14.3.rel1/arm-none-eabi/bin/../lib/gcc/arm-none-eabi/14.3.1/../../../../arm-none-eabi/lib/thumb/v7e-m+dp/hard/libc_nano.a
LOAD /Applications/ArmGNUToolchain/14.3.rel1/arm-none-eabi/bin/../lib/gcc/arm-none-eabi/14.3.1/../../../../arm-none-eabi/lib/thumb/v7e-m+dp/hard/libnosys.a
END GROUP
LOAD /Applications/ArmGNUToolchain/14.3.rel1/arm-none-eabi/bin/../lib/gcc/arm-none-eabi/14.3.1/thumb/v7e-m+dp/hard/crtend.o
LOAD /Applications/ArmGNUToolchain/14.3.rel1/arm-none-eabi/bin/../lib/gcc/arm-none-eabi/14.3.1/thumb/v7e-m+dp/hard/crtn.o
                0x20020000                        _estack = 0x20020000

.isr_vector     0x08000000      0x298
                0x08000000                        . = ALIGN (0x4)
 *(.isr_vector)
 .isr_vector    0x08000000      0x298 /Users/joyo/Desktop/DaisyExamples/libDaisy/build/libdaisy.a(startup_stm32h750xx.o)
                0x08000000                g_pfnVectors
                0x08000298                        . = ALIGN (0x4)

.text           0x080002a0    0x1f28c
                0x080002a0                        . = ALIGN (0x4)
                0x080002a0                        _stext = .
 *(.text)
 .text          0x080002a0       0x14 /Applications/ArmGNUToolchain/14.3.rel1/arm-none-eabi/bin/../lib/gcc/arm-none-eabi/14.3.1/../../../../arm-none-eabi/lib/thumb/v7e-m+dp/hard/libc_nano.a(libc_a-strcmp.o)
                0x080002a0                strcmp
 *fill*         0x080002b4        0xc 
 .text          0x080002c0       0xa0 /Applications/ArmGNUToolchain/14.3.rel1/arm-none-eabi/bin/../lib/gcc/arm-none-eabi/14.3.1/../../../../arm-none-eabi/lib/thumb/v7e-m+dp/hard/libc_nano.a(libc_a-memchr.o)
                0x080002c0                memchr
 .text          0x08000360       0x10 /Applications/ArmGNUToolchain/14.3.rel1/arm-none-eabi/bin/../lib/gcc/arm-none-eabi/14.3.1/../../../../arm-none-eabi/lib/thumb/v7e-m+dp/hard/libc_nano.a(libc_a-strlen.o)
                0x08000360                strlen
 .text          0x08000370      0x378 /Applications/ArmGNUToolchain/14.3.rel1/arm-none-eabi/bin/../lib/gcc/arm-none-eabi/14.3.1/thumb/v7e-m+dp/hard/libgcc.a(_arm_addsubdf3.o)
                0x08000370                __aeabi_drsub
                0x08000378                __subdf3
                0x08000378                __aeabi_dsub
                0x0800037c                __aeabi_dadd
                0x0800037c                __adddf3
                0x080005f4                __aeabi_ui2d
                0x080005f4                __floatunsidf
                0x08000614                __floatsidf
                0x08000614                __aeabi_i2d
                0x08000638                __extendsfdf2
                0x08000638                __aeabi_f2d
                0x0800067c                __aeabi_ul2d
                0x0800067c                __floatundidf
                0x0800068c                __aeabi_l2d
                0x0800068c                __floatdidf
 .text          0x080006e8       0x30 /Applications/ArmGNUToolchain/14.3.rel1/arm-none-eabi/bin/../lib/gcc/arm-none-eabi/14.3.1/thumb/v7e-m+dp/hard/libgcc.a(_aeabi_uldivmod.o)
                0x080006e8                __aeabi_uldivmod
 .text          0x08000718        0x4 /Applications/ArmGNUToolchain/14.3.rel1/arm-none-eabi/bin/../lib/gcc/arm-none-eabi/14.3.1/thumb/v7e-m+dp/hard/libgcc.a(_dvmd_tls.o)
                0x08000718                __aeabi_ldiv0
                0x08000718                __aeabi_idiv0
 *(.text*)
 .text.deregister_tm_clones
                0x0800071c       0x1c /Applications/ArmGNUToolchain/14.3.rel1/arm-none-eabi/bin/../lib/gcc/arm-none-eabi/14.3.1/thumb/v7e-m+dp/hard/crtbegin.o
 .text.register_tm_clones
                0x08000738       0x24 /Applications/ArmGNUToolchain/14.3.rel1/arm-none-eabi/bin/../lib/gcc/arm-none-eabi/14.3.1/thumb/v7e-m+dp/hard/crtbegin.o
 .text.__do_global_dtors_aux
                0x0800075c       0x28 /Applications/ArmGNUToolchain/14.3.rel1/arm-none-eabi/bin/../lib/gcc/arm-none-eabi/14.3.1/thumb/v7e-m+dp/hard/crtbegin.o
 .text.frame_dummy
                0x08000784       0x24 /Applications/ArmGNUToolchain/14.3.rel1/arm-none-eabi/bin/../lib/gcc/arm-none-eabi/14.3.1/thumb/v7e-m+dp/hard/crtbegin.o
 .text._ZN5daisy11OledDisplayINS_13SSD130xDriverILj128ELj64ENS_24SSD130x4WireSpiTransportEEEED2Ev
                0x080007a8        0x4 build/Froggers.o
                0x080007a8                daisy::OledDisplay<daisy::SSD130xDriver<128u, 64u, daisy::SSD130x4WireSpiTransport> >::~OledDisplay()
                0x080007a8                daisy::OledDisplay<daisy::SSD130xDriver<128u, 64u, daisy::SSD130x4WireSpiTransport> >::~OledDisplay()
 .text._ZN5daisy11OledDisplayINS_13SSD130xDriverILj128ELj64ENS_24SSD130x4WireSpiTransportEEEE4FillEb
                0x080007ac       0x10 build/Froggers.o
                0x080007ac                daisy::OledDisplay<daisy::SSD130xDriver<128u, 64u, daisy::SSD130x4WireSpiTransport> >::Fill(bool)
 .text._ZNSt17_Function_handlerIFviEPS0_E9_M_invokeERKSt9_Any_dataOi
                0x080007bc        0x8 build/Froggers.o
                0x080007bc                std::_Function_handler<void (int), void (*)(int)>::_M_invoke(std::_Any_data const&, int&&)
 .text._ZNK5daisy11OledDisplayINS_13SSD130xDriverILj128ELj64ENS_24SSD130x4WireSpiTransportEEEE6HeightEv
                0x080007c4        0x4 build/Froggers.o
                0x080007c4                daisy::OledDisplay<daisy::SSD130xDriver<128u, 64u, daisy::SSD130x4WireSpiTransport> >::Height() const
 .text._ZNK5daisy11OledDisplayINS_13SSD130xDriverILj128ELj64ENS_24SSD130x4WireSpiTransportEEEE5WidthEv
                0x080007c8        0x4 build/Froggers.o
                0x080007c8                daisy::OledDisplay<daisy::SSD130xDriver<128u, 64u, daisy::SSD130x4WireSpiTransport> >::Width() const
 .text._ZN5daisy11OledDisplayINS_13SSD130xDriverILj128ELj64ENS_24SSD130x4WireSpiTransportEEEED0Ev
                0x080007cc       0x10 build/Froggers.o
                0x080007cc                daisy::OledDisplay<daisy::SSD130xDriver<128u, 64u, daisy::SSD130x4WireSpiTransport> >::~OledDisplay()
 .text._ZNSt13random_deviceD2Ev
                0x080007dc        0xc build/Froggers.o
                0x080007dc                std::random_device::~random_device()
                0x080007dc                std::random_device::~random_device()
 .text._ZNK9WaveTable8EvaluateEf.part.0
                0x080007e8       0x1c build/Froggers.o
 .text._ZN15OPLowPassFilter19SetAlphaFromNatFreqEf.part.0
                0x08000804       0x1c build/Froggers.o
 .text._ZNSt17_Function_handlerIFviEPS0_E10_M_managerERSt9_Any_dataRKS3_St18_Manager_operation
                0x08000820       0x20 build/Froggers.o
                0x08000820                std::_Function_handler<void (int), void (*)(int)>::_M_manager(std::_Any_data&, std::_Any_data const&, std::_Manager_operation)
 .text._ZN5daisy16LedDriverPca9685ILi2ELb1EE14TxCpltCallbackEPvNS_9I2CHandle6ResultE
                0x08000840       0x5c build/Froggers.o
                0x08000840                daisy::LedDriverPca9685<2, true>::TxCpltCallback(void*, daisy::I2CHandle::Result)
 .text._ZN5daisy11OledDisplayINS_13SSD130xDriverILj128ELj64ENS_24SSD130x4WireSpiTransportEEEE6UpdateEv
                0x0800089c       0x90 build/Froggers.o
                0x0800089c                daisy::OledDisplay<daisy::SSD130xDriver<128u, 64u, daisy::SSD130x4WireSpiTransport> >::Update()
 .text._ZN5daisy25OneBitGraphicsDisplayImplINS_11OledDisplayINS_13SSD130xDriverILj128ELj64ENS_24SSD130x4WireSpiTransportEEEEEE9WriteCharEc7FontDefb
                0x0800092c      0x1a4 build/Froggers.o
                0x0800092c                daisy::OneBitGraphicsDisplayImpl<daisy::OledDisplay<daisy::SSD130xDriver<128u, 64u, daisy::SSD130x4WireSpiTransport> > >::WriteChar(char, FontDef, bool)
 .text._ZN5daisy11OledDisplayINS_13SSD130xDriverILj128ELj64ENS_24SSD130x4WireSpiTransportEEEE9DrawPixelEjjb
                0x08000ad0       0x30 build/Froggers.o
                0x08000ad0                daisy::OledDisplay<daisy::SSD130xDriver<128u, 64u, daisy::SSD130x4WireSpiTransport> >::DrawPixel(unsigned int, unsigned int, bool)
 .text._ZN5daisy25OneBitGraphicsDisplayImplINS_11OledDisplayINS_13SSD130xDriverILj128ELj64ENS_24SSD130x4WireSpiTransportEEEEEE11WriteStringEPKc7FontDefb
                0x08000b00      0x1f8 build/Froggers.o
                0x08000b00                daisy::OneBitGraphicsDisplayImpl<daisy::OledDisplay<daisy::SSD130xDriver<128u, 64u, daisy::SSD130x4WireSpiTransport> > >::WriteString(char const*, FontDef, bool)
 .text._ZN5daisy25OneBitGraphicsDisplayImplINS_11OledDisplayINS_13SSD130xDriverILj128ELj64ENS_24SSD130x4WireSpiTransportEEEEEE8DrawLineEjjjjb
                0x08000cf8       0xf0 build/Froggers.o
                0x08000cf8                daisy::OneBitGraphicsDisplayImpl<daisy::OledDisplay<daisy::SSD130xDriver<128u, 64u, daisy::SSD130x4WireSpiTransport> > >::DrawLine(unsigned int, unsigned int, unsigned int, unsigned int, bool)
 .text._ZN5daisy25OneBitGraphicsDisplayImplINS_11OledDisplayINS_13SSD130xDriverILj128ELj64ENS_24SSD130x4WireSpiTransportEEEEEE7DrawArcEjjjiib
                0x08000de8      0x43c build/Froggers.o
                0x08000de8                daisy::OneBitGraphicsDisplayImpl<daisy::OledDisplay<daisy::SSD130xDriver<128u, 64u, daisy::SSD130x4WireSpiTransport> > >::DrawArc(unsigned int, unsigned int, unsigned int, int, int, bool)
 .text._ZN5daisy25OneBitGraphicsDisplayImplINS_11OledDisplayINS_13SSD130xDriverILj128ELj64ENS_24SSD130x4WireSpiTransportEEEEEE18WriteStringAlignedEPKcRK7FontDefNS_9RectangleENS_9AlignmentEb
                0x08001224      0x43c build/Froggers.o
                0x08001224                daisy::OneBitGraphicsDisplayImpl<daisy::OledDisplay<daisy::SSD130xDriver<128u, 64u, daisy::SSD130x4WireSpiTransport> > >::WriteStringAligned(char const*, FontDef const&, daisy::Rectangle, daisy::Alignment, bool)
 .text._ZN5daisy25OneBitGraphicsDisplayImplINS_11OledDisplayINS_13SSD130xDriverILj128ELj64ENS_24SSD130x4WireSpiTransportEEEEEE8DrawRectEjjjjbb
                0x08001660      0x3d4 build/Froggers.o
                0x08001660                daisy::OneBitGraphicsDisplayImpl<daisy::OledDisplay<daisy::SSD130xDriver<128u, 64u, daisy::SSD130x4WireSpiTransport> > >::DrawRect(unsigned int, unsigned int, unsigned int, unsigned int, bool, bool)
 .text._ZNSt13random_deviceC2Ev
                0x08001a34       0x48 build/Froggers.o
                0x08001a34                std::random_device::random_device()
                0x08001a34                std::random_device::random_device()
 .text._ZN9Parameter3GetEP6ModMgr
                0x08001a7c      0x398 build/Froggers.o
                0x08001a7c                Parameter::Get(ModMgr*)
 .text._ZN7DaisyIO12UpdateScreenEv
                0x08001e14      0x8c4 build/Froggers.o
                0x08001e14                DaisyIO::UpdateScreen()
 .text._ZN7Marbles6ConfigEP11PageManager
                0x080026d8      0x1b0 build/Froggers.o
                0x080026d8                Marbles::Config(PageManager*)
 .text._ZN8Froggers15ReadParamsBlockEv
                0x08002888     0x1d5c build/Froggers.o
                0x08002888                Froggers::ReadParamsBlock()
 *fill*         0x080045e4        0x4 
 .text._ZN8Froggers12UpdateParamsEv
                0x080045e8     0x12f4 build/Froggers.o
                0x080045e8                Froggers::UpdateParams()
 .text._ZN8Froggers6ConfigEP11PageManager
                0x080058dc      0x308 build/Froggers.o
                0x080058dc                Froggers::Config(PageManager*)
 .text._ZN8Froggers7ProcessERPKPKfRPPfj
                0x08005be4      0x6e4 build/Froggers.o
                0x08005be4                Froggers::Process(float const* const*&, float**&, unsigned int)
 .text._ZN3AppI8FroggersE13StaticProcessEPKPKfPPfj
                0x080062c8       0x28 build/Froggers.o
                0x080062c8                App<Froggers>::StaticProcess(float const* const*, float**, unsigned int)
 .text._ZNSt23mersenne_twister_engineIjLj32ELj624ELj397ELj31ELj2567483615ELj11ELj4294967295ELj7ELj2636928640ELj15ELj4022730752ELj18ELj1812433253EE11_M_gen_randEv
                0x080062f0       0x9c build/Froggers.o
                0x080062f0                std::mersenne_twister_engine<unsigned int, 32u, 624u, 397u, 31u, 2567483615u, 11u, 4294967295u, 7u, 2636928640u, 15u, 4022730752u, 18u, 1812433253u>::_M_gen_rand()
 .text._ZN7DaisyIO15ProcessControlsEv
                0x0800638c     0x1208 build/Froggers.o
                0x0800638c                DaisyIO::ProcessControls()
 *fill*         0x08007594        0x4 
 .text.startup.main
                0x08007598      0x800 build/Froggers.o
                0x08007598                main
 .text._ZN3AppI8FroggersE20StaticButtonCallbackEi
                0x08007d98      0x320 build/Froggers.o
                0x08007d98                App<Froggers>::StaticButtonCallback(int)
 .text.startup._GLOBAL__sub_I_main
                0x080080b8       0xa8 build/Froggers.o
 .text.Default_Handler
                0x08008160        0x4 /Users/joyo/Desktop/DaisyExamples/libDaisy/build/libdaisy.a(startup_stm32h750xx.o)
                0x08008160                SAI1_IRQHandler
                0x08008160                HASH_RNG_IRQHandler
                0x08008160                EXTI2_IRQHandler
                0x08008160                TIM8_CC_IRQHandler
                0x08008160                HRTIM1_Master_IRQHandler
                0x08008160                DebugMon_Handler
                0x08008160                TIM1_CC_IRQHandler
                0x08008160                BDMA_Channel6_IRQHandler
                0x08008160                DMA2_Stream5_IRQHandler
                0x08008160                HRTIM1_FLT_IRQHandler
                0x08008160                JPEG_IRQHandler
                0x08008160                BDMA_Channel1_IRQHandler
                0x08008160                HRTIM1_TIMD_IRQHandler
                0x08008160                TAMP_STAMP_IRQHandler
                0x08008160                PendSV_Handler
                0x08008160                NMI_Handler
                0x08008160                EXTI3_IRQHandler
                0x08008160                LPTIM4_IRQHandler
                0x08008160                TIM8_TRG_COM_TIM14_IRQHandler
                0x08008160                LPTIM2_IRQHandler
                0x08008160                DFSDM1_FLT1_IRQHandler
                0x08008160                DMAMUX2_OVR_IRQHandler
                0x08008160                TIM8_UP_TIM13_IRQHandler
                0x08008160                I2C3_ER_IRQHandler
                0x08008160                DFSDM1_FLT2_IRQHandler
                0x08008160                MDMA_IRQHandler
                0x08008160                LPTIM3_IRQHandler
                0x08008160                HSEM1_IRQHandler
                0x08008160                EXTI0_IRQHandler
                0x08008160                FPU_IRQHandler
                0x08008160                OTG_HS_WKUP_IRQHandler
                0x08008160                FDCAN1_IT1_IRQHandler
                0x08008160                UsageFault_Handler
                0x08008160                LTDC_ER_IRQHandler
                0x08008160                HRTIM1_TIME_IRQHandler
                0x08008160                DCMI_IRQHandler
                0x08008160                HRTIM1_TIMC_IRQHandler
                0x08008160                SAI2_IRQHandler
                0x08008160                DFSDM1_FLT3_IRQHandler
                0x08008160                TIM17_IRQHandler
                0x08008160                CRYP_IRQHandler
                0x08008160                BDMA_Channel7_IRQHandler
                0x08008160                LPTIM5_IRQHandler
                0x08008160                ADC3_IRQHandler
                0x08008160                BDMA_Channel2_IRQHandler
                0x08008160                DMAMUX1_OVR_IRQHandler
                0x08008160                TIM16_IRQHandler
                0x08008160                BDMA_Channel5_IRQHandler
                0x08008160                RCC_IRQHandler
                0x08008160                TIM8_BRK_TIM12_IRQHandler
                0x08008160                TIM1_TRG_COM_IRQHandler
                0x08008160                Default_Handler
                0x08008160                ECC_IRQHandler
                0x08008160                CEC_IRQHandler
                0x08008160                EXTI15_10_IRQHandler
                0x08008160                BDMA_Channel0_IRQHandler
                0x08008160                ADC_IRQHandler
                0x08008160                DMA1_Stream7_IRQHandler
                0x08008160                HRTIM1_TIMA_IRQHandler
                0x08008160                TIM7_IRQHandler
                0x08008160                SDMMC1_IRQHandler
                0x08008160                DMA2_Stream7_IRQHandler
                0x08008160                TIM15_IRQHandler
                0x08008160                PVD_AVD_IRQHandler
                0x08008160                EXTI9_5_IRQHandler
                0x08008160                RTC_WKUP_IRQHandler
                0x08008160                LTDC_IRQHandler
                0x08008160                SAI3_IRQHandler
                0x08008160                ETH_WKUP_IRQHandler
                0x08008160                SPDIF_RX_IRQHandler
                0x08008160                MemManage_Handler
                0x08008160                SVC_Handler
                0x08008160                CRS_IRQHandler
                0x08008160                EXTI4_IRQHandler
                0x08008160                HRTIM1_TIMB_IRQHandler
                0x08008160                FDCAN2_IT1_IRQHandler
                0x08008160                ETH_IRQHandler
                0x08008160                TIM1_UP_IRQHandler
                0x08008160                BDMA_Channel4_IRQHandler
                0x08008160                WWDG_IRQHandler
                0x08008160                SPI6_IRQHandler
                0x08008160                I2C4_EV_IRQHandler
                0x08008160                MDIOS_IRQHandler
                0x08008160                FDCAN2_IT0_IRQHandler
                0x08008160                FDCAN1_IT0_IRQHandler
                0x08008160                OTG_FS_WKUP_IRQHandler
                0x08008160                DMA2D_IRQHandler
                0x08008160                TIM1_BRK_IRQHandler
                0x08008160                EXTI1_IRQHandler
                0x08008160                SDMMC2_IRQHandler
                0x08008160                OTG_FS_EP1_OUT_IRQHandler
                0x08008160                BDMA_Channel3_IRQHandler
                0x08008160                MDIOS_WKUP_IRQHandler
                0x08008160                DFSDM1_FLT0_IRQHandler
                0x08008160                SAI4_IRQHandler
                0x08008160                I2C2_ER_IRQHandler
                0x08008160                FLASH_IRQHandler
                0x08008160                BusFault_Handler
                0x08008160                OTG_FS_IRQHandler
                0x08008160                WAKEUP_PIN_IRQHandler
                0x08008160                OTG_FS_EP1_IN_IRQHandler
                0x08008160                I2C1_ER_IRQHandler
                0x08008160                FMC_IRQHandler
                0x08008160                FDCAN_CAL_IRQHandler
                0x08008160                SWPMI1_IRQHandler
                0x08008160                COMP1_IRQHandler
                0x08008160                LPTIM1_IRQHandler
                0x08008160                I2C4_ER_IRQHandler
                0x08008160                DMA2_Stream6_IRQHandler
                0x08008160                RTC_Alarm_IRQHandler
 .text.Reset_Handler
                0x08008164       0x48 /Users/joyo/Desktop/DaisyExamples/libDaisy/build/libdaisy.a(startup_stm32h750xx.o)
                0x08008164                Reset_Handler
 .text._ZN5daisy10DaisyField4InitEb
                0x080081ac      0x674 /Users/joyo/Desktop/DaisyExamples/libDaisy/build/libdaisy.a(daisy_field.o)
                0x080081ac                daisy::DaisyField::Init(bool)
 .text._ZN5daisy10DaisyField10StartAudioEPFvPKPKfPPfjE
                0x08008820        0x4 /Users/joyo/Desktop/DaisyExamples/libDaisy/build/libdaisy.a(daisy_field.o)
                0x08008820                daisy::DaisyField::StartAudio(void (*)(float const* const*, float**, unsigned int))
 .text._ZN5daisy10DaisyField8StartAdcEv
                0x08008824        0x8 /Users/joyo/Desktop/DaisyExamples/libDaisy/build/libdaisy.a(daisy_field.o)
                0x08008824                daisy::DaisyField::StartAdc()
 .text._ZN5daisy10DaisyField21ProcessAnalogControlsEv
                0x0800882c       0x3c /Users/joyo/Desktop/DaisyExamples/libDaisy/build/libdaisy.a(daisy_field.o)
                0x0800882c                daisy::DaisyField::ProcessAnalogControls()
 .text._ZN5daisy10DaisyField22ProcessDigitalControlsEv
                0x08008868      0x1ec /Users/joyo/Desktop/DaisyExamples/libDaisy/build/libdaisy.a(daisy_field.o)
                0x08008868                daisy::DaisyField::ProcessDigitalControls()
 .text._ZN5daisy10DaisyField9SetCvOut1Et
                0x08008a54        0xc /Users/joyo/Desktop/DaisyExamples/libDaisy/build/libdaisy.a(daisy_field.o)
                0x08008a54                daisy::DaisyField::SetCvOut1(unsigned short)
 .text._ZN5daisy10DaisyField9SetCvOut2Et
                0x08008a60        0xc /Users/joyo/Desktop/DaisyExamples/libDaisy/build/libdaisy.a(daisy_field.o)
                0x08008a60                daisy::DaisyField::SetCvOut2(unsigned short)
 .text._ZNK5daisy10DaisyField18KeyboardRisingEdgeEj
                0x08008a6c       0x14 /Users/joyo/Desktop/DaisyExamples/libDaisy/build/libdaisy.a(daisy_field.o)
                0x08008a6c                daisy::DaisyField::KeyboardRisingEdge(unsigned int) const
 .text._ZNK5daisy10DaisyField19KeyboardFallingEdgeEj
                0x08008a80       0x14 /Users/joyo/Desktop/DaisyExamples/libDaisy/build/libdaisy.a(daisy_field.o)
                0x08008a80                daisy::DaisyField::KeyboardFallingEdge(unsigned int) const
 .text._ZNK5daisy10DaisyField10GetCvValueEj
                0x08008a94       0x14 /Users/joyo/Desktop/DaisyExamples/libDaisy/build/libdaisy.a(daisy_field.o)
                0x08008a94                daisy::DaisyField::GetCvValue(unsigned int) const
 .text.startup._GLOBAL__sub_I__ZN5daisy10DaisyField4InitEb
                0x08008aa8       0x1c /Users/joyo/Desktop/DaisyExamples/libDaisy/build/libdaisy.a(daisy_field.o)
 .text._ZN5daisy9DaisySeed9ConfigureEv
                0x08008ac4        0x4 /Users/joyo/Desktop/DaisyExamples/libDaisy/build/libdaisy.a(daisy_seed.o)
                0x08008ac4                daisy::DaisySeed::Configure()
 .text._ZN5daisy9DaisySeed10StartAudioEPFvPKPKfPPfjE
                0x08008ac8        0x8 /Users/joyo/Desktop/DaisyExamples/libDaisy/build/libdaisy.a(daisy_seed.o)
                0x08008ac8                daisy::DaisySeed::StartAudio(void (*)(float const* const*, float**, unsigned int))
 .text._ZN5daisy9DaisySeed17SetAudioBlockSizeEj
                0x08008ad0       0x38 /Users/joyo/Desktop/DaisyExamples/libDaisy/build/libdaisy.a(daisy_seed.o)
                0x08008ad0                daisy::DaisySeed::SetAudioBlockSize(unsigned int)
 .text._ZNK5daisy9DaisySeed17AudioCallbackRateEv
                0x08008b08        0x8 /Users/joyo/Desktop/DaisyExamples/libDaisy/build/libdaisy.a(daisy_seed.o)
                0x08008b08                daisy::DaisySeed::AudioCallbackRate() const
 .text._ZN5daisy9DaisySeed6SetLedEb
                0x08008b10        0x8 /Users/joyo/Desktop/DaisyExamples/libDaisy/build/libdaisy.a(daisy_seed.o)
                0x08008b10                daisy::DaisySeed::SetLed(bool)
 .text._ZN5daisy9DaisySeed17CheckBoardVersionEv
                0x08008b18       0x6c /Users/joyo/Desktop/DaisyExamples/libDaisy/build/libdaisy.a(daisy_seed.o)
                0x08008b18                daisy::DaisySeed::CheckBoardVersion()
 .text._ZN5daisy9DaisySeed14ConfigureAudioEv
                0x08008b84      0x108 /Users/joyo/Desktop/DaisyExamples/libDaisy/build/libdaisy.a(daisy_seed.o)
                0x08008b84                daisy::DaisySeed::ConfigureAudio()
 .text._ZN5daisy9DaisySeed4InitEb
                0x08008c8c       0xf4 /Users/joyo/Desktop/DaisyExamples/libDaisy/build/libdaisy.a(daisy_seed.o)
                0x08008c8c                daisy::DaisySeed::Init(bool)
 .text._ZN5daisy6Ak45564InitE12dsy_gpio_pin
                0x08008d80       0x40 /Users/joyo/Desktop/DaisyExamples/libDaisy/build/libdaisy.a(codec_ak4556.o)
                0x08008d80                daisy::Ak4556::Init(dsy_gpio_pin)
 .text._ZN5daisy6Wm873120WriteControlRegisterEht
                0x08008dc0       0x3c /Users/joyo/Desktop/DaisyExamples/libDaisy/build/libdaisy.a(codec_wm8731.o)
                0x08008dc0                daisy::Wm8731::WriteControlRegister(unsigned char, unsigned short)
 .text._ZN5daisy6Wm87314InitERKNS0_6ConfigENS_9I2CHandleE
                0x08008dfc      0x1ac /Users/joyo/Desktop/DaisyExamples/libDaisy/build/libdaisy.a(codec_wm8731.o)
                0x08008dfc                daisy::Wm8731::Init(daisy::Wm8731::Config const&, daisy::I2CHandle)
 .text._ZN11SdramHandle10DeviceInitEv
                0x08008fa8       0x88 /Users/joyo/Desktop/DaisyExamples/libDaisy/build/libdaisy.a(sdram.o)
                0x08008fa8                SdramHandle::DeviceInit()
 .text._ZN11SdramHandle4InitEv
                0x08009030       0x80 /Users/joyo/Desktop/DaisyExamples/libDaisy/build/libdaisy.a(sdram.o)
                0x08009030                SdramHandle::Init()
 .text.HAL_SDRAM_MspInit
                0x080090b0      0x19c /Users/joyo/Desktop/DaisyExamples/libDaisy/build/libdaisy.a(sdram.o)
                0x080090b0                HAL_SDRAM_MspInit
 .text._ZN5daisy11AudioHandle4Impl16InternalCallbackEPlS2_j
                0x0800924c      0xd14 /Users/joyo/Desktop/DaisyExamples/libDaisy/build/libdaisy.a(audio.o)
                0x0800924c                daisy::AudioHandle::Impl::InternalCallback(long*, long*, unsigned int)
 .text._ZN5daisy11AudioHandle4InitERKNS0_6ConfigENS_9SaiHandleE
                0x08009f60       0x70 /Users/joyo/Desktop/DaisyExamples/libDaisy/build/libdaisy.a(audio.o)
                0x08009f60                daisy::AudioHandle::Init(daisy::AudioHandle::Config const&, daisy::SaiHandle)
 .text._ZNK5daisy11AudioHandle9GetConfigEv
                0x08009fd0        0x8 /Users/joyo/Desktop/DaisyExamples/libDaisy/build/libdaisy.a(audio.o)
                0x08009fd0                daisy::AudioHandle::GetConfig() const
 .text._ZN5daisy11AudioHandle12SetBlockSizeEj
                0x08009fd8       0x1c /Users/joyo/Desktop/DaisyExamples/libDaisy/build/libdaisy.a(audio.o)
                0x08009fd8                daisy::AudioHandle::SetBlockSize(unsigned int)
 .text._ZN5daisy11AudioHandle13GetSampleRateEv
                0x08009ff4        0x8 /Users/joyo/Desktop/DaisyExamples/libDaisy/build/libdaisy.a(audio.o)
                0x08009ff4                daisy::AudioHandle::GetSampleRate()
 .text._ZN5daisy11AudioHandle5StartEPFvPKPKfPPfjE
                0x08009ffc       0x44 /Users/joyo/Desktop/DaisyExamples/libDaisy/build/libdaisy.a(audio.o)
                0x08009ffc                daisy::AudioHandle::Start(void (*)(float const* const*, float**, unsigned int))
 .text.startup._GLOBAL__sub_I__ZN5daisy11AudioHandle4Impl4InitENS0_6ConfigENS_9SaiHandleE
                0x0800a040       0x20 /Users/joyo/Desktop/DaisyExamples/libDaisy/build/libdaisy.a(audio.o)
 .text._ZN5daisy13AnalogControl4InitEPtfbbf
                0x0800a060       0x64 /Users/joyo/Desktop/DaisyExamples/libDaisy/build/libdaisy.a(ctrl.o)
                0x0800a060                daisy::AnalogControl::Init(unsigned short*, float, bool, bool, float)
 .text._ZN5daisy13AnalogControl13InitBipolarCvEPtf
                0x0800a0c4       0x68 /Users/joyo/Desktop/DaisyExamples/libDaisy/build/libdaisy.a(ctrl.o)
                0x0800a0c4                daisy::AnalogControl::InitBipolarCv(unsigned short*, float)
 .text._ZN5daisy13AnalogControl7ProcessEv
                0x0800a12c       0x48 /Users/joyo/Desktop/DaisyExamples/libDaisy/build/libdaisy.a(ctrl.o)
                0x0800a12c                daisy::AnalogControl::Process()
 .text._ZN5daisy6GateIn4InitENS_3PinEb
                0x0800a174       0x24 /Users/joyo/Desktop/DaisyExamples/libDaisy/build/libdaisy.a(gatein.o)
                0x0800a174                daisy::GateIn::Init(daisy::Pin, bool)
 .text._ZN5daisy6GateIn4TrigEv
                0x0800a198       0x28 /Users/joyo/Desktop/DaisyExamples/libDaisy/build/libdaisy.a(gatein.o)
                0x0800a198                daisy::GateIn::Trig()
 .text._ZN5daisy17MidiUartTransport6ConfigC2Ev
                0x0800a1c0       0x28 /Users/joyo/Desktop/DaisyExamples/libDaisy/build/libdaisy.a(midi.o)
                0x0800a1c0                daisy::MidiUartTransport::Config::Config()
                0x0800a1c0                daisy::MidiUartTransport::Config::Config()
 .text._ZN5daisy10MidiParser5ResetEv
                0x0800a1e8        0xc /Users/joyo/Desktop/DaisyExamples/libDaisy/build/libdaisy.a(midi_parser.o)
                0x0800a1e8                daisy::MidiParser::Reset()
 .text._ZN5daisy6Switch4InitE12dsy_gpio_pinf
                0x0800a1f4       0x30 /Users/joyo/Desktop/DaisyExamples/libDaisy/build/libdaisy.a(switch.o)
                0x0800a1f4                daisy::Switch::Init(dsy_gpio_pin, float)
 .text._ZN5daisy6Switch8DebounceEv
                0x0800a224       0x60 /Users/joyo/Desktop/DaisyExamples/libDaisy/build/libdaisy.a(switch.o)
                0x0800a224                daisy::Switch::Debounce()
 .text._ZN5daisy16AdcChannelConfig10InitSingleE12dsy_gpio_pinNS0_15ConversionSpeedE
                0x0800a284       0x28 /Users/joyo/Desktop/DaisyExamples/libDaisy/build/libdaisy.a(adc.o)
                0x0800a284                daisy::AdcChannelConfig::InitSingle(dsy_gpio_pin, daisy::AdcChannelConfig::ConversionSpeed)
 .text._ZN5daisy16AdcChannelConfig7InitMuxE12dsy_gpio_pinjS1_S1_S1_NS0_15ConversionSpeedE
                0x0800a2ac       0x74 /Users/joyo/Desktop/DaisyExamples/libDaisy/build/libdaisy.a(adc.o)
                0x0800a2ac                daisy::AdcChannelConfig::InitMux(dsy_gpio_pin, unsigned int, dsy_gpio_pin, dsy_gpio_pin, dsy_gpio_pin, daisy::AdcChannelConfig::ConversionSpeed)
 .text._ZN5daisy9AdcHandle4InitEPNS_16AdcChannelConfigEjNS0_12OverSamplingE
                0x0800a320      0x3e4 /Users/joyo/Desktop/DaisyExamples/libDaisy/build/libdaisy.a(adc.o)
                0x0800a320                daisy::AdcHandle::Init(daisy::AdcChannelConfig*, unsigned int, daisy::AdcHandle::OverSampling)
 .text._ZN5daisy9AdcHandle5StartEv
                0x0800a704       0x28 /Users/joyo/Desktop/DaisyExamples/libDaisy/build/libdaisy.a(adc.o)
                0x0800a704                daisy::AdcHandle::Start()
 .text._ZNK5daisy9AdcHandle6GetPtrEh
                0x0800a72c       0x14 /Users/joyo/Desktop/DaisyExamples/libDaisy/build/libdaisy.a(adc.o)
                0x0800a72c                daisy::AdcHandle::GetPtr(unsigned char) const
 .text._ZNK5daisy9AdcHandle9GetMuxPtrEhh
                0x0800a740       0x18 /Users/joyo/Desktop/DaisyExamples/libDaisy/build/libdaisy.a(adc.o)
                0x0800a740                daisy::AdcHandle::GetMuxPtr(unsigned char, unsigned char) const
 .text.HAL_ADC_MspInit
                0x0800a758       0x94 /Users/joyo/Desktop/DaisyExamples/libDaisy/build/libdaisy.a(adc.o)
                0x0800a758                HAL_ADC_MspInit
 .text.DMA1_Stream2_IRQHandler
                0x0800a7ec        0xc /Users/joyo/Desktop/DaisyExamples/libDaisy/build/libdaisy.a(adc.o)
                0x0800a7ec                DMA1_Stream2_IRQHandler
 .text.HAL_ADC_ConvCpltCallback
                0x0800a7f8      0x11c /Users/joyo/Desktop/DaisyExamples/libDaisy/build/libdaisy.a(adc.o)
                0x0800a7f8                HAL_ADC_ConvCpltCallback
 .text.HAL_ADC_ErrorCallback
                0x0800a914        0x4 /Users/joyo/Desktop/DaisyExamples/libDaisy/build/libdaisy.a(adc.o)
                0x0800a914                HAL_ADC_ErrorCallback
 .text.HAL_DAC_MspInit
                0x0800a918      0x15c /Users/joyo/Desktop/DaisyExamples/libDaisy/build/libdaisy.a(dac.o)
                0x0800a918                HAL_DAC_MspInit
 .text.DMA2_Stream0_IRQHandler
                0x0800aa74        0xc /Users/joyo/Desktop/DaisyExamples/libDaisy/build/libdaisy.a(dac.o)
                0x0800aa74                DMA2_Stream0_IRQHandler
 .text.DMA2_Stream1_IRQHandler
                0x0800aa80        0xc /Users/joyo/Desktop/DaisyExamples/libDaisy/build/libdaisy.a(dac.o)
                0x0800aa80                DMA2_Stream1_IRQHandler
 .text.TIM6_DAC_IRQHandler
                0x0800aa8c       0x1c /Users/joyo/Desktop/DaisyExamples/libDaisy/build/libdaisy.a(dac.o)
                0x0800aa8c                TIM6_DAC_IRQHandler
 .text._ZN5daisy9DacHandle4InitERKNS0_6ConfigE
                0x0800aaa8      0x100 /Users/joyo/Desktop/DaisyExamples/libDaisy/build/libdaisy.a(dac.o)
                0x0800aaa8                daisy::DacHandle::Init(daisy::DacHandle::Config const&)
 .text._ZN5daisy9DacHandle10WriteValueENS0_7ChannelEt
                0x0800aba8       0x70 /Users/joyo/Desktop/DaisyExamples/libDaisy/build/libdaisy.a(dac.o)
                0x0800aba8                daisy::DacHandle::WriteValue(daisy::DacHandle::Channel, unsigned short)
 .text._ZN5daisy4GPIO4InitENS_3PinENS0_4ModeENS0_4PullENS0_5SpeedE
                0x0800ac18      0x21c /Users/joyo/Desktop/DaisyExamples/libDaisy/build/libdaisy.a(gpio.o)
                0x0800ac18                daisy::GPIO::Init(daisy::Pin, daisy::GPIO::Mode, daisy::GPIO::Pull, daisy::GPIO::Speed)
 .text._ZN5daisy4GPIO4ReadEv
                0x0800ae34       0x18 /Users/joyo/Desktop/DaisyExamples/libDaisy/build/libdaisy.a(gpio.o)
                0x0800ae34                daisy::GPIO::Read()
 .text._ZN5daisy4GPIO5WriteEb
                0x0800ae4c       0x14 /Users/joyo/Desktop/DaisyExamples/libDaisy/build/libdaisy.a(gpio.o)
                0x0800ae4c                daisy::GPIO::Write(bool)
 .text.dsy_gpio_init
                0x0800ae60      0x1bc /Users/joyo/Desktop/DaisyExamples/libDaisy/build/libdaisy.a(gpio.o)
                0x0800ae60                dsy_gpio_init
 .text.dsy_gpio_read
                0x0800b01c       0x1c /Users/joyo/Desktop/DaisyExamples/libDaisy/build/libdaisy.a(gpio.o)
                0x0800b01c                dsy_gpio_read
 .text.dsy_gpio_write
                0x0800b038       0x24 /Users/joyo/Desktop/DaisyExamples/libDaisy/build/libdaisy.a(gpio.o)
                0x0800b038                dsy_gpio_write
 .text._ZN5daisy9I2CHandle4Impl20StartDmaTransmissionEtPhtPFvPvNS0_6ResultEES3_
                0x0800b05c       0xdc /Users/joyo/Desktop/DaisyExamples/libDaisy/build/libdaisy.a(i2c.o)
                0x0800b05c                daisy::I2CHandle::Impl::StartDmaTransmission(unsigned short, unsigned char*, unsigned short, void (*)(void*, daisy::I2CHandle::Result), void*)
 .text._ZN5daisy9I2CHandle4Impl17StartDmaReceptionEtPhtPFvPvNS0_6ResultEES3_
                0x0800b138       0xd8 /Users/joyo/Desktop/DaisyExamples/libDaisy/build/libdaisy.a(i2c.o)
                0x0800b138                daisy::I2CHandle::Impl::StartDmaReception(unsigned short, unsigned char*, unsigned short, void (*)(void*, daisy::I2CHandle::Result), void*)
 .text._ZN5daisy9I2CHandle4Impl8InitPinsEv
                0x0800b210       0x58 /Users/joyo/Desktop/DaisyExamples/libDaisy/build/libdaisy.a(i2c.o)
                0x0800b210                daisy::I2CHandle::Impl::InitPins()
 .text.HAL_I2C_MspInit
                0x0800b268      0x1b4 /Users/joyo/Desktop/DaisyExamples/libDaisy/build/libdaisy.a(i2c.o)
                0x0800b268                HAL_I2C_MspInit
 .text.dsy_i2c_global_init
                0x0800b41c       0x70 /Users/joyo/Desktop/DaisyExamples/libDaisy/build/libdaisy.a(i2c.o)
                0x0800b41c                dsy_i2c_global_init
 .text.DMA1_Stream6_IRQHandler
                0x0800b48c       0x30 /Users/joyo/Desktop/DaisyExamples/libDaisy/build/libdaisy.a(i2c.o)
                0x0800b48c                DMA1_Stream6_IRQHandler
 .text.I2C1_EV_IRQHandler
                0x0800b4bc        0xc /Users/joyo/Desktop/DaisyExamples/libDaisy/build/libdaisy.a(i2c.o)
                0x0800b4bc                I2C1_EV_IRQHandler
 .text.I2C2_EV_IRQHandler
                0x0800b4c8        0xc /Users/joyo/Desktop/DaisyExamples/libDaisy/build/libdaisy.a(i2c.o)
                0x0800b4c8                I2C2_EV_IRQHandler
 .text.I2C3_EV_IRQHandler
                0x0800b4d4        0xc /Users/joyo/Desktop/DaisyExamples/libDaisy/build/libdaisy.a(i2c.o)
                0x0800b4d4                I2C3_EV_IRQHandler
 .text.HAL_I2C_MasterTxCpltCallback
                0x0800b4e0       0x8c /Users/joyo/Desktop/DaisyExamples/libDaisy/build/libdaisy.a(i2c.o)
                0x0800b4e0                HAL_I2C_MasterTxCpltCallback
 .text.HAL_I2C_MasterRxCpltCallback
                0x0800b56c       0x8c /Users/joyo/Desktop/DaisyExamples/libDaisy/build/libdaisy.a(i2c.o)
                0x0800b56c                HAL_I2C_MasterRxCpltCallback
 .text.HAL_I2C_SlaveTxCpltCallback
                0x0800b5f8       0x8c /Users/joyo/Desktop/DaisyExamples/libDaisy/build/libdaisy.a(i2c.o)
                0x0800b5f8                HAL_I2C_SlaveTxCpltCallback
 .text.HAL_I2C_SlaveRxCpltCallback
                0x0800b684       0x8c /Users/joyo/Desktop/DaisyExamples/libDaisy/build/libdaisy.a(i2c.o)
                0x0800b684                HAL_I2C_SlaveRxCpltCallback
 .text.HAL_I2C_ErrorCallback
                0x0800b710       0x90 /Users/joyo/Desktop/DaisyExamples/libDaisy/build/libdaisy.a(i2c.o)
                0x0800b710                HAL_I2C_ErrorCallback
 .text._ZN5daisy9I2CHandle4InitERKNS0_6ConfigE
                0x0800b7a0      0x120 /Users/joyo/Desktop/DaisyExamples/libDaisy/build/libdaisy.a(i2c.o)
                0x0800b7a0                daisy::I2CHandle::Init(daisy::I2CHandle::Config const&)
 .text._ZNK5daisy9I2CHandle9GetConfigEv
                0x0800b8c0        0x4 /Users/joyo/Desktop/DaisyExamples/libDaisy/build/libdaisy.a(i2c.o)
                0x0800b8c0                daisy::I2CHandle::GetConfig() const
 .text._ZN5daisy9I2CHandle16TransmitBlockingEtPhtm
                0x0800b8c4       0x50 /Users/joyo/Desktop/DaisyExamples/libDaisy/build/libdaisy.a(i2c.o)
                0x0800b8c4                daisy::I2CHandle::TransmitBlocking(unsigned short, unsigned char*, unsigned short, unsigned long)
 .text._ZN5daisy9I2CHandle11TransmitDmaEtPhtPFvPvNS0_6ResultEES2_
                0x0800b914       0x68 /Users/joyo/Desktop/DaisyExamples/libDaisy/build/libdaisy.a(i2c.o)
                0x0800b914                daisy::I2CHandle::TransmitDma(unsigned short, unsigned char*, unsigned short, void (*)(void*, daisy::I2CHandle::Result), void*)
 .text.startup._GLOBAL__sub_I__ZN5daisy9I2CHandle4Impl10GlobalInitEv
                0x0800b97c       0x18 /Users/joyo/Desktop/DaisyExamples/libDaisy/build/libdaisy.a(i2c.o)
 .text._ZN5daisy10QSPIHandle4Impl11WriteEnableEv
                0x0800b994       0x88 /Users/joyo/Desktop/DaisyExamples/libDaisy/build/libdaisy.a(qspi.o)
                0x0800b994                daisy::QSPIHandle::Impl::WriteEnable()
 *fill*         0x0800ba1c        0x4 
 .text._ZN5daisy10QSPIHandle4Impl17DummyCyclesConfigENS0_6Config6DeviceE
                0x0800ba20      0x108 /Users/joyo/Desktop/DaisyExamples/libDaisy/build/libdaisy.a(qspi.o)
                0x0800ba20                daisy::QSPIHandle::Impl::DummyCyclesConfig(daisy::QSPIHandle::Config::Device)
 .text._ZN5daisy10QSPIHandle4Impl10QuadEnableEv
                0x0800bb28      0x140 /Users/joyo/Desktop/DaisyExamples/libDaisy/build/libdaisy.a(qspi.o)
                0x0800bb28                daisy::QSPIHandle::Impl::QuadEnable()
 .text._ZN5daisy10QSPIHandle4InitERKNS0_6ConfigE
                0x0800bc68      0x180 /Users/joyo/Desktop/DaisyExamples/libDaisy/build/libdaisy.a(qspi.o)
                0x0800bc68                daisy::QSPIHandle::Init(daisy::QSPIHandle::Config const&)
 .text.HAL_QSPI_MspInit
                0x0800bde8      0x11c /Users/joyo/Desktop/DaisyExamples/libDaisy/build/libdaisy.a(qspi.o)
                0x0800bde8                HAL_QSPI_MspInit
 .text.HAL_QSPI_MspDeInit
                0x0800bf04       0x54 /Users/joyo/Desktop/DaisyExamples/libDaisy/build/libdaisy.a(qspi.o)
                0x0800bf04                HAL_QSPI_MspDeInit
 .text.QUADSPI_IRQHandler
                0x0800bf58        0xc /Users/joyo/Desktop/DaisyExamples/libDaisy/build/libdaisy.a(qspi.o)
                0x0800bf58                QUADSPI_IRQHandler
 .text.startup._GLOBAL__sub_I__ZN5daisy10QSPIHandle4Impl4InitERKNS0_6ConfigE
                0x0800bf64       0x28 /Users/joyo/Desktop/DaisyExamples/libDaisy/build/libdaisy.a(qspi.o)
 .text._ZN5daisy9SaiHandle4Impl8InitPinsEv
                0x0800bf8c       0xa4 /Users/joyo/Desktop/DaisyExamples/libDaisy/build/libdaisy.a(sai.o)
                0x0800bf8c                daisy::SaiHandle::Impl::InitPins()
 .text.HAL_SAI_MspInit
                0x0800c030      0x2a8 /Users/joyo/Desktop/DaisyExamples/libDaisy/build/libdaisy.a(sai.o)
                0x0800c030                HAL_SAI_MspInit
 .text.DMA1_Stream0_IRQHandler
                0x0800c2d8        0xc /Users/joyo/Desktop/DaisyExamples/libDaisy/build/libdaisy.a(sai.o)
                0x0800c2d8                DMA1_Stream0_IRQHandler
 .text.DMA1_Stream1_IRQHandler
                0x0800c2e4        0xc /Users/joyo/Desktop/DaisyExamples/libDaisy/build/libdaisy.a(sai.o)
                0x0800c2e4                DMA1_Stream1_IRQHandler
 .text.DMA1_Stream3_IRQHandler
                0x0800c2f0        0xc /Users/joyo/Desktop/DaisyExamples/libDaisy/build/libdaisy.a(sai.o)
                0x0800c2f0                DMA1_Stream3_IRQHandler
 .text.DMA1_Stream4_IRQHandler
                0x0800c2fc        0xc /Users/joyo/Desktop/DaisyExamples/libDaisy/build/libdaisy.a(sai.o)
                0x0800c2fc                DMA1_Stream4_IRQHandler
 .text.HAL_SAI_RxHalfCpltCallback
                0x0800c308       0x78 /Users/joyo/Desktop/DaisyExamples/libDaisy/build/libdaisy.a(sai.o)
                0x0800c308                HAL_SAI_RxHalfCpltCallback
 .text.HAL_SAI_RxCpltCallback
                0x0800c380       0x70 /Users/joyo/Desktop/DaisyExamples/libDaisy/build/libdaisy.a(sai.o)
                0x0800c380                HAL_SAI_RxCpltCallback
 .text._ZN5daisy9SaiHandle4InitERKNS0_6ConfigE
                0x0800c3f0      0x1fc /Users/joyo/Desktop/DaisyExamples/libDaisy/build/libdaisy.a(sai.o)
                0x0800c3f0                daisy::SaiHandle::Init(daisy::SaiHandle::Config const&)
 .text._ZNK5daisy9SaiHandle9GetConfigEv
                0x0800c5ec        0x4 /Users/joyo/Desktop/DaisyExamples/libDaisy/build/libdaisy.a(sai.o)
                0x0800c5ec                daisy::SaiHandle::GetConfig() const
 .text._ZN5daisy9SaiHandle8StartDmaEPlS1_jPFvS1_S1_jE
                0x0800c5f0       0xac /Users/joyo/Desktop/DaisyExamples/libDaisy/build/libdaisy.a(sai.o)
                0x0800c5f0                daisy::SaiHandle::StartDma(long*, long*, unsigned int, void (*)(long*, long*, unsigned int))
 .text._ZN5daisy9SaiHandle13GetSampleRateEv
                0x0800c69c       0x24 /Users/joyo/Desktop/DaisyExamples/libDaisy/build/libdaisy.a(sai.o)
                0x0800c69c                daisy::SaiHandle::GetSampleRate()
 .text._ZNK5daisy9SaiHandle9GetOffsetEv
                0x0800c6c0        0x8 /Users/joyo/Desktop/DaisyExamples/libDaisy/build/libdaisy.a(sai.o)
                0x0800c6c0                daisy::SaiHandle::GetOffset() const
 .text._ZN5daisy9SpiHandle4Impl7InitDmaEv
                0x0800c6c8       0xec /Users/joyo/Desktop/DaisyExamples/libDaisy/build/libdaisy.a(spi.o)
                0x0800c6c8                daisy::SpiHandle::Impl::InitDma()
 .text._ZN5daisy9SpiHandle4Impl10StartDmaTxEPhjPFvPvEPFvS3_NS0_6ResultEES3_
                0x0800c7b4       0x84 /Users/joyo/Desktop/DaisyExamples/libDaisy/build/libdaisy.a(spi.o)
                0x0800c7b4                daisy::SpiHandle::Impl::StartDmaTx(unsigned char*, unsigned int, void (*)(void*), void (*)(void*, daisy::SpiHandle::Result), void*)
 .text._ZN5daisy9SpiHandle4Impl10StartDmaRxEPhjPFvPvEPFvS3_NS0_6ResultEES3_
                0x0800c838       0x84 /Users/joyo/Desktop/DaisyExamples/libDaisy/build/libdaisy.a(spi.o)
                0x0800c838                daisy::SpiHandle::Impl::StartDmaRx(unsigned char*, unsigned int, void (*)(void*), void (*)(void*, daisy::SpiHandle::Result), void*)
 .text._ZN5daisy9SpiHandle4Impl12StartDmaRxTxEPhS2_jPFvPvEPFvS3_NS0_6ResultEES3_
                0x0800c8bc       0x88 /Users/joyo/Desktop/DaisyExamples/libDaisy/build/libdaisy.a(spi.o)
                0x0800c8bc                daisy::SpiHandle::Impl::StartDmaRxTx(unsigned char*, unsigned char*, unsigned int, void (*)(void*), void (*)(void*, daisy::SpiHandle::Result), void*)
 .text._ZN5daisy9SpiHandle4Impl8InitPinsEv
                0x0800c944      0x220 /Users/joyo/Desktop/DaisyExamples/libDaisy/build/libdaisy.a(spi.o)
                0x0800c944                daisy::SpiHandle::Impl::InitPins()
 .text.HAL_SPI_MspInit
                0x0800cb64      0x1a8 /Users/joyo/Desktop/DaisyExamples/libDaisy/build/libdaisy.a(spi.o)
                0x0800cb64                HAL_SPI_MspInit
 .text.dsy_spi_global_init
                0x0800cd0c       0x80 /Users/joyo/Desktop/DaisyExamples/libDaisy/build/libdaisy.a(spi.o)
                0x0800cd0c                dsy_spi_global_init
 .text.SPI1_IRQHandler
                0x0800cd8c        0xc /Users/joyo/Desktop/DaisyExamples/libDaisy/build/libdaisy.a(spi.o)
                0x0800cd8c                SPI1_IRQHandler
 .text.SPI2_IRQHandler
                0x0800cd98        0xc /Users/joyo/Desktop/DaisyExamples/libDaisy/build/libdaisy.a(spi.o)
                0x0800cd98                SPI2_IRQHandler
 .text.SPI3_IRQHandler
                0x0800cda4        0xc /Users/joyo/Desktop/DaisyExamples/libDaisy/build/libdaisy.a(spi.o)
                0x0800cda4                SPI3_IRQHandler
 .text.SPI4_IRQHandler
                0x0800cdb0        0xc /Users/joyo/Desktop/DaisyExamples/libDaisy/build/libdaisy.a(spi.o)
                0x0800cdb0                SPI4_IRQHandler
 .text.SPI5_IRQHandler
                0x0800cdbc        0xc /Users/joyo/Desktop/DaisyExamples/libDaisy/build/libdaisy.a(spi.o)
                0x0800cdbc                SPI5_IRQHandler
 .text.DMA2_Stream2_IRQHandler
                0x0800cdc8       0x34 /Users/joyo/Desktop/DaisyExamples/libDaisy/build/libdaisy.a(spi.o)
                0x0800cdc8                DMA2_Stream2_IRQHandler
 .text.DMA2_Stream3_IRQHandler
                0x0800cdfc       0x34 /Users/joyo/Desktop/DaisyExamples/libDaisy/build/libdaisy.a(spi.o)
                0x0800cdfc                DMA2_Stream3_IRQHandler
 .text.HAL_SPI_TxCpltCallback
                0x0800ce30       0xc0 /Users/joyo/Desktop/DaisyExamples/libDaisy/build/libdaisy.a(spi.o)
                0x0800ce30                HAL_SPI_TxCpltCallback
 .text.HAL_SPI_RxCpltCallback
                0x0800cef0       0xc0 /Users/joyo/Desktop/DaisyExamples/libDaisy/build/libdaisy.a(spi.o)
                0x0800cef0                HAL_SPI_RxCpltCallback
 .text.HAL_SPI_TxRxCpltCallback
                0x0800cfb0       0xc0 /Users/joyo/Desktop/DaisyExamples/libDaisy/build/libdaisy.a(spi.o)
                0x0800cfb0                HAL_SPI_TxRxCpltCallback
 .text.HAL_SPI_ErrorCallback
                0x0800d070       0xc8 /Users/joyo/Desktop/DaisyExamples/libDaisy/build/libdaisy.a(spi.o)
                0x0800d070                HAL_SPI_ErrorCallback
 .text._ZN5daisy9SpiHandle4InitERKNS0_6ConfigE
                0x0800d138      0x12c /Users/joyo/Desktop/DaisyExamples/libDaisy/build/libdaisy.a(spi.o)
                0x0800d138                daisy::SpiHandle::Init(daisy::SpiHandle::Config const&)
 .text._ZN5daisy9SpiHandle16BlockingTransmitEPhjm
                0x0800d264       0x14 /Users/joyo/Desktop/DaisyExamples/libDaisy/build/libdaisy.a(spi.o)
                0x0800d264                daisy::SpiHandle::BlockingTransmit(unsigned char*, unsigned int, unsigned long)
 .text.startup._GLOBAL__sub_I__Z19MapInstanceToHandleP11SPI_TypeDef
                0x0800d278      0x1bc /Users/joyo/Desktop/DaisyExamples/libDaisy/build/libdaisy.a(spi.o)
 .text._ZL20UART_CheckRxListenerPN5daisy11UartHandler4ImplE
                0x0800d434       0x84 /Users/joyo/Desktop/DaisyExamples/libDaisy/build/libdaisy.a(uart.o)
 .text._ZN5daisy11UartHandler4Impl10StartDmaTxEPhjPFvPvEPFvS3_NS0_6ResultEES3_
                0x0800d4b8      0x170 /Users/joyo/Desktop/DaisyExamples/libDaisy/build/libdaisy.a(uart.o)
                0x0800d4b8                daisy::UartHandler::Impl::StartDmaTx(unsigned char*, unsigned int, void (*)(void*), void (*)(void*, daisy::UartHandler::Result), void*)
 .text._ZN5daisy11UartHandler4Impl10StartDmaRxEPhjPFvPvEPFvS3_NS0_6ResultEES3_
                0x0800d628      0x170 /Users/joyo/Desktop/DaisyExamples/libDaisy/build/libdaisy.a(uart.o)
                0x0800d628                daisy::UartHandler::Impl::StartDmaRx(unsigned char*, unsigned int, void (*)(void*), void (*)(void*, daisy::UartHandler::Result), void*)
 .text._ZN5daisy11UartHandler4Impl19DmaTransferFinishedEP20__UART_HandleTypeDefNS0_6ResultE
                0x0800d798       0xc0 /Users/joyo/Desktop/DaisyExamples/libDaisy/build/libdaisy.a(uart.o)
                0x0800d798                daisy::UartHandler::Impl::DmaTransferFinished(__UART_HandleTypeDef*, daisy::UartHandler::Result)
 .text._ZN5daisy11UartHandler4Impl8InitPinsEv
                0x0800d858      0x154 /Users/joyo/Desktop/DaisyExamples/libDaisy/build/libdaisy.a(uart.o)
                0x0800d858                daisy::UartHandler::Impl::InitPins()
 .text.HAL_UART_MspInit
                0x0800d9ac      0x20c /Users/joyo/Desktop/DaisyExamples/libDaisy/build/libdaisy.a(uart.o)
                0x0800d9ac                HAL_UART_MspInit
 .text.dsy_uart_global_init
                0x0800dbb8       0xfc /Users/joyo/Desktop/DaisyExamples/libDaisy/build/libdaisy.a(uart.o)
                0x0800dbb8                dsy_uart_global_init
 .text.USART1_IRQHandler
                0x0800dcb4       0x30 /Users/joyo/Desktop/DaisyExamples/libDaisy/build/libdaisy.a(uart.o)
                0x0800dcb4                USART1_IRQHandler
 .text.USART2_IRQHandler
                0x0800dce4       0x38 /Users/joyo/Desktop/DaisyExamples/libDaisy/build/libdaisy.a(uart.o)
                0x0800dce4                USART2_IRQHandler
 .text.USART3_IRQHandler
                0x0800dd1c       0x38 /Users/joyo/Desktop/DaisyExamples/libDaisy/build/libdaisy.a(uart.o)
                0x0800dd1c                USART3_IRQHandler
 .text.UART4_IRQHandler
                0x0800dd54       0x38 /Users/joyo/Desktop/DaisyExamples/libDaisy/build/libdaisy.a(uart.o)
                0x0800dd54                UART4_IRQHandler
 .text.UART5_IRQHandler
                0x0800dd8c       0x38 /Users/joyo/Desktop/DaisyExamples/libDaisy/build/libdaisy.a(uart.o)
                0x0800dd8c                UART5_IRQHandler
 .text.USART6_IRQHandler
                0x0800ddc4       0x38 /Users/joyo/Desktop/DaisyExamples/libDaisy/build/libdaisy.a(uart.o)
                0x0800ddc4                USART6_IRQHandler
 .text.UART7_IRQHandler
                0x0800ddfc       0x38 /Users/joyo/Desktop/DaisyExamples/libDaisy/build/libdaisy.a(uart.o)
                0x0800ddfc                UART7_IRQHandler
 .text.UART8_IRQHandler
                0x0800de34       0x38 /Users/joyo/Desktop/DaisyExamples/libDaisy/build/libdaisy.a(uart.o)
                0x0800de34                UART8_IRQHandler
 .text.LPUART1_IRQHandler
                0x0800de6c       0x38 /Users/joyo/Desktop/DaisyExamples/libDaisy/build/libdaisy.a(uart.o)
                0x0800de6c                LPUART1_IRQHandler
 .text.DMA1_Stream5_IRQHandler
                0x0800dea4       0x34 /Users/joyo/Desktop/DaisyExamples/libDaisy/build/libdaisy.a(uart.o)
                0x0800dea4                DMA1_Stream5_IRQHandler
 .text.DMA2_Stream4_IRQHandler
                0x0800ded8       0x34 /Users/joyo/Desktop/DaisyExamples/libDaisy/build/libdaisy.a(uart.o)
                0x0800ded8                DMA2_Stream4_IRQHandler
 .text.HAL_UART_TxCpltCallback
                0x0800df0c        0x8 /Users/joyo/Desktop/DaisyExamples/libDaisy/build/libdaisy.a(uart.o)
                0x0800df0c                HAL_UART_TxCpltCallback
 .text.HAL_UART_RxCpltCallback
                0x0800df14       0x94 /Users/joyo/Desktop/DaisyExamples/libDaisy/build/libdaisy.a(uart.o)
                0x0800df14                HAL_UART_RxCpltCallback
 .text.HAL_UART_RxHalfCpltCallback
                0x0800dfa8       0x90 /Users/joyo/Desktop/DaisyExamples/libDaisy/build/libdaisy.a(uart.o)
                0x0800dfa8                HAL_UART_RxHalfCpltCallback
 .text.HAL_UART_ErrorCallback
                0x0800e038        0x8 /Users/joyo/Desktop/DaisyExamples/libDaisy/build/libdaisy.a(uart.o)
                0x0800e038                HAL_UART_ErrorCallback
 .text._ZN5daisy11UartHandler4InitERKNS0_6ConfigE
                0x0800e040       0xe0 /Users/joyo/Desktop/DaisyExamples/libDaisy/build/libdaisy.a(uart.o)
                0x0800e040                daisy::UartHandler::Init(daisy::UartHandler::Config const&)
 .text.startup._GLOBAL__sub_I__Z19MapInstanceToHandleP13USART_TypeDef
                0x0800e120      0x19c /Users/joyo/Desktop/DaisyExamples/libDaisy/build/libdaisy.a(uart.o)
 .text.dsy_dma_init
                0x0800e2bc      0x100 /Users/joyo/Desktop/DaisyExamples/libDaisy/build/libdaisy.a(dma.o)
                0x0800e2bc                dsy_dma_init
 .text.dsy_dma_invalidate_cache_for_buffer
                0x0800e3bc       0x2c /Users/joyo/Desktop/DaisyExamples/libDaisy/build/libdaisy.a(dma.o)
                0x0800e3bc                dsy_dma_invalidate_cache_for_buffer
 .text._ZN5daisy11TimerHandleD2Ev
                0x0800e3e8        0x4 /Users/joyo/Desktop/DaisyExamples/libDaisy/build/libdaisy.a(system.o)
                0x0800e3e8                daisy::TimerHandle::~TimerHandle()
                0x0800e3e8                daisy::TimerHandle::~TimerHandle()
 .text.SysTick_Handler
                0x0800e3ec       0x10 /Users/joyo/Desktop/DaisyExamples/libDaisy/build/libdaisy.a(system.o)
                0x0800e3ec                SysTick_Handler
 .text.OTG_HS_EP1_OUT_IRQHandler
                0x0800e3fc       0x24 /Users/joyo/Desktop/DaisyExamples/libDaisy/build/libdaisy.a(system.o)
                0x0800e3fc                OTG_HS_EP1_OUT_IRQHandler
 .text.OTG_HS_EP1_IN_IRQHandler
                0x0800e420       0x24 /Users/joyo/Desktop/DaisyExamples/libDaisy/build/libdaisy.a(system.o)
                0x0800e420                OTG_HS_EP1_IN_IRQHandler
 .text.OTG_HS_IRQHandler
                0x0800e444       0x24 /Users/joyo/Desktop/DaisyExamples/libDaisy/build/libdaisy.a(system.o)
                0x0800e444                OTG_HS_IRQHandler
 .text.HardFault_Handler
                0x0800e468       0xe0 /Users/joyo/Desktop/DaisyExamples/libDaisy/build/libdaisy.a(system.o)
                0x0800e468                HardFault_Handler
 .text._ZN5daisy6System6GetNowEv
                0x0800e548        0x4 /Users/joyo/Desktop/DaisyExamples/libDaisy/build/libdaisy.a(system.o)
                0x0800e548                daisy::System::GetNow()
 .text._ZN5daisy6System5DelayEm
                0x0800e54c        0x4 /Users/joyo/Desktop/DaisyExamples/libDaisy/build/libdaisy.a(system.o)
                0x0800e54c                daisy::System::Delay(unsigned long)
 .text._ZN5daisy6System10DelayTicksEm
                0x0800e550        0xc /Users/joyo/Desktop/DaisyExamples/libDaisy/build/libdaisy.a(system.o)
                0x0800e550                daisy::System::DelayTicks(unsigned long)
 .text._ZN5daisy6System20GetBootloaderVersionEv
                0x0800e55c       0x34 /Users/joyo/Desktop/DaisyExamples/libDaisy/build/libdaisy.a(system.o)
                0x0800e55c                daisy::System::GetBootloaderVersion()
 .text._ZN5daisy6System15ConfigureClocksEv
                0x0800e590      0x194 /Users/joyo/Desktop/DaisyExamples/libDaisy/build/libdaisy.a(system.o)
                0x0800e590                daisy::System::ConfigureClocks()
 .text._ZN5daisy6System12ConfigureMpuEv
                0x0800e724       0x7c /Users/joyo/Desktop/DaisyExamples/libDaisy/build/libdaisy.a(system.o)
                0x0800e724                daisy::System::ConfigureMpu()
 .text._ZN5daisy6System4InitERKNS0_6ConfigE
                0x0800e7a0       0xec /Users/joyo/Desktop/DaisyExamples/libDaisy/build/libdaisy.a(system.o)
                0x0800e7a0                daisy::System::Init(daisy::System::Config const&)
 .text._ZN5daisy6System12GetPClk1FreqEv
                0x0800e88c        0x4 /Users/joyo/Desktop/DaisyExamples/libDaisy/build/libdaisy.a(system.o)
                0x0800e88c                daisy::System::GetPClk1Freq()
 .text._ZN5daisy6System12GetPClk2FreqEv
                0x0800e890        0x4 /Users/joyo/Desktop/DaisyExamples/libDaisy/build/libdaisy.a(system.o)
                0x0800e890                daisy::System::GetPClk2Freq()
 .text._ZN5daisy6System22GetProgramMemoryRegionEv
                0x0800e894       0x78 /Users/joyo/Desktop/DaisyExamples/libDaisy/build/libdaisy.a(system.o)
                0x0800e894                daisy::System::GetProgramMemoryRegion()
 .text.startup._GLOBAL__sub_I__ZN5daisy9boot_infoE
                0x0800e90c       0x20 /Users/joyo/Desktop/DaisyExamples/libDaisy/build/libdaisy.a(system.o)
 .text.SystemInit
                0x0800e92c       0x98 /Users/joyo/Desktop/DaisyExamples/libDaisy/build/libdaisy.a(system_stm32h7xx.o)
                0x0800e92c                SystemInit
 .text.HAL_PCD_SetupStageCallback
                0x0800e9c4        0xc /Users/joyo/Desktop/DaisyExamples/libDaisy/build/libdaisy.a(usbd_conf.o)
                0x0800e9c4                HAL_PCD_SetupStageCallback
 .text.HAL_PCD_DataOutStageCallback
                0x0800e9d0       0x14 /Users/joyo/Desktop/DaisyExamples/libDaisy/build/libdaisy.a(usbd_conf.o)
                0x0800e9d0                HAL_PCD_DataOutStageCallback
 .text.HAL_PCD_DataInStageCallback
                0x0800e9e4       0x14 /Users/joyo/Desktop/DaisyExamples/libDaisy/build/libdaisy.a(usbd_conf.o)
                0x0800e9e4                HAL_PCD_DataInStageCallback
 .text.HAL_PCD_SOFCallback
                0x0800e9f8        0x8 /Users/joyo/Desktop/DaisyExamples/libDaisy/build/libdaisy.a(usbd_conf.o)
                0x0800e9f8                HAL_PCD_SOFCallback
 .text.HAL_PCD_ResetCallback
                0x0800ea00       0x24 /Users/joyo/Desktop/DaisyExamples/libDaisy/build/libdaisy.a(usbd_conf.o)
                0x0800ea00                HAL_PCD_ResetCallback
 .text.HAL_PCD_SuspendCallback
                0x0800ea24       0x30 /Users/joyo/Desktop/DaisyExamples/libDaisy/build/libdaisy.a(usbd_conf.o)
                0x0800ea24                HAL_PCD_SuspendCallback
 .text.HAL_PCD_ResumeCallback
                0x0800ea54        0x8 /Users/joyo/Desktop/DaisyExamples/libDaisy/build/libdaisy.a(usbd_conf.o)
                0x0800ea54                HAL_PCD_ResumeCallback
 .text.HAL_PCD_ISOOUTIncompleteCallback
                0x0800ea5c        0x8 /Users/joyo/Desktop/DaisyExamples/libDaisy/build/libdaisy.a(usbd_conf.o)
                0x0800ea5c                HAL_PCD_ISOOUTIncompleteCallback
 .text.HAL_PCD_ISOINIncompleteCallback
                0x0800ea64        0x8 /Users/joyo/Desktop/DaisyExamples/libDaisy/build/libdaisy.a(usbd_conf.o)
                0x0800ea64                HAL_PCD_ISOINIncompleteCallback
 .text.HAL_PCD_ConnectCallback
                0x0800ea6c        0x8 /Users/joyo/Desktop/DaisyExamples/libDaisy/build/libdaisy.a(usbd_conf.o)
                0x0800ea6c                HAL_PCD_ConnectCallback
 .text.HAL_PCD_DisconnectCallback
                0x0800ea74        0x8 /Users/joyo/Desktop/DaisyExamples/libDaisy/build/libdaisy.a(usbd_conf.o)
                0x0800ea74                HAL_PCD_DisconnectCallback
 .text.USBD_LL_OpenEP
                0x0800ea7c       0x1c /Users/joyo/Desktop/DaisyExamples/libDaisy/build/libdaisy.a(usbd_conf.o)
                0x0800ea7c                USBD_LL_OpenEP
 .text.USBD_LL_StallEP
                0x0800ea98       0x18 /Users/joyo/Desktop/DaisyExamples/libDaisy/build/libdaisy.a(usbd_conf.o)
                0x0800ea98                USBD_LL_StallEP
 .text.USBD_LL_ClearStallEP
                0x0800eab0       0x18 /Users/joyo/Desktop/DaisyExamples/libDaisy/build/libdaisy.a(usbd_conf.o)
                0x0800eab0                USBD_LL_ClearStallEP
 .text.USBD_LL_IsStallEP
                0x0800eac8       0x28 /Users/joyo/Desktop/DaisyExamples/libDaisy/build/libdaisy.a(usbd_conf.o)
                0x0800eac8                USBD_LL_IsStallEP
 .text.USBD_LL_SetUSBAddress
                0x0800eaf0       0x18 /Users/joyo/Desktop/DaisyExamples/libDaisy/build/libdaisy.a(usbd_conf.o)
                0x0800eaf0                USBD_LL_SetUSBAddress
 .text.USBD_LL_Transmit
                0x0800eb08       0x18 /Users/joyo/Desktop/DaisyExamples/libDaisy/build/libdaisy.a(usbd_conf.o)
                0x0800eb08                USBD_LL_Transmit
 .text.USBD_LL_PrepareReceive
                0x0800eb20       0x18 /Users/joyo/Desktop/DaisyExamples/libDaisy/build/libdaisy.a(usbd_conf.o)
                0x0800eb20                USBD_LL_PrepareReceive
 .text.HAL_HCD_SOF_Callback
                0x0800eb38        0x8 /Users/joyo/Desktop/DaisyExamples/libDaisy/build/libdaisy.a(usbh_conf.o)
                0x0800eb38                HAL_HCD_SOF_Callback
 .text.HAL_HCD_Connect_Callback
                0x0800eb40        0x8 /Users/joyo/Desktop/DaisyExamples/libDaisy/build/libdaisy.a(usbh_conf.o)
                0x0800eb40                HAL_HCD_Connect_Callback
 .text.HAL_HCD_Disconnect_Callback
                0x0800eb48        0x8 /Users/joyo/Desktop/DaisyExamples/libDaisy/build/libdaisy.a(usbh_conf.o)
                0x0800eb48                HAL_HCD_Disconnect_Callback
 .text.HAL_HCD_HC_NotifyURBChange_Callback
                0x0800eb50        0x4 /Users/joyo/Desktop/DaisyExamples/libDaisy/build/libdaisy.a(usbh_conf.o)
                0x0800eb50                HAL_HCD_HC_NotifyURBChange_Callback
 .text.HAL_HCD_PortEnabled_Callback
                0x0800eb54        0x8 /Users/joyo/Desktop/DaisyExamples/libDaisy/build/libdaisy.a(usbh_conf.o)
                0x0800eb54                HAL_HCD_PortEnabled_Callback
 .text.HAL_HCD_PortDisabled_Callback
                0x0800eb5c        0x8 /Users/joyo/Desktop/DaisyExamples/libDaisy/build/libdaisy.a(usbh_conf.o)
                0x0800eb5c                HAL_HCD_PortDisabled_Callback
 .text.USBH_LL_Stop
                0x0800eb64       0x18 /Users/joyo/Desktop/DaisyExamples/libDaisy/build/libdaisy.a(usbh_conf.o)
                0x0800eb64                USBH_LL_Stop
 .text.dsy_hal_map_get_port
                0x0800eb7c       0x10 /Users/joyo/Desktop/DaisyExamples/libDaisy/build/libdaisy.a(hal_map.o)
                0x0800eb7c                dsy_hal_map_get_port
 .text.dsy_hal_map_get_pin
                0x0800eb8c       0x10 /Users/joyo/Desktop/DaisyExamples/libDaisy/build/libdaisy.a(hal_map.o)
                0x0800eb8c                dsy_hal_map_get_pin
 .text.dsy_hal_map_gpio_clk_enable
                0x0800eb9c      0x150 /Users/joyo/Desktop/DaisyExamples/libDaisy/build/libdaisy.a(hal_map.o)
                0x0800eb9c                dsy_hal_map_gpio_clk_enable
 .text.HAL_MspInit
                0x0800ecec        0x4 /Users/joyo/Desktop/DaisyExamples/libDaisy/build/libdaisy.a(stm32h7xx_hal.o)
                0x0800ecec                HAL_MspInit
 .text.HAL_InitTick
                0x0800ecf0       0x4c /Users/joyo/Desktop/DaisyExamples/libDaisy/build/libdaisy.a(stm32h7xx_hal.o)
                0x0800ecf0                HAL_InitTick
 .text.HAL_Init
                0x0800ed3c       0x60 /Users/joyo/Desktop/DaisyExamples/libDaisy/build/libdaisy.a(stm32h7xx_hal.o)
                0x0800ed3c                HAL_Init
 .text.HAL_IncTick
                0x0800ed9c       0x18 /Users/joyo/Desktop/DaisyExamples/libDaisy/build/libdaisy.a(stm32h7xx_hal.o)
                0x0800ed9c                HAL_IncTick
 .text.HAL_GetTick
                0x0800edb4        0xc /Users/joyo/Desktop/DaisyExamples/libDaisy/build/libdaisy.a(stm32h7xx_hal.o)
                0x0800edb4                HAL_GetTick
 .text.HAL_Delay
                0x0800edc0       0x24 /Users/joyo/Desktop/DaisyExamples/libDaisy/build/libdaisy.a(stm32h7xx_hal.o)
                0x0800edc0                HAL_Delay
 .text.HAL_GetREVID
                0x0800ede4        0xc /Users/joyo/Desktop/DaisyExamples/libDaisy/build/libdaisy.a(stm32h7xx_hal.o)
                0x0800ede4                HAL_GetREVID
 .text.HAL_ADC_ConvHalfCpltCallback
                0x0800edf0        0x4 /Users/joyo/Desktop/DaisyExamples/libDaisy/build/libdaisy.a(stm32h7xx_hal_adc.o)
                0x0800edf0                HAL_ADC_ConvHalfCpltCallback
 .text.ADC_DMAHalfConvCplt
                0x0800edf4        0xc /Users/joyo/Desktop/DaisyExamples/libDaisy/build/libdaisy.a(stm32h7xx_hal_adc.o)
                0x0800edf4                ADC_DMAHalfConvCplt
 .text.ADC_DMAConvCplt
                0x0800ee00       0x6c /Users/joyo/Desktop/DaisyExamples/libDaisy/build/libdaisy.a(stm32h7xx_hal_adc.o)
                0x0800ee00                ADC_DMAConvCplt
 .text.ADC_DMAError
                0x0800ee6c       0x1c /Users/joyo/Desktop/DaisyExamples/libDaisy/build/libdaisy.a(stm32h7xx_hal_adc.o)
                0x0800ee6c                ADC_DMAError
 .text.HAL_ADC_ConfigChannel
                0x0800ee88      0x384 /Users/joyo/Desktop/DaisyExamples/libDaisy/build/libdaisy.a(stm32h7xx_hal_adc.o)
                0x0800ee88                HAL_ADC_ConfigChannel
 .text.ADC_Enable
                0x0800f20c       0xb0 /Users/joyo/Desktop/DaisyExamples/libDaisy/build/libdaisy.a(stm32h7xx_hal_adc.o)
                0x0800f20c                ADC_Enable
 .text.HAL_ADC_Start_DMA
                0x0800f2bc      0x108 /Users/joyo/Desktop/DaisyExamples/libDaisy/build/libdaisy.a(stm32h7xx_hal_adc.o)
                0x0800f2bc                HAL_ADC_Start_DMA
 .text.ADC_Disable
                0x0800f3c4       0x64 /Users/joyo/Desktop/DaisyExamples/libDaisy/build/libdaisy.a(stm32h7xx_hal_adc.o)
                0x0800f3c4                ADC_Disable
 .text.ADC_ConfigureBoostMode
                0x0800f428      0x178 /Users/joyo/Desktop/DaisyExamples/libDaisy/build/libdaisy.a(stm32h7xx_hal_adc.o)
                0x0800f428                ADC_ConfigureBoostMode
 .text.HAL_ADC_Init
                0x0800f5a0      0x220 /Users/joyo/Desktop/DaisyExamples/libDaisy/build/libdaisy.a(stm32h7xx_hal_adc.o)
                0x0800f5a0                HAL_ADC_Init
 .text.HAL_ADCEx_Calibration_Start
                0x0800f7c0       0xa4 /Users/joyo/Desktop/DaisyExamples/libDaisy/build/libdaisy.a(stm32h7xx_hal_adc_ex.o)
                0x0800f7c0                HAL_ADCEx_Calibration_Start
 .text.HAL_ADCEx_MultiModeConfigChannel
                0x0800f864       0xb8 /Users/joyo/Desktop/DaisyExamples/libDaisy/build/libdaisy.a(stm32h7xx_hal_adc_ex.o)
                0x0800f864                HAL_ADCEx_MultiModeConfigChannel
 .text.HAL_NVIC_SetPriorityGrouping
                0x0800f91c       0x24 /Users/joyo/Desktop/DaisyExamples/libDaisy/build/libdaisy.a(stm32h7xx_hal_cortex.o)
                0x0800f91c                HAL_NVIC_SetPriorityGrouping
 .text.HAL_NVIC_SetPriority
                0x0800f940       0x78 /Users/joyo/Desktop/DaisyExamples/libDaisy/build/libdaisy.a(stm32h7xx_hal_cortex.o)
                0x0800f940                HAL_NVIC_SetPriority
 .text.HAL_NVIC_EnableIRQ
                0x0800f9b8       0x1c /Users/joyo/Desktop/DaisyExamples/libDaisy/build/libdaisy.a(stm32h7xx_hal_cortex.o)
                0x0800f9b8                HAL_NVIC_EnableIRQ
 .text.HAL_NVIC_DisableIRQ
                0x0800f9d4       0x24 /Users/joyo/Desktop/DaisyExamples/libDaisy/build/libdaisy.a(stm32h7xx_hal_cortex.o)
                0x0800f9d4                HAL_NVIC_DisableIRQ
 .text.HAL_SYSTICK_Config
                0x0800f9f8       0x2c /Users/joyo/Desktop/DaisyExamples/libDaisy/build/libdaisy.a(stm32h7xx_hal_cortex.o)
                0x0800f9f8                HAL_SYSTICK_Config
 .text.HAL_MPU_Disable
                0x0800fa24       0x1c /Users/joyo/Desktop/DaisyExamples/libDaisy/build/libdaisy.a(stm32h7xx_hal_cortex.o)
                0x0800fa24                HAL_MPU_Disable
 .text.HAL_MPU_Enable
                0x0800fa40       0x20 /Users/joyo/Desktop/DaisyExamples/libDaisy/build/libdaisy.a(stm32h7xx_hal_cortex.o)
                0x0800fa40                HAL_MPU_Enable
 .text.HAL_MPU_ConfigRegion
                0x0800fa60       0x64 /Users/joyo/Desktop/DaisyExamples/libDaisy/build/libdaisy.a(stm32h7xx_hal_cortex.o)
                0x0800fa60                HAL_MPU_ConfigRegion
 .text.HAL_SYSTICK_Callback
                0x0800fac4        0x4 /Users/joyo/Desktop/DaisyExamples/libDaisy/build/libdaisy.a(stm32h7xx_hal_cortex.o)
                0x0800fac4                HAL_SYSTICK_Callback
 .text.HAL_SYSTICK_IRQHandler
                0x0800fac8        0x8 /Users/joyo/Desktop/DaisyExamples/libDaisy/build/libdaisy.a(stm32h7xx_hal_cortex.o)
                0x0800fac8                HAL_SYSTICK_IRQHandler
 .text.HAL_DAC_Init
                0x0800fad0       0x2c /Users/joyo/Desktop/DaisyExamples/libDaisy/build/libdaisy.a(stm32h7xx_hal_dac.o)
                0x0800fad0                HAL_DAC_Init
 .text.HAL_DAC_Start
                0x0800fafc       0x5c /Users/joyo/Desktop/DaisyExamples/libDaisy/build/libdaisy.a(stm32h7xx_hal_dac.o)
                0x0800fafc                HAL_DAC_Start
 .text.HAL_DAC_SetValue
                0x0800fb58       0x30 /Users/joyo/Desktop/DaisyExamples/libDaisy/build/libdaisy.a(stm32h7xx_hal_dac.o)
                0x0800fb58                HAL_DAC_SetValue
 .text.HAL_DAC_DMAUnderrunCallbackCh1
                0x0800fb88        0x4 /Users/joyo/Desktop/DaisyExamples/libDaisy/build/libdaisy.a(stm32h7xx_hal_dac.o)
                0x0800fb88                HAL_DAC_DMAUnderrunCallbackCh1
 .text.HAL_DAC_IRQHandler
                0x0800fb8c       0x68 /Users/joyo/Desktop/DaisyExamples/libDaisy/build/libdaisy.a(stm32h7xx_hal_dac.o)
                0x0800fb8c                HAL_DAC_IRQHandler
 .text.HAL_DAC_ConfigChannel
                0x0800fbf4      0x128 /Users/joyo/Desktop/DaisyExamples/libDaisy/build/libdaisy.a(stm32h7xx_hal_dac.o)
                0x0800fbf4                HAL_DAC_ConfigChannel
 .text.HAL_DACEx_DMAUnderrunCallbackCh2
                0x0800fd1c        0x4 /Users/joyo/Desktop/DaisyExamples/libDaisy/build/libdaisy.a(stm32h7xx_hal_dac_ex.o)
                0x0800fd1c                HAL_DACEx_DMAUnderrunCallbackCh2
 .text.DMA_CalcBaseAndBitshift
                0x0800fd20      0x100 /Users/joyo/Desktop/DaisyExamples/libDaisy/build/libdaisy.a(stm32h7xx_hal_dma.o)
 .text.DMA_CalcDMAMUXChannelBaseAndMask
                0x0800fe20       0xd4 /Users/joyo/Desktop/DaisyExamples/libDaisy/build/libdaisy.a(stm32h7xx_hal_dma.o)
 .text.HAL_DMA_Init
                0x0800fef4      0x360 /Users/joyo/Desktop/DaisyExamples/libDaisy/build/libdaisy.a(stm32h7xx_hal_dma.o)
                0x0800fef4                HAL_DMA_Init
 .text.HAL_DMA_Start_IT
                0x08010254      0x26c /Users/joyo/Desktop/DaisyExamples/libDaisy/build/libdaisy.a(stm32h7xx_hal_dma.o)
                0x08010254                HAL_DMA_Start_IT
 .text.HAL_DMA_Abort_IT
                0x080104c0      0x134 /Users/joyo/Desktop/DaisyExamples/libDaisy/build/libdaisy.a(stm32h7xx_hal_dma.o)
                0x080104c0                HAL_DMA_Abort_IT
 .text.HAL_DMA_IRQHandler
                0x080105f4      0x424 /Users/joyo/Desktop/DaisyExamples/libDaisy/build/libdaisy.a(stm32h7xx_hal_dma.o)
                0x080105f4                HAL_DMA_IRQHandler
 .text.HAL_DMA_GetError
                0x08010a18        0x4 /Users/joyo/Desktop/DaisyExamples/libDaisy/build/libdaisy.a(stm32h7xx_hal_dma.o)
                0x08010a18                HAL_DMA_GetError
 .text.HAL_GPIO_Init
                0x08010a1c      0x41c /Users/joyo/Desktop/DaisyExamples/libDaisy/build/libdaisy.a(stm32h7xx_hal_gpio.o)
                0x08010a1c                HAL_GPIO_Init
 .text.HAL_GPIO_DeInit
                0x08010e38      0x258 /Users/joyo/Desktop/DaisyExamples/libDaisy/build/libdaisy.a(stm32h7xx_hal_gpio.o)
                0x08010e38                HAL_GPIO_DeInit
 .text.HAL_GPIO_ReadPin
                0x08011090        0xc /Users/joyo/Desktop/DaisyExamples/libDaisy/build/libdaisy.a(stm32h7xx_hal_gpio.o)
                0x08011090                HAL_GPIO_ReadPin
 .text.HAL_GPIO_WritePin
                0x0801109c        0x8 /Users/joyo/Desktop/DaisyExamples/libDaisy/build/libdaisy.a(stm32h7xx_hal_gpio.o)
                0x0801109c                HAL_GPIO_WritePin
 .text.HAL_HCD_IRQHandler
                0x080110a4      0x770 /Users/joyo/Desktop/DaisyExamples/libDaisy/build/libdaisy.a(stm32h7xx_hal_hcd.o)
                0x080110a4                HAL_HCD_IRQHandler
 .text.HAL_HCD_Stop
                0x08011814       0x28 /Users/joyo/Desktop/DaisyExamples/libDaisy/build/libdaisy.a(stm32h7xx_hal_hcd.o)
                0x08011814                HAL_HCD_Stop
 .text.I2C_WaitOnTXISFlagUntilTimeout
                0x0801183c       0xcc /Users/joyo/Desktop/DaisyExamples/libDaisy/build/libdaisy.a(stm32h7xx_hal_i2c.o)
 .text.I2C_WaitOnSTOPFlagUntilTimeout
                0x08011908       0xa8 /Users/joyo/Desktop/DaisyExamples/libDaisy/build/libdaisy.a(stm32h7xx_hal_i2c.o)
 .text.HAL_I2C_Init
                0x080119b0       0xac /Users/joyo/Desktop/DaisyExamples/libDaisy/build/libdaisy.a(stm32h7xx_hal_i2c.o)
                0x080119b0                HAL_I2C_Init
 .text.HAL_I2C_Master_Transmit
                0x08011a5c      0x1a8 /Users/joyo/Desktop/DaisyExamples/libDaisy/build/libdaisy.a(stm32h7xx_hal_i2c.o)
                0x08011a5c                HAL_I2C_Master_Transmit
 .text.HAL_I2C_Slave_Transmit
                0x08011c04      0x1e4 /Users/joyo/Desktop/DaisyExamples/libDaisy/build/libdaisy.a(stm32h7xx_hal_i2c.o)
                0x08011c04                HAL_I2C_Slave_Transmit
 .text.HAL_I2C_Master_Transmit_DMA
                0x08011de8      0x168 /Users/joyo/Desktop/DaisyExamples/libDaisy/build/libdaisy.a(stm32h7xx_hal_i2c.o)
                0x08011de8                HAL_I2C_Master_Transmit_DMA
 .text.HAL_I2C_Master_Receive_DMA
                0x08011f50      0x168 /Users/joyo/Desktop/DaisyExamples/libDaisy/build/libdaisy.a(stm32h7xx_hal_i2c.o)
                0x08011f50                HAL_I2C_Master_Receive_DMA
 .text.HAL_I2C_Slave_Transmit_DMA
                0x080120b8       0xd4 /Users/joyo/Desktop/DaisyExamples/libDaisy/build/libdaisy.a(stm32h7xx_hal_i2c.o)
                0x080120b8                HAL_I2C_Slave_Transmit_DMA
 .text.HAL_I2C_Slave_Receive_DMA
                0x0801218c       0xd4 /Users/joyo/Desktop/DaisyExamples/libDaisy/build/libdaisy.a(stm32h7xx_hal_i2c.o)
                0x0801218c                HAL_I2C_Slave_Receive_DMA
 .text.HAL_I2C_EV_IRQHandler
                0x08012260       0x10 /Users/joyo/Desktop/DaisyExamples/libDaisy/build/libdaisy.a(stm32h7xx_hal_i2c.o)
                0x08012260                HAL_I2C_EV_IRQHandler
 .text.I2C_DMASlaveTransmitCplt
                0x08012270       0x8c /Users/joyo/Desktop/DaisyExamples/libDaisy/build/libdaisy.a(stm32h7xx_hal_i2c.o)
 .text.I2C_DMASlaveReceiveCplt
                0x080122fc       0x9c /Users/joyo/Desktop/DaisyExamples/libDaisy/build/libdaisy.a(stm32h7xx_hal_i2c.o)
 .text.HAL_I2C_AddrCallback
                0x08012398        0x4 /Users/joyo/Desktop/DaisyExamples/libDaisy/build/libdaisy.a(stm32h7xx_hal_i2c.o)
                0x08012398                HAL_I2C_AddrCallback
 .text.I2C_ITAddrCplt.part.0.constprop.0
                0x0801239c       0x64 /Users/joyo/Desktop/DaisyExamples/libDaisy/build/libdaisy.a(stm32h7xx_hal_i2c.o)
 .text.HAL_I2C_ListenCpltCallback
                0x08012400        0x4 /Users/joyo/Desktop/DaisyExamples/libDaisy/build/libdaisy.a(stm32h7xx_hal_i2c.o)
                0x08012400                HAL_I2C_ListenCpltCallback
 .text.HAL_I2C_MemTxCpltCallback
                0x08012404        0x4 /Users/joyo/Desktop/DaisyExamples/libDaisy/build/libdaisy.a(stm32h7xx_hal_i2c.o)
                0x08012404                HAL_I2C_MemTxCpltCallback
 .text.HAL_I2C_MemRxCpltCallback
                0x08012408        0x4 /Users/joyo/Desktop/DaisyExamples/libDaisy/build/libdaisy.a(stm32h7xx_hal_i2c.o)
                0x08012408                HAL_I2C_MemRxCpltCallback
 .text.HAL_I2C_AbortCpltCallback
                0x0801240c        0x4 /Users/joyo/Desktop/DaisyExamples/libDaisy/build/libdaisy.a(stm32h7xx_hal_i2c.o)
                0x0801240c                HAL_I2C_AbortCpltCallback
 .text.I2C_ITError
                0x08012410      0x110 /Users/joyo/Desktop/DaisyExamples/libDaisy/build/libdaisy.a(stm32h7xx_hal_i2c.o)
 .text.I2C_ITSlaveCplt
                0x08012520      0x1a4 /Users/joyo/Desktop/DaisyExamples/libDaisy/build/libdaisy.a(stm32h7xx_hal_i2c.o)
 .text.I2C_Slave_ISR_IT
                0x080126c4      0x31c /Users/joyo/Desktop/DaisyExamples/libDaisy/build/libdaisy.a(stm32h7xx_hal_i2c.o)
 .text.I2C_ITMasterCplt
                0x080129e0       0xec /Users/joyo/Desktop/DaisyExamples/libDaisy/build/libdaisy.a(stm32h7xx_hal_i2c.o)
 .text.I2C_Master_ISR_IT
                0x08012acc      0x21c /Users/joyo/Desktop/DaisyExamples/libDaisy/build/libdaisy.a(stm32h7xx_hal_i2c.o)
 .text.I2C_Slave_ISR_DMA
                0x08012ce8      0x1fc /Users/joyo/Desktop/DaisyExamples/libDaisy/build/libdaisy.a(stm32h7xx_hal_i2c.o)
 .text.I2C_Master_ISR_DMA
                0x08012ee4      0x224 /Users/joyo/Desktop/DaisyExamples/libDaisy/build/libdaisy.a(stm32h7xx_hal_i2c.o)
 .text.I2C_DMAError
                0x08013108      0x108 /Users/joyo/Desktop/DaisyExamples/libDaisy/build/libdaisy.a(stm32h7xx_hal_i2c.o)
 .text.I2C_DMAMasterTransmitCplt
                0x08013210       0x90 /Users/joyo/Desktop/DaisyExamples/libDaisy/build/libdaisy.a(stm32h7xx_hal_i2c.o)
 .text.I2C_DMAMasterReceiveCplt
                0x080132a0       0x8c /Users/joyo/Desktop/DaisyExamples/libDaisy/build/libdaisy.a(stm32h7xx_hal_i2c.o)
 .text.I2C_DMAAbort
                0x0801332c       0x28 /Users/joyo/Desktop/DaisyExamples/libDaisy/build/libdaisy.a(stm32h7xx_hal_i2c.o)
 .text.HAL_I2C_GetState
                0x08013354        0x8 /Users/joyo/Desktop/DaisyExamples/libDaisy/build/libdaisy.a(stm32h7xx_hal_i2c.o)
                0x08013354                HAL_I2C_GetState
 .text.HAL_I2CEx_ConfigAnalogFilter
                0x0801335c       0x54 /Users/joyo/Desktop/DaisyExamples/libDaisy/build/libdaisy.a(stm32h7xx_hal_i2c_ex.o)
                0x0801335c                HAL_I2CEx_ConfigAnalogFilter
 .text.HAL_I2CEx_ConfigDigitalFilter
                0x080133b0       0x58 /Users/joyo/Desktop/DaisyExamples/libDaisy/build/libdaisy.a(stm32h7xx_hal_i2c_ex.o)
                0x080133b0                HAL_I2CEx_ConfigDigitalFilter
 .text.HAL_PCD_IRQHandler
                0x08013408      0x704 /Users/joyo/Desktop/DaisyExamples/libDaisy/build/libdaisy.a(stm32h7xx_hal_pcd.o)
                0x08013408                HAL_PCD_IRQHandler
 .text.HAL_PCD_SetAddress
                0x08013b0c       0x2c /Users/joyo/Desktop/DaisyExamples/libDaisy/build/libdaisy.a(stm32h7xx_hal_pcd.o)
                0x08013b0c                HAL_PCD_SetAddress
 .text.HAL_PCD_EP_Open
                0x08013b38       0x70 /Users/joyo/Desktop/DaisyExamples/libDaisy/build/libdaisy.a(stm32h7xx_hal_pcd.o)
                0x08013b38                HAL_PCD_EP_Open
 .text.HAL_PCD_EP_Receive
                0x08013ba8       0x4c /Users/joyo/Desktop/DaisyExamples/libDaisy/build/libdaisy.a(stm32h7xx_hal_pcd.o)
                0x08013ba8                HAL_PCD_EP_Receive
 .text.HAL_PCD_EP_Transmit
                0x08013bf4       0x50 /Users/joyo/Desktop/DaisyExamples/libDaisy/build/libdaisy.a(stm32h7xx_hal_pcd.o)
                0x08013bf4                HAL_PCD_EP_Transmit
 .text.HAL_PCD_EP_SetStall
                0x08013c44       0x84 /Users/joyo/Desktop/DaisyExamples/libDaisy/build/libdaisy.a(stm32h7xx_hal_pcd.o)
                0x08013c44                HAL_PCD_EP_SetStall
 .text.HAL_PCD_EP_ClrStall
                0x08013cc8       0x70 /Users/joyo/Desktop/DaisyExamples/libDaisy/build/libdaisy.a(stm32h7xx_hal_pcd.o)
                0x08013cc8                HAL_PCD_EP_ClrStall
 .text.HAL_PCDEx_LPM_Callback
                0x08013d38        0x4 /Users/joyo/Desktop/DaisyExamples/libDaisy/build/libdaisy.a(stm32h7xx_hal_pcd_ex.o)
                0x08013d38                HAL_PCDEx_LPM_Callback
 .text.HAL_PWREx_ConfigSupply
                0x08013d3c       0x4c /Users/joyo/Desktop/DaisyExamples/libDaisy/build/libdaisy.a(stm32h7xx_hal_pwr_ex.o)
                0x08013d3c                HAL_PWREx_ConfigSupply
 .text.HAL_PWREx_EnableUSBVoltageDetector
                0x08013d88       0x10 /Users/joyo/Desktop/DaisyExamples/libDaisy/build/libdaisy.a(stm32h7xx_hal_pwr_ex.o)
                0x08013d88                HAL_PWREx_EnableUSBVoltageDetector
 .text.QSPI_Config
                0x08013d98      0x188 /Users/joyo/Desktop/DaisyExamples/libDaisy/build/libdaisy.a(stm32h7xx_hal_qspi.o)
 .text.HAL_QSPI_Init
                0x08013f20       0xe8 /Users/joyo/Desktop/DaisyExamples/libDaisy/build/libdaisy.a(stm32h7xx_hal_qspi.o)
                0x08013f20                HAL_QSPI_Init
 .text.HAL_QSPI_DeInit
                0x08014008       0x3c /Users/joyo/Desktop/DaisyExamples/libDaisy/build/libdaisy.a(stm32h7xx_hal_qspi.o)
                0x08014008                HAL_QSPI_DeInit
 .text.HAL_QSPI_Command
                0x08014044       0xf8 /Users/joyo/Desktop/DaisyExamples/libDaisy/build/libdaisy.a(stm32h7xx_hal_qspi.o)
                0x08014044                HAL_QSPI_Command
 .text.HAL_QSPI_Transmit
                0x0801413c      0x11c /Users/joyo/Desktop/DaisyExamples/libDaisy/build/libdaisy.a(stm32h7xx_hal_qspi.o)
                0x0801413c                HAL_QSPI_Transmit
 .text.HAL_QSPI_Receive
                0x08014258      0x124 /Users/joyo/Desktop/DaisyExamples/libDaisy/build/libdaisy.a(stm32h7xx_hal_qspi.o)
                0x08014258                HAL_QSPI_Receive
 .text.HAL_QSPI_AutoPolling
                0x0801437c      0x11c /Users/joyo/Desktop/DaisyExamples/libDaisy/build/libdaisy.a(stm32h7xx_hal_qspi.o)
                0x0801437c                HAL_QSPI_AutoPolling
 .text.HAL_QSPI_MemoryMapped
                0x08014498       0xc4 /Users/joyo/Desktop/DaisyExamples/libDaisy/build/libdaisy.a(stm32h7xx_hal_qspi.o)
                0x08014498                HAL_QSPI_MemoryMapped
 .text.HAL_QSPI_ErrorCallback
                0x0801455c        0x4 /Users/joyo/Desktop/DaisyExamples/libDaisy/build/libdaisy.a(stm32h7xx_hal_qspi.o)
                0x0801455c                HAL_QSPI_ErrorCallback
 .text.QSPI_DMAAbortCplt
                0x08014560       0x38 /Users/joyo/Desktop/DaisyExamples/libDaisy/build/libdaisy.a(stm32h7xx_hal_qspi.o)
 .text.HAL_QSPI_AbortCpltCallback
                0x08014598        0x4 /Users/joyo/Desktop/DaisyExamples/libDaisy/build/libdaisy.a(stm32h7xx_hal_qspi.o)
                0x08014598                HAL_QSPI_AbortCpltCallback
 .text.HAL_QSPI_CmdCpltCallback
                0x0801459c        0x4 /Users/joyo/Desktop/DaisyExamples/libDaisy/build/libdaisy.a(stm32h7xx_hal_qspi.o)
                0x0801459c                HAL_QSPI_CmdCpltCallback
 .text.HAL_QSPI_RxCpltCallback
                0x080145a0        0x4 /Users/joyo/Desktop/DaisyExamples/libDaisy/build/libdaisy.a(stm32h7xx_hal_qspi.o)
                0x080145a0                HAL_QSPI_RxCpltCallback
 .text.HAL_QSPI_TxCpltCallback
                0x080145a4        0x4 /Users/joyo/Desktop/DaisyExamples/libDaisy/build/libdaisy.a(stm32h7xx_hal_qspi.o)
                0x080145a4                HAL_QSPI_TxCpltCallback
 .text.HAL_QSPI_FifoThresholdCallback
                0x080145a8        0x4 /Users/joyo/Desktop/DaisyExamples/libDaisy/build/libdaisy.a(stm32h7xx_hal_qspi.o)
                0x080145a8                HAL_QSPI_FifoThresholdCallback
 .text.HAL_QSPI_StatusMatchCallback
                0x080145ac        0x4 /Users/joyo/Desktop/DaisyExamples/libDaisy/build/libdaisy.a(stm32h7xx_hal_qspi.o)
                0x080145ac                HAL_QSPI_StatusMatchCallback
 .text.HAL_QSPI_TimeOutCallback
                0x080145b0        0x4 /Users/joyo/Desktop/DaisyExamples/libDaisy/build/libdaisy.a(stm32h7xx_hal_qspi.o)
                0x080145b0                HAL_QSPI_TimeOutCallback
 .text.HAL_QSPI_IRQHandler
                0x080145b4      0x210 /Users/joyo/Desktop/DaisyExamples/libDaisy/build/libdaisy.a(stm32h7xx_hal_qspi.o)
                0x080145b4                HAL_QSPI_IRQHandler
 .text.HAL_RCC_OscConfig
                0x080147c4      0x518 /Users/joyo/Desktop/DaisyExamples/libDaisy/build/libdaisy.a(stm32h7xx_hal_rcc.o)
                0x080147c4                HAL_RCC_OscConfig
 .text.HAL_RCC_GetSysClockFreq
                0x08014cdc      0x11c /Users/joyo/Desktop/DaisyExamples/libDaisy/build/libdaisy.a(stm32h7xx_hal_rcc.o)
                0x08014cdc                HAL_RCC_GetSysClockFreq
 .text.HAL_RCC_ClockConfig
                0x08014df8      0x238 /Users/joyo/Desktop/DaisyExamples/libDaisy/build/libdaisy.a(stm32h7xx_hal_rcc.o)
                0x08014df8                HAL_RCC_ClockConfig
 .text.HAL_RCC_GetHCLKFreq
                0x08015030       0x2c /Users/joyo/Desktop/DaisyExamples/libDaisy/build/libdaisy.a(stm32h7xx_hal_rcc.o)
                0x08015030                HAL_RCC_GetHCLKFreq
 .text.HAL_RCC_GetPCLK1Freq
                0x0801505c       0x38 /Users/joyo/Desktop/DaisyExamples/libDaisy/build/libdaisy.a(stm32h7xx_hal_rcc.o)
                0x0801505c                HAL_RCC_GetPCLK1Freq
 .text.HAL_RCC_GetPCLK2Freq
                0x08015094       0x38 /Users/joyo/Desktop/DaisyExamples/libDaisy/build/libdaisy.a(stm32h7xx_hal_rcc.o)
                0x08015094                HAL_RCC_GetPCLK2Freq
 .text.RCCEx_PLL2_Config.part.0
                0x080150cc       0xe0 /Users/joyo/Desktop/DaisyExamples/libDaisy/build/libdaisy.a(stm32h7xx_hal_rcc_ex.o)
 .text.RCCEx_PLL3_Config.part.0
                0x080151ac       0xe0 /Users/joyo/Desktop/DaisyExamples/libDaisy/build/libdaisy.a(stm32h7xx_hal_rcc_ex.o)
 .text.HAL_RCCEx_PeriphCLKConfig
                0x0801528c      0xcd8 /Users/joyo/Desktop/DaisyExamples/libDaisy/build/libdaisy.a(stm32h7xx_hal_rcc_ex.o)
                0x0801528c                HAL_RCCEx_PeriphCLKConfig
 .text.HAL_RCCEx_GetD3PCLK1Freq
                0x08015f64       0x24 /Users/joyo/Desktop/DaisyExamples/libDaisy/build/libdaisy.a(stm32h7xx_hal_rcc_ex.o)
                0x08015f64                HAL_RCCEx_GetD3PCLK1Freq
 .text.HAL_RCCEx_GetPLL2ClockFreq
                0x08015f88      0x134 /Users/joyo/Desktop/DaisyExamples/libDaisy/build/libdaisy.a(stm32h7xx_hal_rcc_ex.o)
                0x08015f88                HAL_RCCEx_GetPLL2ClockFreq
 .text.HAL_RCCEx_GetPLL3ClockFreq
                0x080160bc      0x134 /Users/joyo/Desktop/DaisyExamples/libDaisy/build/libdaisy.a(stm32h7xx_hal_rcc_ex.o)
                0x080160bc                HAL_RCCEx_GetPLL3ClockFreq
 .text.HAL_RCCEx_GetPLL1ClockFreq
                0x080161f0      0x134 /Users/joyo/Desktop/DaisyExamples/libDaisy/build/libdaisy.a(stm32h7xx_hal_rcc_ex.o)
                0x080161f0                HAL_RCCEx_GetPLL1ClockFreq
 .text.HAL_RCCEx_GetPeriphCLKFreq
                0x08016324      0x164 /Users/joyo/Desktop/DaisyExamples/libDaisy/build/libdaisy.a(stm32h7xx_hal_rcc_ex.o)
                0x08016324                HAL_RCCEx_GetPeriphCLKFreq
 .text.HAL_RCCEx_GetD1SysClockFreq
                0x08016488       0x2c /Users/joyo/Desktop/DaisyExamples/libDaisy/build/libdaisy.a(stm32h7xx_hal_rcc_ex.o)
                0x08016488                HAL_RCCEx_GetD1SysClockFreq
 .text.HAL_SAI_Init
                0x080164b4      0x38c /Users/joyo/Desktop/DaisyExamples/libDaisy/build/libdaisy.a(stm32h7xx_hal_sai.o)
                0x080164b4                HAL_SAI_Init
 .text.HAL_SAI_InitProtocol
                0x08016840      0x164 /Users/joyo/Desktop/DaisyExamples/libDaisy/build/libdaisy.a(stm32h7xx_hal_sai.o)
                0x08016840                HAL_SAI_InitProtocol
 .text.HAL_SAI_Transmit_DMA
                0x080169a4      0x110 /Users/joyo/Desktop/DaisyExamples/libDaisy/build/libdaisy.a(stm32h7xx_hal_sai.o)
                0x080169a4                HAL_SAI_Transmit_DMA
 .text.HAL_SAI_Receive_DMA
                0x08016ab4       0xc4 /Users/joyo/Desktop/DaisyExamples/libDaisy/build/libdaisy.a(stm32h7xx_hal_sai.o)
                0x08016ab4                HAL_SAI_Receive_DMA
 .text.HAL_SAI_TxCpltCallback
                0x08016b78        0x4 /Users/joyo/Desktop/DaisyExamples/libDaisy/build/libdaisy.a(stm32h7xx_hal_sai.o)
                0x08016b78                HAL_SAI_TxCpltCallback
 .text.SAI_DMATxCplt
                0x08016b7c       0x5c /Users/joyo/Desktop/DaisyExamples/libDaisy/build/libdaisy.a(stm32h7xx_hal_sai.o)
 .text.HAL_SAI_TxHalfCpltCallback
                0x08016bd8        0x4 /Users/joyo/Desktop/DaisyExamples/libDaisy/build/libdaisy.a(stm32h7xx_hal_sai.o)
                0x08016bd8                HAL_SAI_TxHalfCpltCallback
 .text.SAI_DMATxHalfCplt
                0x08016bdc        0xc /Users/joyo/Desktop/DaisyExamples/libDaisy/build/libdaisy.a(stm32h7xx_hal_sai.o)
 .text.SAI_DMARxCplt
                0x08016be8       0x5c /Users/joyo/Desktop/DaisyExamples/libDaisy/build/libdaisy.a(stm32h7xx_hal_sai.o)
 .text.SAI_DMARxHalfCplt
                0x08016c44        0xc /Users/joyo/Desktop/DaisyExamples/libDaisy/build/libdaisy.a(stm32h7xx_hal_sai.o)
 .text.HAL_SAI_ErrorCallback
                0x08016c50        0x4 /Users/joyo/Desktop/DaisyExamples/libDaisy/build/libdaisy.a(stm32h7xx_hal_sai.o)
                0x08016c50                HAL_SAI_ErrorCallback
 .text.SAI_DMAError
                0x08016c54       0x6c /Users/joyo/Desktop/DaisyExamples/libDaisy/build/libdaisy.a(stm32h7xx_hal_sai.o)
 .text.HAL_SDRAM_Init
                0x08016cc0       0x54 /Users/joyo/Desktop/DaisyExamples/libDaisy/build/libdaisy.a(stm32h7xx_hal_sdram.o)
                0x08016cc0                HAL_SDRAM_Init
 .text.HAL_SDRAM_SendCommand
                0x08016d14       0x40 /Users/joyo/Desktop/DaisyExamples/libDaisy/build/libdaisy.a(stm32h7xx_hal_sdram.o)
                0x08016d14                HAL_SDRAM_SendCommand
 .text.HAL_SDRAM_ProgramRefreshRate
                0x08016d54       0x30 /Users/joyo/Desktop/DaisyExamples/libDaisy/build/libdaisy.a(stm32h7xx_hal_sdram.o)
                0x08016d54                HAL_SDRAM_ProgramRefreshRate
 .text.SPI_CloseTransfer
                0x08016d84       0xb8 /Users/joyo/Desktop/DaisyExamples/libDaisy/build/libdaisy.a(stm32h7xx_hal_spi.o)
 .text.HAL_SPI_Init