Archive member included to satisfy reference by file (symbol)

/Users/joyo/Desktop/DaisyExamples/libDaisy/build/libdaisy.a(startup_stm32h750xx.o)
                              (Reset_Handler)
/Users/joyo/Desktop/DaisyExamples/libDaisy/build/libdaisy.a(daisy_field.o)
                              build/Froggers.o (daisy::DaisyField::Init(bool))
/Users/joyo/Desktop/DaisyExamples/libDaisy/build/libdaisy.a(daisy_seed.o)
                              /Users/joyo/Desktop/DaisyExamples/libDaisy/build/libdaisy.a(daisy_field.o) (daisy::DaisySeed::Configure())
/Users/joyo/Desktop/DaisyExamples/libDaisy/build/libdaisy.a(codec_ak4556.o)
                              /Users/joyo/Desktop/DaisyExamples/libDaisy/build/libdaisy.a(daisy_seed.o) (daisy::Ak4556::Init(dsy_gpio_pin))
/Users/joyo/Desktop/DaisyExamples/libDaisy/build/libdaisy.a(codec_wm8731.o)
                              /Users/joyo/Desktop/DaisyExamples/libDaisy/build/libdaisy.a(daisy_seed.o) (daisy::Wm8731::Init(daisy::Wm8731::Config const&, daisy::I2CHandle))
/Users/joyo/Desktop/DaisyExamples/libDaisy/build/libdaisy.a(sdram.o)
                              /Users/joyo/Desktop/DaisyExamples/libDaisy/build/libdaisy.a(daisy_seed.o) (SdramHandle::Init())
/Users/joyo/Desktop/DaisyExamples/libDaisy/build/libdaisy.a(audio.o)
                              /Users/joyo/Desktop/DaisyExamples/libDaisy/build/libdaisy.a(daisy_seed.o) (daisy::AudioHandle::Init(daisy::AudioHandle::Config const&, daisy::SaiHandle))
/Users/joyo/Desktop/DaisyExamples/libDaisy/build/libdaisy.a(ctrl.o)
                              /Users/joyo/Desktop/DaisyExamples/libDaisy/build/libdaisy.a(daisy_field.o) (daisy::AnalogControl::Init(unsigned short*, float, bool, bool, float))
/Users/joyo/Desktop/DaisyExamples/libDaisy/build/libdaisy.a(gatein.o)
                              /Users/joyo/Desktop/DaisyExamples/libDaisy/build/libdaisy.a(daisy_field.o) (daisy::GateIn::Init(daisy::Pin, bool))
/Users/joyo/Desktop/DaisyExamples/libDaisy/build/libdaisy.a(midi.o)
                              build/Froggers.o (daisy::MidiUartTransport::Config::Config())
/Users/joyo/Desktop/DaisyExamples/libDaisy/build/libdaisy.a(midi_parser.o)
                              /Users/joyo/Desktop/DaisyExamples/libDaisy/build/libdaisy.a(daisy_field.o) (daisy::MidiParser::Reset())
/Users/joyo/Desktop/DaisyExamples/libDaisy/build/libdaisy.a(switch.o)
                              /Users/joyo/Desktop/DaisyExamples/libDaisy/build/libdaisy.a(daisy_field.o) (daisy::Switch::Init(dsy_gpio_pin, float))
/Users/joyo/Desktop/DaisyExamples/libDaisy/build/libdaisy.a(adc.o)
                              /Users/joyo/Desktop/DaisyExamples/libDaisy/build/libdaisy.a(daisy_field.o) (daisy::AdcChannelConfig::InitSingle(dsy_gpio_pin, daisy::AdcChannelConfig::ConversionSpeed))
/Users/joyo/Desktop/DaisyExamples/libDaisy/build/libdaisy.a(dac.o)
                              /Users/joyo/Desktop/DaisyExamples/libDaisy/build/libdaisy.a(daisy_field.o) (daisy::DacHandle::Init(daisy::DacHandle::Config const&))
/Users/joyo/Desktop/DaisyExamples/libDaisy/build/libdaisy.a(gpio.o)
                              /Users/joyo/Desktop/DaisyExamples/libDaisy/build/libdaisy.a(daisy_seed.o) (daisy::GPIO::Init(daisy::Pin, daisy::GPIO::Mode, daisy::GPIO::Pull, daisy::GPIO::Speed))
/Users/joyo/Desktop/DaisyExamples/libDaisy/build/libdaisy.a(i2c.o)
                              build/Froggers.o (daisy::I2CHandle::Init(daisy::I2CHandle::Config const&))
/Users/joyo/Desktop/DaisyExamples/libDaisy/build/libdaisy.a(qspi.o)
                              /Users/joyo/Desktop/DaisyExamples/libDaisy/build/libdaisy.a(daisy_seed.o) (daisy::QSPIHandle::Init(daisy::QSPIHandle::Config const&))
/Users/joyo/Desktop/DaisyExamples/libDaisy/build/libdaisy.a(sai.o)
                              /Users/joyo/Desktop/DaisyExamples/libDaisy/build/libdaisy.a(daisy_seed.o) (daisy::SaiHandle::Init(daisy::SaiHandle::Config const&))
/Users/joyo/Desktop/DaisyExamples/libDaisy/build/libdaisy.a(spi.o)
                              /Users/joyo/Desktop/DaisyExamples/libDaisy/build/libdaisy.a(daisy_field.o) (daisy::SpiHandle::Init(daisy::SpiHandle::Config const&))
/Users/joyo/Desktop/DaisyExamples/libDaisy/build/libdaisy.a(uart.o)
                              /Users/joyo/Desktop/DaisyExamples/libDaisy/build/libdaisy.a(daisy_field.o) (daisy::UartHandler::Init(daisy::UartHandler::Config const&))
/Users/joyo/Desktop/DaisyExamples/libDaisy/build/libdaisy.a(dma.o)
                              /Users/joyo/Desktop/DaisyExamples/libDaisy/build/libdaisy.a(uart.o) (dsy_dma_invalidate_cache_for_buffer)
/Users/joyo/Desktop/DaisyExamples/libDaisy/build/libdaisy.a(system.o)
                              /Users/joyo/Desktop/DaisyExamples/libDaisy/build/libdaisy.a(daisy_seed.o) (daisy::System::DeInit())
/Users/joyo/Desktop/DaisyExamples/libDaisy/build/libdaisy.a(system_stm32h7xx.o)
                              /Users/joyo/Desktop/DaisyExamples/libDaisy/build/libdaisy.a(startup_stm32h750xx.o) (SystemInit)
[...]
Memory Configuration

Name             Origin             Length             Attributes
FLASH            0x08000000         0x00020000         xr
DTCMRAM          0x20000000         0x00020000         xrw
SRAM             0x24000000         0x00080000         xrw
RAM_D2           0x30000000         0x00048000         xrw
RAM_D3           0x38000000         0x00010000         xrw
BACKUP_SRAM      0x38800000         0x00001000         xrw
ITCMRAM          0x00000000         0x00010000         xrw
SDRAM            0xc0000000         0x04000000         xrw
QSPIFLASH        0x90000000         0x00800000         xr
*default*        0x00000000         0xffffffff

Linker script and memory map

LOAD /Applications/ArmGNUToolchain/14.3.rel1/arm-none-eabi/bin/../lib/gcc/arm-none-eabi/14.3.1/thumb/v7e-m+dp/hard/crti.o
LOAD /Applications/ArmGNUToolchain/14.3.rel1/arm-none-eabi/bin/../lib/gcc/arm-none-eabi/14.3.1/thumb/v7e-m+dp/hard/crtbegin.o
LOAD /Applications/ArmGNUToolchain/14.3.rel1/arm-none-eabi/bin/../lib/gcc/arm-none-eabi/14.3.1/../../../../arm-none-eabi/lib/thumb/v7e-m+dp/hard/crt0.o
LOAD build/Froggers.o
                0x00010000                        __stack_size = 0x10000
LOAD /Users/joyo/Desktop/DaisyExamples/libDaisy/build/libdaisy.a
LOAD /Users/joyo/Desktop/DaisyExamples/DaisySP/build/libdaisysp.a
LOAD /Applications/ArmGNUToolchain/14.3.rel1/arm-none-eabi/bin/../lib/gcc/arm-none-eabi/14.3.1/../../../../arm-none-eabi/lib/thumb/v7e-m+dp/hard/libnosys.a
LOAD /Applications/ArmGNUToolchain/14.3.rel1/arm-none-eabi/bin/../lib/gcc/arm-none-eabi/14.3.1/../../../../arm-none-eabi/lib/thumb/v7e-m+dp/hard/libstdc++_nano.a
LOAD /Applications/ArmGNUToolchain/14.3.rel1/arm-none-eabi/bin/../lib/gcc/arm-none-eabi/14.3.1/../../../../arm-none-eabi/lib/thumb/v7e-m+dp/hard/libm.a
LOAD /Applications/ArmGNUToolchain/14.3.rel1/arm-none-eabi/bin/../lib/gcc/arm-none-eabi/14.3.1/../../../../arm-none-eabi/lib/thumb/v7e-m+dp/hard/libc_nano.a
START GROUP
LOAD /Applications/ArmGNUToolchain/14.3.rel1/arm-none-eabi/bin/../lib/gcc/arm-none-eabi/14.3.1/thumb/v7e-m+dp/hard/libgcc.a
LOAD /Applications/ArmGNUToolchain/14.3.rel1/arm-none-eabi/bin/../lib/gcc/arm-none-eabi/14.3.1/../../../../arm-none-eabi/lib/thumb/v7e-m+dp/hard/libc_nano.a
END GROUP
START GROUP
LOAD /Applications/ArmGNUToolchain/14.3.rel1/arm-none-eabi/bin/../lib/gcc/arm-none-eabi/14.3.1/thumb/v7e-m+dp/hard/libgcc.a
LOAD /Applications/ArmGNUToolchain/14.3.rel1/arm-none-eabi/bin/../lib/gcc/arm-none-eabi/14.3.1/../../../../arm-none-eabi/lib/thumb/v7e-m+dp/hard/libc_nano.a
LOAD /Applications/ArmGNUToolchain/14.3.rel1/arm-none-eabi/bin/../lib/gcc/arm-none-eabi/14.3.1/../../../../arm-none-eabi/lib/thumb/v7e-m+dp/hard/libnosys.a
END GROUP
START GROUP
LOAD /Applications/ArmGNUToolchain/14.3.rel1/arm-none-eabi/bin/../lib/gcc/arm-none-eabi/14.3.1/thumb/v7e-m+dp/hard/libgcc.a
LOAD /Applications/ArmGNUToolchain/14.3.rel1/arm-none-eabi/bin/../lib/gcc/arm-none-eabi/14.3.1/../../../../arm-none-eabi/lib/thumb/v7e-m+dp/hard/libc_nano.a
LOAD /Applications/ArmGNUToolchain/14.3.rel1/arm-none-eabi/bin/../lib/gcc/arm-none-eabi/14.3.1/../../../../arm-none-eabi/lib/thumb/v7e-m+dp/hard/libnosys.a
END GROUP
LOAD /Applications/ArmGNUToolchain/14.3.rel1/arm-none-eabi/bin/../lib/gcc/arm-none-eabi/14.3.1/thumb/v7e-m+dp/hard/crtend.o
LOAD /Applications/ArmGNUToolchain/14.3.rel1/arm-none-eabi/bin/../lib/gcc/arm-none-eabi/14.3.1/thumb/v7e-m+dp/hard/crtn.o
                0x20020000                        _estack = 0x20020000

.isr_vector     0x08000000      0x298
                0x08000000                        . = ALIGN (0x4)
 *(.isr_vector)
 .isr_vector    0x08000000      0x298 /Users/joyo/Desktop/DaisyExamples/libDaisy/build/libdaisy.a(startup_stm32h750xx.o)
                0x08000000                g_pfnVectors
                0x08000298                        . = ALIGN (0x4)

.text           0x080002a0    0x1edac
                0x080002a0                        . = ALIGN (0x4)
                0x080002a0                        _stext = .
 *(.text)
 .text          0x080002a0       0x14 /Applications/ArmGNUToolchain/14.3.rel1/arm-none-eabi/bin/../lib/gcc/arm-none-eabi/14.3.1/../../../../arm-none-eabi/lib/thumb/v7e-m+dp/hard/libc_nano.a(libc_a-strcmp.o)
                0x080002a0                strcmp
 *fill*         0x080002b4        0xc 
 .text          0x080002c0       0xa0 /Applications/ArmGNUToolchain/14.3.rel1/arm-none-eabi/bin/../lib/gcc/arm-none-eabi/14.3.1/../../../../arm-none-eabi/lib/thumb/v7e-m+dp/hard/libc_nano.a(libc_a-memchr.o)
                0x080002c0                memchr
 .text          0x08000360       0x10 /Applications/ArmGNUToolchain/14.3.rel1/arm-none-eabi/bin/../lib/gcc/arm-none-eabi/14.3.1/../../../../arm-none-eabi/lib/thumb/v7e-m+dp/hard/libc_nano.a(libc_a-strlen.o)
                0x08000360                strlen
 .text          0x08000370      0x378 /Applications/ArmGNUToolchain/14.3.rel1/arm-none-eabi/bin/../lib/gcc/arm-none-eabi/14.3.1/thumb/v7e-m+dp/hard/libgcc.a(_arm_addsubdf3.o)
                0x08000370                __aeabi_drsub
                0x08000378                __subdf3
                0x08000378                __aeabi_dsub
                0x0800037c                __aeabi_dadd
                0x0800037c                __adddf3
                0x080005f4                __aeabi_ui2d
                0x080005f4                __floatunsidf
                0x08000614                __floatsidf
                0x08000614                __aeabi_i2d
                0x08000638                __extendsfdf2
                0x08000638                __aeabi_f2d
                0x0800067c                __aeabi_ul2d
                0x0800067c                __floatundidf
                0x0800068c                __aeabi_l2d
                0x0800068c                __floatdidf
 .text          0x080006e8       0x30 /Applications/ArmGNUToolchain/14.3.rel1/arm-none-eabi/bin/../lib/gcc/arm-none-eabi/14.3.1/thumb/v7e-m+dp/hard/libgcc.a(_aeabi_uldivmod.o)
                0x080006e8                __aeabi_uldivmod
 .text          0x08000718        0x4 /Applications/ArmGNUToolchain/14.3.rel1/arm-none-eabi/bin/../lib/gcc/arm-none-eabi/14.3.1/thumb/v7e-m+dp/hard/libgcc.a(_dvmd_tls.o)
                0x08000718                __aeabi_ldiv0
                0x08000718                __aeabi_idiv0
 *(.text*)
 .text.deregister_tm_clones
                0x0800071c       0x1c /Applications/ArmGNUToolchain/14.3.rel1/arm-none-eabi/bin/../lib/gcc/arm-none-eabi/14.3.1/thumb/v7e-m+dp/hard/crtbegin.o
 .text.register_tm_clones
                0x08000738       0x24 /Applications/ArmGNUToolchain/14.3.rel1/arm-none-eabi/bin/../lib/gcc/arm-none-eabi/14.3.1/thumb/v7e-m+dp/hard/crtbegin.o
 .text.__do_global_dtors_aux
                0x0800075c       0x28 /Applications/ArmGNUToolchain/14.3.rel1/arm-none-eabi/bin/../lib/gcc/arm-none-eabi/14.3.1/thumb/v7e-m+dp/hard/crtbegin.o
 .text.frame_dummy
                0x08000784       0x24 /Applications/ArmGNUToolchain/14.3.rel1/arm-none-eabi/bin/../lib/gcc/arm-none-eabi/14.3.1/thumb/v7e-m+dp/hard/crtbegin.o
 .text._ZN5daisy11OledDisplayINS_13SSD130xDriverILj128ELj64ENS_24SSD130x4WireSpiTransportEEEED2Ev
                0x080007a8        0x4 build/Froggers.o
                0x080007a8                daisy::OledDisplay<daisy::SSD130xDriver<128u, 64u, daisy::SSD130x4WireSpiTransport> >::~OledDisplay()
                0x080007a8                daisy::OledDisplay<daisy::SSD130xDriver<128u, 64u, daisy::SSD130x4WireSpiTransport> >::~OledDisplay()
 .text._ZN5daisy11OledDisplayINS_13SSD130xDriverILj128ELj64ENS_24SSD130x4WireSpiTransportEEEE4FillEb
                0x080007ac       0x10 build/Froggers.o
                0x080007ac                daisy::OledDisplay<daisy::SSD130xDriver<128u, 64u, daisy::SSD130x4WireSpiTransport> >::Fill(bool)
 .text._ZNSt17_Function_handlerIFviEPS0_E9_M_invokeERKSt9_Any_dataOi
                0x080007bc        0x8 build/Froggers.o
                0x080007bc                std::_Function_handler<void (int), void (*)(int)>::_M_invoke(std::_Any_data const&, int&&)
 .text._ZNK5daisy11OledDisplayINS_13SSD130xDriverILj128ELj64ENS_24SSD130x4WireSpiTransportEEEE6HeightEv
                0x080007c4        0x4 build/Froggers.o
                0x080007c4                daisy::OledDisplay<daisy::SSD130xDriver<128u, 64u, daisy::SSD130x4WireSpiTransport> >::Height() const
 .text._ZNK5daisy11OledDisplayINS_13SSD130xDriverILj128ELj64ENS_24SSD130x4WireSpiTransportEEEE5WidthEv
                0x080007c8        0x4 build/Froggers.o
                0x080007c8                daisy::OledDisplay<daisy::SSD130xDriver<128u, 64u, daisy::SSD130x4WireSpiTransport> >::Width() const
 .text._ZN5daisy11OledDisplayINS_13SSD130xDriverILj128ELj64ENS_24SSD130x4WireSpiTransportEEEED0Ev
                0x080007cc       0x10 build/Froggers.o
                0x080007cc                daisy::OledDisplay<daisy::SSD130xDriver<128u, 64u, daisy::SSD130x4WireSpiTransport> >::~OledDisplay()
 .text._ZNSt13random_deviceD2Ev
                0x080007dc        0xc build/Froggers.o
                0x080007dc                std::random_device::~random_device()
                0x080007dc                std::random_device::~random_device()
 .text._ZNK9WaveTable8EvaluateEf.part.0
                0x080007e8       0x1c build/Froggers.o
 .text._ZN15OPLowPassFilter19SetAlphaFromNatFreqEf.part.0
                0x08000804       0x1c build/Froggers.o
 .text._ZNSt17_Function_handlerIFviEPS0_E10_M_managerERSt9_Any_dataRKS3_St18_Manager_operation
                0x08000820       0x20 build/Froggers.o
                0x08000820                std::_Function_handler<void (int), void (*)(int)>::_M_manager(std::_Any_data&, std::_Any_data const&, std::_Manager_operation)
 .text._ZN5daisy16LedDriverPca9685ILi2ELb1EE14TxCpltCallbackEPvNS_9I2CHandle6ResultE
                0x08000840       0x5c build/Froggers.o
                0x08000840                daisy::LedDriverPca9685<2, true>::TxCpltCallback(void*, daisy::I2CHandle::Result)
 .text._ZN5daisy11OledDisplayINS_13SSD130xDriverILj128ELj64ENS_24SSD130x4WireSpiTransportEEEE6UpdateEv
                0x0800089c       0x90 build/Froggers.o
                0x0800089c                daisy::OledDisplay<daisy::SSD130xDriver<128u, 64u, daisy::SSD130x4WireSpiTransport> >::Update()
 .text._ZZN9FrogBlock7ProcessEfENKUlfE_clEf.isra.0
                0x0800092c      0x18c build/Froggers.o
 .text._ZN5daisy25OneBitGraphicsDisplayImplINS_11OledDisplayINS_13SSD130xDriverILj128ELj64ENS_24SSD130x4WireSpiTransportEEEEEE9WriteCharEc7FontDefb
                0x08000ab8      0x1a4 build/Froggers.o
                0x08000ab8                daisy::OneBitGraphicsDisplayImpl<daisy::OledDisplay<daisy::SSD130xDriver<128u, 64u, daisy::SSD130x4WireSpiTransport> > >::WriteChar(char, FontDef, bool)
 .text._ZN5daisy11OledDisplayINS_13SSD130xDriverILj128ELj64ENS_24SSD130x4WireSpiTransportEEEE9DrawPixelEjjb
                0x08000c5c       0x30 build/Froggers.o
                0x08000c5c                daisy::OledDisplay<daisy::SSD130xDriver<128u, 64u, daisy::SSD130x4WireSpiTransport> >::DrawPixel(unsigned int, unsigned int, bool)
 .text._ZN5daisy25OneBitGraphicsDisplayImplINS_11OledDisplayINS_13SSD130xDriverILj128ELj64ENS_24SSD130x4WireSpiTransportEEEEEE11WriteStringEPKc7FontDefb
                0x08000c8c      0x1f8 build/Froggers.o
                0x08000c8c                daisy::OneBitGraphicsDisplayImpl<daisy::OledDisplay<daisy::SSD130xDriver<128u, 64u, daisy::SSD130x4WireSpiTransport> > >::WriteString(char const*, FontDef, bool)
 .text._ZN5daisy25OneBitGraphicsDisplayImplINS_11OledDisplayINS_13SSD130xDriverILj128ELj64ENS_24SSD130x4WireSpiTransportEEEEEE8DrawLineEjjjjb
                0x08000e84       0xf0 build/Froggers.o
                0x08000e84                daisy::OneBitGraphicsDisplayImpl<daisy::OledDisplay<daisy::SSD130xDriver<128u, 64u, daisy::SSD130x4WireSpiTransport> > >::DrawLine(unsigned int, unsigned int, unsigned int, unsigned int, bool)
 *fill*         0x08000f74        0x4 
 .text._ZN5daisy25OneBitGraphicsDisplayImplINS_11OledDisplayINS_13SSD130xDriverILj128ELj64ENS_24SSD130x4WireSpiTransportEEEEEE7DrawArcEjjjiib
                0x08000f78      0x43c build/Froggers.o
                0x08000f78                daisy::OneBitGraphicsDisplayImpl<daisy::OledDisplay<daisy::SSD130xDriver<128u, 64u, daisy::SSD130x4WireSpiTransport> > >::DrawArc(unsigned int, unsigned int, unsigned int, int, int, bool)
 .text._ZN5daisy25OneBitGraphicsDisplayImplINS_11OledDisplayINS_13SSD130xDriverILj128ELj64ENS_24SSD130x4WireSpiTransportEEEEEE18WriteStringAlignedEPKcRK7FontDefNS_9RectangleENS_9AlignmentEb
                0x080013b4      0x43c build/Froggers.o
                0x080013b4                daisy::OneBitGraphicsDisplayImpl<daisy::OledDisplay<daisy::SSD130xDriver<128u, 64u, daisy::SSD130x4WireSpiTransport> > >::WriteStringAligned(char const*, FontDef const&, daisy::Rectangle, daisy::Alignment, bool)
 .text._ZN5daisy25OneBitGraphicsDisplayImplINS_11OledDisplayINS_13SSD130xDriverILj128ELj64ENS_24SSD130x4WireSpiTransportEEEEEE8DrawRectEjjjjbb
                0x080017f0      0x3d4 build/Froggers.o
                0x080017f0                daisy::OneBitGraphicsDisplayImpl<daisy::OledDisplay<daisy::SSD130xDriver<128u, 64u, daisy::SSD130x4WireSpiTransport> > >::DrawRect(unsigned int, unsigned int, unsigned int, unsigned int, bool, bool)
 .text._ZNSt13random_deviceC2Ev
                0x08001bc4       0x48 build/Froggers.o
                0x08001bc4                std::random_device::random_device()
                0x08001bc4                std::random_device::random_device()
 .text._ZN9Parameter3GetEP6ModMgr
                0x08001c0c      0x398 build/Froggers.o
                0x08001c0c                Parameter::Get(ModMgr*)
 .text._ZN7DaisyIO12UpdateScreenEv
                0x08001fa4      0x8c4 build/Froggers.o
                0x08001fa4                DaisyIO::UpdateScreen()
 .text._ZN7Marbles6ConfigEP11PageManager
                0x08002868      0x1b0 build/Froggers.o
                0x08002868                Marbles::Config(PageManager*)
 .text._ZN8Froggers15ReadParamsBlockEv
                0x08002a18     0x1d64 build/Froggers.o
                0x08002a18                Froggers::ReadParamsBlock()
 *fill*         0x0800477c        0x4 
 .text._ZN8Froggers12UpdateParamsEv
                0x08004780     0x1094 build/Froggers.o
                0x08004780                Froggers::UpdateParams()
 .text._ZN8Froggers6ConfigEP11PageManager
                0x08005814      0x2ec build/Froggers.o
                0x08005814                Froggers::Config(PageManager*)
 .text._ZN8Froggers7ProcessERPKPKfRPPfj
                0x08005b00      0x3b4 build/Froggers.o
                0x08005b00                Froggers::Process(float const* const*&, float**&, unsigned int)
 .text._ZN3AppI8FroggersE13StaticProcessEPKPKfPPfj
                0x08005eb4       0x28 build/Froggers.o
                0x08005eb4                App<Froggers>::StaticProcess(float const* const*, float**, unsigned int)
 .text._ZNSt23mersenne_twister_engineIjLj32ELj624ELj397ELj31ELj2567483615ELj11ELj4294967295ELj7ELj2636928640ELj15ELj4022730752ELj18ELj1812433253EE11_M_gen_randEv
                0x08005edc       0x9c build/Froggers.o
                0x08005edc                std::mersenne_twister_engine<unsigned int, 32u, 624u, 397u, 31u, 2567483615u, 11u, 4294967295u, 7u, 2636928640u, 15u, 4022730752u, 18u, 1812433253u>::_M_gen_rand()
 .text._ZN7DaisyIO15ProcessControlsEv
                0x08005f78     0x1208 build/Froggers.o
                0x08005f78                DaisyIO::ProcessControls()
 .text.startup.main
                0x08007180      0x734 build/Froggers.o
                0x08007180                main
 .text._ZN3AppI8FroggersE20StaticButtonCallbackEi
                0x080078b4      0x31c build/Froggers.o
                0x080078b4                App<Froggers>::StaticButtonCallback(int)
 .text.startup._GLOBAL__sub_I_main
                0x08007bd0       0xa8 build/Froggers.o
 .text.Default_Handler
                0x08007c78        0x4 /Users/joyo/Desktop/DaisyExamples/libDaisy/build/libdaisy.a(startup_stm32h750xx.o)
                0x08007c78                SAI1_IRQHandler
                0x08007c78                HASH_RNG_IRQHandler
                0x08007c78                EXTI2_IRQHandler
                0x08007c78                TIM8_CC_IRQHandler
                0x08007c78                HRTIM1_Master_IRQHandler
                0x08007c78                DebugMon_Handler
                0x08007c78                TIM1_CC_IRQHandler
                0x08007c78                BDMA_Channel6_IRQHandler
                0x08007c78                DMA2_Stream5_IRQHandler
                0x08007c78                HRTIM1_FLT_IRQHandler
                0x08007c78                JPEG_IRQHandler
                0x08007c78                BDMA_Channel1_IRQHandler
                0x08007c78                HRTIM1_TIMD_IRQHandler
                0x08007c78                TAMP_STAMP_IRQHandler
                0x08007c78                PendSV_Handler
                0x08007c78                NMI_Handler
                0x08007c78                EXTI3_IRQHandler
                0x08007c78                LPTIM4_IRQHandler
                0x08007c78                TIM8_TRG_COM_TIM14_IRQHandler
                0x08007c78                LPTIM2_IRQHandler
                0x08007c78                DFSDM1_FLT1_IRQHandler
                0x08007c78                DMAMUX2_OVR_IRQHandler
                0x08007c78                TIM8_UP_TIM13_IRQHandler
                0x08007c78                I2C3_ER_IRQHandler
                0x08007c78                DFSDM1_FLT2_IRQHandler
                0x08007c78                MDMA_IRQHandler
                0x08007c78                LPTIM3_IRQHandler
                0x08007c78                HSEM1_IRQHandler
                0x08007c78                EXTI0_IRQHandler
                0x08007c78                FPU_IRQHandler
                0x08007c78                OTG_HS_WKUP_IRQHandler
                0x08007c78                FDCAN1_IT1_IRQHandler
                0x08007c78                UsageFault_Handler
                0x08007c78                LTDC_ER_IRQHandler
                0x08007c78                HRTIM1_TIME_IRQHandler
                0x08007c78                DCMI_IRQHandler
                0x08007c78                HRTIM1_TIMC_IRQHandler
                0x08007c78                SAI2_IRQHandler
                0x08007c78                DFSDM1_FLT3_IRQHandler
                0x08007c78                TIM17_IRQHandler
                0x08007c78                CRYP_IRQHandler
                0x08007c78                BDMA_Channel7_IRQHandler
                0x08007c78                LPTIM5_IRQHandler
                0x08007c78                ADC3_IRQHandler
                0x08007c78                BDMA_Channel2_IRQHandler
                0x08007c78                DMAMUX1_OVR_IRQHandler
                0x08007c78                TIM16_IRQHandler
                0x08007c78                BDMA_Channel5_IRQHandler
                0x08007c78                RCC_IRQHandler
                0x08007c78                TIM8_BRK_TIM12_IRQHandler
                0x08007c78                TIM1_TRG_COM_IRQHandler
                0x08007c78                Default_Handler
                0x08007c78                ECC_IRQHandler
                0x08007c78                CEC_IRQHandler
                0x08007c78                EXTI15_10_IRQHandler
                0x08007c78                BDMA_Channel0_IRQHandler
                0x08007c78                ADC_IRQHandler
                0x08007c78                DMA1_Stream7_IRQHandler
                0x08007c78                HRTIM1_TIMA_IRQHandler
                0x08007c78                TIM7_IRQHandler
                0x08007c78                SDMMC1_IRQHandler
                0x08007c78                DMA2_Stream7_IRQHandler
                0x08007c78                TIM15_IRQHandler
                0x08007c78                PVD_AVD_IRQHandler
                0x08007c78                EXTI9_5_IRQHandler
                0x08007c78                RTC_WKUP_IRQHandler
                0x08007c78                LTDC_IRQHandler
                0x08007c78                SAI3_IRQHandler
                0x08007c78                ETH_WKUP_IRQHandler
                0x08007c78                SPDIF_RX_IRQHandler
                0x08007c78                MemManage_Handler
                0x08007c78                SVC_Handler
                0x08007c78                CRS_IRQHandler
                0x08007c78                EXTI4_IRQHandler
                0x08007c78                HRTIM1_TIMB_IRQHandler
                0x08007c78                FDCAN2_IT1_IRQHandler
                0x08007c78                ETH_IRQHandler
                0x08007c78                TIM1_UP_IRQHandler
                0x08007c78                BDMA_Channel4_IRQHandler
                0x08007c78                WWDG_IRQHandler
                0x08007c78                SPI6_IRQHandler
                0x08007c78                I2C4_EV_IRQHandler
                0x08007c78                MDIOS_IRQHandler
                0x08007c78                FDCAN2_IT0_IRQHandler
                0x08007c78                FDCAN1_IT0_IRQHandler
                0x08007c78                OTG_FS_WKUP_IRQHandler
                0x08007c78                DMA2D_IRQHandler
                0x08007c78                TIM1_BRK_IRQHandler
                0x08007c78                EXTI1_IRQHandler
                0x08007c78                SDMMC2_IRQHandler
                0x08007c78                OTG_FS_EP1_OUT_IRQHandler
                0x08007c78                BDMA_Channel3_IRQHandler
                0x08007c78                MDIOS_WKUP_IRQHandler
                0x08007c78                DFSDM1_FLT0_IRQHandler
                0x08007c78                SAI4_IRQHandler
                0x08007c78                I2C2_ER_IRQHandler
                0x08007c78                FLASH_IRQHandler
                0x08007c78                BusFault_Handler
                0x08007c78                OTG_FS_IRQHandler
                0x08007c78                WAKEUP_PIN_IRQHandler
                0x08007c78                OTG_FS_EP1_IN_IRQHandler
                0x08007c78                I2C1_ER_IRQHandler
                0x08007c78                FMC_IRQHandler
                0x08007c78                FDCAN_CAL_IRQHandler
                0x08007c78                SWPMI1_IRQHandler
                0x08007c78                COMP1_IRQHandler
                0x08007c78                LPTIM1_IRQHandler
                0x08007c78                I2C4_ER_IRQHandler
                0x08007c78                DMA2_Stream6_IRQHandler
                0x08007c78                RTC_Alarm_IRQHandler
 .text.Reset_Handler
                0x08007c7c       0x48 /Users/joyo/Desktop/DaisyExamples/libDaisy/build/libdaisy.a(startup_stm32h750xx.o)
                0x08007c7c                Reset_Handler
 .text._ZN5daisy10DaisyField4InitEb
                0x08007cc4      0x674 /Users/joyo/Desktop/DaisyExamples/libDaisy/build/libdaisy.a(daisy_field.o)
                0x08007cc4                daisy::DaisyField::Init(bool)
 .text._ZN5daisy10DaisyField10StartAudioEPFvPKPKfPPfjE
                0x08008338        0x4 /Users/joyo/Desktop/DaisyExamples/libDaisy/build/libdaisy.a(daisy_field.o)
                0x08008338                daisy::DaisyField::StartAudio(void (*)(float const* const*, float**, unsigned int))
 .text._ZN5daisy10DaisyField8StartAdcEv
                0x0800833c        0x8 /Users/joyo/Desktop/DaisyExamples/libDaisy/build/libdaisy.a(daisy_field.o)
                0x0800833c                daisy::DaisyField::StartAdc()
 .text._ZN5daisy10DaisyField21ProcessAnalogControlsEv
                0x08008344       0x3c /Users/joyo/Desktop/DaisyExamples/libDaisy/build/libdaisy.a(daisy_field.o)
                0x08008344                daisy::DaisyField::ProcessAnalogControls()
 .text._ZN5daisy10DaisyField22ProcessDigitalControlsEv
                0x08008380      0x1ec /Users/joyo/Desktop/DaisyExamples/libDaisy/build/libdaisy.a(daisy_field.o)
                0x08008380                daisy::DaisyField::ProcessDigitalControls()
 .text._ZN5daisy10DaisyField9SetCvOut1Et
                0x0800856c        0xc /Users/joyo/Desktop/DaisyExamples/libDaisy/build/libdaisy.a(daisy_field.o)
                0x0800856c                daisy::DaisyField::SetCvOut1(unsigned short)
 .text._ZN5daisy10DaisyField9SetCvOut2Et
                0x08008578        0xc /Users/joyo/Desktop/DaisyExamples/libDaisy/build/libdaisy.a(daisy_field.o)
                0x08008578                daisy::DaisyField::SetCvOut2(unsigned short)
 .text._ZNK5daisy10DaisyField18KeyboardRisingEdgeEj
                0x08008584       0x14 /Users/joyo/Desktop/DaisyExamples/libDaisy/build/libdaisy.a(daisy_field.o)
                0x08008584                daisy::DaisyField::KeyboardRisingEdge(unsigned int) const
 .text._ZNK5daisy10DaisyField19KeyboardFallingEdgeEj
                0x08008598       0x14 /Users/joyo/Desktop/DaisyExamples/libDaisy/build/libdaisy.a(daisy_field.o)
                0x08008598                daisy::DaisyField::KeyboardFallingEdge(unsigned int) const
 .text._ZNK5daisy10DaisyField10GetCvValueEj
                0x080085ac       0x14 /Users/joyo/Desktop/DaisyExamples/libDaisy/build/libdaisy.a(daisy_field.o)
                0x080085ac                daisy::DaisyField::GetCvValue(unsigned int) const
 .text.startup._GLOBAL__sub_I__ZN5daisy10DaisyField4InitEb
                0x080085c0       0x1c /Users/joyo/Desktop/DaisyExamples/libDaisy/build/libdaisy.a(daisy_field.o)
 .text._ZN5daisy9DaisySeed9ConfigureEv
                0x080085dc        0x4 /Users/joyo/Desktop/DaisyExamples/libDaisy/build/libdaisy.a(daisy_seed.o)
                0x080085dc                daisy::DaisySeed::Configure()
 .text._ZN5daisy9DaisySeed10StartAudioEPFvPKPKfPPfjE
                0x080085e0        0x8 /Users/joyo/Desktop/DaisyExamples/libDaisy/build/libdaisy.a(daisy_seed.o)
                0x080085e0                daisy::DaisySeed::StartAudio(void (*)(float const* const*, float**, unsigned int))
 .text._ZN5daisy9DaisySeed17SetAudioBlockSizeEj
                0x080085e8       0x38 /Users/joyo/Desktop/DaisyExamples/libDaisy/build/libdaisy.a(daisy_seed.o)
                0x080085e8                daisy::DaisySeed::SetAudioBlockSize(unsigned int)
 .text._ZNK5daisy9DaisySeed17AudioCallbackRateEv
                0x08008620        0x8 /Users/joyo/Desktop/DaisyExamples/libDaisy/build/libdaisy.a(daisy_seed.o)
                0x08008620                daisy::DaisySeed::AudioCallbackRate() const
 .text._ZN5daisy9DaisySeed6SetLedEb
                0x08008628        0x8 /Users/joyo/Desktop/DaisyExamples/libDaisy/build/libdaisy.a(daisy_seed.o)
                0x08008628                daisy::DaisySeed::SetLed(bool)
 .text._ZN5daisy9DaisySeed17CheckBoardVersionEv
                0x08008630       0x6c /Users/joyo/Desktop/DaisyExamples/libDaisy/build/libdaisy.a(daisy_seed.o)
                0x08008630                daisy::DaisySeed::CheckBoardVersion()
 .text._ZN5daisy9DaisySeed14ConfigureAudioEv
                0x0800869c      0x108 /Users/joyo/Desktop/DaisyExamples/libDaisy/build/libdaisy.a(daisy_seed.o)
                0x0800869c                daisy::DaisySeed::ConfigureAudio()
 .text._ZN5daisy9DaisySeed4InitEb
                0x080087a4       0xf4 /Users/joyo/Desktop/DaisyExamples/libDaisy/build/libdaisy.a(daisy_seed.o)
                0x080087a4                daisy::DaisySeed::Init(bool)
 .text._ZN5daisy6Ak45564InitE12dsy_gpio_pin
                0x08008898       0x40 /Users/joyo/Desktop/DaisyExamples/libDaisy/build/libdaisy.a(codec_ak4556.o)
                0x08008898                daisy::Ak4556::Init(dsy_gpio_pin)
 .text._ZN5daisy6Wm873120WriteControlRegisterEht
                0x080088d8       0x3c /Users/joyo/Desktop/DaisyExamples/libDaisy/build/libdaisy.a(codec_wm8731.o)
                0x080088d8                daisy::Wm8731::WriteControlRegister(unsigned char, unsigned short)
 .text._ZN5daisy6Wm87314InitERKNS0_6ConfigENS_9I2CHandleE
                0x08008914      0x1ac /Users/joyo/Desktop/DaisyExamples/libDaisy/build/libdaisy.a(codec_wm8731.o)
                0x08008914                daisy::Wm8731::Init(daisy::Wm8731::Config const&, daisy::I2CHandle)
 .text._ZN11SdramHandle10DeviceInitEv
                0x08008ac0       0x88 /Users/joyo/Desktop/DaisyExamples/libDaisy/build/libdaisy.a(sdram.o)
                0x08008ac0                SdramHandle::DeviceInit()
 .text._ZN11SdramHandle4InitEv
                0x08008b48       0x80 /Users/joyo/Desktop/DaisyExamples/libDaisy/build/libdaisy.a(sdram.o)
                0x08008b48                SdramHandle::Init()
 .text.HAL_SDRAM_MspInit
                0x08008bc8      0x19c /Users/joyo/Desktop/DaisyExamples/libDaisy/build/libdaisy.a(sdram.o)
                0x08008bc8                HAL_SDRAM_MspInit
 .text._ZN5daisy11AudioHandle4Impl16InternalCallbackEPlS2_j
                0x08008d64      0xd14 /Users/joyo/Desktop/DaisyExamples/libDaisy/build/libdaisy.a(audio.o)
                0x08008d64                daisy::AudioHandle::Impl::InternalCallback(long*, long*, unsigned int)
 .text._ZN5daisy11AudioHandle4InitERKNS0_6ConfigENS_9SaiHandleE
                0x08009a78       0x70 /Users/joyo/Desktop/DaisyExamples/libDaisy/build/libdaisy.a(audio.o)
                0x08009a78                daisy::AudioHandle::Init(daisy::AudioHandle::Config const&, daisy::SaiHandle)
 .text._ZNK5daisy11AudioHandle9GetConfigEv
                0x08009ae8        0x8 /Users/joyo/Desktop/DaisyExamples/libDaisy/build/libdaisy.a(audio.o)
                0x08009ae8                daisy::AudioHandle::GetConfig() const
 .text._ZN5daisy11AudioHandle12SetBlockSizeEj
                0x08009af0       0x1c /Users/joyo/Desktop/DaisyExamples/libDaisy/build/libdaisy.a(audio.o)
                0x08009af0                daisy::AudioHandle::SetBlockSize(unsigned int)
 .text._ZN5daisy11AudioHandle13GetSampleRateEv
                0x08009b0c        0x8 /Users/joyo/Desktop/DaisyExamples/libDaisy/build/libdaisy.a(audio.o)
                0x08009b0c                daisy::AudioHandle::GetSampleRate()
 .text._ZN5daisy11AudioHandle5StartEPFvPKPKfPPfjE
                0x08009b14       0x44 /Users/joyo/Desktop/DaisyExamples/libDaisy/build/libdaisy.a(audio.o)
                0x08009b14                daisy::AudioHandle::Start(void (*)(float const* const*, float**, unsigned int))
 .text.startup._GLOBAL__sub_I__ZN5daisy11AudioHandle4Impl4InitENS0_6ConfigENS_9SaiHandleE
                0x08009b58       0x20 /Users/joyo/Desktop/DaisyExamples/libDaisy/build/libdaisy.a(audio.o)
 .text._ZN5daisy13AnalogControl4InitEPtfbbf
                0x08009b78       0x64 /Users/joyo/Desktop/DaisyExamples/libDaisy/build/libdaisy.a(ctrl.o)
                0x08009b78                daisy::AnalogControl::Init(unsigned short*, float, bool, bool, float)
 .text._ZN5daisy13AnalogControl13InitBipolarCvEPtf
                0x08009bdc       0x68 /Users/joyo/Desktop/DaisyExamples/libDaisy/build/libdaisy.a(ctrl.o)
                0x08009bdc                daisy::AnalogControl::InitBipolarCv(unsigned short*, float)
 .text._ZN5daisy13AnalogControl7ProcessEv
                0x08009c44       0x48 /Users/joyo/Desktop/DaisyExamples/libDaisy/build/libdaisy.a(ctrl.o)
                0x08009c44                daisy::AnalogControl::Process()
 .text._ZN5daisy6GateIn4InitENS_3PinEb
                0x08009c8c       0x24 /Users/joyo/Desktop/DaisyExamples/libDaisy/build/libdaisy.a(gatein.o)
                0x08009c8c                daisy::GateIn::Init(daisy::Pin, bool)
 .text._ZN5daisy6GateIn4TrigEv
                0x08009cb0       0x28 /Users/joyo/Desktop/DaisyExamples/libDaisy/build/libdaisy.a(gatein.o)
                0x08009cb0                daisy::GateIn::Trig()
 .text._ZN5daisy17MidiUartTransport6ConfigC2Ev
                0x08009cd8       0x28 /Users/joyo/Desktop/DaisyExamples/libDaisy/build/libdaisy.a(midi.o)
                0x08009cd8                daisy::MidiUartTransport::Config::Config()
                0x08009cd8                daisy::MidiUartTransport::Config::Config()
 .text._ZN5daisy10MidiParser5ResetEv
                0x08009d00        0xc /Users/joyo/Desktop/DaisyExamples/libDaisy/build/libdaisy.a(midi_parser.o)
                0x08009d00                daisy::MidiParser::Reset()
 .text._ZN5daisy6Switch4InitE12dsy_gpio_pinf
                0x08009d0c       0x30 /Users/joyo/Desktop/DaisyExamples/libDaisy/build/libdaisy.a(switch.o)
                0x08009d0c                daisy::Switch::Init(dsy_gpio_pin, float)
 .text._ZN5daisy6Switch8DebounceEv
                0x08009d3c       0x60 /Users/joyo/Desktop/DaisyExamples/libDaisy/build/libdaisy.a(switch.o)
                0x08009d3c                daisy::Switch::Debounce()
 .text._ZN5daisy16AdcChannelConfig10InitSingleE12dsy_gpio_pinNS0_15ConversionSpeedE
                0x08009d9c       0x28 /Users/joyo/Desktop/DaisyExamples/libDaisy/build/libdaisy.a(adc.o)
                0x08009d9c                daisy::AdcChannelConfig::InitSingle(dsy_gpio_pin, daisy::AdcChannelConfig::ConversionSpeed)
 .text._ZN5daisy16AdcChannelConfig7InitMuxE12dsy_gpio_pinjS1_S1_S1_NS0_15ConversionSpeedE
                0x08009dc4       0x74 /Users/joyo/Desktop/DaisyExamples/libDaisy/build/libdaisy.a(adc.o)
                0x08009dc4                daisy::AdcChannelConfig::InitMux(dsy_gpio_pin, unsigned int, dsy_gpio_pin, dsy_gpio_pin, dsy_gpio_pin, daisy::AdcChannelConfig::ConversionSpeed)
 .text._ZN5daisy9AdcHandle4InitEPNS_16AdcChannelConfigEjNS0_12OverSamplingE
                0x08009e38      0x3e4 /Users/joyo/Desktop/DaisyExamples/libDaisy/build/libdaisy.a(adc.o)
                0x08009e38                daisy::AdcHandle::Init(daisy::AdcChannelConfig*, unsigned int, daisy::AdcHandle::OverSampling)
 .text._ZN5daisy9AdcHandle5StartEv
                0x0800a21c       0x28 /Users/joyo/Desktop/DaisyExamples/libDaisy/build/libdaisy.a(adc.o)
                0x0800a21c                daisy::AdcHandle::Start()
 .text._ZNK5daisy9AdcHandle6GetPtrEh
                0x0800a244       0x14 /Users/joyo/Desktop/DaisyExamples/libDaisy/build/libdaisy.a(adc.o)
                0x0800a244                daisy::AdcHandle::GetPtr(unsigned char) const
 .text._ZNK5daisy9AdcHandle9GetMuxPtrEhh
                0x0800a258       0x18 /Users/joyo/Desktop/DaisyExamples/libDaisy/build/libdaisy.a(adc.o)
                0x0800a258                daisy::AdcHandle::GetMuxPtr(unsigned char, unsigned char) const
 .text.HAL_ADC_MspInit
                0x0800a270       0x94 /Users/joyo/Desktop/DaisyExamples/libDaisy/build/libdaisy.a(adc.o)
                0x0800a270                HAL_ADC_MspInit
 .text.DMA1_Stream2_IRQHandler
                0x0800a304        0xc /Users/joyo/Desktop/DaisyExamples/libDaisy/build/libdaisy.a(adc.o)
                0x0800a304                DMA1_Stream2_IRQHandler
 .text.HAL_ADC_ConvCpltCallback
                0x0800a310      0x11c /Users/joyo/Desktop/DaisyExamples/libDaisy/build/libdaisy.a(adc.o)
                0x0800a310                HAL_ADC_ConvCpltCallback
 .text.HAL_ADC_ErrorCallback
                0x0800a42c        0x4 /Users/joyo/Desktop/DaisyExamples/libDaisy/build/libdaisy.a(adc.o)
                0x0800a42c                HAL_ADC_ErrorCallback
 .text.HAL_DAC_MspInit
                0x0800a430      0x15c /Users/joyo/Desktop/DaisyExamples/libDaisy/build/libdaisy.a(dac.o)
                0x0800a430                HAL_DAC_MspInit
 .text.DMA2_Stream0_IRQHandler
                0x0800a58c        0xc /Users/joyo/Desktop/DaisyExamples/libDaisy/build/libdaisy.a(dac.o)
                0x0800a58c                DMA2_Stream0_IRQHandler
 .text.DMA2_Stream1_IRQHandler
                0x0800a598        0xc /Users/joyo/Desktop/DaisyExamples/libDaisy/build/libdaisy.a(dac.o)
                0x0800a598                DMA2_Stream1_IRQHandler
 .text.TIM6_DAC_IRQHandler
                0x0800a5a4       0x1c /Users/joyo/Desktop/DaisyExamples/libDaisy/build/libdaisy.a(dac.o)
                0x0800a5a4                TIM6_DAC_IRQHandler
 .text._ZN5daisy9DacHandle4InitERKNS0_6ConfigE
                0x0800a5c0      0x100 /Users/joyo/Desktop/DaisyExamples/libDaisy/build/libdaisy.a(dac.o)
                0x0800a5c0                daisy::DacHandle::Init(daisy::DacHandle::Config const&)
 .text._ZN5daisy9DacHandle10WriteValueENS0_7ChannelEt
                0x0800a6c0       0x70 /Users/joyo/Desktop/DaisyExamples/libDaisy/build/libdaisy.a(dac.o)
                0x0800a6c0                daisy::DacHandle::WriteValue(daisy::DacHandle::Channel, unsigned short)
 .text._ZN5daisy4GPIO4InitENS_3PinENS0_4ModeENS0_4PullENS0_5SpeedE
                0x0800a730      0x21c /Users/joyo/Desktop/DaisyExamples/libDaisy/build/libdaisy.a(gpio.o)
                0x0800a730                daisy::GPIO::Init(daisy::Pin, daisy::GPIO::Mode, daisy::GPIO::Pull, daisy::GPIO::Speed)
 .text._ZN5daisy4GPIO4ReadEv
                0x0800a94c       0x18 /Users/joyo/Desktop/DaisyExamples/libDaisy/build/libdaisy.a(gpio.o)
                0x0800a94c                daisy::GPIO::Read()
 .text._ZN5daisy4GPIO5WriteEb
                0x0800a964       0x14 /Users/joyo/Desktop/DaisyExamples/libDaisy/build/libdaisy.a(gpio.o)
                0x0800a964                daisy::GPIO::Write(bool)
 .text.dsy_gpio_init
                0x0800a978      0x1bc /Users/joyo/Desktop/DaisyExamples/libDaisy/build/libdaisy.a(gpio.o)
                0x0800a978                dsy_gpio_init
 .text.dsy_gpio_read
                0x0800ab34       0x1c /Users/joyo/Desktop/DaisyExamples/libDaisy/build/libdaisy.a(gpio.o)
                0x0800ab34                dsy_gpio_read
 .text.dsy_gpio_write
                0x0800ab50       0x24 /Users/joyo/Desktop/DaisyExamples/libDaisy/build/libdaisy.a(gpio.o)
                0x0800ab50                dsy_gpio_write
 .text._ZN5daisy9I2CHandle4Impl20StartDmaTransmissionEtPhtPFvPvNS0_6ResultEES3_
                0x0800ab74       0xdc /Users/joyo/Desktop/DaisyExamples/libDaisy/build/libdaisy.a(i2c.o)
                0x0800ab74                daisy::I2CHandle::Impl::StartDmaTransmission(unsigned short, unsigned char*, unsigned short, void (*)(void*, daisy::I2CHandle::Result), void*)
 .text._ZN5daisy9I2CHandle4Impl17StartDmaReceptionEtPhtPFvPvNS0_6ResultEES3_
                0x0800ac50       0xd8 /Users/joyo/Desktop/DaisyExamples/libDaisy/build/libdaisy.a(i2c.o)
                0x0800ac50                daisy::I2CHandle::Impl::StartDmaReception(unsigned short, unsigned char*, unsigned short, void (*)(void*, daisy::I2CHandle::Result), void*)
 .text._ZN5daisy9I2CHandle4Impl8InitPinsEv
                0x0800ad28       0x58 /Users/joyo/Desktop/DaisyExamples/libDaisy/build/libdaisy.a(i2c.o)
                0x0800ad28                daisy::I2CHandle::Impl::InitPins()
 .text.HAL_I2C_MspInit
                0x0800ad80      0x1b4 /Users/joyo/Desktop/DaisyExamples/libDaisy/build/libdaisy.a(i2c.o)
                0x0800ad80                HAL_I2C_MspInit
 .text.dsy_i2c_global_init
                0x0800af34       0x70 /Users/joyo/Desktop/DaisyExamples/libDaisy/build/libdaisy.a(i2c.o)
                0x0800af34                dsy_i2c_global_init
 .text.DMA1_Stream6_IRQHandler
                0x0800afa4       0x30 /Users/joyo/Desktop/DaisyExamples/libDaisy/build/libdaisy.a(i2c.o)
                0x0800afa4                DMA1_Stream6_IRQHandler
 .text.I2C1_EV_IRQHandler
                0x0800afd4        0xc /Users/joyo/Desktop/DaisyExamples/libDaisy/build/libdaisy.a(i2c.o)
                0x0800afd4                I2C1_EV_IRQHandler
 .text.I2C2_EV_IRQHandler
                0x0800afe0        0xc /Users/joyo/Desktop/DaisyExamples/libDaisy/build/libdaisy.a(i2c.o)
                0x0800afe0                I2C2_EV_IRQHandler
 .text.I2C3_EV_IRQHandler
                0x0800afec        0xc /Users/joyo/Desktop/DaisyExamples/libDaisy/build/libdaisy.a(i2c.o)
                0x0800afec                I2C3_EV_IRQHandler
 .text.HAL_I2C_MasterTxCpltCallback
                0x0800aff8       0x8c /Users/joyo/Desktop/DaisyExamples/libDaisy/build/libdaisy.a(i2c.o)
                0x0800aff8                HAL_I2C_MasterTxCpltCallback
 .text.HAL_I2C_MasterRxCpltCallback
                0x0800b084       0x8c /Users/joyo/Desktop/DaisyExamples/libDaisy/build/libdaisy.a(i2c.o)
                0x0800b084                HAL_I2C_MasterRxCpltCallback
 .text.HAL_I2C_SlaveTxCpltCallback
                0x0800b110       0x8c /Users/joyo/Desktop/DaisyExamples/libDaisy/build/libdaisy.a(i2c.o)
                0x0800b110                HAL_I2C_SlaveTxCpltCallback
 .text.HAL_I2C_SlaveRxCpltCallback
                0x0800b19c       0x8c /Users/joyo/Desktop/DaisyExamples/libDaisy/build/libdaisy.a(i2c.o)
                0x0800b19c                HAL_I2C_SlaveRxCpltCallback
 .text.HAL_I2C_ErrorCallback
                0x0800b228       0x90 /Users/joyo/Desktop/DaisyExamples/libDaisy/build/libdaisy.a(i2c.o)
                0x0800b228                HAL_I2C_ErrorCallback
 .text._ZN5daisy9I2CHandle4InitERKNS0_6ConfigE
                0x0800b2b8      0x120 /Users/joyo/Desktop/DaisyExamples/libDaisy/build/libdaisy.a(i2c.o)
                0x0800b2b8                daisy::I2CHandle::Init(daisy::I2CHandle::Config const&)
 .text._ZNK5daisy9I2CHandle9GetConfigEv
                0x0800b3d8        0x4 /Users/joyo/Desktop/DaisyExamples/libDaisy/build/libdaisy.a(i2c.o)
                0x0800b3d8                daisy::I2CHandle::GetConfig() const
 .text._ZN5daisy9I2CHandle16TransmitBlockingEtPhtm
                0x0800b3dc       0x50 /Users/joyo/Desktop/DaisyExamples/libDaisy/build/libdaisy.a(i2c.o)
                0x0800b3dc                daisy::I2CHandle::TransmitBlocking(unsigned short, unsigned char*, unsigned short, unsigned long)
 .text._ZN5daisy9I2CHandle11TransmitDmaEtPhtPFvPvNS0_6ResultEES2_
                0x0800b42c       0x68 /Users/joyo/Desktop/DaisyExamples/libDaisy/build/libdaisy.a(i2c.o)
                0x0800b42c                daisy::I2CHandle::TransmitDma(unsigned short, unsigned char*, unsigned short, void (*)(void*, daisy::I2CHandle::Result), void*)
 .text.startup._GLOBAL__sub_I__ZN5daisy9I2CHandle4Impl10GlobalInitEv
                0x0800b494       0x18 /Users/joyo/Desktop/DaisyExamples/libDaisy/build/libdaisy.a(i2c.o)
 .text._ZN5daisy10QSPIHandle4Impl11WriteEnableEv
                0x0800b4ac       0x88 /Users/joyo/Desktop/DaisyExamples/libDaisy/build/libdaisy.a(qspi.o)
                0x0800b4ac                daisy::QSPIHandle::Impl::WriteEnable()
 *fill*         0x0800b534        0x4 
 .text._ZN5daisy10QSPIHandle4Impl17DummyCyclesConfigENS0_6Config6DeviceE
                0x0800b538      0x108 /Users/joyo/Desktop/DaisyExamples/libDaisy/build/libdaisy.a(qspi.o)
                0x0800b538                daisy::QSPIHandle::Impl::DummyCyclesConfig(daisy::QSPIHandle::Config::Device)
 .text._ZN5daisy10QSPIHandle4Impl10QuadEnableEv
                0x0800b640      0x140 /Users/joyo/Desktop/DaisyExamples/libDaisy/build/libdaisy.a(qspi.o)
                0x0800b640                daisy::QSPIHandle::Impl::QuadEnable()
 .text._ZN5daisy10QSPIHandle4InitERKNS0_6ConfigE
                0x0800b780      0x180 /Users/joyo/Desktop/DaisyExamples/libDaisy/build/libdaisy.a(qspi.o)
                0x0800b780                daisy::QSPIHandle::Init(daisy::QSPIHandle::Config const&)
 .text.HAL_QSPI_MspInit
                0x0800b900      0x11c /Users/joyo/Desktop/DaisyExamples/libDaisy/build/libdaisy.a(qspi.o)
                0x0800b900                HAL_QSPI_MspInit
 .text.HAL_QSPI_MspDeInit
                0x0800ba1c       0x54 /Users/joyo/Desktop/DaisyExamples/libDaisy/build/libdaisy.a(qspi.o)
                0x0800ba1c                HAL_QSPI_MspDeInit
 .text.QUADSPI_IRQHandler
                0x0800ba70        0xc /Users/joyo/Desktop/DaisyExamples/libDaisy/build/libdaisy.a(qspi.o)
                0x0800ba70                QUADSPI_IRQHandler
 .text.startup._GLOBAL__sub_I__ZN5daisy10QSPIHandle4Impl4InitERKNS0_6ConfigE
                0x0800ba7c       0x28 /Users/joyo/Desktop/DaisyExamples/libDaisy/build/libdaisy.a(qspi.o)
 .text._ZN5daisy9SaiHandle4Impl8InitPinsEv
                0x0800baa4       0xa4 /Users/joyo/Desktop/DaisyExamples/libDaisy/build/libdaisy.a(sai.o)
                0x0800baa4                daisy::SaiHandle::Impl::InitPins()
 .text.HAL_SAI_MspInit
                0x0800bb48      0x2a8 /Users/joyo/Desktop/DaisyExamples/libDaisy/build/libdaisy.a(sai.o)
                0x0800bb48                HAL_SAI_MspInit
 .text.DMA1_Stream0_IRQHandler
                0x0800bdf0        0xc /Users/joyo/Desktop/DaisyExamples/libDaisy/build/libdaisy.a(sai.o)
                0x0800bdf0                DMA1_Stream0_IRQHandler
 .text.DMA1_Stream1_IRQHandler
                0x0800bdfc        0xc /Users/joyo/Desktop/DaisyExamples/libDaisy/build/libdaisy.a(sai.o)
                0x0800bdfc                DMA1_Stream1_IRQHandler
 .text.DMA1_Stream3_IRQHandler
                0x0800be08        0xc /Users/joyo/Desktop/DaisyExamples/libDaisy/build/libdaisy.a(sai.o)
                0x0800be08                DMA1_Stream3_IRQHandler
 .text.DMA1_Stream4_IRQHandler
                0x0800be14        0xc /Users/joyo/Desktop/DaisyExamples/libDaisy/build/libdaisy.a(sai.o)
                0x0800be14                DMA1_Stream4_IRQHandler
 .text.HAL_SAI_RxHalfCpltCallback
                0x0800be20       0x78 /Users/joyo/Desktop/DaisyExamples/libDaisy/build/libdaisy.a(sai.o)
                0x0800be20                HAL_SAI_RxHalfCpltCallback
 .text.HAL_SAI_RxCpltCallback
                0x0800be98       0x70 /Users/joyo/Desktop/DaisyExamples/libDaisy/build/libdaisy.a(sai.o)
                0x0800be98                HAL_SAI_RxCpltCallback
 .text._ZN5daisy9SaiHandle4InitERKNS0_6ConfigE
                0x0800bf08      0x1fc /Users/joyo/Desktop/DaisyExamples/libDaisy/build/libdaisy.a(sai.o)
                0x0800bf08                daisy::SaiHandle::Init(daisy::SaiHandle::Config const&)
 .text._ZNK5daisy9SaiHandle9GetConfigEv
                0x0800c104        0x4 /Users/joyo/Desktop/DaisyExamples/libDaisy/build/libdaisy.a(sai.o)
                0x0800c104                daisy::SaiHandle::GetConfig() const
 .text._ZN5daisy9SaiHandle8StartDmaEPlS1_jPFvS1_S1_jE
                0x0800c108       0xac /Users/joyo/Desktop/DaisyExamples/libDaisy/build/libdaisy.a(sai.o)
                0x0800c108                daisy::SaiHandle::StartDma(long*, long*, unsigned int, void (*)(long*, long*, unsigned int))
 .text._ZN5daisy9SaiHandle13GetSampleRateEv
                0x0800c1b4       0x24 /Users/joyo/Desktop/DaisyExamples/libDaisy/build/libdaisy.a(sai.o)
                0x0800c1b4                daisy::SaiHandle::GetSampleRate()
 .text._ZNK5daisy9SaiHandle9GetOffsetEv
                0x0800c1d8        0x8 /Users/joyo/Desktop/DaisyExamples/libDaisy/build/libdaisy.a(sai.o)
                0x0800c1d8                daisy::SaiHandle::GetOffset() const
 .text._ZN5daisy9SpiHandle4Impl7InitDmaEv
                0x0800c1e0       0xec /Users/joyo/Desktop/DaisyExamples/libDaisy/build/libdaisy.a(spi.o)
                0x0800c1e0                daisy::SpiHandle::Impl::InitDma()
 .text._ZN5daisy9SpiHandle4Impl10StartDmaTxEPhjPFvPvEPFvS3_NS0_6ResultEES3_
                0x0800c2cc       0x84 /Users/joyo/Desktop/DaisyExamples/libDaisy/build/libdaisy.a(spi.o)
                0x0800c2cc                daisy::SpiHandle::Impl::StartDmaTx(unsigned char*, unsigned int, void (*)(void*), void (*)(void*, daisy::SpiHandle::Result), void*)
 .text._ZN5daisy9SpiHandle4Impl10StartDmaRxEPhjPFvPvEPFvS3_NS0_6ResultEES3_
                0x0800c350       0x84 /Users/joyo/Desktop/DaisyExamples/libDaisy/build/libdaisy.a(spi.o)
                0x0800c350                daisy::SpiHandle::Impl::StartDmaRx(unsigned char*, unsigned int, void (*)(void*), void (*)(void*, daisy::SpiHandle::Result), void*)
 .text._ZN5daisy9SpiHandle4Impl12StartDmaRxTxEPhS2_jPFvPvEPFvS3_NS0_6ResultEES3_
                0x0800c3d4       0x88 /Users/joyo/Desktop/DaisyExamples/libDaisy/build/libdaisy.a(spi.o)
                0x0800c3d4                daisy::SpiHandle::Impl::StartDmaRxTx(unsigned char*, unsigned char*, unsigned int, void (*)(void*), void (*)(void*, daisy::SpiHandle::Result), void*)
 .text._ZN5daisy9SpiHandle4Impl8InitPinsEv
                0x0800c45c      0x220 /Users/joyo/Desktop/DaisyExamples/libDaisy/build/libdaisy.a(spi.o)
                0x0800c45c                daisy::SpiHandle::Impl::InitPins()
 .text.HAL_SPI_MspInit
                0x0800c67c      0x1a8 /Users/joyo/Desktop/DaisyExamples/libDaisy/build/libdaisy.a(spi.o)
                0x0800c67c                HAL_SPI_MspInit
 .text.dsy_spi_global_init
                0x0800c824       0x80 /Users/joyo/Desktop/DaisyExamples/libDaisy/build/libdaisy.a(spi.o)
                0x0800c824                dsy_spi_global_init
 .text.SPI1_IRQHandler
                0x0800c8a4        0xc /Users/joyo/Desktop/DaisyExamples/libDaisy/build/libdaisy.a(spi.o)
                0x0800c8a4                SPI1_IRQHandler
 .text.SPI2_IRQHandler
                0x0800c8b0        0xc /Users/joyo/Desktop/DaisyExamples/libDaisy/build/libdaisy.a(spi.o)
                0x0800c8b0                SPI2_IRQHandler
 .text.SPI3_IRQHandler
                0x0800c8bc        0xc /Users/joyo/Desktop/DaisyExamples/libDaisy/build/libdaisy.a(spi.o)
                0x0800c8bc                SPI3_IRQHandler
 .text.SPI4_IRQHandler
                0x0800c8c8        0xc /Users/joyo/Desktop/DaisyExamples/libDaisy/build/libdaisy.a(spi.o)
                0x0800c8c8                SPI4_IRQHandler
 .text.SPI5_IRQHandler
                0x0800c8d4        0xc /Users/joyo/Desktop/DaisyExamples/libDaisy/build/libdaisy.a(spi.o)
                0x0800c8d4                SPI5_IRQHandler
 .text.DMA2_Stream2_IRQHandler
                0x0800c8e0       0x34 /Users/joyo/Desktop/DaisyExamples/libDaisy/build/libdaisy.a(spi.o)
                0x0800c8e0                DMA2_Stream2_IRQHandler
 .text.DMA2_Stream3_IRQHandler
                0x0800c914       0x34 /Users/joyo/Desktop/DaisyExamples/libDaisy/build/libdaisy.a(spi.o)
                0x0800c914                DMA2_Stream3_IRQHandler
 .text.HAL_SPI_TxCpltCallback
                0x0800c948       0xc0 /Users/joyo/Desktop/DaisyExamples/libDaisy/build/libdaisy.a(spi.o)
                0x0800c948                HAL_SPI_TxCpltCallback
 .text.HAL_SPI_RxCpltCallback
                0x0800ca08       0xc0 /Users/joyo/Desktop/DaisyExamples/libDaisy/build/libdaisy.a(spi.o)
                0x0800ca08                HAL_SPI_RxCpltCallback
 .text.HAL_SPI_TxRxCpltCallback
                0x0800cac8       0xc0 /Users/joyo/Desktop/DaisyExamples/libDaisy/build/libdaisy.a(spi.o)
                0x0800cac8                HAL_SPI_TxRxCpltCallback
 .text.HAL_SPI_ErrorCallback
                0x0800cb88       0xc8 /Users/joyo/Desktop/DaisyExamples/libDaisy/build/libdaisy.a(spi.o)
                0x0800cb88                HAL_SPI_ErrorCallback
 .text._ZN5daisy9SpiHandle4InitERKNS0_6ConfigE
                0x0800cc50      0x12c /Users/joyo/Desktop/DaisyExamples/libDaisy/build/libdaisy.a(spi.o)
                0x0800cc50                daisy::SpiHandle::Init(daisy::SpiHandle::Config const&)
 .text._ZN5daisy9SpiHandle16BlockingTransmitEPhjm
                0x0800cd7c       0x14 /Users/joyo/Desktop/DaisyExamples/libDaisy/build/libdaisy.a(spi.o)
                0x0800cd7c                daisy::SpiHandle::BlockingTransmit(unsigned char*, unsigned int, unsigned long)
 .text.startup._GLOBAL__sub_I__Z19MapInstanceToHandleP11SPI_TypeDef
                0x0800cd90      0x1bc /Users/joyo/Desktop/DaisyExamples/libDaisy/build/libdaisy.a(spi.o)
 .text._ZL20UART_CheckRxListenerPN5daisy11UartHandler4ImplE
                0x0800cf4c       0x84 /Users/joyo/Desktop/DaisyExamples/libDaisy/build/libdaisy.a(uart.o)
 .text._ZN5daisy11UartHandler4Impl10StartDmaTxEPhjPFvPvEPFvS3_NS0_6ResultEES3_
                0x0800cfd0      0x170 /Users/joyo/Desktop/DaisyExamples/libDaisy/build/libdaisy.a(uart.o)
                0x0800cfd0                daisy::UartHandler::Impl::StartDmaTx(unsigned char*, unsigned int, void (*)(void*), void (*)(void*, daisy::UartHandler::Result), void*)
 .text._ZN5daisy11UartHandler4Impl10StartDmaRxEPhjPFvPvEPFvS3_NS0_6ResultEES3_
                0x0800d140      0x170 /Users/joyo/Desktop/DaisyExamples/libDaisy/build/libdaisy.a(uart.o)
                0x0800d140                daisy::UartHandler::Impl::StartDmaRx(unsigned char*, unsigned int, void (*)(void*), void (*)(void*, daisy::UartHandler::Result), void*)
 .text._ZN5daisy11UartHandler4Impl19DmaTransferFinishedEP20__UART_HandleTypeDefNS0_6ResultE
                0x0800d2b0       0xc0 /Users/joyo/Desktop/DaisyExamples/libDaisy/build/libdaisy.a(uart.o)
                0x0800d2b0                daisy::UartHandler::Impl::DmaTransferFinished(__UART_HandleTypeDef*, daisy::UartHandler::Result)
 .text._ZN5daisy11UartHandler4Impl8InitPinsEv
                0x0800d370      0x154 /Users/joyo/Desktop/DaisyExamples/libDaisy/build/libdaisy.a(uart.o)
                0x0800d370                daisy::UartHandler::Impl::InitPins()
 .text.HAL_UART_MspInit
                0x0800d4c4      0x20c /Users/joyo/Desktop/DaisyExamples/libDaisy/build/libdaisy.a(uart.o)
                0x0800d4c4                HAL_UART_MspInit
 .text.dsy_uart_global_init
                0x0800d6d0       0xfc /Users/joyo/Desktop/DaisyExamples/libDaisy/build/libdaisy.a(uart.o)
                0x0800d6d0                dsy_uart_global_init
 .text.USART1_IRQHandler
                0x0800d7cc       0x30 /Users/joyo/Desktop/DaisyExamples/libDaisy/build/libdaisy.a(uart.o)
                0x0800d7cc                USART1_IRQHandler
 .text.USART2_IRQHandler
                0x0800d7fc       0x38 /Users/joyo/Desktop/DaisyExamples/libDaisy/build/libdaisy.a(uart.o)
                0x0800d7fc                USART2_IRQHandler
 .text.USART3_IRQHandler
                0x0800d834       0x38 /Users/joyo/Desktop/DaisyExamples/libDaisy/build/libdaisy.a(uart.o)
                0x0800d834                USART3_IRQHandler
 .text.UART4_IRQHandler
                0x0800d86c       0x38 /Users/joyo/Desktop/DaisyExamples/libDaisy/build/libdaisy.a(uart.o)
                0x0800d86c                UART4_IRQHandler
 .text.UART5_IRQHandler
                0x0800d8a4       0x38 /Users/joyo/Desktop/DaisyExamples/libDaisy/build/libdaisy.a(uart.o)
                0x0800d8a4                UART5_IRQHandler
 .text.USART6_IRQHandler
                0x0800d8dc       0x38 /Users/joyo/Desktop/DaisyExamples/libDaisy/build/libdaisy.a(uart.o)
                0x0800d8dc                USART6_IRQHandler
 .text.UART7_IRQHandler
                0x0800d914       0x38 /Users/joyo/Desktop/DaisyExamples/libDaisy/build/libdaisy.a(uart.o)
                0x0800d914                UART7_IRQHandler
 .text.UART8_IRQHandler
                0x0800d94c       0x38 /Users/joyo/Desktop/DaisyExamples/libDaisy/build/libdaisy.a(uart.o)
                0x0800d94c                UART8_IRQHandler
 .text.LPUART1_IRQHandler
                0x0800d984       0x38 /Users/joyo/Desktop/DaisyExamples/libDaisy/build/libdaisy.a(uart.o)
                0x0800d984                LPUART1_IRQHandler
 .text.DMA1_Stream5_IRQHandler
                0x0800d9bc       0x34 /Users/joyo/Desktop/DaisyExamples/libDaisy/build/libdaisy.a(uart.o)
                0x0800d9bc                DMA1_Stream5_IRQHandler
 .text.DMA2_Stream4_IRQHandler
                0x0800d9f0       0x34 /Users/joyo/Desktop/DaisyExamples/libDaisy/build/libdaisy.a(uart.o)
                0x0800d9f0                DMA2_Stream4_IRQHandler
 .text.HAL_UART_TxCpltCallback
                0x0800da24        0x8 /Users/joyo/Desktop/DaisyExamples/libDaisy/build/libdaisy.a(uart.o)
                0x0800da24                HAL_UART_TxCpltCallback
 .text.HAL_UART_RxCpltCallback
                0x0800da2c       0x94 /Users/joyo/Desktop/DaisyExamples/libDaisy/build/libdaisy.a(uart.o)
                0x0800da2c                HAL_UART_RxCpltCallback
 .text.HAL_UART_RxHalfCpltCallback
                0x0800dac0       0x90 /Users/joyo/Desktop/DaisyExamples/libDaisy/build/libdaisy.a(uart.o)
                0x0800dac0                HAL_UART_RxHalfCpltCallback
 .text.HAL_UART_ErrorCallback
                0x0800db50        0x8 /Users/joyo/Desktop/DaisyExamples/libDaisy/build/libdaisy.a(uart.o)
                0x0800db50                HAL_UART_ErrorCallback
 .text._ZN5daisy11UartHandler4InitERKNS0_6ConfigE
                0x0800db58       0xe0 /Users/joyo/Desktop/DaisyExamples/libDaisy/build/libdaisy.a(uart.o)
                0x0800db58                daisy::UartHandler::Init(daisy::UartHandler::Config const&)
 .text.startup._GLOBAL__sub_I__Z19MapInstanceToHandleP13USART_TypeDef
                0x0800dc38      0x19c /Users/joyo/Desktop/DaisyExamples/libDaisy/build/libdaisy.a(uart.o)
 .text.dsy_dma_init
                0x0800ddd4      0x100 /Users/joyo/Desktop/DaisyExamples/libDaisy/build/libdaisy.a(dma.o)
                0x0800ddd4                dsy_dma_init
 .text.dsy_dma_invalidate_cache_for_buffer
                0x0800ded4       0x2c /Users/joyo/Desktop/DaisyExamples/libDaisy/build/libdaisy.a(dma.o)
                0x0800ded4                dsy_dma_invalidate_cache_for_buffer
 .text._ZN5daisy11TimerHandleD2Ev
                0x0800df00        0x4 /Users/joyo/Desktop/DaisyExamples/libDaisy/build/libdaisy.a(system.o)
                0x0800df00                daisy::TimerHandle::~TimerHandle()
                0x0800df00                daisy::TimerHandle::~TimerHandle()
 .text.SysTick_Handler
                0x0800df04       0x10 /Users/joyo/Desktop/DaisyExamples/libDaisy/build/libdaisy.a(system.o)
                0x0800df04                SysTick_Handler
 .text.OTG_HS_EP1_OUT_IRQHandler
                0x0800df14       0x24 /Users/joyo/Desktop/DaisyExamples/libDaisy/build/libdaisy.a(system.o)
                0x0800df14                OTG_HS_EP1_OUT_IRQHandler
 .text.OTG_HS_EP1_IN_IRQHandler
                0x0800df38       0x24 /Users/joyo/Desktop/DaisyExamples/libDaisy/build/libdaisy.a(system.o)
                0x0800df38                OTG_HS_EP1_IN_IRQHandler
 .text.OTG_HS_IRQHandler
                0x0800df5c       0x24 /Users/joyo/Desktop/DaisyExamples/libDaisy/build/libdaisy.a(system.o)
                0x0800df5c                OTG_HS_IRQHandler
 .text.HardFault_Handler
                0x0800df80       0xe0 /Users/joyo/Desktop/DaisyExamples/libDaisy/build/libdaisy.a(system.o)
                0x0800df80                HardFault_Handler
 .text._ZN5daisy6System6GetNowEv
                0x0800e060        0x4 /Users/joyo/Desktop/DaisyExamples/libDaisy/build/libdaisy.a(system.o)
                0x0800e060                daisy::System::GetNow()
 .text._ZN5daisy6System5DelayEm
                0x0800e064        0x4 /Users/joyo/Desktop/DaisyExamples/libDaisy/build/libdaisy.a(system.o)
                0x0800e064                daisy::System::Delay(unsigned long)
 .text._ZN5daisy6System10DelayTicksEm
                0x0800e068        0xc /Users/joyo/Desktop/DaisyExamples/libDaisy/build/libdaisy.a(system.o)
                0x0800e068                daisy::System::DelayTicks(unsigned long)
 .text._ZN5daisy6System20GetBootloaderVersionEv
                0x0800e074       0x34 /Users/joyo/Desktop/DaisyExamples/libDaisy/build/libdaisy.a(system.o)
                0x0800e074                daisy::System::GetBootloaderVersion()
 .text._ZN5daisy6System15ConfigureClocksEv
                0x0800e0a8      0x194 /Users/joyo/Desktop/DaisyExamples/libDaisy/build/libdaisy.a(system.o)
                0x0800e0a8                daisy::System::ConfigureClocks()
 .text._ZN5daisy6System12ConfigureMpuEv
                0x0800e23c       0x7c /Users/joyo/Desktop/DaisyExamples/libDaisy/build/libdaisy.a(system.o)
                0x0800e23c                daisy::System::ConfigureMpu()
 .text._ZN5daisy6System4InitERKNS0_6ConfigE
                0x0800e2b8       0xec /Users/joyo/Desktop/DaisyExamples/libDaisy/build/libdaisy.a(system.o)
                0x0800e2b8                daisy::System::Init(daisy::System::Config const&)
 .text._ZN5daisy6System12GetPClk1FreqEv
                0x0800e3a4        0x4 /Users/joyo/Desktop/DaisyExamples/libDaisy/build/libdaisy.a(system.o)
                0x0800e3a4                daisy::System::GetPClk1Freq()
 .text._ZN5daisy6System12GetPClk2FreqEv
                0x0800e3a8        0x4 /Users/joyo/Desktop/DaisyExamples/libDaisy/build/libdaisy.a(system.o)
                0x0800e3a8                daisy::System::GetPClk2Freq()
 .text._ZN5daisy6System22GetProgramMemoryRegionEv
                0x0800e3ac       0x78 /Users/joyo/Desktop/DaisyExamples/libDaisy/build/libdaisy.a(system.o)
                0x0800e3ac                daisy::System::GetProgramMemoryRegion()
 .text.startup._GLOBAL__sub_I__ZN5daisy9boot_infoE
                0x0800e424       0x20 /Users/joyo/Desktop/DaisyExamples/libDaisy/build/libdaisy.a(system.o)
 .text.SystemInit
                0x0800e444       0x98 /Users/joyo/Desktop/DaisyExamples/libDaisy/build/libdaisy.a(system_stm32h7xx.o)
                0x0800e444                SystemInit
 .text.HAL_PCD_SetupStageCallback
                0x0800e4dc        0xc /Users/joyo/Desktop/DaisyExamples/libDaisy/build/libdaisy.a(usbd_conf.o)
                0x0800e4dc                HAL_PCD_SetupStageCallback
 .text.HAL_PCD_DataOutStageCallback
                0x0800e4e8       0x14 /Users/joyo/Desktop/DaisyExamples/libDaisy/build/libdaisy.a(usbd_conf.o)
                0x0800e4e8                HAL_PCD_DataOutStageCallback
 .text.HAL_PCD_DataInStageCallback
                0x0800e4fc       0x14 /Users/joyo/Desktop/DaisyExamples/libDaisy/build/libdaisy.a(usbd_conf.o)
                0x0800e4fc                HAL_PCD_DataInStageCallback
 .text.HAL_PCD_SOFCallback
                0x0800e510        0x8 /Users/joyo/Desktop/DaisyExamples/libDaisy/build/libdaisy.a(usbd_conf.o)
                0x0800e510                HAL_PCD_SOFCallback
 .text.HAL_PCD_ResetCallback
                0x0800e518       0x24 /Users/joyo/Desktop/DaisyExamples/libDaisy/build/libdaisy.a(usbd_conf.o)
                0x0800e518                HAL_PCD_ResetCallback
 .text.HAL_PCD_SuspendCallback
                0x0800e53c       0x30 /Users/joyo/Desktop/DaisyExamples/libDaisy/build/libdaisy.a(usbd_conf.o)
                0x0800e53c                HAL_PCD_SuspendCallback
 .text.HAL_PCD_ResumeCallback
                0x0800e56c        0x8 /Users/joyo/Desktop/DaisyExamples/libDaisy/build/libdaisy.a(usbd_conf.o)
                0x0800e56c                HAL_PCD_ResumeCallback
 .text.HAL_PCD_ISOOUTIncompleteCallback
                0x0800e574        0x8 /Users/joyo/Desktop/DaisyExamples/libDaisy/build/libdaisy.a(usbd_conf.o)
                0x0800e574                HAL_PCD_ISOOUTIncompleteCallback
 .text.HAL_PCD_ISOINIncompleteCallback
                0x0800e57c        0x8 /Users/joyo/Desktop/DaisyExamples/libDaisy/build/libdaisy.a(usbd_conf.o)
                0x0800e57c                HAL_PCD_ISOINIncompleteCallback
 .text.HAL_PCD_ConnectCallback
                0x0800e584        0x8 /Users/joyo/Desktop/DaisyExamples/libDaisy/build/libdaisy.a(usbd_conf.o)
                0x0800e584                HAL_PCD_ConnectCallback
 .text.HAL_PCD_DisconnectCallback
                0x0800e58c        0x8 /Users/joyo/Desktop/DaisyExamples/libDaisy/build/libdaisy.a(usbd_conf.o)
                0x0800e58c                HAL_PCD_DisconnectCallback
 .text.USBD_LL_OpenEP
                0x0800e594       0x1c /Users/joyo/Desktop/DaisyExamples/libDaisy/build/libdaisy.a(usbd_conf.o)
                0x0800e594                USBD_LL_OpenEP
 .text.USBD_LL_StallEP
                0x0800e5b0       0x18 /Users/joyo/Desktop/DaisyExamples/libDaisy/build/libdaisy.a(usbd_conf.o)
                0x0800e5b0                USBD_LL_StallEP
 .text.USBD_LL_ClearStallEP
                0x0800e5c8       0x18 /Users/joyo/Desktop/DaisyExamples/libDaisy/build/libdaisy.a(usbd_conf.o)
                0x0800e5c8                USBD_LL_ClearStallEP
 .text.USBD_LL_IsStallEP
                0x0800e5e0       0x28 /Users/joyo/Desktop/DaisyExamples/libDaisy/build/libdaisy.a(usbd_conf.o)
                0x0800e5e0                USBD_LL_IsStallEP
 .text.USBD_LL_SetUSBAddress
                0x0800e608       0x18 /Users/joyo/Desktop/DaisyExamples/libDaisy/build/libdaisy.a(usbd_conf.o)
                0x0800e608                USBD_LL_SetUSBAddress
 .text.USBD_LL_Transmit
                0x0800e620       0x18 /Users/joyo/Desktop/DaisyExamples/libDaisy/build/libdaisy.a(usbd_conf.o)
                0x0800e620                USBD_LL_Transmit
 .text.USBD_LL_PrepareReceive
                0x0800e638       0x18 /Users/joyo/Desktop/DaisyExamples/libDaisy/build/libdaisy.a(usbd_conf.o)
                0x0800e638                USBD_LL_PrepareReceive
 .text.HAL_HCD_SOF_Callback
                0x0800e650        0x8 /Users/joyo/Desktop/DaisyExamples/libDaisy/build/libdaisy.a(usbh_conf.o)
                0x0800e650                HAL_HCD_SOF_Callback
 .text.HAL_HCD_Connect_Callback
                0x0800e658        0x8 /Users/joyo/Desktop/DaisyExamples/libDaisy/build/libdaisy.a(usbh_conf.o)
                0x0800e658                HAL_HCD_Connect_Callback
 .text.HAL_HCD_Disconnect_Callback
                0x0800e660        0x8 /Users/joyo/Desktop/DaisyExamples/libDaisy/build/libdaisy.a(usbh_conf.o)
                0x0800e660                HAL_HCD_Disconnect_Callback
 .text.HAL_HCD_HC_NotifyURBChange_Callback
                0x0800e668        0x4 /Users/joyo/Desktop/DaisyExamples/libDaisy/build/libdaisy.a(usbh_conf.o)
                0x0800e668                HAL_HCD_HC_NotifyURBChange_Callback
 .text.HAL_HCD_PortEnabled_Callback
                0x0800e66c        0x8 /Users/joyo/Desktop/DaisyExamples/libDaisy/build/libdaisy.a(usbh_conf.o)
                0x0800e66c                HAL_HCD_PortEnabled_Callback
 .text.HAL_HCD_PortDisabled_Callback
                0x0800e674        0x8 /Users/joyo/Desktop/DaisyExamples/libDaisy/build/libdaisy.a(usbh_conf.o)
                0x0800e674                HAL_HCD_PortDisabled_Callback
 .text.USBH_LL_Stop
                0x0800e67c       0x18 /Users/joyo/Desktop/DaisyExamples/libDaisy/build/libdaisy.a(usbh_conf.o)
                0x0800e67c                USBH_LL_Stop
 .text.dsy_hal_map_get_port
                0x0800e694       0x10 /Users/joyo/Desktop/DaisyExamples/libDaisy/build/libdaisy.a(hal_map.o)
                0x0800e694                dsy_hal_map_get_port
 .text.dsy_hal_map_get_pin
                0x0800e6a4       0x10 /Users/joyo/Desktop/DaisyExamples/libDaisy/build/libdaisy.a(hal_map.o)
                0x0800e6a4                dsy_hal_map_get_pin
 .text.dsy_hal_map_gpio_clk_enable
                0x0800e6b4      0x150 /Users/joyo/Desktop/DaisyExamples/libDaisy/build/libdaisy.a(hal_map.o)
                0x0800e6b4                dsy_hal_map_gpio_clk_enable
 .text.HAL_MspInit
                0x0800e804        0x4 /Users/joyo/Desktop/DaisyExamples/libDaisy/build/libdaisy.a(stm32h7xx_hal.o)
                0x0800e804                HAL_MspInit
 .text.HAL_InitTick
                0x0800e808       0x4c /Users/joyo/Desktop/DaisyExamples/libDaisy/build/libdaisy.a(stm32h7xx_hal.o)
                0x0800e808                HAL_InitTick
 .text.HAL_Init
                0x0800e854       0x60 /Users/joyo/Desktop/DaisyExamples/libDaisy/build/libdaisy.a(stm32h7xx_hal.o)
                0x0800e854                HAL_Init
 .text.HAL_IncTick
                0x0800e8b4       0x18 /Users/joyo/Desktop/DaisyExamples/libDaisy/build/libdaisy.a(stm32h7xx_hal.o)
                0x0800e8b4                HAL_IncTick
 .text.HAL_GetTick
                0x0800e8cc        0xc /Users/joyo/Desktop/DaisyExamples/libDaisy/build/libdaisy.a(stm32h7xx_hal.o)
                0x0800e8cc                HAL_GetTick
 .text.HAL_Delay
                0x0800e8d8       0x24 /Users/joyo/Desktop/DaisyExamples/libDaisy/build/libdaisy.a(stm32h7xx_hal.o)
                0x0800e8d8                HAL_Delay
 .text.HAL_GetREVID
                0x0800e8fc        0xc /Users/joyo/Desktop/DaisyExamples/libDaisy/build/libdaisy.a(stm32h7xx_hal.o)
                0x0800e8fc                HAL_GetREVID
 .text.HAL_ADC_ConvHalfCpltCallback
                0x0800e908        0x4 /Users/joyo/Desktop/DaisyExamples/libDaisy/build/libdaisy.a(stm32h7xx_hal_adc.o)
                0x0800e908                HAL_ADC_ConvHalfCpltCallback
 .text.ADC_DMAHalfConvCplt
                0x0800e90c        0xc /Users/joyo/Desktop/DaisyExamples/libDaisy/build/libdaisy.a(stm32h7xx_hal_adc.o)
                0x0800e90c                ADC_DMAHalfConvCplt
 .text.ADC_DMAConvCplt
                0x0800e918       0x6c /Users/joyo/Desktop/DaisyExamples/libDaisy/build/libdaisy.a(stm32h7xx_hal_adc.o)
                0x0800e918                ADC_DMAConvCplt
 .text.ADC_DMAError
                0x0800e984       0x1c /Users/joyo/Desktop/DaisyExamples/libDaisy/build/libdaisy.a(stm32h7xx_hal_adc.o)
                0x0800e984                ADC_DMAError
 .text.HAL_ADC_ConfigChannel
                0x0800e9a0      0x384 /Users/joyo/Desktop/DaisyExamples/libDaisy/build/libdaisy.a(stm32h7xx_hal_adc.o)
                0x0800e9a0                HAL_ADC_ConfigChannel
 .text.ADC_Enable
                0x0800ed24       0xb0 /Users/joyo/Desktop/DaisyExamples/libDaisy/build/libdaisy.a(stm32h7xx_hal_adc.o)
                0x0800ed24                ADC_Enable
 .text.HAL_ADC_Start_DMA
                0x0800edd4      0x108 /Users/joyo/Desktop/DaisyExamples/libDaisy/build/libdaisy.a(stm32h7xx_hal_adc.o)
                0x0800edd4                HAL_ADC_Start_DMA
 .text.ADC_Disable
                0x0800eedc       0x64 /Users/joyo/Desktop/DaisyExamples/libDaisy/build/libdaisy.a(stm32h7xx_hal_adc.o)
                0x0800eedc                ADC_Disable
 .text.ADC_ConfigureBoostMode
                0x0800ef40      0x178 /Users/joyo/Desktop/DaisyExamples/libDaisy/build/libdaisy.a(stm32h7xx_hal_adc.o)
                0x0800ef40                ADC_ConfigureBoostMode
 .text.HAL_ADC_Init
                0x0800f0b8      0x220 /Users/joyo/Desktop/DaisyExamples/libDaisy/build/libdaisy.a(stm32h7xx_hal_adc.o)
                0x0800f0b8                HAL_ADC_Init
 .text.HAL_ADCEx_Calibration_Start
                0x0800f2d8       0xa4 /Users/joyo/Desktop/DaisyExamples/libDaisy/build/libdaisy.a(stm32h7xx_hal_adc_ex.o)
                0x0800f2d8                HAL_ADCEx_Calibration_Start
 .text.HAL_ADCEx_MultiModeConfigChannel
                0x0800f37c       0xb8 /Users/joyo/Desktop/DaisyExamples/libDaisy/build/libdaisy.a(stm32h7xx_hal_adc_ex.o)
                0x0800f37c                HAL_ADCEx_MultiModeConfigChannel
 .text.HAL_NVIC_SetPriorityGrouping
                0x0800f434       0x24 /Users/joyo/Desktop/DaisyExamples/libDaisy/build/libdaisy.a(stm32h7xx_hal_cortex.o)
                0x0800f434                HAL_NVIC_SetPriorityGrouping
 .text.HAL_NVIC_SetPriority
                0x0800f458       0x78 /Users/joyo/Desktop/DaisyExamples/libDaisy/build/libdaisy.a(stm32h7xx_hal_cortex.o)
                0x0800f458                HAL_NVIC_SetPriority
 .text.HAL_NVIC_EnableIRQ
                0x0800f4d0       0x1c /Users/joyo/Desktop/DaisyExamples/libDaisy/build/libdaisy.a(stm32h7xx_hal_cortex.o)
                0x0800f4d0                HAL_NVIC_EnableIRQ
 .text.HAL_NVIC_DisableIRQ
                0x0800f4ec       0x24 /Users/joyo/Desktop/DaisyExamples/libDaisy/build/libdaisy.a(stm32h7xx_hal_cortex.o)
                0x0800f4ec                HAL_NVIC_DisableIRQ
 .text.HAL_SYSTICK_Config
                0x0800f510       0x2c /Users/joyo/Desktop/DaisyExamples/libDaisy/build/libdaisy.a(stm32h7xx_hal_cortex.o)
                0x0800f510                HAL_SYSTICK_Config
 .text.HAL_MPU_Disable
                0x0800f53c       0x1c /Users/joyo/Desktop/DaisyExamples/libDaisy/build/libdaisy.a(stm32h7xx_hal_cortex.o)
                0x0800f53c                HAL_MPU_Disable
 .text.HAL_MPU_Enable
                0x0800f558       0x20 /Users/joyo/Desktop/DaisyExamples/libDaisy/build/libdaisy.a(stm32h7xx_hal_cortex.o)
                0x0800f558                HAL_MPU_Enable
 .text.HAL_MPU_ConfigRegion
                0x0800f578       0x64 /Users/joyo/Desktop/DaisyExamples/libDaisy/build/libdaisy.a(stm32h7xx_hal_cortex.o)
                0x0800f578                HAL_MPU_ConfigRegion
 .text.HAL_SYSTICK_Callback
                0x0800f5dc        0x4 /Users/joyo/Desktop/DaisyExamples/libDaisy/build/libdaisy.a(stm32h7xx_hal_cortex.o)
                0x0800f5dc                HAL_SYSTICK_Callback
 .text.HAL_SYSTICK_IRQHandler
                0x0800f5e0        0x8 /Users/joyo/Desktop/DaisyExamples/libDaisy/build/libdaisy.a(stm32h7xx_hal_cortex.o)
                0x0800f5e0                HAL_SYSTICK_IRQHandler
 .text.HAL_DAC_Init
                0x0800f5e8       0x2c /Users/joyo/Desktop/DaisyExamples/libDaisy/build/libdaisy.a(stm32h7xx_hal_dac.o)
                0x0800f5e8                HAL_DAC_Init
 .text.HAL_DAC_Start
                0x0800f614       0x5c /Users/joyo/Desktop/DaisyExamples/libDaisy/build/libdaisy.a(stm32h7xx_hal_dac.o)
                0x0800f614                HAL_DAC_Start
 .text.HAL_DAC_SetValue
                0x0800f670       0x30 /Users/joyo/Desktop/DaisyExamples/libDaisy/build/libdaisy.a(stm32h7xx_hal_dac.o)
                0x0800f670                HAL_DAC_SetValue
 .text.HAL_DAC_DMAUnderrunCallbackCh1
                0x0800f6a0        0x4 /Users/joyo/Desktop/DaisyExamples/libDaisy/build/libdaisy.a(stm32h7xx_hal_dac.o)
                0x0800f6a0                HAL_DAC_DMAUnderrunCallbackCh1
 .text.HAL_DAC_IRQHandler
                0x0800f6a4       0x68 /Users/joyo/Desktop/DaisyExamples/libDaisy/build/libdaisy.a(stm32h7xx_hal_dac.o)
                0x0800f6a4                HAL_DAC_IRQHandler
 .text.HAL_DAC_ConfigChannel
                0x0800f70c      0x128 /Users/joyo/Desktop/DaisyExamples/libDaisy/build/libdaisy.a(stm32h7xx_hal_dac.o)
                0x0800f70c                HAL_DAC_ConfigChannel
 .text.HAL_DACEx_DMAUnderrunCallbackCh2
                0x0800f834        0x4 /Users/joyo/Desktop/DaisyExamples/libDaisy/build/libdaisy.a(stm32h7xx_hal_dac_ex.o)
                0x0800f834                HAL_DACEx_DMAUnderrunCallbackCh2
 .text.DMA_CalcBaseAndBitshift
                0x0800f838      0x100 /Users/joyo/Desktop/DaisyExamples/libDaisy/build/libdaisy.a(stm32h7xx_hal_dma.o)
 .text.DMA_CalcDMAMUXChannelBaseAndMask
                0x0800f938       0xd4 /Users/joyo/Desktop/DaisyExamples/libDaisy/build/libdaisy.a(stm32h7xx_hal_dma.o)
 .text.HAL_DMA_Init
                0x0800fa0c      0x360 /Users/joyo/Desktop/DaisyExamples/libDaisy/build/libdaisy.a(stm32h7xx_hal_dma.o)
                0x0800fa0c                HAL_DMA_Init
 .text.HAL_DMA_Start_IT
                0x0800fd6c      0x26c /Users/joyo/Desktop/DaisyExamples/libDaisy/build/libdaisy.a(stm32h7xx_hal_dma.o)
                0x0800fd6c                HAL_DMA_Start_IT
 .text.HAL_DMA_Abort_IT
                0x0800ffd8      0x134 /Users/joyo/Desktop/DaisyExamples/libDaisy/build/libdaisy.a(stm32h7xx_hal_dma.o)
                0x0800ffd8                HAL_DMA_Abort_IT
 .text.HAL_DMA_IRQHandler
                0x0801010c      0x424 /Users/joyo/Desktop/DaisyExamples/libDaisy/build/libdaisy.a(stm32h7xx_hal_dma.o)
                0x0801010c                HAL_DMA_IRQHandler
 .text.HAL_DMA_GetError
                0x08010530        0x4 /Users/joyo/Desktop/DaisyExamples/libDaisy/build/libdaisy.a(stm32h7xx_hal_dma.o)
                0x08010530                HAL_DMA_GetError
 .text.HAL_GPIO_Init
                0x08010534      0x41c /Users/joyo/Desktop/DaisyExamples/libDaisy/build/libdaisy.a(stm32h7xx_hal_gpio.o)
                0x08010534                HAL_GPIO_Init
 .text.HAL_GPIO_DeInit
                0x08010950      0x258 /Users/joyo/Desktop/DaisyExamples/libDaisy/build/libdaisy.a(stm32h7xx_hal_gpio.o)
                0x08010950                HAL_GPIO_DeInit
 .text.HAL_GPIO_ReadPin
                0x08010ba8        0xc /Users/joyo/Desktop/DaisyExamples/libDaisy/build/libdaisy.a(stm32h7xx_hal_gpio.o)
                0x08010ba8                HAL_GPIO_ReadPin
 .text.HAL_GPIO_WritePin
                0x08010bb4        0x8 /Users/joyo/Desktop/DaisyExamples/libDaisy/build/libdaisy.a(stm32h7xx_hal_gpio.o)
                0x08010bb4                HAL_GPIO_WritePin
 .text.HAL_HCD_IRQHandler
                0x08010bbc      0x770 /Users/joyo/Desktop/DaisyExamples/libDaisy/build/libdaisy.a(stm32h7xx_hal_hcd.o)
                0x08010bbc                HAL_HCD_IRQHandler
 .text.HAL_HCD_Stop
                0x0801132c       0x28 /Users/joyo/Desktop/DaisyExamples/libDaisy/build/libdaisy.a(stm32h7xx_hal_hcd.o)
                0x0801132c                HAL_HCD_Stop
 .text.I2C_WaitOnTXISFlagUntilTimeout
                0x08011354       0xcc /Users/joyo/Desktop/DaisyExamples/libDaisy/build/libdaisy.a(stm32h7xx_hal_i2c.o)
 .text.I2C_WaitOnSTOPFlagUntilTimeout
                0x08011420       0xa8 /Users/joyo/Desktop/DaisyExamples/libDaisy/build/libdaisy.a(stm32h7xx_hal_i2c.o)
 .text.HAL_I2C_Init
                0x080114c8       0xac /Users/joyo/Desktop/DaisyExamples/libDaisy/build/libdaisy.a(stm32h7xx_hal_i2c.o)
                0x080114c8                HAL_I2C_Init
 .text.HAL_I2C_Master_Transmit
                0x08011574      0x1a8 /Users/joyo/Desktop/DaisyExamples/libDaisy/build/libdaisy.a(stm32h7xx_hal_i2c.o)
                0x08011574                HAL_I2C_Master_Transmit
 .text.HAL_I2C_Slave_Transmit
                0x0801171c      0x1e4 /Users/joyo/Desktop/DaisyExamples/libDaisy/build/libdaisy.a(stm32h7xx_hal_i2c.o)
                0x0801171c                HAL_I2C_Slave_Transmit
 .text.HAL_I2C_Master_Transmit_DMA
                0x08011900      0x168 /Users/joyo/Desktop/DaisyExamples/libDaisy/build/libdaisy.a(stm32h7xx_hal_i2c.o)
                0x08011900                HAL_I2C_Master_Transmit_DMA
 .text.HAL_I2C_Master_Receive_DMA
                0x08011a68      0x168 /Users/joyo/Desktop/DaisyExamples/libDaisy/build/libdaisy.a(stm32h7xx_hal_i2c.o)
                0x08011a68                HAL_I2C_Master_Receive_DMA
 .text.HAL_I2C_Slave_Transmit_DMA
                0x08011bd0       0xd4 /Users/joyo/Desktop/DaisyExamples/libDaisy/build/libdaisy.a(stm32h7xx_hal_i2c.o)
                0x08011bd0                HAL_I2C_Slave_Transmit_DMA
 .text.HAL_I2C_Slave_Receive_DMA
                0x08011ca4       0xd4 /Users/joyo/Desktop/DaisyExamples/libDaisy/build/libdaisy.a(stm32h7xx_hal_i2c.o)
                0x08011ca4                HAL_I2C_Slave_Receive_DMA
 .text.HAL_I2C_EV_IRQHandler
                0x08011d78       0x10 /Users/joyo/Desktop/DaisyExamples/libDaisy/build/libdaisy.a(stm32h7xx_hal_i2c.o)
                0x08011d78                HAL_I2C_EV_IRQHandler
 .text.I2C_DMASlaveTransmitCplt
                0x08011d88       0x8c /Users/joyo/Desktop/DaisyExamples/libDaisy/build/libdaisy.a(stm32h7xx_hal_i2c.o)
 .text.I2C_DMASlaveReceiveCplt
                0x08011e14       0x9c /Users/joyo/Desktop/DaisyExamples/libDaisy/build/libdaisy.a(stm32h7xx_hal_i2c.o)
 .text.HAL_I2C_AddrCallback
                0x08011eb0        0x4 /Users/joyo/Desktop/DaisyExamples/libDaisy/build/libdaisy.a(stm32h7xx_hal_i2c.o)
                0x08011eb0                HAL_I2C_AddrCallback
 .text.I2C_ITAddrCplt.part.0.constprop.0
                0x08011eb4       0x64 /Users/joyo/Desktop/DaisyExamples/libDaisy/build/libdaisy.a(stm32h7xx_hal_i2c.o)
 .text.HAL_I2C_ListenCpltCallback
                0x08011f18        0x4 /Users/joyo/Desktop/DaisyExamples/libDaisy/build/libdaisy.a(stm32h7xx_hal_i2c.o)
                0x08011f18                HAL_I2C_ListenCpltCallback
 .text.HAL_I2C_MemTxCpltCallback
                0x08011f1c        0x4 /Users/joyo/Desktop/DaisyExamples/libDaisy/build/libdaisy.a(stm32h7xx_hal_i2c.o)
                0x08011f1c                HAL_I2C_MemTxCpltCallback
 .text.HAL_I2C_MemRxCpltCallback
                0x08011f20        0x4 /Users/joyo/Desktop/DaisyExamples/libDaisy/build/libdaisy.a(stm32h7xx_hal_i2c.o)
                0x08011f20                HAL_I2C_MemRxCpltCallback
 .text.HAL_I2C_AbortCpltCallback
                0x08011f24        0x4 /Users/joyo/Desktop/DaisyExamples/libDaisy/build/libdaisy.a(stm32h7xx_hal_i2c.o)
                0x08011f24                HAL_I2C_AbortCpltCallback
 .text.I2C_ITError
                0x08011f28      0x110 /Users/joyo/Desktop/DaisyExamples/libDaisy/build/libdaisy.a(stm32h7xx_hal_i2c.o)
 .text.I2C_ITSlaveCplt
                0x08012038      0x1a4 /Users/joyo/Desktop/DaisyExamples/libDaisy/build/libdaisy.a(stm32h7xx_hal_i2c.o)
 .text.I2C_Slave_ISR_IT
                0x080121dc      0x31c /Users/joyo/Desktop/DaisyExamples/libDaisy/build/libdaisy.a(stm32h7xx_hal_i2c.o)
 .text.I2C_ITMasterCplt
                0x080124f8       0xec /Users/joyo/Desktop/DaisyExamples/libDaisy/build/libdaisy.a(stm32h7xx_hal_i2c.o)
 .text.I2C_Master_ISR_IT
                0x080125e4      0x21c /Users/joyo/Desktop/DaisyExamples/libDaisy/build/libdaisy.a(stm32h7xx_hal_i2c.o)
 .text.I2C_Slave_ISR_DMA
                0x08012800      0x1fc /Users/joyo/Desktop/DaisyExamples/libDaisy/build/libdaisy.a(stm32h7xx_hal_i2c.o)
 .text.I2C_Master_ISR_DMA
                0x080129fc      0x224 /Users/joyo/Desktop/DaisyExamples/libDaisy/build/libdaisy.a(stm32h7xx_hal_i2c.o)
 .text.I2C_DMAError
                0x08012c20      0x108 /Users/joyo/Desktop/DaisyExamples/libDaisy/build/libdaisy.a(stm32h7xx_hal_i2c.o)
 .text.I2C_DMAMasterTransmitCplt
                0x08012d28       0x90 /Users/joyo/Desktop/DaisyExamples/libDaisy/build/libdaisy.a(stm32h7xx_hal_i2c.o)
 .text.I2C_DMAMasterReceiveCplt
                0x08012db8       0x8c /Users/joyo/Desktop/DaisyExamples/libDaisy/build/libdaisy.a(stm32h7xx_hal_i2c.o)
 .text.I2C_DMAAbort
                0x08012e44       0x28 /Users/joyo/Desktop/DaisyExamples/libDaisy/build/libdaisy.a(stm32h7xx_hal_i2c.o)
 .text.HAL_I2C_GetState
                0x08012e6c        0x8 /Users/joyo/Desktop/DaisyExamples/libDaisy/build/libdaisy.a(stm32h7xx_hal_i2c.o)
                0x08012e6c                HAL_I2C_GetState
 .text.HAL_I2CEx_ConfigAnalogFilter
                0x08012e74       0x54 /Users/joyo/Desktop/DaisyExamples/libDaisy/build/libdaisy.a(stm32h7xx_hal_i2c_ex.o)
                0x08012e74                HAL_I2CEx_ConfigAnalogFilter
 .text.HAL_I2CEx_ConfigDigitalFilter
                0x08012ec8       0x58 /Users/joyo/Desktop/DaisyExamples/libDaisy/build/libdaisy.a(stm32h7xx_hal_i2c_ex.o)
                0x08012ec8                HAL_I2CEx_ConfigDigitalFilter
 .text.HAL_PCD_IRQHandler
                0x08012f20      0x704 /Users/joyo/Desktop/DaisyExamples/libDaisy/build/libdaisy.a(stm32h7xx_hal_pcd.o)
                0x08012f20                HAL_PCD_IRQHandler
 .text.HAL_PCD_SetAddress
                0x08013624       0x2c /Users/joyo/Desktop/DaisyExamples/libDaisy/build/libdaisy.a(stm32h7xx_hal_pcd.o)
                0x08013624                HAL_PCD_SetAddress
 .text.HAL_PCD_EP_Open
                0x08013650       0x70 /Users/joyo/Desktop/DaisyExamples/libDaisy/build/libdaisy.a(stm32h7xx_hal_pcd.o)
                0x08013650                HAL_PCD_EP_Open
 .text.HAL_PCD_EP_Receive
                0x080136c0       0x4c /Users/joyo/Desktop/DaisyExamples/libDaisy/build/libdaisy.a(stm32h7xx_hal_pcd.o)
                0x080136c0                HAL_PCD_EP_Receive
 .text.HAL_PCD_EP_Transmit
                0x0801370c       0x50 /Users/joyo/Desktop/DaisyExamples/libDaisy/build/libdaisy.a(stm32h7xx_hal_pcd.o)
                0x0801370c                HAL_PCD_EP_Transmit
 .text.HAL_PCD_EP_SetStall
                0x0801375c       0x84 /Users/joyo/Desktop/DaisyExamples/libDaisy/build/libdaisy.a(stm32h7xx_hal_pcd.o)
                0x0801375c                HAL_PCD_EP_SetStall
 .text.HAL_PCD_EP_ClrStall
                0x080137e0       0x70 /Users/joyo/Desktop/DaisyExamples/libDaisy/build/libdaisy.a(stm32h7xx_hal_pcd.o)
                0x080137e0                HAL_PCD_EP_ClrStall
 .text.HAL_PCDEx_LPM_Callback
                0x08013850        0x4 /Users/joyo/Desktop/DaisyExamples/libDaisy/build/libdaisy.a(stm32h7xx_hal_pcd_ex.o)
                0x08013850                HAL_PCDEx_LPM_Callback
 .text.HAL_PWREx_ConfigSupply
                0x08013854       0x4c /Users/joyo/Desktop/DaisyExamples/libDaisy/build/libdaisy.a(stm32h7xx_hal_pwr_ex.o)
                0x08013854                HAL_PWREx_ConfigSupply
 .text.HAL_PWREx_EnableUSBVoltageDetector
                0x080138a0       0x10 /Users/joyo/Desktop/DaisyExamples/libDaisy/build/libdaisy.a(stm32h7xx_hal_pwr_ex.o)
                0x080138a0                HAL_PWREx_EnableUSBVoltageDetector
 .text.QSPI_Config
                0x080138b0      0x188 /Users/joyo/Desktop/DaisyExamples/libDaisy/build/libdaisy.a(stm32h7xx_hal_qspi.o)
 .text.HAL_QSPI_Init
                0x08013a38       0xe8 /Users/joyo/Desktop/DaisyExamples/libDaisy/build/libdaisy.a(stm32h7xx_hal_qspi.o)
                0x08013a38                HAL_QSPI_Init
 .text.HAL_QSPI_DeInit
                0x08013b20       0x3c /Users/joyo/Desktop/DaisyExamples/libDaisy/build/libdaisy.a(stm32h7xx_hal_qspi.o)
                0x08013b20                HAL_QSPI_DeInit
 .text.HAL_QSPI_Command
                0x08013b5c       0xf8 /Users/joyo/Desktop/DaisyExamples/libDaisy/build/libdaisy.a(stm32h7xx_hal_qspi.o)
                0x08013b5c                HAL_QSPI_Command
 .text.HAL_QSPI_Transmit
                0x08013c54      0x11c /Users/joyo/Desktop/DaisyExamples/libDaisy/build/libdaisy.a(stm32h7xx_hal_qspi.o)
                0x08013c54                HAL_QSPI_Transmit
 .text.HAL_QSPI_Receive
                0x08013d70      0x124 /Users/joyo/Desktop/DaisyExamples/libDaisy/build/libdaisy.a(stm32h7xx_hal_qspi.o)
                0x08013d70                HAL_QSPI_Receive
 .text.HAL_QSPI_AutoPolling
                0x08013e94      0x11c /Users/joyo/Desktop/DaisyExamples/libDaisy/build/libdaisy.a(stm32h7xx_hal_qspi.o)
                0x08013e94                HAL_QSPI_AutoPolling
 .text.HAL_QSPI_MemoryMapped
                0x08013fb0       0xc4 /Users/joyo/Desktop/DaisyExamples/libDaisy/build/libdaisy.a(stm32h7xx_hal_qspi.o)
                0x08013fb0                HAL_QSPI_MemoryMapped
 .text.HAL_QSPI_ErrorCallback
                0x08014074        0x4 /Users/joyo/Desktop/DaisyExamples/libDaisy/build/libdaisy.a(stm32h7xx_hal_qspi.o)
                0x08014074                HAL_QSPI_ErrorCallback
 .text.QSPI_DMAAbortCplt
                0x08014078       0x38 /Users/joyo/Desktop/DaisyExamples/libDaisy/build/libdaisy.a(stm32h7xx_hal_qspi.o)
 .text.HAL_QSPI_AbortCpltCallback
                0x080140b0        0x4 /Users/joyo/Desktop/DaisyExamples/libDaisy/build/libdaisy.a(stm32h7xx_hal_qspi.o)
                0x080140b0                HAL_QSPI_AbortCpltCallback
 .text.HAL_QSPI_CmdCpltCallback
                0x080140b4        0x4 /Users/joyo/Desktop/DaisyExamples/libDaisy/build/libdaisy.a(stm32h7xx_hal_qspi.o)
                0x080140b4                HAL_QSPI_CmdCpltCallback
 .text.HAL_QSPI_RxCpltCallback
                0x080140b8        0x4 /Users/joyo/Desktop/DaisyExamples/libDaisy/build/libdaisy.a(stm32h7xx_hal_qspi.o)
                0x080140b8                HAL_QSPI_RxCpltCallback
 .text.HAL_QSPI_TxCpltCallback
                0x080140bc        0x4 /Users/joyo/Desktop/DaisyExamples/libDaisy/build/libdaisy.a(stm32h7xx_hal_qspi.o)
                0x080140bc                HAL_QSPI_TxCpltCallback
 .text.HAL_QSPI_FifoThresholdCallback
                0x080140c0        0x4 /Users/joyo/Desktop/DaisyExamples/libDaisy/build/libdaisy.a(stm32h7xx_hal_qspi.o)
                0x080140c0                HAL_QSPI_FifoThresholdCallback
 .text.HAL_QSPI_StatusMatchCallback
                0x080140c4        0x4 /Users/joyo/Desktop/DaisyExamples/libDaisy/build/libdaisy.a(stm32h7xx_hal_qspi.o)
                0x080140c4                HAL_QSPI_StatusMatchCallback
 .text.HAL_QSPI_TimeOutCallback
                0x080140c8        0x4 /Users/joyo/Desktop/DaisyExamples/libDaisy/build/libdaisy.a(stm32h7xx_hal_qspi.o)
                0x080140c8                HAL_QSPI_TimeOutCallback
 .text.HAL_QSPI_IRQHandler
                0x080140cc      0x210 /Users/joyo/Desktop/DaisyExamples/libDaisy/build/libdaisy.a(stm32h7xx_hal_qspi.o)
                0x080140cc                HAL_QSPI_IRQHandler
 .text.HAL_RCC_OscConfig
                0x080142dc      0x518 /Users/joyo/Desktop/DaisyExamples/libDaisy/build/libdaisy.a(stm32h7xx_hal_rcc.o)
                0x080142dc                HAL_RCC_OscConfig
 .text.HAL_RCC_GetSysClockFreq
                0x080147f4      0x11c /Users/joyo/Desktop/DaisyExamples/libDaisy/build/libdaisy.a(stm32h7xx_hal_rcc.o)
                0x080147f4                HAL_RCC_GetSysClockFreq
 .text.HAL_RCC_ClockConfig
                0x08014910      0x238 /Users/joyo/Desktop/DaisyExamples/libDaisy/build/libdaisy.a(stm32h7xx_hal_rcc.o)
                0x08014910                HAL_RCC_ClockConfig
 .text.HAL_RCC_GetHCLKFreq
                0x08014b48       0x2c /Users/joyo/Desktop/DaisyExamples/libDaisy/build/libdaisy.a(stm32h7xx_hal_rcc.o)
                0x08014b48                HAL_RCC_GetHCLKFreq
 .text.HAL_RCC_GetPCLK1Freq
                0x08014b74       0x38 /Users/joyo/Desktop/DaisyExamples/libDaisy/build/libdaisy.a(stm32h7xx_hal_rcc.o)
                0x08014b74                HAL_RCC_GetPCLK1Freq
 .text.HAL_RCC_GetPCLK2Freq
                0x08014bac       0x38 /Users/joyo/Desktop/DaisyExamples/libDaisy/build/libdaisy.a(stm32h7xx_hal_rcc.o)
                0x08014bac                HAL_RCC_GetPCLK2Freq
 .text.RCCEx_PLL2_Config.part.0
                0x08014be4       0xe0 /Users/joyo/Desktop/DaisyExamples/libDaisy/build/libdaisy.a(stm32h7xx_hal_rcc_ex.o)
 .text.RCCEx_PLL3_Config.part.0
                0x08014cc4       0xe0 /Users/joyo/Desktop/DaisyExamples/libDaisy/build/libdaisy.a(stm32h7xx_hal_rcc_ex.o)
 .text.HAL_RCCEx_PeriphCLKConfig
                0x08014da4      0xcd8 /Users/joyo/Desktop/DaisyExamples/libDaisy/build/libdaisy.a(stm32h7xx_hal_rcc_ex.o)
                0x08014da4                HAL_RCCEx_PeriphCLKConfig
 .text.HAL_RCCEx_GetD3PCLK1Freq
                0x08015a7c       0x24 /Users/joyo/Desktop/DaisyExamples/libDaisy/build/libdaisy.a(stm32h7xx_hal_rcc_ex.o)
                0x08015a7c                HAL_RCCEx_GetD3PCLK1Freq
 .text.HAL_RCCEx_GetPLL2ClockFreq
                0x08015aa0      0x134 /Users/joyo/Desktop/DaisyExamples/libDaisy/build/libdaisy.a(stm32h7xx_hal_rcc_ex.o)
                0x08015aa0                HAL_RCCEx_GetPLL2ClockFreq
 .text.HAL_RCCEx_GetPLL3ClockFreq
                0x08015bd4      0x134 /Users/joyo/Desktop/DaisyExamples/libDaisy/build/libdaisy.a(stm32h7xx_hal_rcc_ex.o)
                0x08015bd4                HAL_RCCEx_GetPLL3ClockFreq
 .text.HAL_RCCEx_GetPLL1ClockFreq
                0x08015d08      0x134 /Users/joyo/Desktop/DaisyExamples/libDaisy/build/libdaisy.a(stm32h7xx_hal_rcc_ex.o)
                0x08015d08                HAL_RCCEx_GetPLL1ClockFreq
 .text.HAL_RCCEx_GetPeriphCLKFreq
                0x08015e3c      0x164 /Users/joyo/Desktop/DaisyExamples/libDaisy/build/libdaisy.a(stm32h7xx_hal_rcc_ex.o)
                0x08015e3c                HAL_RCCEx_GetPeriphCLKFreq
 .text.HAL_RCCEx_GetD1SysClockFreq
                0x08015fa0       0x2c /Users/joyo/Desktop/DaisyExamples/libDaisy/build/libdaisy.a(stm32h7xx_hal_rcc_ex.o)
                0x08015fa0                HAL_RCCEx_GetD1SysClockFreq
 .text.HAL_SAI_Init
                0x08015fcc      0x38c /Users/joyo/Desktop/DaisyExamples/libDaisy/build/libdaisy.a(stm32h7xx_hal_sai.o)
                0x08015fcc                HAL_SAI_Init
 .text.HAL_SAI_InitProtocol
                0x08016358      0x164 /Users/joyo/Desktop/DaisyExamples/libDaisy/build/libdaisy.a(stm32h7xx_hal_sai.o)
                0x08016358                HAL_SAI_InitProtocol
 .text.HAL_SAI_Transmit_DMA
                0x080164bc      0x110 /Users/joyo/Desktop/DaisyExamples/libDaisy/build/libdaisy.a(stm32h7xx_hal_sai.o)
                0x080164bc                HAL_SAI_Transmit_DMA
 .text.HAL_SAI_Receive_DMA
                0x080165cc       0xc4 /Users/joyo/Desktop/DaisyExamples/libDaisy/build/libdaisy.a(stm32h7xx_hal_sai.o)
                0x080165cc                HAL_SAI_Receive_DMA
 .text.HAL_SAI_TxCpltCallback
                0x08016690        0x4 /Users/joyo/Desktop/DaisyExamples/libDaisy/build/libdaisy.a(stm32h7xx_hal_sai.o)
                0x08016690                HAL_SAI_TxCpltCallback
 .text.SAI_DMATxCplt
                0x08016694       0x5c /Users/joyo/Desktop/DaisyExamples/libDaisy/build/libdaisy.a(stm32h7xx_hal_sai.o)
 .text.HAL_SAI_TxHalfCpltCallback
                0x080166f0        0x4 /Users/joyo/Desktop/DaisyExamples/libDaisy/build/libdaisy.a(stm32h7xx_hal_sai.o)
                0x080166f0                HAL_SAI_TxHalfCpltCallback
 .text.SAI_DMATxHalfCplt
                0x080166f4        0xc /Users/joyo/Desktop/DaisyExamples/libDaisy/build/libdaisy.a(stm32h7xx_hal_sai.o)
 .text.SAI_DMARxCplt
                0x08016700       0x5c /Users/joyo/Desktop/DaisyExamples/libDaisy/build/libdaisy.a(stm32h7xx_hal_sai.o)
 .text.SAI_DMARxHalfCplt
                0x0801675c        0xc /Users/joyo/Desktop/DaisyExamples/libDaisy/build/libdaisy.a(stm32h7xx_hal_sai.o)
 .text.HAL_SAI_ErrorCallback
                0x08016768        0x4 /Users/joyo/Desktop/DaisyExamples/libDaisy/build/libdaisy.a(stm32h7xx_hal_sai.o)
                0x08016768                HAL_SAI_ErrorCallback
 .text.SAI_DMAError
                0x0801676c       0x6c /Users/joyo/Desktop/DaisyExamples/libDaisy/build/libdaisy.a(stm32h7xx_hal_sai.o)
 .text.HAL_SDRAM_Init
                0x080167d8       0x54 /Users/joyo/Desktop/DaisyExamples/libDaisy/build/libdaisy.a(stm32h7xx_hal_sdram.o)
                0x080167d8                HAL_SDRAM_Init
 .text.HAL_SDRAM_SendCommand
                0x0801682c       0x40 /Users/joyo/Desktop/DaisyExamples/libDaisy/build/libdaisy.a(stm32h7xx_hal_sdram.o)
                0x0801682c                HAL_SDRAM_SendCommand
 .text.HAL_SDRAM_ProgramRefreshRate
                0x0801686c       0x30 /Users/joyo/Desktop/DaisyExamples/libDaisy/build/libdaisy.a(stm32h7xx_hal_sdram.o)
                0x0801686c                HAL_SDRAM_ProgramRefreshRate
 .text.SPI_CloseTransfer