Archive member included to satisfy reference by file (symbol)

/Users/joyo/dazed-and-con-fielded/External/libDaisy/build/libdaisy.a(startup_stm32h750xx.o)
                              (Reset_Handler)
/Users/joyo/dazed-and-con-fielded/External/libDaisy/build/libdaisy.a(daisy_seed.o)
                              build/Blink.o (daisy::DaisySeed::Configure())
/Users/joyo/dazed-and-con-fielded/External/libDaisy/build/libdaisy.a(codec_ak4556.o)
                              /Users/joyo/dazed-and-con-fielded/External/libDaisy/build/libdaisy.a(daisy_seed.o) (daisy::Ak4556::Init(daisy::Pin))
/Users/joyo/dazed-and-con-fielded/External/libDaisy/build/libdaisy.a(codec_wm8731.o)
                              /Users/joyo/dazed-and-con-fielded/External/libDaisy/build/libdaisy.a(daisy_seed.o) (daisy::Wm8731::Init(daisy::Wm8731::Config const&, daisy::I2CHandle))
/Users/joyo/dazed-and-con-fielded/External/libDaisy/build/libdaisy.a(sdram.o)
                              /Users/joyo/dazed-and-con-fielded/External/libDaisy/build/libdaisy.a(daisy_seed.o) (SdramHandle::Init())
/Users/joyo/dazed-and-con-fielded/External/libDaisy/build/libdaisy.a(audio.o)
                              /Users/joyo/dazed-and-con-fielded/External/libDaisy/build/libdaisy.a(daisy_seed.o) (daisy::AudioHandle::Init(daisy::AudioHandle::Config const&, daisy::SaiHandle))
/Users/joyo/dazed-and-con-fielded/External/libDaisy/build/libdaisy.a(gpio.o)
                              /Users/joyo/dazed-and-con-fielded/External/libDaisy/build/libdaisy.a(daisy_seed.o) (daisy::GPIO::Init(daisy::GPIO::Config const&))
/Users/joyo/dazed-and-con-fielded/External/libDaisy/build/libdaisy.a(i2c.o)
                              /Users/joyo/dazed-and-con-fielded/External/libDaisy/build/libdaisy.a(daisy_seed.o) (daisy::I2CHandle::Init(daisy::I2CHandle::Config const&))
/Users/joyo/dazed-and-con-fielded/External/libDaisy/build/libdaisy.a(qspi.o)
                              /Users/joyo/dazed-and-con-fielded/External/libDaisy/build/libdaisy.a(daisy_seed.o) (daisy::QSPIHandle::Init(daisy::QSPIHandle::Config const&))
/Users/joyo/dazed-and-con-fielded/External/libDaisy/build/libdaisy.a(sai.o)
                              /Users/joyo/dazed-and-con-fielded/External/libDaisy/build/libdaisy.a(daisy_seed.o) (daisy::SaiHandle::Init(daisy::SaiHandle::Config const&))
/Users/joyo/dazed-and-con-fielded/External/libDaisy/build/libdaisy.a(system.o)
                              /Users/joyo/dazed-and-con-fielded/External/libDaisy/build/libdaisy.a(daisy_seed.o) (daisy::System::DeInit())
/Users/joyo/dazed-and-con-fielded/External/libDaisy/build/libdaisy.a(system_stm32h7xx.o)
                              /Users/joyo/dazed-and-con-fielded/External/libDaisy/build/libdaisy.a(startup_stm32h750xx.o) (SystemInit)
/Users/joyo/dazed-and-con-fielded/External/libDaisy/build/libdaisy.a(usbd_conf.o)
                              /Users/joyo/dazed-and-con-fielded/External/libDaisy/build/libdaisy.a(system.o) (hpcd_USB_OTG_HS)
/Users/joyo/dazed-and-con-fielded/External/libDaisy/build/libdaisy.a(usbh_conf.o)
                              /Users/joyo/dazed-and-con-fielded/External/libDaisy/build/libdaisy.a(system.o) (hhcd_USB_OTG_HS)
/Users/joyo/dazed-and-con-fielded/External/libDaisy/build/libdaisy.a(stm32h7xx_hal.o)
                              /Users/joyo/dazed-and-con-fielded/External/libDaisy/build/libdaisy.a(system.o) (HAL_Init)
/Users/joyo/dazed-and-con-fielded/External/libDaisy/build/libdaisy.a(stm32h7xx_hal_cortex.o)
                              /Users/joyo/dazed-and-con-fielded/External/libDaisy/build/libdaisy.a(stm32h7xx_hal.o) (HAL_NVIC_SetPriorityGrouping)
/Users/joyo/dazed-and-con-fielded/External/libDaisy/build/libdaisy.a(stm32h7xx_hal_dma.o)
                              /Users/joyo/dazed-and-con-fielded/External/libDaisy/build/libdaisy.a(i2c.o) (HAL_DMA_Init)
/Users/joyo/dazed-and-con-fielded/External/libDaisy/build/libdaisy.a(stm32h7xx_hal_gpio.o)
                              /Users/joyo/dazed-and-con-fielded/External/libDaisy/build/libdaisy.a(sdram.o) (HAL_GPIO_Init)
/Users/joyo/dazed-and-con-fielded/External/libDaisy/build/libdaisy.a(stm32h7xx_hal_hcd.o)
                              /Users/joyo/dazed-and-con-fielded/External/libDaisy/build/libdaisy.a(usbh_conf.o) (HAL_HCD_HC_Init)
/Users/joyo/dazed-and-con-fielded/External/libDaisy/build/libdaisy.a(stm32h7xx_hal_i2c.o)
                              /Users/joyo/dazed-and-con-fielded/External/libDaisy/build/libdaisy.a(i2c.o) (HAL_I2C_Init)
/Users/joyo/dazed-and-con-fielded/External/libDaisy/build/libdaisy.a(stm32h7xx_hal_i2c_ex.o)
                              /Users/joyo/dazed-and-con-fielded/External/libDaisy/build/libdaisy.a(i2c.o) (HAL_I2CEx_ConfigAnalogFilter)
/Users/joyo/dazed-and-con-fielded/External/libDaisy/build/libdaisy.a(stm32h7xx_hal_pcd.o)
                              /Users/joyo/dazed-and-con-fielded/External/libDaisy/build/libdaisy.a(usbd_conf.o) (HAL_PCD_Init)
[...]
Memory Configuration

Name             Origin             Length             Attributes
FLASH            0x08000000         0x00020000         xr
DTCMRAM          0x20000000         0x00020000         xrw
SRAM             0x24000000         0x00080000         xrw
RAM_D2           0x30000000         0x00048000         xrw
RAM_D3           0x38000000         0x00010000         xrw
BACKUP_SRAM      0x38800000         0x00001000         xrw
ITCMRAM          0x00000000         0x00010000         xrw
SDRAM            0xc0000000         0x04000000         xrw
QSPIFLASH        0x90000000         0x00800000         xr
*default*        0x00000000         0xffffffff

Linker script and memory map

LOAD /Applications/ArmGNUToolchain/14.3.rel1/arm-none-eabi/bin/../lib/gcc/arm-none-eabi/14.3.1/thumb/v7e-m+dp/hard/crti.o
LOAD /Applications/ArmGNUToolchain/14.3.rel1/arm-none-eabi/bin/../lib/gcc/arm-none-eabi/14.3.1/thumb/v7e-m+dp/hard/crtbegin.o
LOAD /Applications/ArmGNUToolchain/14.3.rel1/arm-none-eabi/bin/../lib/gcc/arm-none-eabi/14.3.1/../../../../arm-none-eabi/lib/thumb/v7e-m+dp/hard/crt0.o
LOAD build/Blink.o
LOAD /Users/joyo/dazed-and-con-fielded/External/libDaisy/build/libdaisy.a
LOAD /Users/joyo/dazed-and-con-fielded/External/DaisySP/build/libdaisysp.a
LOAD /Applications/ArmGNUToolchain/14.3.rel1/arm-none-eabi/bin/../lib/gcc/arm-none-eabi/14.3.1/../../../../arm-none-eabi/lib/thumb/v7e-m+dp/hard/libnosys.a
                0x00010000                        __stack_size = 0x10000
LOAD /Applications/ArmGNUToolchain/14.3.rel1/arm-none-eabi/bin/../lib/gcc/arm-none-eabi/14.3.1/../../../../arm-none-eabi/lib/thumb/v7e-m+dp/hard/libstdc++_nano.a
LOAD /Applications/ArmGNUToolchain/14.3.rel1/arm-none-eabi/bin/../lib/gcc/arm-none-eabi/14.3.1/../../../../arm-none-eabi/lib/thumb/v7e-m+dp/hard/libm.a
LOAD /Applications/ArmGNUToolchain/14.3.rel1/arm-none-eabi/bin/../lib/gcc/arm-none-eabi/14.3.1/../../../../arm-none-eabi/lib/thumb/v7e-m+dp/hard/libc_nano.a
START GROUP
LOAD /Applications/ArmGNUToolchain/14.3.rel1/arm-none-eabi/bin/../lib/gcc/arm-none-eabi/14.3.1/thumb/v7e-m+dp/hard/libgcc.a
LOAD /Applications/ArmGNUToolchain/14.3.rel1/arm-none-eabi/bin/../lib/gcc/arm-none-eabi/14.3.1/../../../../arm-none-eabi/lib/thumb/v7e-m+dp/hard/libc_nano.a
END GROUP
START GROUP
LOAD /Applications/ArmGNUToolchain/14.3.rel1/arm-none-eabi/bin/../lib/gcc/arm-none-eabi/14.3.1/thumb/v7e-m+dp/hard/libgcc.a
LOAD /Applications/ArmGNUToolchain/14.3.rel1/arm-none-eabi/bin/../lib/gcc/arm-none-eabi/14.3.1/../../../../arm-none-eabi/lib/thumb/v7e-m+dp/hard/libc_nano.a
LOAD /Applications/ArmGNUToolchain/14.3.rel1/arm-none-eabi/bin/../lib/gcc/arm-none-eabi/14.3.1/../../../../arm-none-eabi/lib/thumb/v7e-m+dp/hard/libnosys.a
END GROUP
START GROUP
LOAD /Applications/ArmGNUToolchain/14.3.rel1/arm-none-eabi/bin/../lib/gcc/arm-none-eabi/14.3.1/thumb/v7e-m+dp/hard/libgcc.a
LOAD /Applications/ArmGNUToolchain/14.3.rel1/arm-none-eabi/bin/../lib/gcc/arm-none-eabi/14.3.1/../../../../arm-none-eabi/lib/thumb/v7e-m+dp/hard/libc_nano.a
LOAD /Applications/ArmGNUToolchain/14.3.rel1/arm-none-eabi/bin/../lib/gcc/arm-none-eabi/14.3.1/../../../../arm-none-eabi/lib/thumb/v7e-m+dp/hard/libnosys.a
END GROUP
LOAD /Applications/ArmGNUToolchain/14.3.rel1/arm-none-eabi/bin/../lib/gcc/arm-none-eabi/14.3.1/thumb/v7e-m+dp/hard/crtend.o
LOAD /Applications/ArmGNUToolchain/14.3.rel1/arm-none-eabi/bin/../lib/gcc/arm-none-eabi/14.3.1/thumb/v7e-m+dp/hard/crtn.o
                0x20020000                        _estack = 0x20020000

.isr_vector     0x08000000      0x298
                0x08000000                        . = ALIGN (0x4)
 *(.isr_vector)
 .isr_vector    0x08000000      0x298 /Users/joyo/dazed-and-con-fielded/External/libDaisy/build/libdaisy.a(startup_stm32h750xx.o)
                0x08000000                g_pfnVectors
                0x08000298                        . = ALIGN (0x4)

.text           0x08000298     0xfbdc
                0x08000298                        . = ALIGN (0x4)
                0x08000298                        _stext = .
 *(.text)
 .text          0x08000298       0x30 /Applications/ArmGNUToolchain/14.3.rel1/arm-none-eabi/bin/../lib/gcc/arm-none-eabi/14.3.1/thumb/v7e-m+dp/hard/libgcc.a(_aeabi_uldivmod.o)
                0x08000298                __aeabi_uldivmod
 .text          0x080002c8        0x4 /Applications/ArmGNUToolchain/14.3.rel1/arm-none-eabi/bin/../lib/gcc/arm-none-eabi/14.3.1/thumb/v7e-m+dp/hard/libgcc.a(_dvmd_tls.o)
                0x080002c8                __aeabi_ldiv0
                0x080002c8                __aeabi_idiv0
 *(.text*)
 .text.deregister_tm_clones
                0x080002cc       0x1c /Applications/ArmGNUToolchain/14.3.rel1/arm-none-eabi/bin/../lib/gcc/arm-none-eabi/14.3.1/thumb/v7e-m+dp/hard/crtbegin.o
 .text.register_tm_clones
                0x080002e8       0x24 /Applications/ArmGNUToolchain/14.3.rel1/arm-none-eabi/bin/../lib/gcc/arm-none-eabi/14.3.1/thumb/v7e-m+dp/hard/crtbegin.o
 .text.__do_global_dtors_aux
                0x0800030c       0x28 /Applications/ArmGNUToolchain/14.3.rel1/arm-none-eabi/bin/../lib/gcc/arm-none-eabi/14.3.1/thumb/v7e-m+dp/hard/crtbegin.o
 .text.frame_dummy
                0x08000334       0x24 /Applications/ArmGNUToolchain/14.3.rel1/arm-none-eabi/bin/../lib/gcc/arm-none-eabi/14.3.1/thumb/v7e-m+dp/hard/crtbegin.o
 .text._ZN5daisy9DaisySeedD2Ev
                0x08000358        0x4 build/Blink.o
                0x08000358                daisy::DaisySeed::~DaisySeed()
                0x08000358                daisy::DaisySeed::~DaisySeed()
 .text.startup.main
                0x0800035c       0x2c build/Blink.o
                0x0800035c                main
 .text.startup._GLOBAL__sub_I_hardware
                0x08000388       0x50 build/Blink.o
 .text.Default_Handler
                0x080003d8        0xc /Users/joyo/dazed-and-con-fielded/External/libDaisy/build/libdaisy.a(startup_stm32h750xx.o)
                0x080003d8                SAI1_IRQHandler
                0x080003d8                HASH_RNG_IRQHandler
                0x080003d8                EXTI2_IRQHandler
                0x080003d8                TIM8_CC_IRQHandler
                0x080003d8                HRTIM1_Master_IRQHandler
                0x080003d8                DebugMon_Handler
                0x080003d8                TIM1_CC_IRQHandler
                0x080003d8                BDMA_Channel6_IRQHandler
                0x080003d8                DMA2_Stream5_IRQHandler
                0x080003d8                HRTIM1_FLT_IRQHandler
                0x080003d8                JPEG_IRQHandler
                0x080003d8                BDMA_Channel1_IRQHandler
                0x080003d8                HRTIM1_TIMD_IRQHandler
                0x080003d8                TAMP_STAMP_IRQHandler
                0x080003d8                PendSV_Handler
                0x080003d8                NMI_Handler
                0x080003d8                EXTI3_IRQHandler
                0x080003d8                LPTIM4_IRQHandler
                0x080003d8                TIM8_TRG_COM_TIM14_IRQHandler
                0x080003d8                LPTIM2_IRQHandler
                0x080003d8                DFSDM1_FLT1_IRQHandler
                0x080003d8                DMAMUX2_OVR_IRQHandler
                0x080003d8                TIM8_UP_TIM13_IRQHandler
                0x080003d8                I2C3_ER_IRQHandler
                0x080003d8                DFSDM1_FLT2_IRQHandler
                0x080003d8                MDMA_IRQHandler
                0x080003d8                LPTIM3_IRQHandler
                0x080003d8                HSEM1_IRQHandler
                0x080003d8                EXTI0_IRQHandler
                0x080003d8                DMA1_Stream2_IRQHandler
                0x080003d8                FPU_IRQHandler
                0x080003d8                OTG_HS_WKUP_IRQHandler
                0x080003d8                FDCAN1_IT1_IRQHandler
                0x080003d8                UsageFault_Handler
                0x080003d8                LTDC_ER_IRQHandler
                0x080003d8                HRTIM1_TIME_IRQHandler
                0x080003d8                TIM6_DAC_IRQHandler
                0x080003d8                DCMI_IRQHandler
                0x080003d8                HRTIM1_TIMC_IRQHandler
                0x080003d8                SAI2_IRQHandler
                0x080003d8                DFSDM1_FLT3_IRQHandler
                0x080003d8                TIM17_IRQHandler
                0x080003d8                CRYP_IRQHandler
                0x080003d8                BDMA_Channel7_IRQHandler
                0x080003d8                LPTIM5_IRQHandler
                0x080003d8                ADC3_IRQHandler
                0x080003d8                DMA2_Stream0_IRQHandler
                0x080003d8                BDMA_Channel2_IRQHandler
                0x080003d8                DMAMUX1_OVR_IRQHandler
                0x080003d8                TIM16_IRQHandler
                0x080003d8                BDMA_Channel5_IRQHandler
                0x080003d8                RCC_IRQHandler
                0x080003d8                TIM8_BRK_TIM12_IRQHandler
                0x080003d8                TIM1_TRG_COM_IRQHandler
                0x080003d8                Default_Handler
                0x080003d8                ECC_IRQHandler
                0x080003d8                CEC_IRQHandler
                0x080003d8                EXTI15_10_IRQHandler
                0x080003d8                BDMA_Channel0_IRQHandler
                0x080003d8                ADC_IRQHandler
                0x080003d8                DMA1_Stream7_IRQHandler
                0x080003d8                HRTIM1_TIMA_IRQHandler
                0x080003d8                TIM7_IRQHandler
                0x080003d8                SDMMC1_IRQHandler
                0x080003d8                DMA2_Stream7_IRQHandler
                0x080003d8                TIM15_IRQHandler
                0x080003d8                PVD_AVD_IRQHandler
                0x080003d8                EXTI9_5_IRQHandler
                0x080003d8                RTC_WKUP_IRQHandler
                0x080003d8                LTDC_IRQHandler
                0x080003d8                SAI3_IRQHandler
                0x080003d8                ETH_WKUP_IRQHandler
                0x080003d8                SPDIF_RX_IRQHandler
                0x080003d8                MemManage_Handler
                0x080003d8                SVC_Handler
                0x080003d8                CRS_IRQHandler
                0x080003d8                EXTI4_IRQHandler
                0x080003d8                HRTIM1_TIMB_IRQHandler
                0x080003d8                FDCAN2_IT1_IRQHandler
                0x080003d8                ETH_IRQHandler
                0x080003d8                TIM1_UP_IRQHandler
                0x080003d8                BDMA_Channel4_IRQHandler
                0x080003d8                WWDG_IRQHandler
                0x080003d8                SPI6_IRQHandler
                0x080003d8                I2C4_EV_IRQHandler
                0x080003d8                MDIOS_IRQHandler
                0x080003d8                FDCAN2_IT0_IRQHandler
                0x080003d8                FDCAN1_IT0_IRQHandler
                0x080003d8                OTG_FS_WKUP_IRQHandler
                0x080003d8                DMA2D_IRQHandler
                0x080003d8                TIM1_BRK_IRQHandler
                0x080003d8                EXTI1_IRQHandler
                0x080003d8                SDMMC2_IRQHandler
                0x080003d8                OTG_FS_EP1_OUT_IRQHandler
                0x080003d8                BDMA_Channel3_IRQHandler
                0x080003d8                MDIOS_WKUP_IRQHandler
                0x080003d8                DFSDM1_FLT0_IRQHandler
                0x080003d8                SAI4_IRQHandler
                0x080003d8                I2C2_ER_IRQHandler
                0x080003d8                DMA2_Stream1_IRQHandler
                0x080003d8                FLASH_IRQHandler
                0x080003d8                BusFault_Handler
                0x080003d8                OTG_FS_IRQHandler
                0x080003d8                WAKEUP_PIN_IRQHandler
                0x080003d8                OTG_FS_EP1_IN_IRQHandler
                0x080003d8                I2C1_ER_IRQHandler
                0x080003d8                FMC_IRQHandler
                0x080003d8                FDCAN_CAL_IRQHandler
                0x080003d8                SWPMI1_IRQHandler
                0x080003d8                COMP1_IRQHandler
                0x080003d8                LPTIM1_IRQHandler
                0x080003d8                I2C4_ER_IRQHandler
                0x080003d8                DMA2_Stream6_IRQHandler
                0x080003d8                RTC_Alarm_IRQHandler
 .text.Reset_Handler
                0x080003e4       0x44 /Users/joyo/dazed-and-con-fielded/External/libDaisy/build/libdaisy.a(startup_stm32h750xx.o)
                0x080003e4                Reset_Handler
 .text._ZN5daisy9DaisySeed9ConfigureEv
                0x08000428        0x4 /Users/joyo/dazed-and-con-fielded/External/libDaisy/build/libdaisy.a(daisy_seed.o)
                0x08000428                daisy::DaisySeed::Configure()
 .text._ZN5daisy9DaisySeed6SetLedEb
                0x0800042c        0x8 /Users/joyo/dazed-and-con-fielded/External/libDaisy/build/libdaisy.a(daisy_seed.o)
                0x0800042c                daisy::DaisySeed::SetLed(bool)
 .text._ZN5daisy9DaisySeed17CheckBoardVersionEv
                0x08000434       0x6c /Users/joyo/dazed-and-con-fielded/External/libDaisy/build/libdaisy.a(daisy_seed.o)
                0x08000434                daisy::DaisySeed::CheckBoardVersion()
 .text._ZN5daisy9DaisySeed14ConfigureAudioEv
                0x080004a0      0x110 /Users/joyo/dazed-and-con-fielded/External/libDaisy/build/libdaisy.a(daisy_seed.o)
                0x080004a0                daisy::DaisySeed::ConfigureAudio()
 .text._ZN5daisy9DaisySeed4InitEb
                0x080005b0      0x104 /Users/joyo/dazed-and-con-fielded/External/libDaisy/build/libdaisy.a(daisy_seed.o)
                0x080005b0                daisy::DaisySeed::Init(bool)
 .text._ZN5daisy6Ak45564InitENS_3PinE
                0x080006b4       0x44 /Users/joyo/dazed-and-con-fielded/External/libDaisy/build/libdaisy.a(codec_ak4556.o)
                0x080006b4                daisy::Ak4556::Init(daisy::Pin)
 .text._ZN5daisy6Wm873120WriteControlRegisterEht
                0x080006f8       0x3c /Users/joyo/dazed-and-con-fielded/External/libDaisy/build/libdaisy.a(codec_wm8731.o)
                0x080006f8                daisy::Wm8731::WriteControlRegister(unsigned char, unsigned short)
 .text._ZN5daisy6Wm87314InitERKNS0_6ConfigENS_9I2CHandleE
                0x08000734      0x1bc /Users/joyo/dazed-and-con-fielded/External/libDaisy/build/libdaisy.a(codec_wm8731.o)
                0x08000734                daisy::Wm8731::Init(daisy::Wm8731::Config const&, daisy::I2CHandle)
 .text._ZN11SdramHandle10DeviceInitEv
                0x080008f0       0x98 /Users/joyo/dazed-and-con-fielded/External/libDaisy/build/libdaisy.a(sdram.o)
                0x080008f0                SdramHandle::DeviceInit()
 .text._ZN11SdramHandle4InitEv
                0x08000988       0x7c /Users/joyo/dazed-and-con-fielded/External/libDaisy/build/libdaisy.a(sdram.o)
                0x08000988                SdramHandle::Init()
 .text.HAL_SDRAM_MspInit
                0x08000a04      0x1a8 /Users/joyo/dazed-and-con-fielded/External/libDaisy/build/libdaisy.a(sdram.o)
                0x08000a04                HAL_SDRAM_MspInit
 .text._ZN5daisy11AudioHandle4InitERKNS0_6ConfigENS_9SaiHandleE
                0x08000bac       0x70 /Users/joyo/dazed-and-con-fielded/External/libDaisy/build/libdaisy.a(audio.o)
                0x08000bac                daisy::AudioHandle::Init(daisy::AudioHandle::Config const&, daisy::SaiHandle)
 .text._ZNK5daisy11AudioHandle9GetConfigEv
                0x08000c1c        0x8 /Users/joyo/dazed-and-con-fielded/External/libDaisy/build/libdaisy.a(audio.o)
                0x08000c1c                daisy::AudioHandle::GetConfig() const
 .text._ZN5daisy11AudioHandle13GetSampleRateEv
                0x08000c24        0x8 /Users/joyo/dazed-and-con-fielded/External/libDaisy/build/libdaisy.a(audio.o)
                0x08000c24                daisy::AudioHandle::GetSampleRate()
 .text.startup._GLOBAL__sub_I__ZN5daisy11AudioHandle4Impl4InitENS0_6ConfigENS_9SaiHandleE
                0x08000c2c       0x24 /Users/joyo/dazed-and-con-fielded/External/libDaisy/build/libdaisy.a(audio.o)
 .text._ZN5daisy4GPIO4InitERKNS0_6ConfigE
                0x08000c50      0x1cc /Users/joyo/dazed-and-con-fielded/External/libDaisy/build/libdaisy.a(gpio.o)
                0x08000c50                daisy::GPIO::Init(daisy::GPIO::Config const&)
 .text._ZN5daisy4GPIO4InitENS_3PinENS0_4ModeENS0_4PullENS0_5SpeedE
                0x08000e1c      0x1cc /Users/joyo/dazed-and-con-fielded/External/libDaisy/build/libdaisy.a(gpio.o)
                0x08000e1c                daisy::GPIO::Init(daisy::Pin, daisy::GPIO::Mode, daisy::GPIO::Pull, daisy::GPIO::Speed)
 .text._ZN5daisy4GPIO4ReadEv
                0x08000fe8       0x18 /Users/joyo/dazed-and-con-fielded/External/libDaisy/build/libdaisy.a(gpio.o)
                0x08000fe8                daisy::GPIO::Read()
 .text._ZN5daisy4GPIO5WriteEb
                0x08001000       0x14 /Users/joyo/dazed-and-con-fielded/External/libDaisy/build/libdaisy.a(gpio.o)
                0x08001000                daisy::GPIO::Write(bool)
 .text._ZN5daisy9I2CHandle4Impl8InitPinsEv
                0x08001014       0x70 /Users/joyo/dazed-and-con-fielded/External/libDaisy/build/libdaisy.a(i2c.o)
                0x08001014                daisy::I2CHandle::Impl::InitPins()
 .text.HAL_I2C_MspInit
                0x08001084      0x1b4 /Users/joyo/dazed-and-con-fielded/External/libDaisy/build/libdaisy.a(i2c.o)
                0x08001084                HAL_I2C_MspInit
 .text.dsy_i2c_global_init
                0x08001238       0x78 /Users/joyo/dazed-and-con-fielded/External/libDaisy/build/libdaisy.a(i2c.o)
                0x08001238                dsy_i2c_global_init
 .text.DMA1_Stream6_IRQHandler
                0x080012b0       0x34 /Users/joyo/dazed-and-con-fielded/External/libDaisy/build/libdaisy.a(i2c.o)
                0x080012b0                DMA1_Stream6_IRQHandler
 .text.I2C1_EV_IRQHandler
                0x080012e4        0xc /Users/joyo/dazed-and-con-fielded/External/libDaisy/build/libdaisy.a(i2c.o)
                0x080012e4                I2C1_EV_IRQHandler
 .text.I2C2_EV_IRQHandler
                0x080012f0        0xc /Users/joyo/dazed-and-con-fielded/External/libDaisy/build/libdaisy.a(i2c.o)
                0x080012f0                I2C2_EV_IRQHandler
 .text.I2C3_EV_IRQHandler
                0x080012fc        0xc /Users/joyo/dazed-and-con-fielded/External/libDaisy/build/libdaisy.a(i2c.o)
                0x080012fc                I2C3_EV_IRQHandler
 .text._ZN5daisy9I2CHandle4InitERKNS0_6ConfigE
                0x08001308      0x130 /Users/joyo/dazed-and-con-fielded/External/libDaisy/build/libdaisy.a(i2c.o)
                0x08001308                daisy::I2CHandle::Init(daisy::I2CHandle::Config const&)
 .text._ZN5daisy9I2CHandle16TransmitBlockingEtPhtm
                0x08001438       0x50 /Users/joyo/dazed-and-con-fielded/External/libDaisy/build/libdaisy.a(i2c.o)
                0x08001438                daisy::I2CHandle::TransmitBlocking(unsigned short, unsigned char*, unsigned short, unsigned long)
 .text.startup._GLOBAL__sub_I__ZN5daisy9I2CHandle4Impl10GlobalInitEv
                0x08001488       0x2c /Users/joyo/dazed-and-con-fielded/External/libDaisy/build/libdaisy.a(i2c.o)
 .text._ZN5daisy10QSPIHandle4Impl11WriteEnableEv
                0x080014b4       0x8c /Users/joyo/dazed-and-con-fielded/External/libDaisy/build/libdaisy.a(qspi.o)
                0x080014b4                daisy::QSPIHandle::Impl::WriteEnable()
 .text._ZN5daisy10QSPIHandle4Impl17DummyCyclesConfigENS0_6Config6DeviceE
                0x08001540      0x118 /Users/joyo/dazed-and-con-fielded/External/libDaisy/build/libdaisy.a(qspi.o)
                0x08001540                daisy::QSPIHandle::Impl::DummyCyclesConfig(daisy::QSPIHandle::Config::Device)
 .text._ZN5daisy10QSPIHandle4Impl10QuadEnableEv
                0x08001658      0x168 /Users/joyo/dazed-and-con-fielded/External/libDaisy/build/libdaisy.a(qspi.o)
                0x08001658                daisy::QSPIHandle::Impl::QuadEnable()
 .text._ZN5daisy10QSPIHandle4Impl21DefaultStatusRegisterEv
                0x080017c0      0x158 /Users/joyo/dazed-and-con-fielded/External/libDaisy/build/libdaisy.a(qspi.o)
                0x080017c0                daisy::QSPIHandle::Impl::DefaultStatusRegister()
 .text._ZN5daisy10QSPIHandle4Impl7PreInitEm
                0x08001918      0x198 /Users/joyo/dazed-and-con-fielded/External/libDaisy/build/libdaisy.a(qspi.o)
                0x08001918                daisy::QSPIHandle::Impl::PreInit(unsigned long)
 .text._ZN5daisy10QSPIHandle4InitERKNS0_6ConfigE
                0x08001ab0      0x1b4 /Users/joyo/dazed-and-con-fielded/External/libDaisy/build/libdaisy.a(qspi.o)
                0x08001ab0                daisy::QSPIHandle::Init(daisy::QSPIHandle::Config const&)
 .text.HAL_QSPI_MspInit
                0x08001c64      0x194 /Users/joyo/dazed-and-con-fielded/External/libDaisy/build/libdaisy.a(qspi.o)
                0x08001c64                HAL_QSPI_MspInit
 .text.HAL_QSPI_MspDeInit
                0x08001df8       0x7c /Users/joyo/dazed-and-con-fielded/External/libDaisy/build/libdaisy.a(qspi.o)
                0x08001df8                HAL_QSPI_MspDeInit
 .text.QUADSPI_IRQHandler
                0x08001e74        0xc /Users/joyo/dazed-and-con-fielded/External/libDaisy/build/libdaisy.a(qspi.o)
                0x08001e74                QUADSPI_IRQHandler
 .text.startup._GLOBAL__sub_I__ZN5daisy10QSPIHandle4Impl7PreInitEm
                0x08001e80       0x40 /Users/joyo/dazed-and-con-fielded/External/libDaisy/build/libdaisy.a(qspi.o)
 .text._ZN5daisy9SaiHandle4Impl7InitDmaENS1_15PeripheralBlockE
                0x08001ec0       0xa0 /Users/joyo/dazed-and-con-fielded/External/libDaisy/build/libdaisy.a(sai.o)
                0x08001ec0                daisy::SaiHandle::Impl::InitDma(daisy::SaiHandle::Impl::PeripheralBlock)
 .text._ZN5daisy9SaiHandle4Impl8InitPinsEv
                0x08001f60       0xbc /Users/joyo/dazed-and-con-fielded/External/libDaisy/build/libdaisy.a(sai.o)
                0x08001f60                daisy::SaiHandle::Impl::InitPins()
 .text.HAL_SAI_MspInit
                0x0800201c      0x164 /Users/joyo/dazed-and-con-fielded/External/libDaisy/build/libdaisy.a(sai.o)
                0x0800201c                HAL_SAI_MspInit
 .text.DMA1_Stream0_IRQHandler
                0x08002180        0xc /Users/joyo/dazed-and-con-fielded/External/libDaisy/build/libdaisy.a(sai.o)
                0x08002180                DMA1_Stream0_IRQHandler
 .text.DMA1_Stream1_IRQHandler
                0x0800218c        0xc /Users/joyo/dazed-and-con-fielded/External/libDaisy/build/libdaisy.a(sai.o)
                0x0800218c                DMA1_Stream1_IRQHandler
 .text.DMA1_Stream3_IRQHandler
                0x08002198        0xc /Users/joyo/dazed-and-con-fielded/External/libDaisy/build/libdaisy.a(sai.o)
                0x08002198                DMA1_Stream3_IRQHandler
 .text.DMA1_Stream4_IRQHandler
                0x080021a4        0xc /Users/joyo/dazed-and-con-fielded/External/libDaisy/build/libdaisy.a(sai.o)
                0x080021a4                DMA1_Stream4_IRQHandler
 .text._ZN5daisy9SaiHandle4InitERKNS0_6ConfigE
                0x080021b0      0x1f0 /Users/joyo/dazed-and-con-fielded/External/libDaisy/build/libdaisy.a(sai.o)
                0x080021b0                daisy::SaiHandle::Init(daisy::SaiHandle::Config const&)
 .text._ZNK5daisy9SaiHandle9GetConfigEv
                0x080023a0        0x4 /Users/joyo/dazed-and-con-fielded/External/libDaisy/build/libdaisy.a(sai.o)
                0x080023a0                daisy::SaiHandle::GetConfig() const
 .text._ZN5daisy9SaiHandle13GetSampleRateEv
                0x080023a4       0x24 /Users/joyo/dazed-and-con-fielded/External/libDaisy/build/libdaisy.a(sai.o)
                0x080023a4                daisy::SaiHandle::GetSampleRate()
 .text.startup._GLOBAL__sub_I__ZN5daisy9SaiHandle4Impl4InitERKNS0_6ConfigE
                0x080023c8       0x20 /Users/joyo/dazed-and-con-fielded/External/libDaisy/build/libdaisy.a(sai.o)
 .text._ZN5daisy11TimerHandleD2Ev
                0x080023e8        0x4 /Users/joyo/dazed-and-con-fielded/External/libDaisy/build/libdaisy.a(system.o)
                0x080023e8                daisy::TimerHandle::~TimerHandle()
                0x080023e8                daisy::TimerHandle::~TimerHandle()
 .text.SysTick_Handler
                0x080023ec       0x10 /Users/joyo/dazed-and-con-fielded/External/libDaisy/build/libdaisy.a(system.o)
                0x080023ec                SysTick_Handler
 .text.OTG_HS_EP1_OUT_IRQHandler
                0x080023fc       0x24 /Users/joyo/dazed-and-con-fielded/External/libDaisy/build/libdaisy.a(system.o)
                0x080023fc                OTG_HS_EP1_OUT_IRQHandler
 .text.OTG_HS_EP1_IN_IRQHandler
                0x08002420       0x24 /Users/joyo/dazed-and-con-fielded/External/libDaisy/build/libdaisy.a(system.o)
                0x08002420                OTG_HS_EP1_IN_IRQHandler
 .text.OTG_HS_IRQHandler
                0x08002444       0x24 /Users/joyo/dazed-and-con-fielded/External/libDaisy/build/libdaisy.a(system.o)
                0x08002444                OTG_HS_IRQHandler
 .text.HardFault_Handler
                0x08002468       0xe0 /Users/joyo/dazed-and-con-fielded/External/libDaisy/build/libdaisy.a(system.o)
                0x08002468                HardFault_Handler
 .text._ZN5daisy6System5DelayEm
                0x08002548        0x4 /Users/joyo/dazed-and-con-fielded/External/libDaisy/build/libdaisy.a(system.o)
                0x08002548                daisy::System::Delay(unsigned long)
 .text._ZN5daisy6System20GetBootloaderVersionEv
                0x0800254c       0x34 /Users/joyo/dazed-and-con-fielded/External/libDaisy/build/libdaisy.a(system.o)
                0x0800254c                daisy::System::GetBootloaderVersion()
 .text._ZN5daisy6System15ConfigureClocksEv
                0x08002580      0x1a4 /Users/joyo/dazed-and-con-fielded/External/libDaisy/build/libdaisy.a(system.o)
                0x08002580                daisy::System::ConfigureClocks()
 .text._ZN5daisy6System12ConfigureMpuEv
                0x08002724       0x7c /Users/joyo/dazed-and-con-fielded/External/libDaisy/build/libdaisy.a(system.o)
                0x08002724                daisy::System::ConfigureMpu()
 .text._ZN5daisy6System4InitERKNS0_6ConfigE
                0x080027a0       0xf8 /Users/joyo/dazed-and-con-fielded/External/libDaisy/build/libdaisy.a(system.o)
                0x080027a0                daisy::System::Init(daisy::System::Config const&)
 .text._ZN5daisy6System12GetPClk1FreqEv
                0x08002898        0x4 /Users/joyo/dazed-and-con-fielded/External/libDaisy/build/libdaisy.a(system.o)
                0x08002898                daisy::System::GetPClk1Freq()
 .text._ZN5daisy6System22GetProgramMemoryRegionEv
                0x0800289c       0x78 /Users/joyo/dazed-and-con-fielded/External/libDaisy/build/libdaisy.a(system.o)
                0x0800289c                daisy::System::GetProgramMemoryRegion()
 .text.startup._GLOBAL__sub_I__ZN5daisy9boot_infoE
                0x08002914       0x1c /Users/joyo/dazed-and-con-fielded/External/libDaisy/build/libdaisy.a(system.o)
 .text.SystemInit
                0x08002930       0x9c /Users/joyo/dazed-and-con-fielded/External/libDaisy/build/libdaisy.a(system_stm32h7xx.o)
                0x08002930                SystemInit
 .text.HAL_PCD_SetupStageCallback
                0x080029cc        0xc /Users/joyo/dazed-and-con-fielded/External/libDaisy/build/libdaisy.a(usbd_conf.o)
                0x080029cc                HAL_PCD_SetupStageCallback
 .text.HAL_PCD_DataOutStageCallback
                0x080029d8       0x14 /Users/joyo/dazed-and-con-fielded/External/libDaisy/build/libdaisy.a(usbd_conf.o)
                0x080029d8                HAL_PCD_DataOutStageCallback
 .text.HAL_PCD_DataInStageCallback
                0x080029ec       0x14 /Users/joyo/dazed-and-con-fielded/External/libDaisy/build/libdaisy.a(usbd_conf.o)
                0x080029ec                HAL_PCD_DataInStageCallback
 .text.HAL_PCD_SOFCallback
                0x08002a00        0x8 /Users/joyo/dazed-and-con-fielded/External/libDaisy/build/libdaisy.a(usbd_conf.o)
                0x08002a00                HAL_PCD_SOFCallback
 .text.HAL_PCD_ResetCallback
                0x08002a08       0x24 /Users/joyo/dazed-and-con-fielded/External/libDaisy/build/libdaisy.a(usbd_conf.o)
                0x08002a08                HAL_PCD_ResetCallback
 .text.HAL_PCD_SuspendCallback
                0x08002a2c       0x30 /Users/joyo/dazed-and-con-fielded/External/libDaisy/build/libdaisy.a(usbd_conf.o)
                0x08002a2c                HAL_PCD_SuspendCallback
 .text.HAL_PCD_ResumeCallback
                0x08002a5c        0x8 /Users/joyo/dazed-and-con-fielded/External/libDaisy/build/libdaisy.a(usbd_conf.o)
                0x08002a5c                HAL_PCD_ResumeCallback
 .text.HAL_PCD_ISOOUTIncompleteCallback
                0x08002a64        0x8 /Users/joyo/dazed-and-con-fielded/External/libDaisy/build/libdaisy.a(usbd_conf.o)
                0x08002a64                HAL_PCD_ISOOUTIncompleteCallback
 .text.HAL_PCD_ISOINIncompleteCallback
                0x08002a6c        0x8 /Users/joyo/dazed-and-con-fielded/External/libDaisy/build/libdaisy.a(usbd_conf.o)
                0x08002a6c                HAL_PCD_ISOINIncompleteCallback
 .text.HAL_PCD_ConnectCallback
                0x08002a74        0x8 /Users/joyo/dazed-and-con-fielded/External/libDaisy/build/libdaisy.a(usbd_conf.o)
                0x08002a74                HAL_PCD_ConnectCallback
 .text.HAL_PCD_DisconnectCallback
                0x08002a7c        0x8 /Users/joyo/dazed-and-con-fielded/External/libDaisy/build/libdaisy.a(usbd_conf.o)
                0x08002a7c                HAL_PCD_DisconnectCallback
 .text.USBD_LL_OpenEP
                0x08002a84       0x24 /Users/joyo/dazed-and-con-fielded/External/libDaisy/build/libdaisy.a(usbd_conf.o)
                0x08002a84                USBD_LL_OpenEP
 .text.USBD_LL_StallEP
                0x08002aa8       0x1c /Users/joyo/dazed-and-con-fielded/External/libDaisy/build/libdaisy.a(usbd_conf.o)
                0x08002aa8                USBD_LL_StallEP
 .text.USBD_LL_ClearStallEP
                0x08002ac4       0x1c /Users/joyo/dazed-and-con-fielded/External/libDaisy/build/libdaisy.a(usbd_conf.o)
                0x08002ac4                USBD_LL_ClearStallEP
 .text.USBD_LL_IsStallEP
                0x08002ae0       0x28 /Users/joyo/dazed-and-con-fielded/External/libDaisy/build/libdaisy.a(usbd_conf.o)
                0x08002ae0                USBD_LL_IsStallEP
 .text.USBD_LL_SetUSBAddress
                0x08002b08       0x1c /Users/joyo/dazed-and-con-fielded/External/libDaisy/build/libdaisy.a(usbd_conf.o)
                0x08002b08                USBD_LL_SetUSBAddress
 .text.USBD_LL_Transmit
                0x08002b24       0x1c /Users/joyo/dazed-and-con-fielded/External/libDaisy/build/libdaisy.a(usbd_conf.o)
                0x08002b24                USBD_LL_Transmit
 .text.USBD_LL_PrepareReceive
                0x08002b40       0x1c /Users/joyo/dazed-and-con-fielded/External/libDaisy/build/libdaisy.a(usbd_conf.o)
                0x08002b40                USBD_LL_PrepareReceive
 .text.HAL_HCD_SOF_Callback
                0x08002b5c        0x8 /Users/joyo/dazed-and-con-fielded/External/libDaisy/build/libdaisy.a(usbh_conf.o)
                0x08002b5c                HAL_HCD_SOF_Callback
 .text.HAL_HCD_Connect_Callback
                0x08002b64        0x8 /Users/joyo/dazed-and-con-fielded/External/libDaisy/build/libdaisy.a(usbh_conf.o)
                0x08002b64                HAL_HCD_Connect_Callback
 .text.HAL_HCD_Disconnect_Callback
                0x08002b6c        0x8 /Users/joyo/dazed-and-con-fielded/External/libDaisy/build/libdaisy.a(usbh_conf.o)
                0x08002b6c                HAL_HCD_Disconnect_Callback
 .text.HAL_HCD_HC_NotifyURBChange_Callback
                0x08002b74        0x4 /Users/joyo/dazed-and-con-fielded/External/libDaisy/build/libdaisy.a(usbh_conf.o)
                0x08002b74                HAL_HCD_HC_NotifyURBChange_Callback
 .text.HAL_HCD_PortEnabled_Callback
                0x08002b78        0x8 /Users/joyo/dazed-and-con-fielded/External/libDaisy/build/libdaisy.a(usbh_conf.o)
                0x08002b78                HAL_HCD_PortEnabled_Callback
 .text.HAL_HCD_PortDisabled_Callback
                0x08002b80        0x8 /Users/joyo/dazed-and-con-fielded/External/libDaisy/build/libdaisy.a(usbh_conf.o)
                0x08002b80                HAL_HCD_PortDisabled_Callback
 .text.USBH_LL_Stop
                0x08002b88       0x1c /Users/joyo/dazed-and-con-fielded/External/libDaisy/build/libdaisy.a(usbh_conf.o)
                0x08002b88                USBH_LL_Stop
 .text.HAL_MspInit
                0x08002ba4        0x4 /Users/joyo/dazed-and-con-fielded/External/libDaisy/build/libdaisy.a(stm32h7xx_hal.o)
                0x08002ba4                HAL_MspInit
 .text.HAL_InitTick
                0x08002ba8       0x4c /Users/joyo/dazed-and-con-fielded/External/libDaisy/build/libdaisy.a(stm32h7xx_hal.o)
                0x08002ba8                HAL_InitTick
 .text.HAL_Init
                0x08002bf4       0x60 /Users/joyo/dazed-and-con-fielded/External/libDaisy/build/libdaisy.a(stm32h7xx_hal.o)
                0x08002bf4                HAL_Init
 .text.HAL_IncTick
                0x08002c54       0x18 /Users/joyo/dazed-and-con-fielded/External/libDaisy/build/libdaisy.a(stm32h7xx_hal.o)
                0x08002c54                HAL_IncTick
 .text.HAL_GetTick
                0x08002c6c        0xc /Users/joyo/dazed-and-con-fielded/External/libDaisy/build/libdaisy.a(stm32h7xx_hal.o)
                0x08002c6c                HAL_GetTick
 .text.HAL_Delay
                0x08002c78       0x24 /Users/joyo/dazed-and-con-fielded/External/libDaisy/build/libdaisy.a(stm32h7xx_hal.o)
                0x08002c78                HAL_Delay
 .text.HAL_GetREVID
                0x08002c9c        0xc /Users/joyo/dazed-and-con-fielded/External/libDaisy/build/libdaisy.a(stm32h7xx_hal.o)
                0x08002c9c                HAL_GetREVID
 .text.HAL_NVIC_SetPriorityGrouping
                0x08002ca8       0x24 /Users/joyo/dazed-and-con-fielded/External/libDaisy/build/libdaisy.a(stm32h7xx_hal_cortex.o)
                0x08002ca8                HAL_NVIC_SetPriorityGrouping
 .text.HAL_NVIC_SetPriority
                0x08002ccc       0x7c /Users/joyo/dazed-and-con-fielded/External/libDaisy/build/libdaisy.a(stm32h7xx_hal_cortex.o)
                0x08002ccc                HAL_NVIC_SetPriority
 .text.HAL_NVIC_EnableIRQ
                0x08002d48       0x1c /Users/joyo/dazed-and-con-fielded/External/libDaisy/build/libdaisy.a(stm32h7xx_hal_cortex.o)
                0x08002d48                HAL_NVIC_EnableIRQ
 .text.HAL_NVIC_DisableIRQ
                0x08002d64       0x28 /Users/joyo/dazed-and-con-fielded/External/libDaisy/build/libdaisy.a(stm32h7xx_hal_cortex.o)
                0x08002d64                HAL_NVIC_DisableIRQ
 .text.HAL_SYSTICK_Config
                0x08002d8c       0x2c /Users/joyo/dazed-and-con-fielded/External/libDaisy/build/libdaisy.a(stm32h7xx_hal_cortex.o)
                0x08002d8c                HAL_SYSTICK_Config
 .text.HAL_MPU_Disable
                0x08002db8       0x1c /Users/joyo/dazed-and-con-fielded/External/libDaisy/build/libdaisy.a(stm32h7xx_hal_cortex.o)
                0x08002db8                HAL_MPU_Disable
 .text.HAL_MPU_Enable
                0x08002dd4       0x20 /Users/joyo/dazed-and-con-fielded/External/libDaisy/build/libdaisy.a(stm32h7xx_hal_cortex.o)
                0x08002dd4                HAL_MPU_Enable
 .text.HAL_MPU_ConfigRegion
                0x08002df4       0x64 /Users/joyo/dazed-and-con-fielded/External/libDaisy/build/libdaisy.a(stm32h7xx_hal_cortex.o)
                0x08002df4                HAL_MPU_ConfigRegion
 .text.HAL_SYSTICK_Callback
                0x08002e58        0x4 /Users/joyo/dazed-and-con-fielded/External/libDaisy/build/libdaisy.a(stm32h7xx_hal_cortex.o)
                0x08002e58                HAL_SYSTICK_Callback
 .text.HAL_SYSTICK_IRQHandler
                0x08002e5c        0x8 /Users/joyo/dazed-and-con-fielded/External/libDaisy/build/libdaisy.a(stm32h7xx_hal_cortex.o)
                0x08002e5c                HAL_SYSTICK_IRQHandler
 .text.DMA_CalcBaseAndBitshift
                0x08002e64       0xf4 /Users/joyo/dazed-and-con-fielded/External/libDaisy/build/libdaisy.a(stm32h7xx_hal_dma.o)
 .text.DMA_CalcDMAMUXChannelBaseAndMask
                0x08002f58       0xd8 /Users/joyo/dazed-and-con-fielded/External/libDaisy/build/libdaisy.a(stm32h7xx_hal_dma.o)
 .text.HAL_DMA_Init
                0x08003030      0x4dc /Users/joyo/dazed-and-con-fielded/External/libDaisy/build/libdaisy.a(stm32h7xx_hal_dma.o)
                0x08003030                HAL_DMA_Init
 .text.HAL_DMA_Start_IT
                0x0800350c      0x330 /Users/joyo/dazed-and-con-fielded/External/libDaisy/build/libdaisy.a(stm32h7xx_hal_dma.o)
                0x0800350c                HAL_DMA_Start_IT
 .text.HAL_DMA_Abort
                0x0800383c      0x2f0 /Users/joyo/dazed-and-con-fielded/External/libDaisy/build/libdaisy.a(stm32h7xx_hal_dma.o)
                0x0800383c                HAL_DMA_Abort
 .text.HAL_DMA_Abort_IT
                0x08003b2c      0x194 /Users/joyo/dazed-and-con-fielded/External/libDaisy/build/libdaisy.a(stm32h7xx_hal_dma.o)
                0x08003b2c                HAL_DMA_Abort_IT
 .text.HAL_DMA_IRQHandler
                0x08003cc0      0x6a0 /Users/joyo/dazed-and-con-fielded/External/libDaisy/build/libdaisy.a(stm32h7xx_hal_dma.o)
                0x08003cc0                HAL_DMA_IRQHandler
 .text.HAL_DMA_GetError
                0x08004360        0x4 /Users/joyo/dazed-and-con-fielded/External/libDaisy/build/libdaisy.a(stm32h7xx_hal_dma.o)
                0x08004360                HAL_DMA_GetError
 .text.HAL_GPIO_Init
                0x08004364      0x274 /Users/joyo/dazed-and-con-fielded/External/libDaisy/build/libdaisy.a(stm32h7xx_hal_gpio.o)
                0x08004364                HAL_GPIO_Init
 .text.HAL_GPIO_DeInit
                0x080045d8      0x190 /Users/joyo/dazed-and-con-fielded/External/libDaisy/build/libdaisy.a(stm32h7xx_hal_gpio.o)
                0x080045d8                HAL_GPIO_DeInit
 .text.HAL_GPIO_ReadPin
                0x08004768        0xc /Users/joyo/dazed-and-con-fielded/External/libDaisy/build/libdaisy.a(stm32h7xx_hal_gpio.o)
                0x08004768                HAL_GPIO_ReadPin
 .text.HAL_GPIO_WritePin
                0x08004774        0x8 /Users/joyo/dazed-and-con-fielded/External/libDaisy/build/libdaisy.a(stm32h7xx_hal_gpio.o)
                0x08004774                HAL_GPIO_WritePin
 .text.HAL_HCD_IRQHandler
                0x0800477c      0x8f4 /Users/joyo/dazed-and-con-fielded/External/libDaisy/build/libdaisy.a(stm32h7xx_hal_hcd.o)
                0x0800477c                HAL_HCD_IRQHandler
 .text.HAL_HCD_Stop
                0x08005070       0x28 /Users/joyo/dazed-and-con-fielded/External/libDaisy/build/libdaisy.a(stm32h7xx_hal_hcd.o)
                0x08005070                HAL_HCD_Stop
 .text.I2C_WaitOnTXISFlagUntilTimeout
                0x08005098      0x16c /Users/joyo/dazed-and-con-fielded/External/libDaisy/build/libdaisy.a(stm32h7xx_hal_i2c.o)
 .text.I2C_WaitOnSTOPFlagUntilTimeout
                0x08005204      0x168 /Users/joyo/dazed-and-con-fielded/External/libDaisy/build/libdaisy.a(stm32h7xx_hal_i2c.o)
 .text.HAL_I2C_Init
                0x0800536c       0xac /Users/joyo/dazed-and-con-fielded/External/libDaisy/build/libdaisy.a(stm32h7xx_hal_i2c.o)
                0x0800536c                HAL_I2C_Init
 .text.HAL_I2C_Master_Transmit
                0x08005418      0x37c /Users/joyo/dazed-and-con-fielded/External/libDaisy/build/libdaisy.a(stm32h7xx_hal_i2c.o)
                0x08005418                HAL_I2C_Master_Transmit
 .text.HAL_I2C_Slave_Transmit
                0x08005794      0x254 /Users/joyo/dazed-and-con-fielded/External/libDaisy/build/libdaisy.a(stm32h7xx_hal_i2c.o)
                0x08005794                HAL_I2C_Slave_Transmit
 .text.HAL_I2C_EV_IRQHandler
                0x080059e8       0x10 /Users/joyo/dazed-and-con-fielded/External/libDaisy/build/libdaisy.a(stm32h7xx_hal_i2c.o)
                0x080059e8                HAL_I2C_EV_IRQHandler
 .text.HAL_I2C_GetState
                0x080059f8        0x8 /Users/joyo/dazed-and-con-fielded/External/libDaisy/build/libdaisy.a(stm32h7xx_hal_i2c.o)
                0x080059f8                HAL_I2C_GetState
 .text.HAL_I2CEx_ConfigAnalogFilter
                0x08005a00       0x54 /Users/joyo/dazed-and-con-fielded/External/libDaisy/build/libdaisy.a(stm32h7xx_hal_i2c_ex.o)
                0x08005a00                HAL_I2CEx_ConfigAnalogFilter
 .text.HAL_I2CEx_ConfigDigitalFilter
                0x08005a54       0x58 /Users/joyo/dazed-and-con-fielded/External/libDaisy/build/libdaisy.a(stm32h7xx_hal_i2c_ex.o)
                0x08005a54                HAL_I2CEx_ConfigDigitalFilter
 .text.HAL_PCD_IRQHandler
                0x08005aac      0xb48 /Users/joyo/dazed-and-con-fielded/External/libDaisy/build/libdaisy.a(stm32h7xx_hal_pcd.o)
                0x08005aac                HAL_PCD_IRQHandler
 .text.HAL_PCD_SetAddress
                0x080065f4       0x2c /Users/joyo/dazed-and-con-fielded/External/libDaisy/build/libdaisy.a(stm32h7xx_hal_pcd.o)
                0x080065f4                HAL_PCD_SetAddress
 .text.HAL_PCD_EP_Open
                0x08006620       0x7c /Users/joyo/dazed-and-con-fielded/External/libDaisy/build/libdaisy.a(stm32h7xx_hal_pcd.o)
                0x08006620                HAL_PCD_EP_Open
 .text.HAL_PCD_EP_Receive
                0x0800669c       0x44 /Users/joyo/dazed-and-con-fielded/External/libDaisy/build/libdaisy.a(stm32h7xx_hal_pcd.o)
                0x0800669c                HAL_PCD_EP_Receive
 .text.HAL_PCD_EP_Transmit
                0x080066e0       0x44 /Users/joyo/dazed-and-con-fielded/External/libDaisy/build/libdaisy.a(stm32h7xx_hal_pcd.o)
                0x080066e0                HAL_PCD_EP_Transmit
 .text.HAL_PCD_EP_SetStall
                0x08006724       0x88 /Users/joyo/dazed-and-con-fielded/External/libDaisy/build/libdaisy.a(stm32h7xx_hal_pcd.o)
                0x08006724                HAL_PCD_EP_SetStall
 .text.HAL_PCD_EP_ClrStall
                0x080067ac       0x78 /Users/joyo/dazed-and-con-fielded/External/libDaisy/build/libdaisy.a(stm32h7xx_hal_pcd.o)
                0x080067ac                HAL_PCD_EP_ClrStall
 .text.HAL_PCDEx_LPM_Callback
                0x08006824        0x4 /Users/joyo/dazed-and-con-fielded/External/libDaisy/build/libdaisy.a(stm32h7xx_hal_pcd_ex.o)
                0x08006824                HAL_PCDEx_LPM_Callback
 .text.HAL_PWREx_ConfigSupply
                0x08006828       0x48 /Users/joyo/dazed-and-con-fielded/External/libDaisy/build/libdaisy.a(stm32h7xx_hal_pwr_ex.o)
                0x08006828                HAL_PWREx_ConfigSupply
 .text.HAL_PWREx_EnableUSBVoltageDetector
                0x08006870       0x10 /Users/joyo/dazed-and-con-fielded/External/libDaisy/build/libdaisy.a(stm32h7xx_hal_pwr_ex.o)
                0x08006870                HAL_PWREx_EnableUSBVoltageDetector
 .text.QSPI_Config
                0x08006880      0x174 /Users/joyo/dazed-and-con-fielded/External/libDaisy/build/libdaisy.a(stm32h7xx_hal_qspi.o)
 .text.HAL_QSPI_Init
                0x080069f4       0xb8 /Users/joyo/dazed-and-con-fielded/External/libDaisy/build/libdaisy.a(stm32h7xx_hal_qspi.o)
                0x080069f4                HAL_QSPI_Init
 .text.HAL_QSPI_DeInit
                0x08006aac       0x24 /Users/joyo/dazed-and-con-fielded/External/libDaisy/build/libdaisy.a(stm32h7xx_hal_qspi.o)
                0x08006aac                HAL_QSPI_DeInit
 .text.HAL_QSPI_Command
                0x08006ad0       0xd4 /Users/joyo/dazed-and-con-fielded/External/libDaisy/build/libdaisy.a(stm32h7xx_hal_qspi.o)
                0x08006ad0                HAL_QSPI_Command
 .text.HAL_QSPI_Transmit
                0x08006ba4       0xfc /Users/joyo/dazed-and-con-fielded/External/libDaisy/build/libdaisy.a(stm32h7xx_hal_qspi.o)
                0x08006ba4                HAL_QSPI_Transmit
 .text.HAL_QSPI_Receive
                0x08006ca0      0x108 /Users/joyo/dazed-and-con-fielded/External/libDaisy/build/libdaisy.a(stm32h7xx_hal_qspi.o)
                0x08006ca0                HAL_QSPI_Receive
 .text.HAL_QSPI_AutoPolling
                0x08006da8       0xf0 /Users/joyo/dazed-and-con-fielded/External/libDaisy/build/libdaisy.a(stm32h7xx_hal_qspi.o)
                0x08006da8                HAL_QSPI_AutoPolling
 .text.HAL_QSPI_MemoryMapped
                0x08006e98       0xc0 /Users/joyo/dazed-and-con-fielded/External/libDaisy/build/libdaisy.a(stm32h7xx_hal_qspi.o)
                0x08006e98                HAL_QSPI_MemoryMapped
 .text.HAL_QSPI_ErrorCallback
                0x08006f58        0x4 /Users/joyo/dazed-and-con-fielded/External/libDaisy/build/libdaisy.a(stm32h7xx_hal_qspi.o)
                0x08006f58                HAL_QSPI_ErrorCallback
 .text.QSPI_DMAAbortCplt
                0x08006f5c       0x38 /Users/joyo/dazed-and-con-fielded/External/libDaisy/build/libdaisy.a(stm32h7xx_hal_qspi.o)
 .text.HAL_QSPI_AbortCpltCallback
                0x08006f94        0x4 /Users/joyo/dazed-and-con-fielded/External/libDaisy/build/libdaisy.a(stm32h7xx_hal_qspi.o)
                0x08006f94                HAL_QSPI_AbortCpltCallback
 .text.HAL_QSPI_CmdCpltCallback
                0x08006f98        0x4 /Users/joyo/dazed-and-con-fielded/External/libDaisy/build/libdaisy.a(stm32h7xx_hal_qspi.o)
                0x08006f98                HAL_QSPI_CmdCpltCallback
 .text.HAL_QSPI_RxCpltCallback
                0x08006f9c        0x4 /Users/joyo/dazed-and-con-fielded/External/libDaisy/build/libdaisy.a(stm32h7xx_hal_qspi.o)
                0x08006f9c                HAL_QSPI_RxCpltCallback
 .text.HAL_QSPI_TxCpltCallback
                0x08006fa0        0x4 /Users/joyo/dazed-and-con-fielded/External/libDaisy/build/libdaisy.a(stm32h7xx_hal_qspi.o)
                0x08006fa0                HAL_QSPI_TxCpltCallback
 .text.HAL_QSPI_FifoThresholdCallback
                0x08006fa4        0x4 /Users/joyo/dazed-and-con-fielded/External/libDaisy/build/libdaisy.a(stm32h7xx_hal_qspi.o)
                0x08006fa4                HAL_QSPI_FifoThresholdCallback
 .text.HAL_QSPI_StatusMatchCallback
                0x08006fa8        0x4 /Users/joyo/dazed-and-con-fielded/External/libDaisy/build/libdaisy.a(stm32h7xx_hal_qspi.o)
                0x08006fa8                HAL_QSPI_StatusMatchCallback
 .text.HAL_QSPI_TimeOutCallback
                0x08006fac        0x4 /Users/joyo/dazed-and-con-fielded/External/libDaisy/build/libdaisy.a(stm32h7xx_hal_qspi.o)
                0x08006fac                HAL_QSPI_TimeOutCallback
 .text.HAL_QSPI_IRQHandler
                0x08006fb0      0x210 /Users/joyo/dazed-and-con-fielded/External/libDaisy/build/libdaisy.a(stm32h7xx_hal_qspi.o)
                0x08006fb0                HAL_QSPI_IRQHandler
 .text.HAL_RCC_GetSysClockFreq.part.0
                0x080071c0      0x130 /Users/joyo/dazed-and-con-fielded/External/libDaisy/build/libdaisy.a(stm32h7xx_hal_rcc.o)
 .text.HAL_RCC_OscConfig
                0x080072f0      0x5f4 /Users/joyo/dazed-and-con-fielded/External/libDaisy/build/libdaisy.a(stm32h7xx_hal_rcc.o)
                0x080072f0                HAL_RCC_OscConfig
 .text.HAL_RCC_GetSysClockFreq
                0x080078e4      0x140 /Users/joyo/dazed-and-con-fielded/External/libDaisy/build/libdaisy.a(stm32h7xx_hal_rcc.o)
                0x080078e4                HAL_RCC_GetSysClockFreq
 .text.HAL_RCC_ClockConfig
                0x08007a24      0x250 /Users/joyo/dazed-and-con-fielded/External/libDaisy/build/libdaisy.a(stm32h7xx_hal_rcc.o)
                0x08007a24                HAL_RCC_ClockConfig
 .text.HAL_RCC_GetHCLKFreq
                0x08007c74       0x80 /Users/joyo/dazed-and-con-fielded/External/libDaisy/build/libdaisy.a(stm32h7xx_hal_rcc.o)
                0x08007c74                HAL_RCC_GetHCLKFreq
 .text.HAL_RCC_GetPCLK1Freq
                0x08007cf4       0x90 /Users/joyo/dazed-and-con-fielded/External/libDaisy/build/libdaisy.a(stm32h7xx_hal_rcc.o)
                0x08007cf4                HAL_RCC_GetPCLK1Freq
 .text.HAL_RCC_GetPCLK2Freq
                0x08007d84       0x90 /Users/joyo/dazed-and-con-fielded/External/libDaisy/build/libdaisy.a(stm32h7xx_hal_rcc.o)
                0x08007d84                HAL_RCC_GetPCLK2Freq
 .text.RCCEx_PLL2_Config
                0x08007e14       0xf4 /Users/joyo/dazed-and-con-fielded/External/libDaisy/build/libdaisy.a(stm32h7xx_hal_rcc_ex.o)
 .text.RCCEx_PLL3_Config
                0x08007f08       0xf4 /Users/joyo/dazed-and-con-fielded/External/libDaisy/build/libdaisy.a(stm32h7xx_hal_rcc_ex.o)
 .text.HAL_RCCEx_PeriphCLKConfig
                0x08007ffc      0xbf8 /Users/joyo/dazed-and-con-fielded/External/libDaisy/build/libdaisy.a(stm32h7xx_hal_rcc_ex.o)
                0x08007ffc                HAL_RCCEx_PeriphCLKConfig
 .text.HAL_RCCEx_GetD3PCLK1Freq
                0x08008bf4       0x24 /Users/joyo/dazed-and-con-fielded/External/libDaisy/build/libdaisy.a(stm32h7xx_hal_rcc_ex.o)
                0x08008bf4                HAL_RCCEx_GetD3PCLK1Freq
 .text.HAL_RCCEx_GetPLL2ClockFreq
                0x08008c18      0x17c /Users/joyo/dazed-and-con-fielded/External/libDaisy/build/libdaisy.a(stm32h7xx_hal_rcc_ex.o)
                0x08008c18                HAL_RCCEx_GetPLL2ClockFreq
 .text.HAL_RCCEx_GetPLL3ClockFreq
                0x08008d94      0x17c /Users/joyo/dazed-and-con-fielded/External/libDaisy/build/libdaisy.a(stm32h7xx_hal_rcc_ex.o)
                0x08008d94                HAL_RCCEx_GetPLL3ClockFreq
 .text.HAL_RCCEx_GetPLL1ClockFreq
                0x08008f10      0x18c /Users/joyo/dazed-and-con-fielded/External/libDaisy/build/libdaisy.a(stm32h7xx_hal_rcc_ex.o)
                0x08008f10                HAL_RCCEx_GetPLL1ClockFreq
 .text.HAL_RCCEx_GetPeriphCLKFreq
                0x0800909c      0x390 /Users/joyo/dazed-and-con-fielded/External/libDaisy/build/libdaisy.a(stm32h7xx_hal_rcc_ex.o)
                0x0800909c                HAL_RCCEx_GetPeriphCLKFreq
 .text.HAL_SAI_Init.part.0
                0x0800942c      0x390 /Users/joyo/dazed-and-con-fielded/External/libDaisy/build/libdaisy.a(stm32h7xx_hal_sai.o)
 .text.HAL_SAI_InitProtocol
                0x080097bc      0x174 /Users/joyo/dazed-and-con-fielded/External/libDaisy/build/libdaisy.a(stm32h7xx_hal_sai.o)
                0x080097bc                HAL_SAI_InitProtocol
 .text.HAL_SDRAM_Init
                0x08009930       0x54 /Users/joyo/dazed-and-con-fielded/External/libDaisy/build/libdaisy.a(stm32h7xx_hal_sdram.o)
                0x08009930                HAL_SDRAM_Init
 .text.HAL_SDRAM_SendCommand
                0x08009984       0x40 /Users/joyo/dazed-and-con-fielded/External/libDaisy/build/libdaisy.a(stm32h7xx_hal_sdram.o)
                0x08009984                HAL_SDRAM_SendCommand
 .text.HAL_SDRAM_ProgramRefreshRate
                0x080099c4       0x30 /Users/joyo/dazed-and-con-fielded/External/libDaisy/build/libdaisy.a(stm32h7xx_hal_sdram.o)
                0x080099c4                HAL_SDRAM_ProgramRefreshRate
 .text.FMC_SDRAM_Init
                0x080099f4       0x7c /Users/joyo/dazed-and-con-fielded/External/libDaisy/build/libdaisy.a(stm32h7xx_ll_fmc.o)
                0x080099f4                FMC_SDRAM_Init
 .text.FMC_SDRAM_Timing_Init
                0x08009a70       0x98 /Users/joyo/dazed-and-con-fielded/External/libDaisy/build/libdaisy.a(stm32h7xx_ll_fmc.o)
                0x08009a70                FMC_SDRAM_Timing_Init
 .text.FMC_SDRAM_SendCommand
                0x08009b08       0x30 /Users/joyo/dazed-and-con-fielded/External/libDaisy/build/libdaisy.a(stm32h7xx_ll_fmc.o)
                0x08009b08                FMC_SDRAM_SendCommand
 .text.FMC_SDRAM_ProgramRefreshRate
                0x08009b38       0x1c /Users/joyo/dazed-and-con-fielded/External/libDaisy/build/libdaisy.a(stm32h7xx_ll_fmc.o)
                0x08009b38                FMC_SDRAM_ProgramRefreshRate
 .text.USB_SetTurnaroundTime
                0x08009b54       0xf4 /Users/joyo/dazed-and-con-fielded/External/libDaisy/build/libdaisy.a(stm32h7xx_ll_usb.o)
                0x08009b54                USB_SetTurnaroundTime
 .text.USB_FlushTxFifo
                0x08009c48       0x54 /Users/joyo/dazed-and-con-fielded/External/libDaisy/build/libdaisy.a(stm32h7xx_ll_usb.o)
                0x08009c48                USB_FlushTxFifo
 .text.USB_FlushRxFifo
                0x08009c9c       0x50 /Users/joyo/dazed-and-con-fielded/External/libDaisy/build/libdaisy.a(stm32h7xx_ll_usb.o)
                0x08009c9c                USB_FlushRxFifo
 .text.USB_GetDevSpeed
                0x08009cec       0x18 /Users/joyo/dazed-and-con-fielded/External/libDaisy/build/libdaisy.a(stm32h7xx_ll_usb.o)
                0x08009cec                USB_GetDevSpeed
 .text.USB_ActivateEndpoint
                0x08009d04       0x90 /Users/joyo/dazed-and-con-fielded/External/libDaisy/build/libdaisy.a(stm32h7xx_ll_usb.o)
                0x08009d04                USB_ActivateEndpoint
 .text.USB_EPStartXfer
                0x08009d94      0x288 /Users/joyo/dazed-and-con-fielded/External/libDaisy/build/libdaisy.a(stm32h7xx_ll_usb.o)
                0x08009d94                USB_EPStartXfer
 .text.USB_EPStopXfer
                0x0800a01c       0x88 /Users/joyo/dazed-and-con-fielded/External/libDaisy/build/libdaisy.a(stm32h7xx_ll_usb.o)
                0x0800a01c                USB_EPStopXfer
 .text.USB_WritePacket
                0x0800a0a4       0x2c /Users/joyo/dazed-and-con-fielded/External/libDaisy/build/libdaisy.a(stm32h7xx_ll_usb.o)
                0x0800a0a4                USB_WritePacket
 .text.USB_ReadPacket
                0x0800a0d0       0x4c /Users/joyo/dazed-and-con-fielded/External/libDaisy/build/libdaisy.a(stm32h7xx_ll_usb.o)
                0x0800a0d0                USB_ReadPacket
 .text.USB_EPSetStall
                0x0800a11c       0x68 /Users/joyo/dazed-and-con-fielded/External/libDaisy/build/libdaisy.a(stm32h7xx_ll_usb.o)
                0x0800a11c                USB_EPSetStall
 .text.USB_EPClearStall
                0x0800a184       0x58 /Users/joyo/dazed-and-con-fielded/External/libDaisy/build/libdaisy.a(stm32h7xx_ll_usb.o)
                0x0800a184                USB_EPClearStall
 .text.USB_SetDevAddress
                0x0800a1dc       0x24 /Users/joyo/dazed-and-con-fielded/External/libDaisy/build/libdaisy.a(stm32h7xx_ll_usb.o)
                0x0800a1dc                USB_SetDevAddress
 .text.USB_ReadInterrupts
                0x0800a200        0x8 /Users/joyo/dazed-and-con-fielded/External/libDaisy/build/libdaisy.a(stm32h7xx_ll_usb.o)
                0x0800a200                USB_ReadInterrupts
 .text.USB_ReadChInterrupts
                0x0800a208       0x10 /Users/joyo/dazed-and-con-fielded/External/libDaisy/build/libdaisy.a(stm32h7xx_ll_usb.o)
                0x0800a208                USB_ReadChInterrupts
 .text.USB_ReadDevAllOutEpInterrupt
                0x0800a218       0x10 /Users/joyo/dazed-and-con-fielded/External/libDaisy/build/libdaisy.a(stm32h7xx_ll_usb.o)
                0x0800a218                USB_ReadDevAllOutEpInterrupt
 .text.USB_ReadDevAllInEpInterrupt
                0x0800a228       0x10 /Users/joyo/dazed-and-con-fielded/External/libDaisy/build/libdaisy.a(stm32h7xx_ll_usb.o)
                0x0800a228                USB_ReadDevAllInEpInterrupt
 .text.USB_ReadDevOutEPInterrupt
                0x0800a238       0x14 /Users/joyo/dazed-and-con-fielded/External/libDaisy/build/libdaisy.a(stm32h7xx_ll_usb.o)
                0x0800a238                USB_ReadDevOutEPInterrupt
 .text.USB_ReadDevInEPInterrupt
                0x0800a24c       0x20 /Users/joyo/dazed-and-con-fielded/External/libDaisy/build/libdaisy.a(stm32h7xx_ll_usb.o)
                0x0800a24c                USB_ReadDevInEPInterrupt
 .text.USB_GetMode
                0x0800a26c        0x8 /Users/joyo/dazed-and-con-fielded/External/libDaisy/build/libdaisy.a(stm32h7xx_ll_usb.o)
                0x0800a26c                USB_GetMode
 .text.USB_ActivateSetup
                0x0800a274       0x2c /Users/joyo/dazed-and-con-fielded/External/libDaisy/build/libdaisy.a(stm32h7xx_ll_usb.o)
                0x0800a274                USB_ActivateSetup
 .text.USB_EP0_OutStart
                0x0800a2a0       0x58 /Users/joyo/dazed-and-con-fielded/External/libDaisy/build/libdaisy.a(stm32h7xx_ll_usb.o)
                0x0800a2a0                USB_EP0_OutStart
 .text.USB_InitFSLSPClkSel
                0x0800a2f8       0x44 /Users/joyo/dazed-and-con-fielded/External/libDaisy/build/libdaisy.a(stm32h7xx_ll_usb.o)
                0x0800a2f8                USB_InitFSLSPClkSel
 .text.USB_HC_ReadInterrupt
                0x0800a33c        0x8 /Users/joyo/dazed-and-con-fielded/External/libDaisy/build/libdaisy.a(stm32h7xx_ll_usb.o)
                0x0800a33c                USB_HC_ReadInterrupt
 .text.USB_HC_Halt
                0x0800a344       0xe4 /Users/joyo/dazed-and-con-fielded/External/libDaisy/build/libdaisy.a(stm32h7xx_ll_usb.o)
                0x0800a344                USB_HC_Halt
 .text.USB_StopHost
                0x0800a428      0x1e4 /Users/joyo/dazed-and-con-fielded/External/libDaisy/build/libdaisy.a(stm32h7xx_ll_usb.o)
                0x0800a428                USB_StopHost
 .text.USBD_SetClassConfig
                0x0800a60c       0x10 /Users/joyo/dazed-and-con-fielded/External/libDaisy/build/libdaisy.a(usbd_core.o)
                0x0800a60c                USBD_SetClassConfig
 .text.USBD_ClrClassConfig
                0x0800a61c       0x14 /Users/joyo/dazed-and-con-fielded/External/libDaisy/build/libdaisy.a(usbd_core.o)
                0x0800a61c                USBD_ClrClassConfig
 .text.USBD_LL_SetupStage
                0x0800a630       0x60 /Users/joyo/dazed-and-con-fielded/External/libDaisy/build/libdaisy.a(usbd_core.o)
                0x0800a630                USBD_LL_SetupStage
 .text.USBD_LL_DataOutStage
                0x0800a690       0x74 /Users/joyo/dazed-and-con-fielded/External/libDaisy/build/libdaisy.a(usbd_core.o)
                0x0800a690                USBD_LL_DataOutStage
 .text.USBD_LL_DataInStage
                0x0800a704       0xc0 /Users/joyo/dazed-and-con-fielded/External/libDaisy/build/libdaisy.a(usbd_core.o)
                0x0800a704                USBD_LL_DataInStage
 .text.USBD_LL_Reset
                0x0800a7c4       0x5c /Users/joyo/dazed-and-con-fielded/External/libDaisy/build/libdaisy.a(usbd_core.o)
                0x0800a7c4                USBD_LL_Reset
 .text.USBD_LL_SetSpeed
                0x0800a820        0x8 /Users/joyo/dazed-and-con-fielded/External/libDaisy/build/libdaisy.a(usbd_core.o)
                0x0800a820                USBD_LL_SetSpeed
 .text.USBD_LL_Suspend
                0x0800a828       0x20 /Users/joyo/dazed-and-con-fielded/External/libDaisy/build/libdaisy.a(usbd_core.o)
                0x0800a828                USBD_LL_Suspend
 .text.USBD_LL_Resume
                0x0800a848       0x18 /Users/joyo/dazed-and-con-fielded/External/libDaisy/build/libdaisy.a(usbd_core.o)
                0x0800a848                USBD_LL_Resume
 .text.USBD_LL_SOF
                0x0800a860       0x20 /Users/joyo/dazed-and-con-fielded/External/libDaisy/build/libdaisy.a(usbd_core.o)
                0x0800a860                USBD_LL_SOF
 .text.USBD_LL_IsoINIncomplete
                0x0800a880       0x2c /Users/joyo/dazed-and-con-fielded/External/libDaisy/build/libdaisy.a(usbd_core.o)
                0x0800a880                USBD_LL_IsoINIncomplete
 .text.USBD_LL_IsoOUTIncomplete
                0x0800a8ac       0x2c /Users/joyo/dazed-and-con-fielded/External/libDaisy/build/libdaisy.a(usbd_core.o)
                0x0800a8ac                USBD_LL_IsoOUTIncomplete
 .text.USBD_LL_DevConnected
                0x0800a8d8        0x4 /Users/joyo/dazed-and-con-fielded/External/libDaisy/build/libdaisy.a(usbd_core.o)
                0x0800a8d8                USBD_LL_DevConnected
 .text.USBD_LL_DevDisconnected
                0x0800a8dc       0x24 /Users/joyo/dazed-and-con-fielded/External/libDaisy/build/libdaisy.a(usbd_core.o)
                0x0800a8dc                USBD_LL_DevDisconnected
 .text.USBD_CoreFindIF
                0x0800a900        0x4 /Users/joyo/dazed-and-con-fielded/External/libDaisy/build/libdaisy.a(usbd_core.o)
                0x0800a900                USBD_CoreFindIF
 .text.USBD_CoreFindEP
                0x0800a904        0x4 /Users/joyo/dazed-and-con-fielded/External/libDaisy/build/libdaisy.a(usbd_core.o)
                0x0800a904                USBD_CoreFindEP
 .text.USBD_StdDevReq
                0x0800a908      0x360 /Users/joyo/dazed-and-con-fielded/External/libDaisy/build/libdaisy.a(usbd_ctlreq.o)
                0x0800a908                USBD_StdDevReq
 .text.USBD_StdItfReq
                0x0800ac68       0x84 /Users/joyo/dazed-and-con-fielded/External/libDaisy/build/libdaisy.a(usbd_ctlreq.o)
                0x0800ac68                USBD_StdItfReq
 .text.USBD_StdEPReq
                0x0800acec      0x160 /Users/joyo/dazed-and-con-fielded/External/libDaisy/build/libdaisy.a(usbd_ctlreq.o)
                0x0800acec                USBD_StdEPReq
 .text.USBD_ParseSetupRequest
                0x0800ae4c       0x18 /Users/joyo/dazed-and-con-fielded/External/libDaisy/build/libdaisy.a(usbd_ctlreq.o)
                0x0800ae4c                USBD_ParseSetupRequest
 .text.USBD_CtlSendData
                0x0800ae64       0x1c /Users/joyo/dazed-and-con-fielded/External/libDaisy/build/libdaisy.a(usbd_ioreq.o)
                0x0800ae64                USBD_CtlSendData
 .text.USBD_CtlContinueSendData
                0x0800ae80       0x14 /Users/joyo/dazed-and-con-fielded/External/libDaisy/build/libdaisy.a(usbd_ioreq.o)
                0x0800ae80                USBD_CtlContinueSendData
 .text.USBD_CtlContinueRx
                0x0800ae94       0x14 /Users/joyo/dazed-and-con-fielded/External/libDaisy/build/libdaisy.a(usbd_ioreq.o)
                0x0800ae94                USBD_CtlContinueRx
 .text.USBD_CtlSendStatus
                0x0800aea8       0x18 /Users/joyo/dazed-and-con-fielded/External/libDaisy/build/libdaisy.a(usbd_ioreq.o)
                0x0800aea8                USBD_CtlSendStatus
 .text.USBD_CtlReceiveStatus
                0x0800aec0       0x18 /Users/joyo/dazed-and-con-fielded/External/libDaisy/build/libdaisy.a(usbd_ioreq.o)
                0x0800aec0                USBD_CtlReceiveStatus
 .text.USBH_LL_IncTimer
                0x0800aed8       0x20 /Users/joyo/dazed-and-con-fielded/External/libDaisy/build/libdaisy.a(usbh_core.o)
                0x0800aed8                USBH_LL_IncTimer
 .text.USBH_LL_PortEnabled
                0x0800aef8        0x8 /Users/joyo/dazed-and-con-fielded/External/libDaisy/build/libdaisy.a(usbh_core.o)
                0x0800aef8                USBH_LL_PortEnabled
 .text.USBH_LL_PortDisabled
                0x0800af00        0x8 /Users/joyo/dazed-and-con-fielded/External/libDaisy/build/libdaisy.a(usbh_core.o)
                0x0800af00                USBH_LL_PortDisabled
 .text.USBH_LL_Connect
                0x0800af08       0x18 /Users/joyo/dazed-and-con-fielded/External/libDaisy/build/libdaisy.a(usbh_core.o)
                0x0800af08                USBH_LL_Connect
 .text.USBH_LL_Disconnect
                0x0800af20       0x2c /Users/joyo/dazed-and-con-fielded/External/libDaisy/build/libdaisy.a(usbh_core.o)
                0x0800af20                USBH_LL_Disconnect
 .text.USBH_FreePipe
                0x0800af4c       0x18 /Users/joyo/dazed-and-con-fielded/External/libDaisy/build/libdaisy.a(usbh_pipes.o)
                0x0800af4c                USBH_FreePipe
 .text._ZN5daisy6Random4InitEv
                0x0800af64       0x3c /Users/joyo/dazed-and-con-fielded/External/libDaisy/build/libdaisy.a(rng.o)
                0x0800af64                daisy::Random::Init()
 .text._ZN5daisy9SpiHandle4Impl7InitDmaEv
                0x0800afa0       0xec /Users/joyo/dazed-and-con-fielded/External/libDaisy/build/libdaisy.a(spi.o)
                0x0800afa0                daisy::SpiHandle::Impl::InitDma()
 .text._ZN5daisy9SpiHandle4Impl10StartDmaTxEPhjPFvPvEPFvS3_NS0_6ResultEES3_
                0x0800b08c       0xc8 /Users/joyo/dazed-and-con-fielded/External/libDaisy/build/libdaisy.a(spi.o)
                0x0800b08c                daisy::SpiHandle::Impl::StartDmaTx(unsigned char*, unsigned int, void (*)(void*), void (*)(void*, daisy::SpiHandle::Result), void*)
 .text._ZN5daisy9SpiHandle4Impl10StartDmaRxEPhjPFvPvEPFvS3_NS0_6ResultEES3_
                0x0800b154       0xc8 /Users/joyo/dazed-and-con-fielded/External/libDaisy/build/libdaisy.a(spi.o)
                0x0800b154                daisy::SpiHandle::Impl::StartDmaRx(unsigned char*, unsigned int, void (*)(void*), void (*)(void*, daisy::SpiHandle::Result), void*)
 .text._ZN5daisy9SpiHandle4Impl12StartDmaRxTxEPhS2_jPFvPvEPFvS3_NS0_6ResultEES3_
                0x0800b21c       0xcc /Users/joyo/dazed-and-con-fielded/External/libDaisy/build/libdaisy.a(spi.o)
                0x0800b21c                daisy::SpiHandle::Impl::StartDmaRxTx(unsigned char*, unsigned char*, unsigned int, void (*)(void*), void (*)(void*, daisy::SpiHandle::Result), void*)
 .text._ZN5daisy9SpiHandle4Impl8InitPinsEv
                0x0800b2e8      0x25c /Users/joyo/dazed-and-con-fielded/External/libDaisy/build/libdaisy.a(spi.o)
                0x0800b2e8                daisy::SpiHandle::Impl::InitPins()
 .text.HAL_SPI_MspInit
                0x0800b544      0x6e8 /Users/joyo/dazed-and-con-fielded/External/libDaisy/build/libdaisy.a(spi.o)
                0x0800b544                HAL_SPI_MspInit
 .text.dsy_spi_global_init
                0x0800bc2c       0x80 /Users/joyo/dazed-and-con-fielded/External/libDaisy/build/libdaisy.a(spi.o)
                0x0800bc2c                dsy_spi_global_init
 .text.SPI1_IRQHandler
                0x0800bcac        0xc /Users/joyo/dazed-and-con-fielded/External/libDaisy/build/libdaisy.a(spi.o)
                0x0800bcac                SPI1_IRQHandler
 .text.SPI2_IRQHandler
                0x0800bcb8        0xc /Users/joyo/dazed-and-con-fielded/External/libDaisy/build/libdaisy.a(spi.o)
                0x0800bcb8                SPI2_IRQHandler
 .text.SPI3_IRQHandler
                0x0800bcc4        0xc /Users/joyo/dazed-and-con-fielded/External/libDaisy/build/libdaisy.a(spi.o)
                0x0800bcc4                SPI3_IRQHandler
 .text.SPI4_IRQHandler
                0x0800bcd0        0xc /Users/joyo/dazed-and-con-fielded/External/libDaisy/build/libdaisy.a(spi.o)
                0x0800bcd0                SPI4_IRQHandler
 .text.SPI5_IRQHandler
                0x0800bcdc        0xc /Users/joyo/dazed-and-con-fielded/External/libDaisy/build/libdaisy.a(spi.o)
                0x0800bcdc                SPI5_IRQHandler
 .text.DMA2_Stream2_IRQHandler
                0x0800bce8       0x34 /Users/joyo/dazed-and-con-fielded/External/libDaisy/build/libdaisy.a(spi.o)
                0x0800bce8                DMA2_Stream2_IRQHandler
 .text.DMA2_Stream3_IRQHandler
                0x0800bd1c       0x38 /Users/joyo/dazed-and-con-fielded/External/libDaisy/build/libdaisy.a(spi.o)
                0x0800bd1c                DMA2_Stream3_IRQHandler
 .text.HAL_SPI_TxCpltCallback
                0x0800bd54       0xc4 /Users/joyo/dazed-and-con-fielded/External/libDaisy/build/libdaisy.a(spi.o)
                0x0800bd54                HAL_SPI_TxCpltCallback
 .text.HAL_SPI_RxCpltCallback
                0x0800be18       0xc4 /Users/joyo/dazed-and-con-fielded/External/libDaisy/build/libdaisy.a(spi.o)
                0x0800be18                HAL_SPI_RxCpltCallback
 .text.HAL_SPI_TxRxCpltCallback
                0x0800bedc       0xc4 /Users/joyo/dazed-and-con-fielded/External/libDaisy/build/libdaisy.a(spi.o)
                0x0800bedc                HAL_SPI_TxRxCpltCallback
 .text.HAL_SPI_ErrorCallback
                0x0800bfa0       0xc8 /Users/joyo/dazed-and-con-fielded/External/libDaisy/build/libdaisy.a(spi.o)
                0x0800bfa0                HAL_SPI_ErrorCallback
 .text.startup._GLOBAL__sub_I__Z19MapInstanceToHandleP11SPI_TypeDef
                0x0800c068      0x1d8 /Users/joyo/dazed-and-con-fielded/External/libDaisy/build/libdaisy.a(spi.o)
 .text.HAL_TIM_Base_MspInit
                0x0800c240      0x1e0 /Users/joyo/dazed-and-con-fielded/External/libDaisy/build/libdaisy.a(tim.o)
                0x0800c240                HAL_TIM_Base_MspInit
 .text.HAL_TIM_PeriodElapsedCallback
                0x0800c420       0x44 /Users/joyo/dazed-and-con-fielded/External/libDaisy/build/libdaisy.a(tim.o)
                0x0800c420                HAL_TIM_PeriodElapsedCallback
 .text.TIM2_IRQHandler
                0x0800c464        0xc /Users/joyo/dazed-and-con-fielded/External/libDaisy/build/libdaisy.a(tim.o)
                0x0800c464                TIM2_IRQHandler
 .text.TIM3_IRQHandler
                0x0800c470        0xc /Users/joyo/dazed-and-con-fielded/External/libDaisy/build/libdaisy.a(tim.o)
                0x0800c470                TIM3_IRQHandler
 .text.TIM4_IRQHandler
                0x0800c47c        0xc /Users/joyo/dazed-and-con-fielded/External/libDaisy/build/libdaisy.a(tim.o)
                0x0800c47c                TIM4_IRQHandler
 .text.TIM5_IRQHandler
                0x0800c488        0xc /Users/joyo/dazed-and-con-fielded/External/libDaisy/build/libdaisy.a(tim.o)
                0x0800c488                TIM5_IRQHandler
 .text._ZN5daisy11TimerHandle4InitERKNS0_6ConfigE
                0x0800c494       0xd0 /Users/joyo/dazed-and-con-fielded/External/libDaisy/build/libdaisy.a(tim.o)
                0x0800c494                daisy::TimerHandle::Init(daisy::TimerHandle::Config const&)
 .text._ZN5daisy11TimerHandle5StartEv
                0x0800c564       0x24 /Users/joyo/dazed-and-con-fielded/External/libDaisy/build/libdaisy.a(tim.o)
                0x0800c564                daisy::TimerHandle::Start()
 .text.startup._GLOBAL__sub_I__ZN5daisy11TimerHandle4Impl4InitERKNS0_6ConfigE
                0x0800c588       0x38 /Users/joyo/dazed-and-con-fielded/External/libDaisy/build/libdaisy.a(tim.o)
 .text._ZL20UART_CheckRxListenerPN5daisy11UartHandler4ImplE
                0x0800c5c0       0x84 /Users/joyo/dazed-and-con-fielded/External/libDaisy/build/libdaisy.a(uart.o)
 .text._ZN5daisy11UartHandler4Impl10StartDmaTxEPhjPFvPvEPFvS3_NS0_6ResultEES3_
                0x0800c644      0x184 /Users/joyo/dazed-and-con-fielded/External/libDaisy/build/libdaisy.a(uart.o)
                0x0800c644                daisy::UartHandler::Impl::StartDmaTx(unsigned char*, unsigned int, void (*)(void*), void (*)(void*, daisy::UartHandler::Result), void*)
 .text._ZN5daisy11UartHandler4Impl10StartDmaRxEPhjPFvPvEPFvS3_NS0_6ResultEES3_
                0x0800c7c8      0x184 /Users/joyo/dazed-and-con-fielded/External/libDaisy/build/libdaisy.a(uart.o)
                0x0800c7c8                daisy::UartHandler::Impl::StartDmaRx(unsigned char*, unsigned int, void (*)(void*), void (*)(void*, daisy::UartHandler::Result), void*)
 .text._ZN5daisy11UartHandler4Impl19DmaTransferFinishedEP20__UART_HandleTypeDefNS0_6ResultE
                0x0800c94c       0xc0 /Users/joyo/dazed-and-con-fielded/External/libDaisy/build/libdaisy.a(uart.o)
                0x0800c94c                daisy::UartHandler::Impl::DmaTransferFinished(__UART_HandleTypeDef*, daisy::UartHandler::Result)
 .text._ZN5daisy11UartHandler4Impl8InitPinsEv
                0x0800ca0c      0x148 /Users/joyo/dazed-and-con-fielded/External/libDaisy/build/libdaisy.a(uart.o)
                0x0800ca0c                daisy::UartHandler::Impl::InitPins()
 .text.HAL_UART_MspInit
                0x0800cb54      0x4b4 /Users/joyo/dazed-and-con-fielded/External/libDaisy/build/libdaisy.a(uart.o)
                0x0800cb54                HAL_UART_MspInit
 .text.dsy_uart_global_init
                0x0800d008       0xfc /Users/joyo/dazed-and-con-fielded/External/libDaisy/build/libdaisy.a(uart.o)
                0x0800d008                dsy_uart_global_init
 .text.USART1_IRQHandler
                0x0800d104       0x2c /Users/joyo/dazed-and-con-fielded/External/libDaisy/build/libdaisy.a(uart.o)
                0x0800d104                USART1_IRQHandler
 .text.USART2_IRQHandler
                0x0800d130       0x34 /Users/joyo/dazed-and-con-fielded/External/libDaisy/build/libdaisy.a(uart.o)
                0x0800d130                USART2_IRQHandler
 .text.USART3_IRQHandler
                0x0800d164       0x34 /Users/joyo/dazed-and-con-fielded/External/libDaisy/build/libdaisy.a(uart.o)
                0x0800d164                USART3_IRQHandler
 .text.UART4_IRQHandler
                0x0800d198       0x34 /Users/joyo/dazed-and-con-fielded/External/libDaisy/build/libdaisy.a(uart.o)
                0x0800d198                UART4_IRQHandler
 .text.UART5_IRQHandler
                0x0800d1cc       0x34 /Users/joyo/dazed-and-con-fielded/External/libDaisy/build/libdaisy.a(uart.o)
                0x0800d1cc                UART5_IRQHandler
 .text.USART6_IRQHandler
                0x0800d200       0x34 /Users/joyo/dazed-and-con-fielded/External/libDaisy/build/libdaisy.a(uart.o)
                0x0800d200                USART6_IRQHandler
 .text.UART7_IRQHandler
                0x0800d234       0x34 /Users/joyo/dazed-and-con-fielded/External/libDaisy/build/libdaisy.a(uart.o)
                0x0800d234                UART7_IRQHandler
 .text.UART8_IRQHandler
                0x0800d268       0x34 /Users/joyo/dazed-and-con-fielded/External/libDaisy/build/libdaisy.a(uart.o)
                0x0800d268                UART8_IRQHandler
 .text.LPUART1_IRQHandler
                0x0800d29c       0x34 /Users/joyo/dazed-and-con-fielded/External/libDaisy/build/libdaisy.a(uart.o)
                0x0800d29c                LPUART1_IRQHandler
 .text.DMA1_Stream5_IRQHandler
                0x0800d2d0       0x34 /Users/joyo/dazed-and-con-fielded/External/libDaisy/build/libdaisy.a(uart.o)
                0x0800d2d0                DMA1_Stream5_IRQHandler
 .text.DMA2_Stream4_IRQHandler
                0x0800d304       0x38 /Users/joyo/dazed-and-con-fielded/External/libDaisy/build/libdaisy.a(uart.o)
                0x0800d304                DMA2_Stream4_IRQHandler
 .text.HAL_UART_TxCpltCallback
                0x0800d33c        0x8 /Users/joyo/dazed-and-con-fielded/External/libDaisy/build/libdaisy.a(uart.o)
                0x0800d33c                HAL_UART_TxCpltCallback
 .text.HAL_UART_RxCpltCallback
                0x0800d344       0x94 /Users/joyo/dazed-and-con-fielded/External/libDaisy/build/libdaisy.a(uart.o)
                0x0800d344                HAL_UART_RxCpltCallback
 .text.HAL_UART_RxHalfCpltCallback
                0x0800d3d8       0x90 /Users/joyo/dazed-and-con-fielded/External/libDaisy/build/libdaisy.a(uart.o)
                0x0800d3d8                HAL_UART_RxHalfCpltCallback
 .text.HAL_UART_ErrorCallback
                0x0800d468       0x94 /Users/joyo/dazed-and-con-fielded/External/libDaisy/build/libdaisy.a(uart.o)
                0x0800d468                HAL_UART_ErrorCallback
 .text.startup._GLOBAL__sub_I__Z19MapInstanceToHandleP13USART_TypeDef
                0x0800d4fc      0x1b0 /Users/joyo/dazed-and-con-fielded/External/libDaisy/build/libdaisy.a(uart.o)
 .text.dsy_dma_init
                0x0800d6ac      0x100 /Users/joyo/dazed-and-con-fielded/External/libDaisy/build/libdaisy.a(dma.o)
                0x0800d6ac                dsy_dma_init
 .text.dsy_dma_invalidate_cache_for_buffer
                0x0800d7ac       0x2c /Users/joyo/dazed-and-con-fielded/External/libDaisy/build/libdaisy.a(dma.o)
                0x0800d7ac                dsy_dma_invalidate_cache_for_buffer
 .text.HAL_MDMA_Abort_IT
                0x0800d7d8       0x2c /Users/joyo/dazed-and-con-fielded/External/libDaisy/build/libdaisy.a(stm32h7xx_hal_mdma.o)
                0x0800d7d8                HAL_MDMA_Abort_IT
 .text.SPI_CloseTransfer
                0x0800d804       0xb8 /Users/joyo/dazed-and-con-fielded/External/libDaisy/build/libdaisy.a(stm32h7xx_hal_spi.o)
 .text.HAL_SPI_Init
                0x0800d8bc      0x1a8 /Users/joyo/dazed-and-con-fielded/External/libDaisy/build/libdaisy.a(stm32h7xx_hal_spi.o)
                0x0800d8bc                HAL_SPI_Init
 .text.HAL_SPI_Transmit_DMA
                0x0800da64      0x180 /Users/joyo/dazed-and-con-fielded/External/libDaisy/build/libdaisy.a(stm32h7xx_hal_spi.o)
                0x0800da64                HAL_SPI_Transmit_DMA
 .text.HAL_SPI_Receive_DMA
                0x0800dbe4      0x194 /Users/joyo/dazed-and-con-fielded/External/libDaisy/build/libdaisy.a(stm32h7xx_hal_spi.o)
                0x0800dbe4                HAL_SPI_Receive_DMA
 .text.HAL_SPI_TransmitReceive_DMA
                0x0800dd78      0x214 /Users/joyo/dazed-and-con-fielded/External/libDaisy/build/libdaisy.a(stm32h7xx_hal_spi.o)
                0x0800dd78                HAL_SPI_TransmitReceive_DMA
 .text.SPI_DMATransmitCplt
                0x0800df8c       0x28 /Users/joyo/dazed-and-con-fielded/External/libDaisy/build/libdaisy.a(stm32h7xx_hal_spi.o)
 .text.SPI_DMAReceiveCplt
                0x0800dfb4       0x28 /Users/joyo/dazed-and-con-fielded/External/libDaisy/build/libdaisy.a(stm32h7xx_hal_spi.o)
 .text.SPI_DMATransmitReceiveCplt
                0x0800dfdc       0x28 /Users/joyo/dazed-and-con-fielded/External/libDaisy/build/libdaisy.a(stm32h7xx_hal_spi.o)
 .text.HAL_SPI_TxHalfCpltCallback
                0x0800e004        0x4 /Users/joyo/dazed-and-con-fielded/External/libDaisy/build/libdaisy.a(stm32h7xx_hal_spi.o)
                0x0800e004                HAL_SPI_TxHalfCpltCallback
 .text.SPI_DMAHalfTransmitCplt
                0x0800e008        0xc /Users/joyo/dazed-and-con-fielded/External/libDaisy/build/libdaisy.a(stm32h7xx_hal_spi.o)
 .text.HAL_SPI_RxHalfCpltCallback
                0x0800e014        0x4 /Users/joyo/dazed-and-con-fielded/External/libDaisy/build/libdaisy.a(stm32h7xx_hal_spi.o)
                0x0800e014                HAL_SPI_RxHalfCpltCallback
 .text.SPI_DMAHalfReceiveCplt
                0x0800e018        0xc /Users/joyo/dazed-and-con-fielded/External/libDaisy/build/libdaisy.a(stm32h7xx_hal_spi.o)
 .text.HAL_SPI_TxRxHalfCpltCallback
                0x0800e024        0x4 /Users/joyo/dazed-and-con-fielded/External/libDaisy/build/libdaisy.a(stm32h7xx_hal_spi.o)
                0x0800e024                HAL_SPI_TxRxHalfCpltCallback
 .text.SPI_DMAHalfTransmitReceiveCplt
                0x0800e028        0xc /Users/joyo/dazed-and-con-fielded/External/libDaisy/build/libdaisy.a(stm32h7xx_hal_spi.o)
 .text.SPI_DMAError
                0x0800e034       0xd8 /Users/joyo/dazed-and-con-fielded/External/libDaisy/build/libdaisy.a(stm32h7xx_hal_spi.o)
 .text.SPI_DMAAbortOnError
                0x0800e10c       0x1c /Users/joyo/dazed-and-con-fielded/External/libDaisy/build/libdaisy.a(stm32h7xx_hal_spi.o)
 .text.HAL_SPI_SuspendCallback
                0x0800e128        0x4 /Users/joyo/dazed-and-con-fielded/External/libDaisy/build/libdaisy.a(stm32h7xx_hal_spi.o)
                0x0800e128                HAL_SPI_SuspendCallback
 .text.HAL_SPI_IRQHandler
                0x0800e12c      0x214 /Users/joyo/dazed-and-con-fielded/External/libDaisy/build/libdaisy.a(stm32h7xx_hal_spi.o)
                0x0800e12c                HAL_SPI_IRQHandler
 .text.HAL_SPI_GetState
                0x0800e340        0x8 /Users/joyo/dazed-and-con-fielded/External/libDaisy/build/libdaisy.a(stm32h7xx_hal_spi.o)
                0x0800e340                HAL_SPI_GetState
 .text.HAL_TIM_Base_Init
                0x0800e348      0x16c /Users/joyo/dazed-and-con-fielded/External/libDaisy/build/libdaisy.a(stm32h7xx_hal_tim.o)
                0x0800e348                HAL_TIM_Base_Init
 .text.HAL_TIM_Base_Start
                0x0800e4b4       0xb0 /Users/joyo/dazed-and-con-fielded/External/libDaisy/build/libdaisy.a(stm32h7xx_hal_tim.o)
                0x0800e4b4                HAL_TIM_Base_Start
 .text.HAL_TIM_Base_Start_IT
                0x0800e564       0xb8 /Users/joyo/dazed-and-con-fielded/External/libDaisy/build/libdaisy.a(stm32h7xx_hal_tim.o)
                0x0800e564                HAL_TIM_Base_Start_IT
 .text.HAL_TIM_ConfigClockSource
                0x0800e61c      0x198 /Users/joyo/dazed-and-con-fielded/External/libDaisy/build/libdaisy.a(stm32h7xx_hal_tim.o)
                0x0800e61c                HAL_TIM_ConfigClockSource
 .text.HAL_TIM_OC_DelayElapsedCallback
                0x0800e7b4        0x4 /Users/joyo/dazed-and-con-fielded/External/libDaisy/build/libdaisy.a(stm32h7xx_hal_tim.o)
                0x0800e7b4                HAL_TIM_OC_DelayElapsedCallback
 .text.HAL_TIM_IC_CaptureCallback
                0x0800e7b8        0x4 /Users/joyo/dazed-and-con-fielded/External/libDaisy/build/libdaisy.a(stm32h7xx_hal_tim.o)
                0x0800e7b8                HAL_TIM_IC_CaptureCallback
 .text.HAL_TIM_PWM_PulseFinishedCallback
                0x0800e7bc        0x4 /Users/joyo/dazed-and-con-fielded/External/libDaisy/build/libdaisy.a(stm32h7xx_hal_tim.o)
                0x0800e7bc                HAL_TIM_PWM_PulseFinishedCallback
 .text.HAL_TIM_TriggerCallback
                0x0800e7c0        0x4 /Users/joyo/dazed-and-con-fielded/External/libDaisy/build/libdaisy.a(stm32h7xx_hal_tim.o)
                0x0800e7c0                HAL_TIM_TriggerCallback
 .text.HAL_TIM_IRQHandler
                0x0800e7c4      0x154 /Users/joyo/dazed-and-con-fielded/External/libDaisy/build/libdaisy.a(stm32h7xx_hal_tim.o)
                0x0800e7c4                HAL_TIM_IRQHandler
 .text.HAL_TIMEx_MasterConfigSynchronization
                0x0800e918       0xb4 /Users/joyo/dazed-and-con-fielded/External/libDaisy/build/libdaisy.a(stm32h7xx_hal_tim_ex.o)
                0x0800e918                HAL_TIMEx_MasterConfigSynchronization
 .text.HAL_TIMEx_CommutCallback
                0x0800e9cc        0x4 /Users/joyo/dazed-and-con-fielded/External/libDaisy/build/libdaisy.a(stm32h7xx_hal_tim_ex.o)
                0x0800e9cc                HAL_TIMEx_CommutCallback
 .text.HAL_TIMEx_BreakCallback
                0x0800e9d0        0x4 /Users/joyo/dazed-and-con-fielded/External/libDaisy/build/libdaisy.a(stm32h7xx_hal_tim_ex.o)
                0x0800e9d0                HAL_TIMEx_BreakCallback
 .text.HAL_TIMEx_Break2Callback
                0x0800e9d4        0x4 /Users/joyo/dazed-and-con-fielded/External/libDaisy/build/libdaisy.a(stm32h7xx_hal_tim_ex.o)
                0x0800e9d4                HAL_TIMEx_Break2Callback
 .text.HAL_UART_Transmit_DMA
                0x0800e9d8       0x8c /Users/joyo/dazed-and-con-fielded/External/libDaisy/build/libdaisy.a(stm32h7xx_hal_uart.o)
                0x0800e9d8                HAL_UART_Transmit_DMA
 .text.UART_DMATransmitCplt
                0x0800ea64       0x44 /Users/joyo/dazed-and-con-fielded/External/libDaisy/build/libdaisy.a(stm32h7xx_hal_uart.o)
 .text.HAL_UART_TxHalfCpltCallback
                0x0800eaa8        0x4 /Users/joyo/dazed-and-con-fielded/External/libDaisy/build/libdaisy.a(stm32h7xx_hal_uart.o)
                0x0800eaa8                HAL_UART_TxHalfCpltCallback
 .text.UART_DMATxHalfCplt
                0x0800eaac        0xc /Users/joyo/dazed-and-con-fielded/External/libDaisy/build/libdaisy.a(stm32h7xx_hal_uart.o)
 .text.UART_DMAError
                0x0800eab8       0xd4 /Users/joyo/dazed-and-con-fielded/External/libDaisy/build/libdaisy.a(stm32h7xx_hal_uart.o)
 .text.UART_DMAAbortOnError
                0x0800eb8c       0x14 /Users/joyo/dazed-and-con-fielded/External/libDaisy/build/libdaisy.a(stm32h7xx_hal_uart.o)
 .text.HAL_UARTEx_RxEventCallback
                0x0800eba0        0x4 /Users/joyo/dazed-and-con-fielded/External/libDaisy/build/libdaisy.a(stm32h7xx_hal_uart.o)
                0x0800eba0                HAL_UARTEx_RxEventCallback
 .text.HAL_UART_IRQHandler
                0x0800eba4      0x380 /Users/joyo/dazed-and-con-fielded/External/libDaisy/build/libdaisy.a(stm32h7xx_hal_uart.o)
                0x0800eba4                HAL_UART_IRQHandler
 .text.UART_DMARxHalfCplt
                0x0800ef24       0x20 /Users/joyo/dazed-and-con-fielded/External/libDaisy/build/libdaisy.a(stm32h7xx_hal_uart.o)
 .text.UART_DMAReceiveCplt
                0x0800ef44       0x9c /Users/joyo/dazed-and-con-fielded/External/libDaisy/build/libdaisy.a(stm32h7xx_hal_uart.o)
 .text.HAL_UART_GetState
                0x0800efe0        0xc /Users/joyo/dazed-and-con-fielded/External/libDaisy/build/libdaisy.a(stm32h7xx_hal_uart.o)
                0x0800efe0                HAL_UART_GetState
 .text.UART_SetConfig
                0x0800efec      0x534 /Users/joyo/dazed-and-con-fielded/External/libDaisy/build/libdaisy.a(stm32h7xx_hal_uart.o)
                0x0800efec                UART_SetConfig
 .text.UART_AdvFeatureConfig
                0x0800f520       0xb0 /Users/joyo/dazed-and-con-fielded/External/libDaisy/build/libdaisy.a(stm32h7xx_hal_uart.o)
                0x0800f520                UART_AdvFeatureConfig
 .text.UART_CheckIdleState
                0x0800f5d0      0x260 /Users/joyo/dazed-and-con-fielded/External/libDaisy/build/libdaisy.a(stm32h7xx_hal_uart.o)
                0x0800f5d0                UART_CheckIdleState
 .text.HAL_UART_Init
                0x0800f830       0x68 /Users/joyo/dazed-and-con-fielded/External/libDaisy/build/libdaisy.a(stm32h7xx_hal_uart.o)
                0x0800f830                HAL_UART_Init
 .text.UART_Start_Receive_DMA
                0x0800f898       0xa4 /Users/joyo/dazed-and-con-fielded/External/libDaisy/build/libdaisy.a(stm32h7xx_hal_uart.o)
                0x0800f898                UART_Start_Receive_DMA
 .text.HAL_UART_Receive_DMA
                0x0800f93c       0x48 /Users/joyo/dazed-and-con-fielded/External/libDaisy/build/libdaisy.a(stm32h7xx_hal_uart.o)
                0x0800f93c                HAL_UART_Receive_DMA
 .text.HAL_UARTEx_WakeupCallback
                0x0800f984        0x4 /Users/joyo/dazed-and-con-fielded/External/libDaisy/build/libdaisy.a(stm32h7xx_hal_uart_ex.o)
                0x0800f984                HAL_UARTEx_WakeupCallback
 .text.HAL_UARTEx_RxFifoFullCallback
                0x0800f988        0x4 /Users/joyo/dazed-and-con-fielded/External/libDaisy/build/libdaisy.a(stm32h7xx_hal_uart_ex.o)
                0x0800f988                HAL_UARTEx_RxFifoFullCallback
 .text.HAL_UARTEx_TxFifoEmptyCallback
                0x0800f98c        0x4 /Users/joyo/dazed-and-con-fielded/External/libDaisy/build/libdaisy.a(stm32h7xx_hal_uart_ex.o)
                0x0800f98c                HAL_UARTEx_TxFifoEmptyCallback
 .text.__aeabi_atexit
                0x0800f990        0xa /Applications/ArmGNUToolchain/14.3.rel1/arm-none-eabi/bin/../lib/gcc/arm-none-eabi/14.3.1/../../../../arm-none-eabi/lib/thumb/v7e-m+dp/hard/libstdc++_nano.a(atexit_arm.o)
                0x0800f990                __aeabi_atexit
 .text.memset   0x0800f99a       0x10 /Applications/ArmGNUToolchain/14.3.rel1/arm-none-eabi/bin/../lib/gcc/arm-none-eabi/14.3.1/../../../../arm-none-eabi/lib/thumb/v7e-m+dp/hard/libc_nano.a(libc_a-memset.o)
                0x0800f99a                memset
 *fill*         0x0800f9aa        0x2 
 .text.__libc_init_array
                0x0800f9ac       0x48 /Applications/ArmGNUToolchain/14.3.rel1/arm-none-eabi/bin/../lib/gcc/arm-none-eabi/14.3.1/../../../../arm-none-eabi/lib/thumb/v7e-m+dp/hard/libc_nano.a(libc_a-init.o)
                0x0800f9ac                __libc_init_array
 .text.__cxa_atexit
                0x0800f9f4       0x1c /Applications/ArmGNUToolchain/14.3.rel1/arm-none-eabi/bin/../lib/gcc/arm-none-eabi/14.3.1/../../../../arm-none-eabi/lib/thumb/v7e-m+dp/hard/libc_nano.a(libc_a-cxa_atexit.o)
                0x0800f9f4                __cxa_atexit
 .text.memcpy   0x0800fa10       0x1c /Applications/ArmGNUToolchain/14.3.rel1/arm-none-eabi/bin/../lib/gcc/arm-none-eabi/14.3.1/../../../../arm-none-eabi/lib/thumb/v7e-m+dp/hard/libc_nano.a(libc_a-memcpy-stub.o)
                0x0800fa10                memcpy
 .text.__udivmoddi4
                0x0800fa2c      0x2f8 /Applications/ArmGNUToolchain/14.3.rel1/arm-none-eabi/bin/../lib/gcc/arm-none-eabi/14.3.1/thumb/v7e-m+dp/hard/libgcc.a(_udivmoddi4.o)
                0x0800fa2c                __udivmoddi4
 *(.rodata)
 .rodata        0x0800fd24       0x10 /Users/joyo/dazed-and-con-fielded/External/libDaisy/build/libdaisy.a(daisy_seed.o)
 .rodata        0x0800fd34       0x10 /Users/joyo/dazed-and-con-fielded/External/libDaisy/build/libdaisy.a(i2c.o)
 .rodata        0x0800fd44       0x10 /Users/joyo/dazed-and-con-fielded/External/libDaisy/build/libdaisy.a(tim.o)
 .rodata        0x0800fd54       0x12 /Users/joyo/dazed-and-con-fielded/External/libDaisy/build/libdaisy.a(uart.o)
 *(.rodata*)
 *fill*         0x0800fd66        0x2 
 .rodata._ZN5daisy10QSPIHandle4Impl5GetAFEj.str1.4
                0x0800fd68        0x7 /Users/joyo/dazed-and-con-fielded/External/libDaisy/build/libdaisy.a(qspi.o)
 *fill*         0x0800fd6f        0x1 
 .rodata.CSWTCH.53
                0x0800fd70       0x14 /Users/joyo/dazed-and-con-fielded/External/libDaisy/build/libdaisy.a(sai.o)
 .rodata.D1CorePrescTable
                0x0800fd84       0x10 /Users/joyo/dazed-and-con-fielded/External/libDaisy/build/libdaisy.a(system_stm32h7xx.o)
                0x0800fd84                D1CorePrescTable
 .rodata.CSWTCH.24
                0x0800fd94        0x4 /Users/joyo/dazed-and-con-fielded/External/libDaisy/build/libdaisy.a(usbd_conf.o)
 .rodata.CSWTCH.19
                0x0800fd98        0x4 /Users/joyo/dazed-and-con-fielded/External/libDaisy/build/libdaisy.a(usbh_conf.o)
 .rodata.flagBitshiftOffset.0
                0x0800fd9c        0x8 /Users/joyo/dazed-and-con-fielded/External/libDaisy/build/libdaisy.a(stm32h7xx_hal_dma.o)
 .rodata._ZL13pins_none_spi
                0x0800fda4        0x3 /Users/joyo/dazed-and-con-fielded/External/libDaisy/build/libdaisy.a(spi.o)
 *fill*         0x0800fda7        0x1 
 .rodata._ZL16pins_periphs_spi
                0x0800fda8       0x60 /Users/joyo/dazed-and-con-fielded/External/libDaisy/build/libdaisy.a(spi.o)
 .rodata.CSWTCH.61
                0x0800fe08       0x29 /Users/joyo/dazed-and-con-fielded/External/libDaisy/build/libdaisy.a(stm32h7xx_hal_uart.o)
 *fill*         0x0800fe31        0x3 
 .rodata.CSWTCH.62
                0x0800fe34        0x6 /Users/joyo/dazed-and-con-fielded/External/libDaisy/build/libdaisy.a(stm32h7xx_hal_uart.o)
 *fill*         0x0800fe3a        0x2 
 .rodata.CSWTCH.69
                0x0800fe3c        0x6 /Users/joyo/dazed-and-con-fielded/External/libDaisy/build/libdaisy.a(stm32h7xx_hal_uart.o)
 *fill*         0x0800fe42        0x2 
 .rodata.UARTPrescTable
                0x0800fe44       0x18 /Users/joyo/dazed-and-con-fielded/External/libDaisy/build/libdaisy.a(stm32h7xx_hal_uart.o)
                0x0800fe44                UARTPrescTable
 *(.glue_7)
 .glue_7        0x0800fe5c        0x0 linker stubs
 *(.glue_7t)
 .glue_7t       0x0800fe5c        0x0 linker stubs
 *(.init)
 .init          0x0800fe5c        0x4 /Applications/ArmGNUToolchain/14.3.rel1/arm-none-eabi/bin/../lib/gcc/arm-none-eabi/14.3.1/thumb/v7e-m+dp/hard/crti.o
                0x0800fe5c                _init
 .init          0x0800fe60        0x8 /Applications/ArmGNUToolchain/14.3.rel1/arm-none-eabi/bin/../lib/gcc/arm-none-eabi/14.3.1/thumb/v7e-m+dp/hard/crtn.o
 *(.fini)
 .fini          0x0800fe68        0x4 /Applications/ArmGNUToolchain/14.3.rel1/arm-none-eabi/bin/../lib/gcc/arm-none-eabi/14.3.1/thumb/v7e-m+dp/hard/crti.o
                0x0800fe68                _fini
 .fini          0x0800fe6c        0x8 /Applications/ArmGNUToolchain/14.3.rel1/arm-none-eabi/bin/../lib/gcc/arm-none-eabi/14.3.1/thumb/v7e-m+dp/hard/crtn.o
                0x0800fe74                        . = ALIGN (0x4)
                0x0800fe74                        _etext = .

.eh_frame       0x0800fe74        0x0
 .eh_frame      0x0800fe74        0x0 /Applications/ArmGNUToolchain/14.3.rel1/arm-none-eabi/bin/../lib/gcc/arm-none-eabi/14.3.1/thumb/v7e-m+dp/hard/crtbegin.o

.vfp11_veneer   0x0800fe74        0x0
 .vfp11_veneer  0x0800fe74        0x0 linker stubs

.v4_bx          0x0800fe74        0x0
 .v4_bx         0x0800fe74        0x0 linker stubs

.iplt           0x0800fe74        0x0
 .iplt          0x0800fe74        0x0 /Applications/ArmGNUToolchain/14.3.rel1/arm-none-eabi/bin/../lib/gcc/arm-none-eabi/14.3.1/thumb/v7e-m+dp/hard/crtbegin.o

.ARM.extab      0x0800fe74        0x0
                0x0800fe74                        . = ALIGN (0x4)
 *(.ARM.extab)
 *(.gnu.linkonce.armextab.*)
                0x0800fe74                        . = ALIGN (0x4)

.exidx          0x0800fe74        0x8
                0x0800fe74                        . = ALIGN (0x4)
                [!provide]                        PROVIDE (__exidx_start = .)
 *(.ARM.exidx*)
 .ARM.exidx.text.__udivmoddi4
                0x0800fe74        0x8 /Applications/ArmGNUToolchain/14.3.rel1/arm-none-eabi/bin/../lib/gcc/arm-none-eabi/14.3.1/thumb/v7e-m+dp/hard/libgcc.a(_udivmoddi4.o)
                0x0800fe7c                        . = ALIGN (0x4)
                [!provide]                        PROVIDE (__exidx_end = .)

.rel.dyn        0x0800fe7c        0x0
 .rel.iplt      0x0800fe7c        0x0 /Applications/ArmGNUToolchain/14.3.rel1/arm-none-eabi/bin/../lib/gcc/arm-none-eabi/14.3.1/thumb/v7e-m+dp/hard/crtbegin.o

.ARM.attributes
                0x00000000       0x2e
 *(.ARM.attributes)
 .ARM.attributes
                0x00000000       0x20 /Applications/ArmGNUToolchain/14.3.rel1/arm-none-eabi/bin/../lib/gcc/arm-none-eabi/14.3.1/thumb/v7e-m+dp/hard/crti.o
 .ARM.attributes
                0x00000020       0x32 /Applications/ArmGNUToolchain/14.3.rel1/arm-none-eabi/bin/../lib/gcc/arm-none-eabi/14.3.1/thumb/v7e-m+dp/hard/crtbegin.o